01-06 16:02:49.559  2321  3572 D DisplayManagerService: Ignore redundant display event 0/4 to 10818/10817
01-06 16:02:49.559  2321  3572 D DisplayManagerService: Ignore redundant display event 0/4 to 10496/12309
01-06 16:02:49.559  2321  3572 D DisplayManagerService: Ignore redundant display event 0/4 to 10162/18459
01-06 16:02:49.559  2321  3572 D DisplayManagerService: Ignore redundant display event 0/4 to 10106/20655
01-06 16:02:49.559  2321  3572 D DisplayManagerService: Ignore redundant display event 0/4 to 10314/23682
01-06 16:02:49.559  2321  3572 D DisplayManagerService: Ignore redundant display event 0/4 to 10330/30010
01-06 16:02:49.567  2321  3641 I OplusDisplayBrightnessSmoothModel: getNextChange:0.016539311, deltaY:9.6 mNormalMaxBrightness: 8191.0
01-06 16:02:49.567  2321  3641 I OplusDisplayBrightnessSmoothModel: getNextChange:0.016539311, deltaY:9.6 mNormalMaxBrightness: 8191.0
01-06 16:02:49.572  2321  3641 D DpcExtImpl[0]: onchange selfChange=false state=ON uri=content://settings/system/screen_brightness
01-06 16:02:49.573  2321  3572 D DisplayManagerService: Ignore redundant display event 0/4 to 10363/5200
01-06 16:02:49.573  2321  3572 D DisplayManagerService: Ignore redundant display event 0/4 to 10818/10817
01-06 16:02:49.573  2321  3572 D DisplayManagerService: Ignore redundant display event 0/4 to 10496/12309
01-06 16:02:49.573  2321  3572 D DisplayManagerService: Ignore redundant display event 0/4 to 10162/18459
01-06 16:02:49.573  2321  3572 D DisplayManagerService: Ignore redundant display event 0/4 to 10106/20655
01-06 16:02:49.573  2321  3572 D DisplayManagerService: Ignore redundant display event 0/4 to 10314/23682
01-06 16:02:49.573  2321  3572 D DisplayManagerService: Ignore redundant display event 0/4 to 10330/30010
01-06 16:02:49.584  2321  3641 I OplusDisplayBrightnessSmoothModel: getNextChange:0.016545886, deltaY:9.6 mNormalMaxBrightness: 8191.0
01-06 16:02:49.584  2321  3641 I OplusDisplayBrightnessSmoothModel: getNextChange:0.016545886, deltaY:9.6 mNormalMaxBrightness: 8191.0
01-06 16:02:49.592  2321  3641 D DpcExtImpl[0]: onchange selfChange=false state=ON uri=content://settings/system/screen_brightness
01-06 16:02:49.593  2321  3572 D DisplayManagerService: Ignore redundant display event 0/4 to 10363/5200
01-06 16:02:49.593  2321  3572 D DisplayManagerService: Ignore redundant display event 0/4 to 10818/10817
01-06 16:02:49.593  2321  3572 D DisplayManagerService: Ignore redundant display event 0/4 to 10496/12309
01-06 16:02:49.593  2321  3572 D DisplayManagerService: Ignore redundant display event 0/4 to 10162/18459
01-06 16:02:49.593  2321  3572 D DisplayManagerService: Ignore redundant display event 0/4 to 10106/20655
01-06 16:02:49.593  2321  3572 D DisplayManagerService: Ignore redundant display event 0/4 to 10314/23682
01-06 16:02:49.593  2321  3572 D DisplayManagerService: Ignore redundant display event 0/4 to 10330/30010
01-06 16:02:49.602  2321  3641 I OplusDisplayBrightnessSmoothModel: getNextChange:0.016544888, deltaY:9.6 mNormalMaxBrightness: 8191.0
01-06 16:02:49.602  2321  3641 I OplusDisplayBrightnessSmoothModel: getNextChange:0.016544888, deltaY:9.6 mNormalMaxBrightness: 8191.0
01-06 16:02:49.606  2321  3641 D DpcExtImpl[0]: onchange selfChange=false state=ON uri=content://settings/system/screen_brightness
01-06 16:02:49.608  2321  3572 D DisplayManagerService: Ignore redundant display event 0/4 to 10363/5200
01-06 16:02:49.608  2321  3572 D DisplayManagerService: Ignore redundant display event 0/4 to 10818/10817
01-06 16:02:49.608  2321  3572 D DisplayManagerService: Ignore redundant display event 0/4 to 10496/12309
01-06 16:02:49.608  2321  3572 D DisplayManagerService: Ignore redundant display event 0/4 to 10162/18459
01-06 16:02:49.608  2321  3572 D DisplayManagerService: Ignore redundant display event 0/4 to 10106/20655
01-06 16:02:49.608  2321  3572 D DisplayManagerService: Ignore redundant display event 0/4 to 10314/23682
01-06 16:02:49.608  2321  3572 D DisplayManagerService: Ignore redundant display event 0/4 to 10330/30010
01-06 16:02:49.617  2321  3641 I OplusDisplayBrightnessSmoothModel: getNextChange:0.016542852, deltaY:9.6 mNormalMaxBrightness: 8191.0
01-06 16:02:49.617  2321  3641 I OplusDisplayBrightnessSmoothModel: getNextChange:0.016542852, deltaY:9.6 mNormalMaxBrightness: 8191.0
01-06 16:02:49.621  2321  3641 D DpcExtImpl[0]: onchange selfChange=false state=ON uri=content://settings/system/screen_brightness
01-06 16:02:49.622  2321  3572 D DisplayManagerService: Ignore redundant display event 0/4 to 10363/5200
01-06 16:02:49.622  2321  3572 D DisplayManagerService: Ignore redundant display event 0/4 to 10818/10817
01-06 16:02:49.622  2321  3572 D DisplayManagerService: Ignore redundant display event 0/4 to 10496/12309
01-06 16:02:49.622  2321  3572 D DisplayManagerService: Ignore redundant display event 0/4 to 10162/18459
01-06 16:02:49.622  2321  3572 D DisplayManagerService: Ignore redundant display event 0/4 to 10106/20655
01-06 16:02:49.622  2321  3572 D DisplayManagerService: Ignore redundant display event 0/4 to 10314/23682
01-06 16:02:49.622  2321  3572 D DisplayManagerService: Ignore redundant display event 0/4 to 10330/30010
01-06 16:02:49.633  2321  3641 I OplusDisplayBrightnessSmoothModel: getNextChange:0.01653905, deltaY:9.6 mNormalMaxBrightness: 8191.0
01-06 16:02:49.634  2321  3641 I OplusDisplayBrightnessSmoothModel: getNextChange:0.01653905, deltaY:9.6 mNormalMaxBrightness: 8191.0
01-06 16:02:49.636  2321  3643 D OplusSmartBrightnessController: handleMessage MSG_LUX_CHANGED, mLux:285.2512 luxQueue=[286.0, 286.0, 284.0, 285.0]
01-06 16:02:49.643  2321  3641 D DpcExtImpl[0]: onchange selfChange=false state=ON uri=content://settings/system/screen_brightness
01-06 16:02:49.645  2321  3572 D DisplayManagerService: Ignore redundant display event 0/4 to 10363/5200
01-06 16:02:49.645  2321  3572 D DisplayManagerService: Ignore redundant display event 0/4 to 10818/10817
01-06 16:02:49.645  2321  3572 D DisplayManagerService: Ignore redundant display event 0/4 to 10496/12309
01-06 16:02:49.645  2321  3572 D DisplayManagerService: Ignore redundant display event 0/4 to 10162/18459
01-06 16:02:49.645  2321  3572 D DisplayManagerService: Ignore redundant display event 0/4 to 10106/20655
01-06 16:02:49.645  2321  3572 D DisplayManagerService: Ignore redundant display event 0/4 to 10314/23682
01-06 16:02:49.645  2321  3572 D DisplayManagerService: Ignore redundant display event 0/4 to 10330/30010
01-06 16:02:49.651  2321  3641 I OplusDisplayBrightnessSmoothModel: getNextChange:0.016540255, deltaY:9.6 mNormalMaxBrightness: 8191.0
01-06 16:02:49.651  2321  3641 I OplusDisplayBrightnessSmoothModel: getNextChange:0.016540255, deltaY:9.6 mNormalMaxBrightness: 8191.0
01-06 16:02:49.655  2321  3641 D DpcExtImpl[0]: onchange selfChange=false state=ON uri=content://settings/system/screen_brightness
01-06 16:02:49.657  2321  3572 D DisplayManagerService: Ignore redundant display event 0/4 to 10363/5200
01-06 16:02:49.657  2321  3572 D DisplayManagerService: Ignore redundant display event 0/4 to 10818/10817
01-06 16:02:49.657  2321  3572 D DisplayManagerService: Ignore redundant display event 0/4 to 10496/12309
01-06 16:02:49.657  2321  3572 D DisplayManagerService: Ignore redundant display event 0/4 to 10162/18459
01-06 16:02:49.657  2321  3572 D DisplayManagerService: Ignore redundant display event 0/4 to 10106/20655
01-06 16:02:49.657  2321  3572 D DisplayManagerService: Ignore redundant display event 0/4 to 10314/23682
01-06 16:02:49.657  2321  3572 D DisplayManagerService: Ignore redundant display event 0/4 to 10330/30010
01-06 16:02:49.666  2321  3641 I OplusDisplayBrightnessSmoothModel: getNextChange:0.016573118, deltaY:9.6 mNormalMaxBrightness: 8191.0
01-06 16:02:49.667  2321  3641 I OplusDisplayBrightnessSmoothModel: getNextChange:0.016573118, deltaY:9.6 mNormalMaxBrightness: 8191.0
01-06 16:02:49.675  2321  3641 D DpcExtImpl[0]: onchange selfChange=false state=ON uri=content://settings/system/screen_brightness
01-06 16:02:49.678  2321  3572 D DisplayManagerService: Ignore redundant display event 0/4 to 10363/5200
01-06 16:02:49.678  2321  3572 D DisplayManagerService: Ignore redundant display event 0/4 to 10818/10817
01-06 16:02:49.678  2321  3572 D DisplayManagerService: Ignore redundant display event 0/4 to 10496/12309
01-06 16:02:49.678  2321  3572 D DisplayManagerService: Ignore redundant display event 0/4 to 10162/18459
01-06 16:02:49.678  2321  3572 D DisplayManagerService: Ignore redundant display event 0/4 to 10106/20655
01-06 16:02:49.678  2321  3572 D DisplayManagerService: Ignore redundant display event 0/4 to 10314/23682
01-06 16:02:49.678  2321  3572 D DisplayManagerService: Ignore redundant display event 0/4 to 10330/30010
01-06 16:02:49.683  2321  3641 I OplusDisplayBrightnessSmoothModel: getNextChange:0.016545784, deltaY:9.6 mNormalMaxBrightness: 8191.0
01-06 16:02:49.683  2321  3641 I OplusDisplayBrightnessSmoothModel: getNextChange:0.016545784, deltaY:9.6 mNormalMaxBrightness: 8191.0
01-06 16:02:49.689  2321  3641 D DpcExtImpl[0]: onchange selfChange=false state=ON uri=content://settings/system/screen_brightness
01-06 16:02:49.690  2321  3572 D DisplayManagerService: Ignore redundant display event 0/4 to 10363/5200
01-06 16:02:49.690  2321  3572 D DisplayManagerService: Ignore redundant display event 0/4 to 10818/10817
01-06 16:02:49.690  2321  3572 D DisplayManagerService: Ignore redundant display event 0/4 to 10496/12309
01-06 16:02:49.690  2321  3572 D DisplayManagerService: Ignore redundant display event 0/4 to 10162/18459
01-06 16:02:49.690  2321  3572 D DisplayManagerService: Ignore redundant display event 0/4 to 10106/20655
01-06 16:02:49.690  2321  3572 D DisplayManagerService: Ignore redundant display event 0/4 to 10314/23682
01-06 16:02:49.690  2321  3572 D DisplayManagerService: Ignore redundant display event 0/4 to 10330/30010
01-06 16:02:49.700  2321  3641 I OplusDisplayBrightnessSmoothModel: getNextChange:0.016556384, deltaY:9.6 mNormalMaxBrightness: 8191.0
01-06 16:02:49.700  2321  3641 I OplusDisplayBrightnessSmoothModel: getNextChange:0.016556384, deltaY:9.6 mNormalMaxBrightness: 8191.0
01-06 16:02:49.705  2321  3641 D DpcExtImpl[0]: onchange selfChange=false state=ON uri=content://settings/system/screen_brightness
01-06 16:02:49.706  2321  3572 D DisplayManagerService: Ignore redundant display event 0/4 to 10363/5200
01-06 16:02:49.706  2321  3572 D DisplayManagerService: Ignore redundant display event 0/4 to 10818/10817
01-06 16:02:49.706  2321  3572 D DisplayManagerService: Ignore redundant display event 0/4 to 10496/12309
01-06 16:02:49.706  2321  3572 D DisplayManagerService: Ignore redundant display event 0/4 to 10162/18459
01-06 16:02:49.706  2321  3572 D DisplayManagerService: Ignore redundant display event 0/4 to 10106/20655
01-06 16:02:49.706  2321  3572 D DisplayManagerService: Ignore redundant display event 0/4 to 10314/23682
01-06 16:02:49.706  2321  3572 D DisplayManagerService: Ignore redundant display event 0/4 to 10330/30010
01-06 16:02:49.717  2321  3641 I OplusDisplayBrightnessSmoothModel: getNextChange:0.016540622, deltaY:9.6 mNormalMaxBrightness: 8191.0
01-06 16:02:49.717  2321  3641 I OplusDisplayBrightnessSmoothModel: getNextChange:0.016540622, deltaY:9.6 mNormalMaxBrightness: 8191.0
01-06 16:02:49.724  2321  3641 D DpcExtImpl[0]: onchange selfChange=false state=ON uri=content://settings/system/screen_brightness
01-06 16:02:49.728  2321  3572 D DisplayManagerService: Ignore redundant display event 0/4 to 10363/5200
01-06 16:02:49.728  2321  3572 D DisplayManagerService: Ignore redundant display event 0/4 to 10818/10817
01-06 16:02:49.728  2321  3572 D DisplayManagerService: Ignore redundant display event 0/4 to 10496/12309
01-06 16:02:49.728  2321  3572 D DisplayManagerService: Ignore redundant display event 0/4 to 10162/18459
01-06 16:02:49.728  2321  3572 D DisplayManagerService: Ignore redundant display event 0/4 to 10106/20655
01-06 16:02:49.728  2321  3572 D DisplayManagerService: Ignore redundant display event 0/4 to 10314/23682
01-06 16:02:49.728  2321  3572 D DisplayManagerService: Ignore redundant display event 0/4 to 10330/30010
01-06 16:02:49.733  2321  3909 D PowerManagerService: userActivityNoUpdateLocked: groupId=0, eventTime=175289832, event=touch, flags=0x0, uid=1000
01-06 16:02:49.734  2321  3641 I OplusDisplayBrightnessSmoothModel: getNextChange:0.016551394, deltaY:9.6 mNormalMaxBrightness: 8191.0
01-06 16:02:49.737  2321  3641 I OplusDisplayBrightnessSmoothModel: getNextChange:0.016551394, deltaY:9.6 mNormalMaxBrightness: 8191.0
01-06 16:02:49.743  2321  3641 D DpcExtImpl[0]: onchange selfChange=false state=ON uri=content://settings/system/screen_brightness
01-06 16:02:49.743  2321  3572 D DisplayManagerService: Ignore redundant display event 0/4 to 10363/5200
01-06 16:02:49.743  2321  3572 D DisplayManagerService: Ignore redundant display event 0/4 to 10818/10817
01-06 16:02:49.743  2321  3572 D DisplayManagerService: Ignore redundant display event 0/4 to 10496/12309
01-06 16:02:49.743  2321  3572 D DisplayManagerService: Ignore redundant display event 0/4 to 10162/18459
01-06 16:02:49.743  2321  3572 D DisplayManagerService: Ignore redundant display event 0/4 to 10106/20655
01-06 16:02:49.743  2321  3572 D DisplayManagerService: Ignore redundant display event 0/4 to 10314/23682
01-06 16:02:49.743  2321  3572 D DisplayManagerService: Ignore redundant display event 0/4 to 10330/30010
01-06 16:02:49.749  2321  3641 I OplusDisplayBrightnessSmoothModel: getNextChange:0.016525421, deltaY:9.6 mNormalMaxBrightness: 8191.0
01-06 16:02:49.749  2321  3641 I OplusDisplayBrightnessSmoothModel: getNextChange:0.016525421, deltaY:9.6 mNormalMaxBrightness: 8191.0
01-06 16:02:49.755  2321  3641 D DpcExtImpl[0]: onchange selfChange=false state=ON uri=content://settings/system/screen_brightness
01-06 16:02:49.756  2321  3572 D DisplayManagerService: Ignore redundant display event 0/4 to 10363/5200
01-06 16:02:49.756  2321  3572 D DisplayManagerService: Ignore redundant display event 0/4 to 10818/10817
01-06 16:02:49.756  2321  3572 D DisplayManagerService: Ignore redundant display event 0/4 to 10496/12309
01-06 16:02:49.756  2321  3572 D DisplayManagerService: Ignore redundant display event 0/4 to 10162/18459
01-06 16:02:49.756  2321  3572 D DisplayManagerService: Ignore redundant display event 0/4 to 10106/20655
01-06 16:02:49.756  2321  3572 D DisplayManagerService: Ignore redundant display event 0/4 to 10314/23682
01-06 16:02:49.756  2321  3572 D DisplayManagerService: Ignore redundant display event 0/4 to 10330/30010
01-06 16:02:49.756  2321  3599 D OplusSplitScreenManagerService: com.android.launcher supportsSplitScreen by forceResizable activity return:true
01-06 16:02:49.756  2321  3599 D OplusSplitScreenManagerService: com.android.launcher supportsSplitScreen by forceResizable activity return:false
01-06 16:02:49.765  2321  3641 I OplusDisplayBrightnessSmoothModel: getNextChange:0.01654414, deltaY:9.6 mNormalMaxBrightness: 8191.0
01-06 16:02:49.766  2321  3641 I OplusDisplayBrightnessSmoothModel: getNextChange:0.01654414, deltaY:9.6 mNormalMaxBrightness: 8191.0
01-06 16:02:49.769  2321  3641 D DpcExtImpl[0]: onchange selfChange=false state=ON uri=content://settings/system/screen_brightness
01-06 16:02:49.770  2321  3572 D DisplayManagerService: Ignore redundant display event 0/4 to 10363/5200
01-06 16:02:49.770  2321  3572 D DisplayManagerService: Ignore redundant display event 0/4 to 10818/10817
01-06 16:02:49.771  2321  3572 D DisplayManagerService: Ignore redundant display event 0/4 to 10496/12309
01-06 16:02:49.771  2321  3572 D DisplayManagerService: Ignore redundant display event 0/4 to 10162/18459
01-06 16:02:49.771  2321  3572 D DisplayManagerService: Ignore redundant display event 0/4 to 10106/20655
01-06 16:02:49.771  2321  3572 D DisplayManagerService: Ignore redundant display event 0/4 to 10314/23682
01-06 16:02:49.771  2321  3572 D DisplayManagerService: Ignore redundant display event 0/4 to 10330/30010
01-06 16:02:49.783  2321  3641 I OplusDisplayBrightnessSmoothModel: getNextChange:0.016516488, deltaY:9.6 mNormalMaxBrightness: 8191.0
01-06 16:02:49.783  2321  3641 I OplusDisplayBrightnessSmoothModel: getNextChange:0.016516488, deltaY:9.6 mNormalMaxBrightness: 8191.0
01-06 16:02:49.786  2321  3641 D DpcExtImpl[0]: onchange selfChange=false state=ON uri=content://settings/system/screen_brightness
01-06 16:02:49.787  2321  3572 D DisplayManagerService: Ignore redundant display event 0/4 to 10363/5200
01-06 16:02:49.787  2321  3572 D DisplayManagerService: Ignore redundant display event 0/4 to 10818/10817
01-06 16:02:49.788  2321  3572 D DisplayManagerService: Ignore redundant display event 0/4 to 10496/12309
01-06 16:02:49.788  2321  3572 D DisplayManagerService: Ignore redundant display event 0/4 to 10162/18459
01-06 16:02:49.788  2321  3572 D DisplayManagerService: Ignore redundant display event 0/4 to 10106/20655
01-06 16:02:49.788  2321  3572 D DisplayManagerService: Ignore redundant display event 0/4 to 10314/23682
01-06 16:02:49.788  2321  3572 D DisplayManagerService: Ignore redundant display event 0/4 to 10330/30010
01-06 16:02:49.802  2321  3641 I OplusDisplayBrightnessSmoothModel: getNextChange:0.016542254, deltaY:9.6 mNormalMaxBrightness: 8191.0
01-06 16:02:49.802  2321  3641 I OplusDisplayBrightnessSmoothModel: getNextChange:0.016542254, deltaY:9.6 mNormalMaxBrightness: 8191.0
01-06 16:02:49.806  2321  3641 D DpcExtImpl[0]: onchange selfChange=false state=ON uri=content://settings/system/screen_brightness
01-06 16:02:49.806  2321  3572 D DisplayManagerService: Ignore redundant display event 0/4 to 10363/5200
01-06 16:02:49.806  2321  3572 D DisplayManagerService: Ignore redundant display event 0/4 to 10818/10817
01-06 16:02:49.806  2321  3572 D DisplayManagerService: Ignore redundant display event 0/4 to 10496/12309
01-06 16:02:49.806  2321  3572 D DisplayManagerService: Ignore redundant display event 0/4 to 10162/18459
01-06 16:02:49.806  2321  3572 D DisplayManagerService: Ignore redundant display event 0/4 to 10106/20655
01-06 16:02:49.806  2321  3572 D DisplayManagerService: Ignore redundant display event 0/4 to 10314/23682
01-06 16:02:49.806  2321  3572 D DisplayManagerService: Ignore redundant display event 0/4 to 10330/30010
01-06 16:02:49.816  2321  3641 I OplusDisplayBrightnessSmoothModel: getNextChange:0.016535, deltaY:9.6 mNormalMaxBrightness: 8191.0
01-06 16:02:49.816  2321  3641 I OplusDisplayBrightnessSmoothModel: getNextChange:0.016535, deltaY:9.6 mNormalMaxBrightness: 8191.0
01-06 16:02:49.821  2321  3641 D DpcExtImpl[0]: onchange selfChange=false state=ON uri=content://settings/system/screen_brightness
01-06 16:02:49.822  2321  3572 D DisplayManagerService: Ignore redundant display event 0/4 to 10363/5200
01-06 16:02:49.822  2321  3572 D DisplayManagerService: Ignore redundant display event 0/4 to 10818/10817
01-06 16:02:49.822  2321  3572 D DisplayManagerService: Ignore redundant display event 0/4 to 10496/12309
01-06 16:02:49.822  2321  3572 D DisplayManagerService: Ignore redundant display event 0/4 to 10162/18459
01-06 16:02:49.822  2321  3572 D DisplayManagerService: Ignore redundant display event 0/4 to 10106/20655
01-06 16:02:49.822  2321  3572 D DisplayManagerService: Ignore redundant display event 0/4 to 10314/23682
01-06 16:02:49.822  2321  3572 D DisplayManagerService: Ignore redundant display event 0/4 to 10330/30010
01-06 16:02:49.829  2321  3599 D OplusSplitScreenManagerService: com.android.launcher supportsSplitScreen by forceResizable activity return:true
01-06 16:02:49.829  2321  3599 D OplusSplitScreenManagerService: com.android.launcher supportsSplitScreen by forceResizable activity return:false
01-06 16:02:49.830  2321  3599 D OplusSplitScreenManagerService: com.android.launcher supportsSplitScreen by forceResizable activity return:true
01-06 16:02:49.830  2321  3599 D OplusSplitScreenManagerService: com.android.launcher supportsSplitScreen by forceResizable activity return:false
01-06 16:02:49.832  2321  3641 I OplusDisplayBrightnessSmoothModel: getNextChange:0.01654174, deltaY:9.6 mNormalMaxBrightness: 8191.0
01-06 16:02:49.832  2321  3641 I OplusDisplayBrightnessSmoothModel: getNextChange:0.01654174, deltaY:9.6 mNormalMaxBrightness: 8191.0
01-06 16:02:49.840  2321  3641 D DpcExtImpl[0]: onchange selfChange=false state=ON uri=content://settings/system/screen_brightness
01-06 16:02:49.841  2321  3572 D DisplayManagerService: Ignore redundant display event 0/4 to 10363/5200
01-06 16:02:49.841  2321  3572 D DisplayManagerService: Ignore redundant display event 0/4 to 10818/10817
01-06 16:02:49.841  2321  3572 D DisplayManagerService: Ignore redundant display event 0/4 to 10496/12309
01-06 16:02:49.841  2321  3572 D DisplayManagerService: Ignore redundant display event 0/4 to 10162/18459
01-06 16:02:49.841  2321  3572 D DisplayManagerService: Ignore redundant display event 0/4 to 10106/20655
01-06 16:02:49.841  2321  3572 D DisplayManagerService: Ignore redundant display event 0/4 to 10314/23682
01-06 16:02:49.841  2321  3572 D DisplayManagerService: Ignore redundant display event 0/4 to 10330/30010
01-06 16:02:49.853  2321  3641 I OplusDisplayBrightnessSmoothModel: getNextChange:0.016538875, deltaY:9.6 mNormalMaxBrightness: 8191.0
01-06 16:02:49.853  2321  3641 I OplusDisplayBrightnessSmoothModel: getNextChange:0.016538875, deltaY:9.6 mNormalMaxBrightness: 8191.0
01-06 16:02:49.858  2321  3641 D DpcExtImpl[0]: onchange selfChange=false state=ON uri=content://settings/system/screen_brightness
01-06 16:02:49.859  2321  3572 D DisplayManagerService: Ignore redundant display event 0/4 to 10363/5200
01-06 16:02:49.859  2321  3572 D DisplayManagerService: Ignore redundant display event 0/4 to 10818/10817
01-06 16:02:49.859  2321  3572 D DisplayManagerService: Ignore redundant display event 0/4 to 10496/12309
01-06 16:02:49.859  2321  3572 D DisplayManagerService: Ignore redundant display event 0/4 to 10162/18459
01-06 16:02:49.859  2321  3572 D DisplayManagerService: Ignore redundant display event 0/4 to 10106/20655
01-06 16:02:49.859  2321  3572 D DisplayManagerService: Ignore redundant display event 0/4 to 10314/23682
01-06 16:02:49.859  2321  3572 D DisplayManagerService: Ignore redundant display event 0/4 to 10330/30010
01-06 16:02:49.865  2321  3641 I OplusDisplayBrightnessSmoothModel: getNextChange:0.01654188, deltaY:9.6 mNormalMaxBrightness: 8191.0
01-06 16:02:49.865  2321  3641 I OplusDisplayBrightnessSmoothModel: getNextChange:0.01654188, deltaY:9.6 mNormalMaxBrightness: 8191.0
01-06 16:02:49.870  2321  3641 D DpcExtImpl[0]: onchange selfChange=false state=ON uri=content://settings/system/screen_brightness
01-06 16:02:49.871  2321  3572 D DisplayManagerService: Ignore redundant display event 0/4 to 10363/5200
01-06 16:02:49.871  2321  3572 D DisplayManagerService: Ignore redundant display event 0/4 to 10818/10817
01-06 16:02:49.871  2321  3572 D DisplayManagerService: Ignore redundant display event 0/4 to 10496/12309
01-06 16:02:49.871  2321  3572 D DisplayManagerService: Ignore redundant display event 0/4 to 10162/18459
01-06 16:02:49.871  2321  3572 D DisplayManagerService: Ignore redundant display event 0/4 to 10106/20655
01-06 16:02:49.871  2321  3572 D DisplayManagerService: Ignore redundant display event 0/4 to 10314/23682
01-06 16:02:49.871  2321  3572 D DisplayManagerService: Ignore redundant display event 0/4 to 10330/30010
01-06 16:02:49.881  2321  3641 I OplusDisplayBrightnessSmoothModel: getNextChange:0.01654627, deltaY:9.6 mNormalMaxBrightness: 8191.0
01-06 16:02:49.881  2321  3641 I OplusDisplayBrightnessSmoothModel: getNextChange:0.01654627, deltaY:9.6 mNormalMaxBrightness: 8191.0
01-06 16:02:49.891  2321  3641 D DpcExtImpl[0]: onchange selfChange=false state=ON uri=content://settings/system/screen_brightness
01-06 16:02:49.892  2321  3572 D DisplayManagerService: Ignore redundant display event 0/4 to 10363/5200
01-06 16:02:49.892  2321  3572 D DisplayManagerService: Ignore redundant display event 0/4 to 10818/10817
01-06 16:02:49.892  2321  3572 D DisplayManagerService: Ignore redundant display event 0/4 to 10496/12309
01-06 16:02:49.892  2321  3572 D DisplayManagerService: Ignore redundant display event 0/4 to 10162/18459
01-06 16:02:49.892  2321  3572 D DisplayManagerService: Ignore redundant display event 0/4 to 10106/20655
01-06 16:02:49.892  2321  3572 D DisplayManagerService: Ignore redundant display event 0/4 to 10314/23682
01-06 16:02:49.892  2321  3572 D DisplayManagerService: Ignore redundant display event 0/4 to 10330/30010
01-06 16:02:49.898  2321  3641 I OplusDisplayBrightnessSmoothModel: getNextChange:0.01654145, deltaY:9.6 mNormalMaxBrightness: 8191.0
01-06 16:02:49.899  2321  3641 I OplusDisplayBrightnessSmoothModel: getNextChange:0.01654145, deltaY:9.6 mNormalMaxBrightness: 8191.0
01-06 16:02:49.904  2321  3641 D DpcExtImpl[0]: onchange selfChange=false state=ON uri=content://settings/system/screen_brightness
01-06 16:02:49.906  2321  3572 D DisplayManagerService: Ignore redundant display event 0/4 to 10363/5200
01-06 16:02:49.906  2321  3572 D DisplayManagerService: Ignore redundant display event 0/4 to 10818/10817
01-06 16:02:49.906  2321  3572 D DisplayManagerService: Ignore redundant display event 0/4 to 10496/12309
01-06 16:02:49.906  2321  3572 D DisplayManagerService: Ignore redundant display event 0/4 to 10162/18459
01-06 16:02:49.906  2321  3572 D DisplayManagerService: Ignore redundant display event 0/4 to 10106/20655
01-06 16:02:49.906  2321  3572 D DisplayManagerService: Ignore redundant display event 0/4 to 10314/23682
01-06 16:02:49.906  2321  3572 D DisplayManagerService: Ignore redundant display event 0/4 to 10330/30010
01-06 16:02:49.915  2321  3641 I OplusDisplayBrightnessSmoothModel: getNextChange:0.016543861, deltaY:9.6 mNormalMaxBrightness: 8191.0
01-06 16:02:49.915  2321  3641 I OplusDisplayBrightnessSmoothModel: getNextChange:0.016543861, deltaY:9.6 mNormalMaxBrightness: 8191.0
01-06 16:02:49.919  2321  3641 D DpcExtImpl[0]: onchange selfChange=false state=ON uri=content://settings/system/screen_brightness
01-06 16:02:49.920  2321  3572 D DisplayManagerService: Ignore redundant display event 0/4 to 10363/5200
01-06 16:02:49.920  2321  3572 D DisplayManagerService: Ignore redundant display event 0/4 to 10818/10817
01-06 16:02:49.920  2321  3572 D DisplayManagerService: Ignore redundant display event 0/4 to 10496/12309
01-06 16:02:49.920  2321  3572 D DisplayManagerService: Ignore redundant display event 0/4 to 10162/18459
01-06 16:02:49.921  2321  3572 D DisplayManagerService: Ignore redundant display event 0/4 to 10106/20655
01-06 16:02:49.921  2321  3572 D DisplayManagerService: Ignore redundant display event 0/4 to 10314/23682
01-06 16:02:49.921  2321  3572 D DisplayManagerService: Ignore redundant display event 0/4 to 10330/30010
01-06 16:02:49.931  2321  3641 I OplusDisplayBrightnessSmoothModel: getNextChange:0.016553681, deltaY:9.6 mNormalMaxBrightness: 8191.0
01-06 16:02:49.931  2321  3641 I OplusDisplayBrightnessSmoothModel: getNextChange:0.016553681, deltaY:9.6 mNormalMaxBrightness: 8191.0
01-06 16:02:49.937  2321  3641 D DpcExtImpl[0]: onchange selfChange=false state=ON uri=content://settings/system/screen_brightness
01-06 16:02:49.938  2321  3572 D DisplayManagerService: Ignore redundant display event 0/4 to 10363/5200
01-06 16:02:49.939  2321  3572 D DisplayManagerService: Ignore redundant display event 0/4 to 10818/10817
01-06 16:02:49.939  2321  3572 D DisplayManagerService: Ignore redundant display event 0/4 to 10496/12309
01-06 16:02:49.939  2321  3572 D DisplayManagerService: Ignore redundant display event 0/4 to 10162/18459
01-06 16:02:49.939  2321  3572 D DisplayManagerService: Ignore redundant display event 0/4 to 10106/20655
01-06 16:02:49.939  2321  3572 D DisplayManagerService: Ignore redundant display event 0/4 to 10314/23682
01-06 16:02:49.939  2321  3572 D DisplayManagerService: Ignore redundant display event 0/4 to 10330/30010
01-06 16:02:49.948  2321  3641 I OplusDisplayBrightnessSmoothModel: getNextChange:0.01654968, deltaY:9.6 mNormalMaxBrightness: 8191.0
01-06 16:02:49.948  2321  3641 I OplusDisplayBrightnessSmoothModel: getNextChange:0.01654968, deltaY:9.6 mNormalMaxBrightness: 8191.0
01-06 16:02:49.955  2321  3641 D DpcExtImpl[0]: onchange selfChange=false state=ON uri=content://settings/system/screen_brightness
01-06 16:02:49.957  2321  3572 D DisplayManagerService: Ignore redundant display event 0/4 to 10363/5200
01-06 16:02:49.957  2321  3572 D DisplayManagerService: Ignore redundant display event 0/4 to 10818/10817
01-06 16:02:49.957  2321  3572 D DisplayManagerService: Ignore redundant display event 0/4 to 10496/12309
01-06 16:02:49.957  2321  3572 D DisplayManagerService: Ignore redundant display event 0/4 to 10162/18459
01-06 16:02:49.957  2321  3572 D DisplayManagerService: Ignore redundant display event 0/4 to 10106/20655
01-06 16:02:49.957  2321  3572 D DisplayManagerService: Ignore redundant display event 0/4 to 10314/23682
01-06 16:02:49.957  2321  3572 D DisplayManagerService: Ignore redundant display event 0/4 to 10330/30010
01-06 16:02:49.961  2321  6296 D OplusProxyWakeLock: add uid: 10808 wakelock: lock:134192512 PARTIAL_WAKE_LOCK              'andro' (uid=10808 pid=23636)to FroceReleaseWakeLock list
01-06 16:02:49.962  2321  6296 D DisplayPowerController[0]: requestPowerState: policy=BRIGHT, useProximitySensor=false, screenBrightnessOverride=-1.0, useAutoBrightness=false, screenAutoBrightnessAdjustmentOverride=NaN, screenLowPowerBrightnessFactor=0.5, blockScreenOn=false, lowPowerMode=false, boostScreenBrightness=false, dozeScreenBrightness=NaN, dozeScreenState=UNKNOWN, waitForNegativeProximity=true displayReady=false pendingRequest=true
01-06 16:02:49.962  2321  6296 D DisplayManagerServiceExtImpl: request size(1,1),dpc=com.android.server.display.DisplayPowerController@ce9daf6 size(0,1),flags=0X200F,id(0,0,local:4630946950956839810),enable=true,ready=false,waitForNegativeProximity=true policy=BRIGHT,useProximitySensor=false,dozeState=UNKNOWN,screenBrightnessOverride=-1.000000,useAuto=false,lowPower=false,lowPowerFactor=0.500000
01-06 16:02:49.963  2321  6296 D OplusProxyWakeLock: add uid: 10808 wakelock: lock:140117342 PARTIAL_WAKE_LOCK              'andro' (uid=10808 pid=23636)to FroceReleaseWakeLock list
01-06 16:02:49.963  2321  3641 D DpcExtImpl[0]: RECORD:onUpdatePowerState policy:3 state:2 brightness:4210
01-06 16:02:49.963  2321  6296 D DisplayPowerController[0]: requestPowerState: policy=BRIGHT, useProximitySensor=false, screenBrightnessOverride=-1.0, useAutoBrightness=false, screenAutoBrightnessAdjustmentOverride=NaN, screenLowPowerBrightnessFactor=0.5, blockScreenOn=false, lowPowerMode=false, boostScreenBrightness=false, dozeScreenBrightness=NaN, dozeScreenState=UNKNOWN, waitForNegativeProximity=true displayReady=false pendingRequest=true
01-06 16:02:49.965  2321  3641 D DisplayManagerServiceExtImpl: request size(1,1),dpc=com.android.server.display.DisplayPowerController@ce9daf6 size(0,1),flags=0X200F,id(0,0,local:4630946950956839810),enable=true,ready=false,waitForNegativeProximity=false policy=BRIGHT,useProximitySensor=false,dozeState=UNKNOWN,screenBrightnessOverride=-1.000000,useAuto=false,lowPower=false,lowPowerFactor=0.500000
01-06 16:02:49.965  2321  3641 D DpcExtImpl[0]: RECORD:onUpdatePowerState policy:3 state:2 brightness:4210
01-06 16:02:49.966  2321  3641 I OplusDisplayBrightnessSmoothModel: getNextChange:0.016573587, deltaY:9.6 mNormalMaxBrightness: 8191.0
01-06 16:02:49.966  2321  3641 I OplusDisplayBrightnessSmoothModel: getNextChange:0.016573587, deltaY:9.6 mNormalMaxBrightness: 8191.0
01-06 16:02:49.972  2321  3641 D DpcExtImpl[0]: onchange selfChange=false state=ON uri=content://settings/system/screen_brightness
01-06 16:02:49.973  2321  3572 D DisplayManagerService: Ignore redundant display event 0/4 to 10363/5200
01-06 16:02:49.973  2321  3572 D DisplayManagerService: Ignore redundant display event 0/4 to 10818/10817
01-06 16:02:49.973  2321  3572 D DisplayManagerService: Ignore redundant display event 0/4 to 10496/12309
01-06 16:02:49.973  2321  3572 D DisplayManagerService: Ignore redundant display event 0/4 to 10162/18459
01-06 16:02:49.973  2321  3572 D DisplayManagerService: Ignore redundant display event 0/4 to 10106/20655
01-06 16:02:49.973  2321  3572 D DisplayManagerService: Ignore redundant display event 0/4 to 10314/23682
01-06 16:02:49.973  2321  3572 D DisplayManagerService: Ignore redundant display event 0/4 to 10330/30010
01-06 16:02:49.974  2321  6296 D OplusProxyWakeLock: restore uid :10808  pid : 0 wakelock: lock:140117342 PARTIAL_WAKE_LOCK              'andro' (uid=10808 pid=23636)
01-06 16:02:49.975  2321  6296 D OplusProxyWakeLock: restore uid :10808  pid : 0 wakelock: lock:134192512 PARTIAL_WAKE_LOCK              'andro' (uid=10808 pid=23636)
01-06 16:02:49.981  2321  3641 I OplusDisplayBrightnessSmoothModel: getNextChange:0.016549714, deltaY:9.6 mNormalMaxBrightness: 8191.0
01-06 16:02:49.981  2321  3641 I OplusDisplayBrightnessSmoothModel: getNextChange:0.016549714, deltaY:9.6 mNormalMaxBrightness: 8191.0
01-06 16:02:49.987  2321  3641 D DpcExtImpl[0]: onchange selfChange=false state=ON uri=content://settings/system/screen_brightness
01-06 16:02:49.988  2321  3572 D DisplayManagerService: Ignore redundant display event 0/4 to 10363/5200
01-06 16:02:49.988  2321  3572 D DisplayManagerService: Ignore redundant display event 0/4 to 10818/10817
01-06 16:02:49.988  2321  3572 D DisplayManagerService: Ignore redundant display event 0/4 to 10496/12309
01-06 16:02:49.988  2321  3572 D DisplayManagerService: Ignore redundant display event 0/4 to 10162/18459
01-06 16:02:49.988  2321  3572 D DisplayManagerService: Ignore redundant display event 0/4 to 10106/20655
01-06 16:02:49.988  2321  3572 D DisplayManagerService: Ignore redundant display event 0/4 to 10314/23682
01-06 16:02:49.988  2321  3572 D DisplayManagerService: Ignore redundant display event 0/4 to 10330/30010
01-06 16:02:49.998  2321  3641 I OplusDisplayBrightnessSmoothModel: getNextChange:0.016559986, deltaY:9.6 mNormalMaxBrightness: 8191.0
01-06 16:02:49.998  2321  3641 I OplusDisplayBrightnessSmoothModel: getNextChange:0.016559986, deltaY:9.6 mNormalMaxBrightness: 8191.0
01-06 16:02:50.004  2321  3641 D DpcExtImpl[0]: onchange selfChange=false state=ON uri=content://settings/system/screen_brightness
01-06 16:02:50.005  2321  3572 D DisplayManagerService: Ignore redundant display event 0/4 to 10363/5200
01-06 16:02:50.005  2321  3572 D DisplayManagerService: Ignore redundant display event 0/4 to 10818/10817
01-06 16:02:50.005  2321  3572 D DisplayManagerService: Ignore redundant display event 0/4 to 10496/12309
01-06 16:02:50.005  2321  3572 D DisplayManagerService: Ignore redundant display event 0/4 to 10162/18459
01-06 16:02:50.005  2321  3572 D DisplayManagerService: Ignore redundant display event 0/4 to 10106/20655
01-06 16:02:50.005  2321  3572 D DisplayManagerService: Ignore redundant display event 0/4 to 10314/23682
01-06 16:02:50.005  2321  3572 D DisplayManagerService: Ignore redundant display event 0/4 to 10330/30010
01-06 16:02:50.014  2321  3641 I OplusDisplayBrightnessSmoothModel: getNextChange:0.016547456, deltaY:9.6 mNormalMaxBrightness: 8191.0
01-06 16:02:50.014  2321  3641 I OplusDisplayBrightnessSmoothModel: getNextChange:0.016547456, deltaY:9.6 mNormalMaxBrightness: 8191.0
01-06 16:02:50.022  2321  3641 D DpcExtImpl[0]: onchange selfChange=false state=ON uri=content://settings/system/screen_brightness
01-06 16:02:50.023  2321  3572 D DisplayManagerService: Ignore redundant display event 0/4 to 10363/5200
01-06 16:02:50.023  2321  3572 D DisplayManagerService: Ignore redundant display event 0/4 to 10818/10817
01-06 16:02:50.023  2321  3572 D DisplayManagerService: Ignore redundant display event 0/4 to 10496/12309
01-06 16:02:50.023  2321  3572 D DisplayManagerService: Ignore redundant display event 0/4 to 10162/18459
01-06 16:02:50.023  2321  3572 D DisplayManagerService: Ignore redundant display event 0/4 to 10106/20655
01-06 16:02:50.023  2321  3572 D DisplayManagerService: Ignore redundant display event 0/4 to 10314/23682
01-06 16:02:50.023  2321  3572 D DisplayManagerService: Ignore redundant display event 0/4 to 10330/30010
01-06 16:02:50.031  2321  3641 I OplusDisplayBrightnessSmoothModel: getNextChange:0.016554136, deltaY:9.6 mNormalMaxBrightness: 8191.0
01-06 16:02:50.031  2321  3641 I OplusDisplayBrightnessSmoothModel: getNextChange:0.016554136, deltaY:9.6 mNormalMaxBrightness: 8191.0
01-06 16:02:50.037  2321  3641 D DpcExtImpl[0]: onchange selfChange=false state=ON uri=content://settings/system/screen_brightness
01-06 16:02:50.038  2321  3572 D DisplayManagerService: Ignore redundant display event 0/4 to 10363/5200
01-06 16:02:50.038  2321  3572 D DisplayManagerService: Ignore redundant display event 0/4 to 10818/10817
01-06 16:02:50.038  2321  3572 D DisplayManagerService: Ignore redundant display event 0/4 to 10496/12309
01-06 16:02:50.038  2321  3572 D DisplayManagerService: Ignore redundant display event 0/4 to 10162/18459
01-06 16:02:50.038  2321  3572 D DisplayManagerService: Ignore redundant display event 0/4 to 10106/20655
01-06 16:02:50.038  2321  3572 D DisplayManagerService: Ignore redundant display event 0/4 to 10314/23682
01-06 16:02:50.038  2321  3572 D DisplayManagerService: Ignore redundant display event 0/4 to 10330/30010
01-06 16:02:50.054  2321  3641 I OplusDisplayBrightnessSmoothModel: getNextChange:0.016556453, deltaY:9.6 mNormalMaxBrightness: 8191.0
01-06 16:02:50.054  2321  3641 I OplusDisplayBrightnessSmoothModel: getNextChange:0.016556453, deltaY:9.6 mNormalMaxBrightness: 8191.0
01-06 16:02:50.055  4230  4230 W VRI[NotificationShade]: updateBlastSurfaceIfNeeded, surfaceSize:Point(1080, 2400), lastSurfaceSize:Point(1080, 2400), format:-3, blastBufferQueue:android.graphics.BLASTBufferQueue@4d07bc7
01-06 16:02:50.057  2321  3641 D DpcExtImpl[0]: onchange selfChange=false state=ON uri=content://settings/system/screen_brightness
01-06 16:02:50.057  2321  3572 D DisplayManagerService: Ignore redundant display event 0/4 to 10363/5200
01-06 16:02:50.057  2321  3572 D DisplayManagerService: Ignore redundant display event 0/4 to 10818/10817
01-06 16:02:50.057  2321  3572 D DisplayManagerService: Ignore redundant display event 0/4 to 10496/12309
01-06 16:02:50.057  2321  3572 D DisplayManagerService: Ignore redundant display event 0/4 to 10162/18459
01-06 16:02:50.057  2321  3572 D DisplayManagerService: Ignore redundant display event 0/4 to 10106/20655
01-06 16:02:50.057  2321  3572 D DisplayManagerService: Ignore redundant display event 0/4 to 10314/23682
01-06 16:02:50.057  2321  3572 D DisplayManagerService: Ignore redundant display event 0/4 to 10330/30010
01-06 16:02:50.059  2321  5417 D WindowManagerServiceExtImpl: extractConfigInfoAndRealFlags rotation=0, screenDp=720, win=Window{cdc7a2a u0 NotificationShade}
01-06 16:02:50.060  2321  5417 V WindowManager: Relayout Window{cdc7a2a u0 NotificationShade}: viewVisibility=0, oldvis=0, req=1080x2400, vsysui=
01-06 16:02:50.065  2321  5417 D OplusSplitScreenManagerService: com.android.launcher supportsSplitScreen by forceResizable activity return:true
01-06 16:02:50.065  2321  3641 I OplusDisplayBrightnessSmoothModel: getNextChange:0.016563071, deltaY:9.6 mNormalMaxBrightness: 8191.0
01-06 16:02:50.065  2321  5417 D OplusSplitScreenManagerService: com.android.launcher supportsSplitScreen by forceResizable activity return:false
01-06 16:02:50.065  2321  3641 I OplusDisplayBrightnessSmoothModel: getNextChange:0.016563071, deltaY:9.6 mNormalMaxBrightness: 8191.0
01-06 16:02:50.065  2321  5417 V WindowManager: Changing focus from Window{cdc7a2a u0 NotificationShade} to Window{2f6362b u0 com.android.launcher/com.android.launcher.Launcher},diplayid=0
01-06 16:02:50.071  2321  3641 D DpcExtImpl[0]: onchange selfChange=false state=ON uri=content://settings/system/screen_brightness
01-06 16:02:50.072  2321  3572 D DisplayManagerService: Ignore redundant display event 0/4 to 10363/5200
01-06 16:02:50.072  2321  3572 D DisplayManagerService: Ignore redundant display event 0/4 to 10818/10817
01-06 16:02:50.072  2321  3572 D DisplayManagerService: Ignore redundant display event 0/4 to 10496/12309
01-06 16:02:50.072  2321  3572 D DisplayManagerService: Ignore redundant display event 0/4 to 10162/18459
01-06 16:02:50.072  2321  3572 D DisplayManagerService: Ignore redundant display event 0/4 to 10106/20655
01-06 16:02:50.072  2321  3572 D DisplayManagerService: Ignore redundant display event 0/4 to 10314/23682
01-06 16:02:50.072  2321  3572 D DisplayManagerService: Ignore redundant display event 0/4 to 10330/30010
01-06 16:02:50.078  2321  4058 D OplusSplitScreenManagerService: com.android.launcher supportsSplitScreen by forceResizable activity return:true
01-06 16:02:50.078  2321  4058 D OplusSplitScreenManagerService: com.android.launcher supportsSplitScreen by forceResizable activity return:false
01-06 16:02:50.079  2321  4058 D OplusSplitScreenManagerService: com.android.launcher supportsSplitScreen by forceResizable activity return:true
01-06 16:02:50.079  2321  4058 D OplusSplitScreenManagerService: com.android.launcher supportsSplitScreen by forceResizable activity return:false
01-06 16:02:50.079  2321  5965 D WindowManagerServiceExtImpl: extractConfigInfoAndRealFlags rotation=0, screenDp=720, win=Window{cdc7a2a u0 NotificationShade}
01-06 16:02:50.079  2321  5965 V WindowManager: Relayout Window{cdc7a2a u0 NotificationShade}: viewVisibility=4, oldvis=0, req=1080x2400, vsysui=
01-06 16:02:50.079  2321  5965 I WindowManager: Window{cdc7a2a u0 NotificationShade} state from HAS_DRAWN to NO_SURFACE; reason: destroySurface
01-06 16:02:50.080  2321  3641 I OplusDisplayBrightnessSmoothModel: getNextChange:0.016551476, deltaY:9.6 mNormalMaxBrightness: 8191.0
01-06 16:02:50.080  2321  3641 I OplusDisplayBrightnessSmoothModel: getNextChange:0.016551476, deltaY:9.6 mNormalMaxBrightness: 8191.0
01-06 16:02:50.083  2321  3641 D DpcExtImpl[0]: onchange selfChange=false state=ON uri=content://settings/system/screen_brightness
01-06 16:02:50.085  2321  5965 D OplusSplitScreenManagerService: com.android.launcher supportsSplitScreen by forceResizable activity return:true
01-06 16:02:50.085  2321  5965 D OplusSplitScreenManagerService: com.android.launcher supportsSplitScreen by forceResizable activity return:false
01-06 16:02:50.086  2321  4058 D OplusSplitScreenManagerService: com.android.launcher supportsSplitScreen by forceResizable activity return:true
01-06 16:02:50.086  2321  4058 D OplusSplitScreenManagerService: com.android.launcher supportsSplitScreen by forceResizable activity return:false
01-06 16:02:50.086  2321  4058 D OplusSplitScreenManagerService: com.android.launcher supportsSplitScreen by forceResizable activity return:true
01-06 16:02:50.086  2321  4058 D OplusSplitScreenManagerService: com.android.launcher supportsSplitScreen by forceResizable activity return:false
01-06 16:02:50.088  2321  3572 D DisplayManagerService: Ignore redundant display event 0/4 to 10363/5200
01-06 16:02:50.088  2321  3572 D DisplayManagerService: Ignore redundant display event 0/4 to 10818/10817
01-06 16:02:50.088  2321  3572 D DisplayManagerService: Ignore redundant display event 0/4 to 10496/12309
01-06 16:02:50.088  2321  3572 D DisplayManagerService: Ignore redundant display event 0/4 to 10162/18459
01-06 16:02:50.088  2321  3572 D DisplayManagerService: Ignore redundant display event 0/4 to 10106/20655
01-06 16:02:50.088  2321  3572 D DisplayManagerService: Ignore redundant display event 0/4 to 10314/23682
01-06 16:02:50.088  2321  3572 D DisplayManagerService: Ignore redundant display event 0/4 to 10330/30010
01-06 16:02:50.097  2321  3641 I OplusDisplayBrightnessSmoothModel: getNextChange:0.016549278, deltaY:9.6 mNormalMaxBrightness: 8191.0
01-06 16:02:50.097  2321  3641 I OplusDisplayBrightnessSmoothModel: getNextChange:0.016549278, deltaY:9.6 mNormalMaxBrightness: 8191.0
01-06 16:02:50.103  2321  5965 D InputMethodManagerService: isSecurity: attribute.packageName = com.android.launcher mCurMethodId = com.touchtype.swiftkey/com.touchtype.KeyboardService isSecurity = false ( enable = false needShow = false inBlackList = false isExist = true )
01-06 16:02:50.104  2321  3641 D DpcExtImpl[0]: onchange selfChange=false state=ON uri=content://settings/system/screen_brightness
01-06 16:02:50.105  2321  3572 D DisplayManagerService: Ignore redundant display event 0/4 to 10363/5200
01-06 16:02:50.105  2321  3572 D DisplayManagerService: Ignore redundant display event 0/4 to 10818/10817
01-06 16:02:50.105  2321  3572 D DisplayManagerService: Ignore redundant display event 0/4 to 10496/12309
01-06 16:02:50.105  2321  3572 D DisplayManagerService: Ignore redundant display event 0/4 to 10162/18459
01-06 16:02:50.105  2321  3572 D DisplayManagerService: Ignore redundant display event 0/4 to 10106/20655
01-06 16:02:50.105  2321  3572 D DisplayManagerService: Ignore redundant display event 0/4 to 10314/23682
01-06 16:02:50.105  2321  3572 D DisplayManagerService: Ignore redundant display event 0/4 to 10330/30010
01-06 16:02:50.113  2321  3641 I OplusDisplayBrightnessSmoothModel: getNextChange:0.01654811, deltaY:9.6 mNormalMaxBrightness: 8191.0
01-06 16:02:50.114  2321  3641 I OplusDisplayBrightnessSmoothModel: getNextChange:0.01654811, deltaY:9.6 mNormalMaxBrightness: 8191.0
01-06 16:02:50.117  2321  3641 D DpcExtImpl[0]: onchange selfChange=false state=ON uri=content://settings/system/screen_brightness
01-06 16:02:50.118  2321  3572 D DisplayManagerService: Ignore redundant display event 0/4 to 10363/5200
01-06 16:02:50.118  2321  3572 D DisplayManagerService: Ignore redundant display event 0/4 to 10818/10817
01-06 16:02:50.118  2321  3572 D DisplayManagerService: Ignore redundant display event 0/4 to 10496/12309
01-06 16:02:50.118  2321  3572 D DisplayManagerService: Ignore redundant display event 0/4 to 10162/18459
01-06 16:02:50.118  2321  3572 D DisplayManagerService: Ignore redundant display event 0/4 to 10106/20655
01-06 16:02:50.118  2321  3572 D DisplayManagerService: Ignore redundant display event 0/4 to 10314/23682
01-06 16:02:50.119  2321  3572 D DisplayManagerService: Ignore redundant display event 0/4 to 10330/30010
01-06 16:02:50.130  2321  3641 I OplusDisplayBrightnessSmoothModel: getNextChange:0.016549757, deltaY:9.6 mNormalMaxBrightness: 8191.0
01-06 16:02:50.130  2321  3641 I OplusDisplayBrightnessSmoothModel: getNextChange:0.016549757, deltaY:9.6 mNormalMaxBrightness: 8191.0
01-06 16:02:50.135  2321  3641 D DpcExtImpl[0]: onchange selfChange=false state=ON uri=content://settings/system/screen_brightness
01-06 16:02:50.136  2321  3572 D DisplayManagerService: Ignore redundant display event 0/4 to 10363/5200
01-06 16:02:50.136  2321  3572 D DisplayManagerService: Ignore redundant display event 0/4 to 10818/10817
01-06 16:02:50.136  2321  3572 D DisplayManagerService: Ignore redundant display event 0/4 to 10496/12309
01-06 16:02:50.136  2321  3572 D DisplayManagerService: Ignore redundant display event 0/4 to 10162/18459
01-06 16:02:50.136  2321  3572 D DisplayManagerService: Ignore redundant display event 0/4 to 10106/20655
01-06 16:02:50.136  2321  3572 D DisplayManagerService: Ignore redundant display event 0/4 to 10314/23682
01-06 16:02:50.136  2321  3572 D DisplayManagerService: Ignore redundant display event 0/4 to 10330/30010
01-06 16:02:50.146  2321  3641 I OplusDisplayBrightnessSmoothModel: getNextChange:0.016544007, deltaY:9.6 mNormalMaxBrightness: 8191.0
01-06 16:02:50.147  2321  3641 I OplusDisplayBrightnessSmoothModel: getNextChange:0.016544007, deltaY:9.6 mNormalMaxBrightness: 8191.0
01-06 16:02:50.152  2321  3641 D DpcExtImpl[0]: onchange selfChange=false state=ON uri=content://settings/system/screen_brightness
01-06 16:02:50.153  2321  3572 D DisplayManagerService: Ignore redundant display event 0/4 to 10363/5200
01-06 16:02:50.153  2321  3572 D DisplayManagerService: Ignore redundant display event 0/4 to 10818/10817
01-06 16:02:50.153  2321  3572 D DisplayManagerService: Ignore redundant display event 0/4 to 10496/12309
01-06 16:02:50.153  2321  3572 D DisplayManagerService: Ignore redundant display event 0/4 to 10162/18459
01-06 16:02:50.153  2321  3572 D DisplayManagerService: Ignore redundant display event 0/4 to 10106/20655
01-06 16:02:50.153  2321  3572 D DisplayManagerService: Ignore redundant display event 0/4 to 10314/23682
01-06 16:02:50.153  2321  3572 D DisplayManagerService: Ignore redundant display event 0/4 to 10330/30010
01-06 16:02:50.163  2321  3641 I OplusDisplayBrightnessSmoothModel: getNextChange:0.016547395, deltaY:9.118126 mNormalMaxBrightness: 8191.0
01-06 16:02:50.163  2321  3641 I OplusDisplayBrightnessSmoothModel: getNextChange:0.016547395, deltaY:9.118126 mNormalMaxBrightness: 8191.0
01-06 16:02:50.169  2321  3641 D DpcExtImpl[0]: onchange selfChange=false state=ON uri=content://settings/system/screen_brightness
01-06 16:02:50.171  2321  3572 D DisplayManagerService: Ignore redundant display event 0/4 to 10363/5200
01-06 16:02:50.171  2321  3572 D DisplayManagerService: Ignore redundant display event 0/4 to 10818/10817
01-06 16:02:50.171  2321  3572 D DisplayManagerService: Ignore redundant display event 0/4 to 10496/12309
01-06 16:02:50.171  2321  3572 D DisplayManagerService: Ignore redundant display event 0/4 to 10162/18459
01-06 16:02:50.171  2321  3572 D DisplayManagerService: Ignore redundant display event 0/4 to 10106/20655
01-06 16:02:50.171  2321  3572 D DisplayManagerService: Ignore redundant display event 0/4 to 10314/23682
01-06 16:02:50.171  2321  3572 D DisplayManagerService: Ignore redundant display event 0/4 to 10330/30010
01-06 16:02:50.179  2321  3641 I OplusDisplayBrightnessSmoothModel: getNextChange:0.01654372, deltaY:6.9297657 mNormalMaxBrightness: 8191.0
