--------- beginning of system
01-06 16:02:43.848  2321  5867 D WindowManagerServiceExtImpl: extractConfigInfoAndRealFlags rotation=0, screenDp=720, win=Window{cdc7a2a u0 NotificationShade}
01-06 16:02:43.848  2321  5867 V WindowManager: Relayout Window{cdc7a2a u0 NotificationShade}: viewVisibility=0, oldvis=0, req=1080x2400, vsysui=
01-06 16:02:43.858  2321  5867 D OplusSplitScreenManagerService: com.android.launcher supportsSplitScreen by forceResizable activity return:true
01-06 16:02:43.859  2321  5867 D OplusSplitScreenManagerService: com.android.launcher supportsSplitScreen by forceResizable activity return:false
01-06 16:02:43.859  2321  5229 D CompatibilityChangeReporter: Compat change id reported: 161145287; UID 1000; state: ENABLED
01-06 16:02:43.859  2321  5229 D CompatibilityChangeReporter: Compat change id reported: 161145287; UID 1000; state: DISABLED
01-06 16:02:43.861  2321  4397 D CompatibilityChangeReporter: Compat change id reported: 161252188; UID 1000; state: DISABLED
01-06 16:02:43.862  2321  5867 V WindowManager: Changing focus from Window{cdc7a2a u0 NotificationShade} to Window{2f6362b u0 com.android.launcher/com.android.launcher.Launcher},diplayid=0
01-06 16:02:43.872  2321  3881 V AlarmManager: sending alarm Alarm{d10ae8f type 2 origWhen 189930688 whenElapsed 189948816 com.google.android.gms} uid 10104 whenElapsed 189948816 windowLength 0 maxWhenElapsed 189948816 repeatInterval 0 action com.google.android.location.ALARM_WAKEUP_ACTIVITY_DETECTION component null flags 0x0 procName com.google.android.gms.persistent
01-06 16:02:43.895  2321  4058 D OplusSplitScreenManagerService: com.android.launcher supportsSplitScreen by forceResizable activity return:true
01-06 16:02:43.895  2321  4058 D OplusSplitScreenManagerService: com.android.launcher supportsSplitScreen by forceResizable activity return:false
01-06 16:02:43.896  2321  4058 D OplusSplitScreenManagerService: com.android.launcher supportsSplitScreen by forceResizable activity return:true
01-06 16:02:43.896  2321  4058 D OplusSplitScreenManagerService: com.android.launcher supportsSplitScreen by forceResizable activity return:false
01-06 16:02:43.896  2321  4058 D OplusSplitScreenManagerService: com.android.launcher supportsSplitScreen by forceResizable activity return:true
01-06 16:02:43.896  2321  4058 D OplusSplitScreenManagerService: com.android.launcher supportsSplitScreen by forceResizable activity return:false
01-06 16:02:43.897  2321  4058 D OplusSplitScreenManagerService: com.android.launcher supportsSplitScreen by forceResizable activity return:true
01-06 16:02:43.897  2321  4058 D OplusSplitScreenManagerService: com.android.launcher supportsSplitScreen by forceResizable activity return:false
01-06 16:02:43.899  2321  4131 D OplusSplitScreenManagerService: com.android.launcher supportsSplitScreen by forceResizable activity return:true
01-06 16:02:43.899  2321  4131 D OplusSplitScreenManagerService: com.android.launcher supportsSplitScreen by forceResizable activity return:false
01-06 16:02:43.899  2321  4397 D CompatibilityChangeReporter: Compat change id reported: 135634846; UID 1000; state: DISABLED
01-06 16:02:43.899  2321  4397 D CompatibilityChangeReporter: Compat change id reported: 177438394; UID 1000; state: DISABLED
01-06 16:02:43.899  2321  4397 D CompatibilityChangeReporter: Compat change id reported: 135772972; UID 1000; state: DISABLED
01-06 16:02:43.899  2321  4397 D CompatibilityChangeReporter: Compat change id reported: 135754954; UID 1000; state: ENABLED
01-06 16:02:43.902  5280  5280 I Quality : Skipped: true 5 cost 44.394016 refreshRate 8275286 bit true processName com.android.launcher
01-06 16:02:43.914  2321  3909 D PowerManagerService: userActivityNoUpdateLocked: groupId=0, eventTime=175284015, event=touch, flags=0x0, uid=1000
01-06 16:02:43.914 16828 16828 W VRI[Launcher]: handleResized abandoned!
01-06 16:02:43.931  5280  5280 I Quality : Skipped: true 2 cost 24.338356 refreshRate 8274386 bit true processName com.android.launcher
01-06 16:02:43.937  2321  5965 D OplusUserManagerServiceEnhance: getMultiSystemUserId  res = 11
01-06 16:02:43.938  2321  3785 D OplusSmartDozeHelper: smartdozehelper isSupportSmartDoze: true
01-06 16:02:43.939  2321  3785 D DeviceIdleHelper: setSmartDozeMode: enable = false
01-06 16:02:43.939  2321  3785 D OplusSmartDozeHelper: exitSmartDoze: 
01-06 16:02:43.941  2321  5706 D RefreshRate: refresh rate changing from  120.00001 to 60.0,maxRefreshRate=0.0 for  ;win refresh rateId:0,reason: RateData{} ;win name:com.android.launcher/com.android.launcher.Launcher,votes{},time:2026-01-06 19:02:43
01-06 16:02:43.947  2321  3572 D DisplayManagerServiceExtImpl: scheduleTraversalLocked intraversal=false
01-06 16:02:43.948  2321  3572 D DisplayManagerService: MSG_REQUEST_TRAVERSAL pendingCompleted=false
01-06 16:02:43.949  2321  3573 D DisplayManagerService: performTraversalInternal pendingTraversal
01-06 16:02:43.949  2321  3573 D DisplayDevice: setLayerStackLocked id=local:4630946950956839810 token=android.os.BinderProxy@a02df0d stack=0->0
01-06 16:02:43.950  2321  3572 D LocalDisplayAdapter: setDesiredDisplayModeSpecsAsync: display unique id = local:4630946950956839810, display mode specs = defaultMode=0 allowGroupSwitching=false primaryRanges=physical: (0.0 Infinity) render:  (0.0 60.0) appRequestRanges=physical: (0.0 Infinity) render:  (0.0 60.0)
01-06 16:02:43.954  2321  3611 W ActivityManager: Slow operation: 55ms so far, now at startProcess: returned from zygote!
01-06 16:02:43.955  2321  5706 D OplusSplitScreenManagerService: com.android.launcher supportsSplitScreen by forceResizable activity return:true
01-06 16:02:43.956  2321  5706 D OplusSplitScreenManagerService: com.android.launcher supportsSplitScreen by forceResizable activity return:false
01-06 16:02:43.959  2321  3572 I DisplayDeviceRepository: Display device changed: DisplayDeviceInfo{"Built-in Screen": uniqueId="local:4630946950956839810", 1080 x 2400, modeId 1, renderFrameRate 60.000004, defaultModeId 1, supportedModes [{id=1, width=1080, height=2400, fps=60.000004, alternativeRefreshRates=[120.00001], supportedHdrTypes=[2, 3, 4]}, {id=2, width=1080, height=2400, fps=120.00001, alternativeRefreshRates=[60.000004], supportedHdrTypes=[2, 3, 4]}], colorMode 0, supportedColorModes [0, 7, 9], hdrCapabilities HdrCapabilities{mSupportedHdrTypes=[2, 3, 4], mMaxLuminance=540.0, mMaxAverageLuminance=270.1, mMinLuminance=0.2}, allmSupported false, gameContentTypeSupported false, density 480, 391.885 x 403.708 dpi, appVsyncOff 1000000, presDeadline 16666666, cutout DisplayCutout{insets=Rect(0, 103 - 0, 0) waterfall=Insets{left=0, top=0, right=0, bottom=0} boundingRect={Bounds=[Rect(0, 0 - 0, 0), Rect(0, 0 - 165, 103), Rect(0, 0 - 0, 0), Rect(0, 0 - 0, 0)]} cutoutPathParserInfo={CutoutPathParserInfo{displayWidth=1080 displayHeight=2400 physicalDisplayWidth=1080 physicalDisplayHeight=2400 density={3.0} cutoutSpec={M -540,0 L -540,103 L -375,103 L -375,0 Z} rotation={0} scale={1.0} physicalPixelDisplaySizeRatio={1.0}}}}, touch INTERNAL, rotation 0, type INTERNAL, address {port=130, model=0x40446db75175f3}, deviceProductInfo DeviceProductInfo{name=, manufacturerPnpId=QCM, productId=1, modelYear=null, manufactureDate=ManufactureDate{week=27, year=2006}, connectionToSinkType=0}, state ON, committedState ON, frameRateOverride , brightnessMinimum 0.0, brightnessMaximum 1.0, brightnessDefault 4745.4004, hdrSdrRatio 1.0, backlightType 0, roundedCorners RoundedCorners{[RoundedCorner{position=TopLeft, radius=60, center=Point(60, 60)}, RoundedCorner{position=TopRight, radius=60, center=Point(1020, 60)}, RoundedCorner{position=BottomRight, radius=60, center=Point(1020, 2340)}, RoundedCorner{position=BottomLeft, radius=60, center=Point(60, 2340)}]}, FLAG_ALLOWED_TO_BE_DEFAULT_DISPLAY, FLAG_ROTATES_WITH_CONTENT, FLAG_SECURE, FLAG_SUPPORTS_PROTECTED_BUFFERS, FLAG_TRUSTED, installOrientation 0, displayShape DisplayShape{ spec=-1893857183 displayWidth=1080 displayHeight=2400 physicalPixelDisplaySizeRatio=1.0 rotation=0 offsetX=0 offsetY=0 scale=1.0}}
01-06 16:02:43.959  2321  3572 D LogicalDisplayExt: set displayInfo flag FLAG_ROTATES_WITH_CONTENT
01-06 16:02:43.961  2321  3572 D DisplayManagerServiceExtImpl: scheduleTraversalLocked intraversal=false
01-06 16:02:43.961  2321  3572 I DisplayManagerServiceExtImpl: handle logical display changed logicalDisplay=id=0,stack=0,content=true,displayInfo{stack=0,type=1,id=0,uId=local:4630946950956839810,state=ON,pkg=null}
01-06 16:02:43.961  2321  3572 D DisplayManagerService: Delivering display event: displayId=0, event=2
01-06 16:02:43.964  2321  3572 D DisplayManagerService: MSG_REQUEST_TRAVERSAL pendingCompleted=false
01-06 16:02:43.964  2321  3570 D OplusVFXScreenEffectFeature: notifySFCompatWindowStateChange entered false
01-06 16:02:43.964  2321  3570 D FlexibleWindowManager: physicalDisplayChangedForFlexibleWindow displayId 0, current display info 1080 x 2400, new display info 1080 x 2400
01-06 16:02:43.964  2321  3570 D FlexibleTaskController: onDisplayChanged displayId#0 ,cur:1080x2400 ,new:1080x2400
01-06 16:02:43.964  2321  3570 D FlexibleTaskController: onDisplayChanged displayId not support flexible.
01-06 16:02:43.964  2321  3570 D FlexibleWindowManager: physicalDisplayChangedForFlexibleWindow return for unsupported devices
01-06 16:02:43.964  2321  3570 D FSS_FoldScreenBlackCoverController: displayChangeToOn, dc:Display{#0 state=ON size=1080x2400 ROTATION_0}
01-06 16:02:43.969  2321  3573 D DisplayManagerService: performTraversalInternal pendingTraversal
01-06 16:02:43.969  2321  3573 D DisplayDevice: setLayerStackLocked id=local:4630946950956839810 token=android.os.BinderProxy@a02df0d stack=0->0
01-06 16:02:43.973  2321  3230 D InputMethodManagerService: isSecurity: attribute.packageName = com.android.launcher mCurMethodId = com.touchtype.swiftkey/com.touchtype.KeyboardService isSecurity = false ( enable = false needShow = false inBlackList = false isExist = true )
01-06 16:02:43.977  5280  5280 I Quality : Skipped: true 4 cost 36.516323 refreshRate 8273370 bit true processName com.android.launcher
01-06 16:02:43.977  2321  5796 D OplusSplitScreenManagerService: com.android.launcher supportsSplitScreen by forceResizable activity return:true
01-06 16:02:43.977  2321  5796 D OplusSplitScreenManagerService: com.android.launcher supportsSplitScreen by forceResizable activity return:false
01-06 16:02:43.981  2321  5753 D OplusSplitScreenManagerService: com.android.launcher supportsSplitScreen by forceResizable activity return:true
01-06 16:02:43.981  2321  5753 D OplusSplitScreenManagerService: com.android.launcher supportsSplitScreen by forceResizable activity return:false
01-06 16:02:43.986  2321  3785 W JobScheduler.JobStatus: Exempted app com.android.vending considered buggy
01-06 16:02:43.986  2321  3785 W JobScheduler.JobStatus: Exempted app com.android.vending considered buggy
01-06 16:02:43.986  2321  3785 W JobScheduler.JobStatus: Exempted app com.android.vending considered buggy
01-06 16:02:43.986  2321  3785 W JobScheduler.JobStatus: Exempted app com.android.vending considered buggy
01-06 16:02:43.986  2321  3785 W JobScheduler.JobStatus: Exempted app com.android.vending considered buggy
01-06 16:02:43.986  2321  3785 W JobScheduler.JobStatus: Exempted app com.android.vending considered buggy
01-06 16:02:43.986  2321  3785 W JobScheduler.JobStatus: Exempted app com.android.vending considered buggy
01-06 16:02:43.986  2321  3785 W JobScheduler.JobStatus: Exempted app com.android.vending considered buggy
01-06 16:02:43.986  2321  3785 W JobScheduler.JobStatus: Exempted app com.android.vending considered buggy
01-06 16:02:43.986  2321  3785 W JobScheduler.JobStatus: Exempted app com.android.vending considered buggy
01-06 16:02:43.986  2321  3785 W JobScheduler.JobStatus: Exempted app com.android.vending considered buggy
01-06 16:02:43.986  2321  3785 W JobScheduler.JobStatus: Exempted app com.android.vending considered buggy
01-06 16:02:43.986  2321  3785 W JobScheduler.JobStatus: Exempted app com.android.vending considered buggy
01-06 16:02:43.986  2321  3785 W JobScheduler.JobStatus: Exempted app com.android.vending considered buggy
01-06 16:02:43.986  2321  3785 W JobScheduler.JobStatus: Exempted app com.android.vending considered buggy
01-06 16:02:43.986  2321  3785 W JobScheduler.JobStatus: Exempted app com.android.vending considered buggy
01-06 16:02:43.986  2321  3785 W JobScheduler.JobStatus: Exempted app com.android.vending considered buggy
01-06 16:02:43.986  2321  3785 W JobScheduler.JobStatus: Exempted app com.android.vending considered buggy
01-06 16:02:43.986  2321  3785 W JobScheduler.JobStatus: Exempted app com.android.vending considered buggy
01-06 16:02:43.986  2321  3785 W JobScheduler.JobStatus: Exempted app com.android.vending considered buggy
01-06 16:02:43.986  2321  3785 W JobScheduler.JobStatus: Exempted app com.android.vending considered buggy
01-06 16:02:43.986  2321  3785 W JobScheduler.JobStatus: Exempted app com.android.vending considered buggy
01-06 16:02:43.986  2321  3785 W JobScheduler.JobStatus: Exempted app com.android.vending considered buggy
01-06 16:02:43.986  2321  3785 W JobScheduler.JobStatus: Exempted app com.android.vending considered buggy
01-06 16:02:43.986  2321  3785 W JobScheduler.JobStatus: Exempted app com.android.vending considered buggy
01-06 16:02:43.986  2321  3785 W JobScheduler.JobStatus: Exempted app com.android.vending considered buggy
01-06 16:02:43.986  2321  3785 W JobScheduler.JobStatus: Exempted app com.android.vending considered buggy
01-06 16:02:43.986  2321  3785 W JobScheduler.JobStatus: Exempted app com.android.vending considered buggy
01-06 16:02:43.986  2321  3785 W JobScheduler.JobStatus: Exempted app com.android.vending considered buggy
01-06 16:02:43.986  2321  3785 W JobScheduler.JobStatus: Exempted app com.android.vending considered buggy
01-06 16:02:43.986  2321  3785 W JobScheduler.JobStatus: Exempted app com.android.vending considered buggy
01-06 16:02:43.986  2321  3785 W JobScheduler.JobStatus: Exempted app com.android.vending considered buggy
01-06 16:02:43.986  2321  3785 W JobScheduler.JobStatus: Exempted app com.android.vending considered buggy
01-06 16:02:43.986  2321  3785 W JobScheduler.JobStatus: Exempted app com.android.vending considered buggy
01-06 16:02:43.986  2321  3785 W JobScheduler.JobStatus: Exempted app com.android.vending considered buggy
01-06 16:02:43.987  2321  3611 W ActivityManager: Slow operation: 89ms so far, now at startProcess: done updating battery stats
01-06 16:02:43.987  2321  3611 W ActivityManager: Slow operation: 89ms so far, now at startProcess: building log message
01-06 16:02:43.987  2321  3611 I ActivityManager: Start proc 24952:com.oplus.notificationmanager/1000 for service {com.oplus.notificationmanager/com.oplus.notification.NotificationCenterService}
01-06 16:02:43.987  2321  3611 W ActivityManager: Slow operation: 89ms so far, now at startProcess: starting to update pids map
01-06 16:02:43.987  2321  3611 W ActivityManager: Slow operation: 89ms so far, now at startProcess: done updating pids map
01-06 16:02:44.002  5280  5280 I Quality : Skipped: true 1 cost 19.929207 refreshRate 16666666 bit true processName com.android.launcher
01-06 16:02:44.010  2321  3647 D VRR [OPlusRefreshRateService]: handleConfigIdChange physicalDisplayId: 4630946950956839810 configId: 0
01-06 16:02:44.025  2321  3785 D CompatibilityChangeReporter: Compat change id reported: 135634846; UID 10196; state: DISABLED
01-06 16:02:44.025  2321  3785 D CompatibilityChangeReporter: Compat change id reported: 177438394; UID 10196; state: DISABLED
01-06 16:02:44.025  2321  3785 D CompatibilityChangeReporter: Compat change id reported: 135772972; UID 10196; state: DISABLED
01-06 16:02:44.025  2321  3785 D CompatibilityChangeReporter: Compat change id reported: 135754954; UID 10196; state: ENABLED
01-06 16:02:44.026  2321  3611 D CompatibilityChangeReporter: Compat change id reported: 143937733; UID 10196; state: ENABLED
01-06 16:02:44.039  2321  2321 I WallpaperManagerServiceExt: removeDisplayData. displayId = 0
01-06 16:02:44.051  5280  5280 I Quality : Skipped: false 2 cost 43.92582 refreshRate 16666666 bit true processName com.android.launcher
01-06 16:02:44.059  2321  3611 I ActivityManager: Start proc 24966:com.oplus.deepthinker:worker/u0a196 for service {com.oplus.deepthinker/com.oplus.deepthinker.internal.inner.proton.schedule.TrainJobService}
01-06 16:02:44.063  2321  5753 D SystemServerTiming: getUserSwitchability-0
01-06 16:02:44.063  2321  5753 D SystemServerTiming: TM.isInCall
01-06 16:02:44.063  2321  5753 D SystemServerTiming: hasUserRestriction-DISALLOW_USER_SWITCH
01-06 16:02:44.063  2321  5753 D SystemServerTiming: getInt-ALLOW_USER_SWITCHING_WHEN_SYSTEM_USER_LOCKED
01-06 16:02:44.063  2321  5753 D SystemServerTiming: isUserUnlocked-USER_SYSTEM
01-06 16:02:44.068  2321  4131 D OplusSplitScreenManagerService: com.android.launcher supportsSplitScreen by forceResizable activity return:true
01-06 16:02:44.068  2321  4131 D OplusSplitScreenManagerService: com.android.launcher supportsSplitScreen by forceResizable activity return:false
01-06 16:02:44.076  2321  5965 D WindowManagerServiceExtImpl: extractConfigInfoAndRealFlags rotation=0, screenDp=720, win=Window{cdc7a2a u0 NotificationShade}
01-06 16:02:44.077  2321  5965 V WindowManager: Relayout Window{cdc7a2a u0 NotificationShade}: viewVisibility=4, oldvis=0, req=1080x2400, vsysui=
01-06 16:02:44.077  2321  5965 I WindowManager: Window{cdc7a2a u0 NotificationShade} state from HAS_DRAWN to NO_SURFACE; reason: destroySurface
01-06 16:02:44.083  2321  5706 D OplusSplitScreenManagerService: com.android.launcher supportsSplitScreen by forceResizable activity return:true
01-06 16:02:44.083  2321  5706 D OplusSplitScreenManagerService: com.android.launcher supportsSplitScreen by forceResizable activity return:false
01-06 16:02:44.087  2321  4397 E OplusCustomizeRestrictionManagerService: getMobileDataMode error :s == null
01-06 16:02:44.124  5280  5280 I Quality : Skipped: true 4 cost 67.30452 refreshRate 16666666 bit true processName com.android.launcher
01-06 16:02:44.133  2321  3599 D CompatibilityChangeReporter: Compat change id reported: 218533173; UID 10808; state: ENABLED
01-06 16:02:44.133  2321  3599 D CompatibilityChangeReporter: Compat change id reported: 262645982; UID 10808; state: DISABLED
01-06 16:02:44.138  2321  5229 W PackageManager: package com.instander.android uid 10808 pid 23636 call SetEnabledSetting(com.instander.android component = com.instagram.push.FbnsInitBroadcastReceiver, 1, 0)
01-06 16:02:44.140  2321  4131 W PackageManager: package com.instander.android uid 10808 pid 23636 call SetEnabledSetting(com.instander.android component = com.facebook.rti.push.service.FbnsService, 1, 0)
01-06 16:02:44.142  2321  5965 D CompatibilityChangeReporter: Compat change id reported: 135634846; UID 10808; state: DISABLED
01-06 16:02:44.142  2321  5965 D CompatibilityChangeReporter: Compat change id reported: 177438394; UID 10808; state: DISABLED
01-06 16:02:44.142  2321  5965 D CompatibilityChangeReporter: Compat change id reported: 135772972; UID 10808; state: DISABLED
01-06 16:02:44.143  2321  5965 D CompatibilityChangeReporter: Compat change id reported: 135754954; UID 10808; state: ENABLED
01-06 16:02:44.143  2321  3611 D CompatibilityChangeReporter: Compat change id reported: 143937733; UID 10808; state: ENABLED
01-06 16:02:44.144  2321  5738 W PackageManager: package com.instander.android uid 10808 pid 23636 call SetEnabledSetting(com.instander.android component = com.instagram.push.FbnsInitBroadcastReceiver, 1, 0)
01-06 16:02:44.146  2321  5706 W PackageManager: package com.instander.android uid 10808 pid 23636 call SetEnabledSetting(com.instander.android component = com.facebook.rti.push.service.FbnsService, 1, 0)
01-06 16:02:44.149  2321  3785 D CompatibilityChangeReporter: Compat change id reported: 271850009; UID 10808; state: DISABLED
01-06 16:02:44.158  2321  5738 D CompatibilityChangeReporter: Compat change id reported: 261072174; UID 10808; state: DISABLED
01-06 16:02:44.164  2321  3611 I ActivityManager: Start proc 24980:com.instander.android:mqtt/u0a808 for service {com.instander.android/com.facebook.rti.push.service.FbnsService}
01-06 16:02:44.166  2321  4131 E OplusCustomizeRestrictionManagerService: getMobileDataMode error :s == null
01-06 16:02:44.174  2321  4131 E OplusCustomizeRestrictionManagerService: getMobileDataMode error :s == null
01-06 16:02:44.183  2321  5738 E OplusCustomizeRestrictionManagerService: getMobileDataMode error :s == null
01-06 16:02:44.220  2321  5965 D SystemServerTiming: getUserSwitchability-0
01-06 16:02:44.220  2321  5965 D SystemServerTiming: TM.isInCall
01-06 16:02:44.220  2321  5965 D SystemServerTiming: hasUserRestriction-DISALLOW_USER_SWITCH
01-06 16:02:44.220  2321  5965 D SystemServerTiming: getInt-ALLOW_USER_SWITCHING_WHEN_SYSTEM_USER_LOCKED
01-06 16:02:44.220  2321  5965 D SystemServerTiming: isUserUnlocked-USER_SYSTEM
01-06 16:02:44.232  2321  4131 D SystemServerTiming: getUserSwitchability-0
01-06 16:02:44.232  2321  4131 D SystemServerTiming: TM.isInCall
01-06 16:02:44.232  2321  4131 D SystemServerTiming: hasUserRestriction-DISALLOW_USER_SWITCH
01-06 16:02:44.232  2321  4131 D SystemServerTiming: getInt-ALLOW_USER_SWITCHING_WHEN_SYSTEM_USER_LOCKED
01-06 16:02:44.232  2321  4131 D SystemServerTiming: isUserUnlocked-USER_SYSTEM
01-06 16:02:44.268  2321  3944 V NetworkPolicy: updateNetworkEnabledNL() return
01-06 16:02:44.268  2321  3944 V NetworkPolicy: updateNotificationsNL not process
01-06 16:02:44.271  5729  6853 V MonthTrafficAlert: getWarningNotification subId:1 numWarningNotificaion:0
01-06 16:02:44.271  5729  6853 V TrafficAlert: getLimitNotification subId:1 ,numLimitNotificaion:0
01-06 16:02:44.285  2321  5706 D LockSettingsStorage: [readSyntheticPasswordState] userId = 0, name = pwd
01-06 16:02:44.303  5280  5280 I Quality : Skipped: true 9 cost 164.64767 refreshRate 16543410 bit true processName com.android.launcher
01-06 16:02:44.332  5280  5280 I Quality : Skipped: true 1 cost 28.402697 refreshRate 16546297 bit true processName com.android.launcher
01-06 16:02:44.427  5280  5280 I Quality : Skipped: true 1 cost 23.652296 refreshRate 16548176 bit true processName com.android.launcher
01-06 16:02:44.572  2321  4131 D OplusSplitScreenManagerService: com.android.launcher supportsSplitScreen by forceResizable activity return:true
01-06 16:02:44.572  2321  4131 D OplusSplitScreenManagerService: com.android.launcher supportsSplitScreen by forceResizable activity return:false
01-06 16:02:44.590  2321  5796 W ActivityManager: Background start not allowed: service Intent { act=com.whatsapp.messageservice.messaging.MessageService.START cmp=com.whatsapp.w4b/com.whatsapp.messageservice.messaging.MessageService mCallingUid=10321 } to com.whatsapp.w4b/com.whatsapp.messageservice.messaging.MessageService from pid=32042 uid=10321 pkg=com.whatsapp.w4b startFg?=false
01-06 16:02:44.684  2321  3909 D PowerManagerService: userActivityNoUpdateLocked: groupId=0, eventTime=175284785, event=touch, flags=0x0, uid=1000
01-06 16:02:44.694  2321  5706 I OplusJoystickManager: read game pad state for game manager -> false
01-06 16:02:44.694  2321  5706 W OplusJoystickManager: mInterceptGamepadKey is false
01-06 16:02:44.694  2321  5706 D OplusCustomizeRestrictionManagerService: isLongPressVolumeUpDisabled start
01-06 16:02:44.694  2321  5706 E OplusCustomizeRestrictionManagerService: isTaskButtonDisabled start
01-06 16:02:44.694  2321  5706 D StrategyBlackscreenshot: notifyKeyBeforeQueueing, event=KeyEvent { action=ACTION_DOWN, keyCode=KEYCODE_APP_SWITCH, scanCode=0, metaState=0, flags=0x48, repeatCount=0, eventTime=175284790000000, downTime=175284790000000, deviceId=-1, source=0x101, displayId=0 }, interactive=true
01-06 16:02:44.694  2321  3909 D PowerManagerService: userActivityNoUpdateLocked: groupId=0, eventTime=175284790, event=button, flags=0x0, uid=1000
01-06 16:02:44.696  2321  3909 E OplusSplitScreenManagerService: shouldInterceptBackKeyForSplitScreen error! connection is null
01-06 16:02:44.696  2321  3909 D OplusCustomizeRestrictionManagerService: isLongPressVolumeUpDisabled start
01-06 16:02:44.697  2321  5706 D OplusSplitScreenManagerService: com.android.launcher supportsSplitScreen by forceResizable activity return:true
01-06 16:02:44.697  2321  5706 D OplusSplitScreenManagerService: com.android.launcher supportsSplitScreen by forceResizable activity return:false
01-06 16:02:44.707  2321  4131 D OplusSplitScreenManagerService: com.android.launcher supportsSplitScreen by forceResizable activity return:true
01-06 16:02:44.707  2321  4131 D OplusSplitScreenManagerService: com.android.launcher supportsSplitScreen by forceResizable activity return:false
01-06 16:02:44.764  2321  5965 D CompatibilityChangeReporter: Compat change id reported: 168419799; UID 1000; state: DISABLED
01-06 16:02:44.764  2321  5965 D CompatibilityChangeReporter: Compat change id reported: 273564678; UID 1000; state: DISABLED
01-06 16:02:44.764  2321  5965 D ActivityTaskManagerServiceExtImpl: preBindApplication record is null
01-06 16:02:44.774  2321  5796 D CompatibilityChangeReporter: Compat change id reported: 168419799; UID 10196; state: DISABLED
01-06 16:02:44.775  2321  5796 D CompatibilityChangeReporter: Compat change id reported: 273564678; UID 10196; state: DISABLED
01-06 16:02:44.776  2321  5796 D ActivityTaskManagerServiceExtImpl: preBindApplication record is null
01-06 16:02:44.788  2321  5965 D CompatibilityChangeReporter: Compat change id reported: 168419799; UID 10113; state: DISABLED
01-06 16:02:44.788  2321  5965 D CompatibilityChangeReporter: Compat change id reported: 273564678; UID 10113; state: DISABLED
01-06 16:02:44.788  2321  5965 D ActivityTaskManagerServiceExtImpl: preBindApplication record is null
01-06 16:02:44.795  2321  4131 D CompatibilityChangeReporter: Compat change id reported: 168419799; UID 10808; state: DISABLED
01-06 16:02:44.795  2321  4131 D CompatibilityChangeReporter: Compat change id reported: 273564678; UID 10808; state: DISABLED
01-06 16:02:44.795  2321  4131 D ActivityTaskManagerServiceExtImpl: preBindApplication record is null
01-06 16:02:44.810  2321  4131 D CompatibilityChangeReporter: Compat change id reported: 170503758; UID 10196; state: ENABLED
01-06 16:02:44.816  2321  3909 D PowerManagerService: userActivityNoUpdateLocked: groupId=0, eventTime=175284916, event=touch, flags=0x0, uid=1000
01-06 16:02:44.818  2321  4397 I OplusJoystickManager: read game pad state for game manager -> false
01-06 16:02:44.818  2321  4397 W OplusJoystickManager: mInterceptGamepadKey is false
01-06 16:02:44.818  2321  4397 D OplusCustomizeRestrictionManagerService: isLongPressVolumeUpDisabled start
01-06 16:02:44.818  2321  4397 D StrategyBlackscreenshot: notifyKeyBeforeQueueing, event=KeyEvent { action=ACTION_UP, keyCode=KEYCODE_APP_SWITCH, scanCode=0, metaState=0, flags=0x48, repeatCount=0, eventTime=175284919000000, downTime=175284790000000, deviceId=-1, source=0x101, displayId=0 }, interactive=true
01-06 16:02:44.819  2321  3909 D PowerManagerService: userActivityNoUpdateLocked: groupId=0, eventTime=175284919, event=button, flags=0x0, uid=1000
01-06 16:02:44.820  2321  3909 D OplusCustomizeRestrictionManagerService: isLongPressVolumeUpDisabled start
01-06 16:02:44.820  2321  3909 W OplusZoomTaskController: notifySystemEvent event = 1
01-06 16:02:44.849  2321  5965 D ActivityTaskManager: Skipping, invisible task: Task{c41f4c5 #5 type=home I=com.android.launcher/.Launcher}
01-06 16:02:44.850  2321  5965 D OplusAppListInterceptManager: shouldFilterTask
01-06 16:02:44.850  2321  5965 D OplusAppListInterceptManager: shouldFilterTask::packageName = com.instagram.android
01-06 16:02:44.851  2321  5965 D OplusSplitScreenManagerService: com.instagram.android supportsSplitScreen by forceResizable activity return:true
01-06 16:02:44.851  2321  5965 D OplusAppListInterceptManager: shouldFilterTask
01-06 16:02:44.851  2321  5965 D OplusAppListInterceptManager: shouldFilterTask::packageName = com.google.android.youtube
01-06 16:02:44.851  2321  5965 D OplusSplitScreenManagerService: com.google.android.youtube supportsSplitScreen by forceResizable activity return:true
01-06 16:02:44.851  2321  5965 D OplusAppListInterceptManager: shouldFilterTask
01-06 16:02:44.851  2321  5965 D OplusAppListInterceptManager: shouldFilterTask::packageName = com.whatsapp.w4b
01-06 16:02:44.851  2321  5965 D OplusSplitScreenManagerService: com.whatsapp.w4b supportsSplitScreen by forceResizable activity return:true
01-06 16:02:44.851  2321  5965 D OplusAppListInterceptManager: shouldFilterTask
01-06 16:02:44.851  2321  5965 D OplusAppListInterceptManager: shouldFilterTask::packageName = com.openai.chatgpt
01-06 16:02:44.852  2321  5965 D OplusSplitScreenManagerService: com.openai.chatgpt supportsSplitScreen by forceResizable activity return:true
01-06 16:02:44.852  2321  5965 D OplusAppListInterceptManager: shouldFilterTask
01-06 16:02:44.852  2321  5965 D OplusAppListInterceptManager: shouldFilterTask::packageName = com.google.android.apps.photos
01-06 16:02:44.852  2321  5965 D OplusSplitScreenManagerService: com.google.android.apps.photos supportsSplitScreen by forceResizable activity return:true
01-06 16:02:44.852  2321  5965 D OplusAppListInterceptManager: shouldFilterTask
01-06 16:02:44.852  2321  5965 D OplusAppListInterceptManager: shouldFilterTask::packageName = org.psyhackers.Ashera
01-06 16:02:44.852  2321  5965 D OplusSplitScreenManagerService: org.psyhackers.Ashera supportsSplitScreen by forceResizable activity return:true
01-06 16:02:44.852  2321  5965 D OplusAppListInterceptManager: shouldFilterTask
01-06 16:02:44.852  2321  5965 D OplusAppListInterceptManager: shouldFilterTask::packageName = com.oplus.camera
01-06 16:02:44.852  2321  5965 D OplusSplitScreenManagerService: com.oplus.camera supportsSplitScreen by forceResizable activity return:true
01-06 16:02:44.852  2321  5965 D OplusAppListInterceptManager: shouldFilterTask
01-06 16:02:44.852  2321  5965 D OplusAppListInterceptManager: shouldFilterTask::packageName = com.tsng.hidemyapplist
01-06 16:02:44.853  2321  5965 D OplusSplitScreenManagerService: com.tsng.hidemyapplist supportsSplitScreen by forceResizable activity return:true
01-06 16:02:44.853  2321  5965 D OplusAppListInterceptManager: shouldFilterTask
01-06 16:02:44.853  2321  5965 D OplusAppListInterceptManager: shouldFilterTask::packageName = com.topjohnwu.magisk
01-06 16:02:44.853  2321  5965 D OplusSplitScreenManagerService: com.topjohnwu.magisk supportsSplitScreen by forceResizable activity return:true
01-06 16:02:44.853  2321  5965 D OplusAppListInterceptManager: shouldFilterTask
01-06 16:02:44.853  2321  5965 D OplusAppListInterceptManager: shouldFilterTask::packageName = org.telegram.messenger
01-06 16:02:44.853  2321  5965 D OplusSplitScreenManagerService: org.telegram.messenger supportsSplitScreen by forceResizable activity return:true
01-06 16:02:44.853  2321  5965 D OplusAppListInterceptManager: shouldFilterTask
01-06 16:02:44.853  2321  5965 D OplusAppListInterceptManager: shouldFilterTask::packageName = com.android.chrome
01-06 16:02:44.853  2321  5965 D OplusSplitScreenManagerService: com.android.chrome supportsSplitScreen by forceResizable activity return:true
01-06 16:02:44.853  2321  5965 D OplusSplitScreenManagerService: com.android.chrome supportsSplitScreen by forceResizable activity return:true
01-06 16:02:44.853  2321  5965 D OplusAppListInterceptManager: shouldFilterTask
01-06 16:02:44.853  2321  5965 D OplusAppListInterceptManager: shouldFilterTask::packageName = com.android.settings
01-06 16:02:44.854  2321  5965 D CompatibilityChangeReporter: Compat change id reported: 197654537; UID 1000; state: ENABLED
01-06 16:02:44.854  2321  5965 D OplusSplitScreenManagerService: com.android.settings supportsSplitScreen by forceResizable activity return:true
01-06 16:02:44.854  2321  5965 D OplusSplitScreenManagerService: com.android.settings supportsSplitScreen by forceResizable activity return:true
01-06 16:02:44.854  2321  5965 D OplusAppListInterceptManager: shouldFilterTask
01-06 16:02:44.854  2321  5965 D OplusAppListInterceptManager: shouldFilterTask::packageName = com.android.settings
01-06 16:02:44.854  2321  5965 D OplusSplitScreenManagerService: com.android.settings supportsSplitScreen by forceResizable activity return:true
01-06 16:02:44.854  2321  5965 D OplusSplitScreenManagerService: com.android.settings supportsSplitScreen by forceResizable activity return:true
01-06 16:02:44.854  2321  5965 D OplusAppListInterceptManager: shouldFilterTask
01-06 16:02:44.854  2321  5965 D OplusAppListInterceptManager: shouldFilterTask::packageName = jp.pokemon.pokemontcgp
01-06 16:02:44.864  2321  5965 D OplusSplitScreenManagerService: jp.pokemon.pokemontcgp supportsSplitScreen by forceResizable activity return:true
01-06 16:02:44.864  2321  5965 D OplusAppListInterceptManager: shouldFilterTask
01-06 16:02:44.864  2321  5965 D OplusAppListInterceptManager: shouldFilterTask::packageName = com.chess
01-06 16:02:44.864  2321  5965 D OplusSplitScreenManagerService: com.chess supportsSplitScreen by forceResizable activity return:true
01-06 16:02:44.864  2321  5965 D OplusAppListInterceptManager: shouldFilterTask
01-06 16:02:44.864  2321  5965 D OplusAppListInterceptManager: shouldFilterTask::packageName = com.app.cq.ring
01-06 16:02:44.864  2321  5965 D OplusSplitScreenManagerService: com.app.cq.ring supportsSplitScreen by forceResizable activity return:true
01-06 16:02:44.865  2321  5965 D OplusAppListInterceptManager: shouldFilterTask
01-06 16:02:44.865  2321  5965 D OplusAppListInterceptManager: shouldFilterTask::packageName = com.goongames.DungeonsofDreadrock2
01-06 16:02:44.865  2321  5965 D OplusSplitScreenManagerService: com.goongames.DungeonsofDreadrock2 supportsSplitScreen by forceResizable activity return:true
01-06 16:02:44.865  2321  5965 D OplusAppListInterceptManager: shouldFilterTask
01-06 16:02:44.865  2321  5965 D OplusAppListInterceptManager: shouldFilterTask::packageName = com.juanvision.eseecloud30
01-06 16:02:44.865  2321  5965 D OplusSplitScreenManagerService: com.juanvision.eseecloud30 supportsSplitScreen by forceResizable activity return:true
01-06 16:02:44.865  2321  5965 D OplusAppListInterceptManager: shouldFilterTask
01-06 16:02:44.865  2321  5965 D OplusAppListInterceptManager: shouldFilterTask::packageName = com.oneplus.gallery
01-06 16:02:44.865  2321  5965 D OplusSplitScreenManagerService: com.oneplus.gallery supportsSplitScreen by forceResizable activity return:true
01-06 16:02:44.865  2321  5965 D OplusSplitScreenManagerService: com.oneplus.gallery supportsSplitScreen by forceResizable activity return:true
01-06 16:02:44.865  2321  5965 D OplusAppListInterceptManager: shouldFilterTask
01-06 16:02:44.866  2321  5965 D OplusAppListInterceptManager: shouldFilterTask::packageName = com.microsoft.copilot
01-06 16:02:44.866  2321  5965 D OplusSplitScreenManagerService: com.microsoft.copilot supportsSplitScreen by forceResizable activity return:true
01-06 16:02:44.866  2321  5965 D ActivityTaskManager: after skip size 20
01-06 16:02:44.939  2321  4397 D CompatibilityChangeReporter: Compat change id reported: 170503758; UID 10808; state: ENABLED
01-06 16:02:45.067  2321  5738 D CompatibilityChangeReporter: Compat change id reported: 170503758; UID 10113; state: ENABLED
01-06 16:02:45.139 24966 24966 D ResourcesManagerExtImpl: applyConfigurationToAppResourcesLocked app.getDisplayId() return callback.displayId:-1
01-06 16:02:45.214  2321  4131 I ActivityManager: Flag disabled. Ignoring finishAttachApplication from uid: 10196. pid: 24966
01-06 16:02:45.514  2321  4077 D OplusDeepThinkerExService: appType onReceive
01-06 16:02:45.514  2321  4077 D AppTypeHttpClient: getAppStoreKindInfo
01-06 16:02:45.528  2321  5965 D CompatibilityChangeReporter: Compat change id reported: 201794303; UID 10104; state: ENABLED
01-06 16:02:45.530  2321  5965 D CompatibilityChangeReporter: Compat change id reported: 207133734; UID 10104; state: ENABLED
01-06 16:02:45.533  2321  5738 I ActivityManager: Flag disabled. Ignoring finishAttachApplication from uid: 1000. pid: 24952
01-06 16:02:45.558 24980 24980 I Quality : ActivityThread: createClassLoader delay 396 /data/app/~~LlvPfvEoU1v8uattWiCMNg==/com.instander.android--N5KhoBEGnVSqeC5qbwwug==/base.apk 24980
01-06 16:02:45.563 24980 24980 I Quality : ActivityThread: createOrUpdateClassLoaderLocked delay 479 com.instander.android 24980
01-06 16:02:45.610  2321  3643 D OplusSmartBrightnessController: handleMessage MSG_LUX_CHANGED, mLux:974.2044 luxQueue=[970.0, 970.0, 974.0, 974.0, 975.0, 975.0, 979.0, 979.0, 973.0, 973.0]
01-06 16:02:45.654  2321  5796 W PackageManager: package com.google.android.apps.messaging uid 10098 pid 24892 call SetEnabledSetting(com.google.android.apps.messaging component = com.google.android.ims.binding.SystemBindingService, 1, 0)
01-06 16:02:45.658 16512 16558 D MiscManager: error ! ReadBreathLightTime not support.
01-06 16:02:45.681  2321  5796 I OplusStatusBarManagerServiceEnhance:  getTopIsFullscreen mTopIsFullscreen: false
01-06 16:02:45.682  2321  5796 W ActivityManager: Permission Denial: getTopApplicationInfo from pid=16828, uid=10120 requires oplus.permission.OPLUS_COMPONENT_SAFE
01-06 16:02:45.699  2321  2321 D NotificationService--OplusNotificationManagerServiceExtImpl: isForwardToAssistants: true, case : Is local notification
01-06 16:02:45.699  2321  2321 D NotificationService: This application enqueue notifications is need postDelayed mcsAssistantDelayTime: 200
01-06 16:02:45.714  2321  5796 W PackageManager: package com.google.android.apps.messaging uid 10098 pid 24892 call SetEnabledSetting(com.google.android.apps.messaging component = com.google.android.apps.messaging.auto.MessagingTemplateScreenServiceModule, 1, 0)
01-06 16:02:45.718  2321  4069 D OplusSplitScreenManagerService: com.android.launcher supportsSplitScreen by forceResizable activity return:true
01-06 16:02:45.718  2321  4069 D OplusSplitScreenManagerService: com.android.launcher supportsSplitScreen by forceResizable activity return:false
01-06 16:02:45.731  2321  4069 D OplusSplitScreenManagerService: com.android.launcher supportsSplitScreen by forceResizable activity return:true
01-06 16:02:45.731  2321  4069 D OplusSplitScreenManagerService: com.android.launcher supportsSplitScreen by forceResizable activity return:false
01-06 16:02:45.762  2321  5753 I OplusStatusBarManagerServiceEnhance:  getTopIsFullscreen mTopIsFullscreen: false
01-06 16:02:45.762  2321  5753 W ActivityManager: Permission Denial: getTopApplicationInfo from pid=16828, uid=10120 requires oplus.permission.OPLUS_COMPONENT_SAFE
01-06 16:02:45.763  2321  2321 D NotificationService--OplusNotificationManagerServiceExtImpl: isForwardToAssistants: true, case : Is local notification
01-06 16:02:45.763  2321  2321 D NotificationService: This application enqueue notifications is need postDelayed mcsAssistantDelayTime: 200
01-06 16:02:45.776  2321  3909 D PowerManagerService: userActivityNoUpdateLocked: groupId=0, eventTime=175285877, event=touch, flags=0x0, uid=1000
01-06 16:02:45.842  2321  3599 D OplusSplitScreenManagerService: com.android.launcher supportsSplitScreen by forceResizable activity return:true
01-06 16:02:45.843  2321  3599 D OplusSplitScreenManagerService: com.android.launcher supportsSplitScreen by forceResizable activity return:false
01-06 16:02:45.884  2321  3909 D PowerManagerService: userActivityNoUpdateLocked: groupId=0, eventTime=175285984, event=touch, flags=0x0, uid=1000
01-06 16:02:45.943 24980 24980 D ResourcesManagerExtImpl: applyConfigurationToAppResourcesLocked app.getDisplayId() return callback.displayId:-1
01-06 16:02:45.964  2321  3599 D OplusSplitScreenManagerService: com.android.launcher supportsSplitScreen by forceResizable activity return:true
01-06 16:02:45.965  2321  3599 D OplusSplitScreenManagerService: com.android.launcher supportsSplitScreen by forceResizable activity return:false
01-06 16:02:45.965  2321  4397 W JobScheduler.JobStatus: Exempted app com.android.vending considered buggy
01-06 16:02:45.965  2321  4397 W JobScheduler.JobStatus: Exempted app com.android.vending considered buggy
01-06 16:02:45.965  2321  3599 D OplusSplitScreenManagerService: com.android.launcher supportsSplitScreen by forceResizable activity return:true
01-06 16:02:45.965  2321  4397 W JobScheduler.JobStatus: Exempted app com.android.vending considered buggy
01-06 16:02:45.965  2321  4397 W JobScheduler.JobStatus: Exempted app com.android.vending considered buggy
01-06 16:02:45.965  2321  3599 D OplusSplitScreenManagerService: com.android.launcher supportsSplitScreen by forceResizable activity return:false
01-06 16:02:45.965  2321  4397 W JobScheduler.JobStatus: Exempted app com.android.vending considered buggy
01-06 16:02:45.965  2321  4397 W JobScheduler.JobStatus: Exempted app com.android.vending considered buggy
01-06 16:02:45.965  2321  4397 W JobScheduler.JobStatus: Exempted app com.android.vending considered buggy
01-06 16:02:45.965  2321  4397 W JobScheduler.JobStatus: Exempted app com.android.vending considered buggy
01-06 16:02:46.006  2321  3616 D CompatibilityChangeReporter: Compat change id reported: 135634846; UID 10120; state: DISABLED
01-06 16:02:46.006  2321  3616 D CompatibilityChangeReporter: Compat change id reported: 177438394; UID 10120; state: DISABLED
01-06 16:02:46.006  2321  3616 D CompatibilityChangeReporter: Compat change id reported: 135772972; UID 10120; state: DISABLED
01-06 16:02:46.007  2321  3616 D CompatibilityChangeReporter: Compat change id reported: 135754954; UID 10120; state: ENABLED
01-06 16:02:46.007  2321  3611 D CompatibilityChangeReporter: Compat change id reported: 143937733; UID 10120; state: ENABLED
01-06 16:02:46.020  2321  3611 I ActivityManager: Start proc 25196:com.google.android.googlequicksearchbox:search/u0a120 for broadcast {com.google.android.googlequicksearchbox/com.google.android.libraries.search.gcm.search.SearchProcessGcmBroadcastReceiver_Receiver}
01-06 16:02:46.076  2321  5796 I ActivityManager: Flag disabled. Ignoring finishAttachApplication from uid: 10808. pid: 24980
01-06 16:02:46.352  2321  5796 D CompatibilityChangeReporter: Compat change id reported: 161145287; UID 10808; state: DISABLED
01-06 16:02:46.368  2321  4397 D CompatibilityChangeReporter: Compat change id reported: 168419799; UID 10120; state: DISABLED
01-06 16:02:46.368  2321  4397 D CompatibilityChangeReporter: Compat change id reported: 273564678; UID 10120; state: DISABLED
01-06 16:02:46.368  2321  4397 D ActivityTaskManagerServiceExtImpl: preBindApplication record is null
01-06 16:02:46.382  2321  3572 D OplusInterceptLockScreenWindow: starting IOplusLockScreenCallbacks service...
01-06 16:02:46.466  2321  5738 D CompatibilityChangeReporter: Compat change id reported: 170503758; UID 10120; state: ENABLED
01-06 16:02:46.506  2321  4131 D CompatibilityChangeReporter: Compat change id reported: 171306433; UID 10808; state: ENABLED
01-06 16:02:46.507  2321  4131 D CompatibilityChangeReporter: Compat change id reported: 218533173; UID 10808; state: ENABLED
01-06 16:02:46.604  2321  3909 D PowerManagerService: userActivityNoUpdateLocked: groupId=0, eventTime=175286704, event=touch, flags=0x0, uid=1000
01-06 16:02:46.711  2321  3909 D PowerManagerService: userActivityNoUpdateLocked: groupId=0, eventTime=175286812, event=touch, flags=0x0, uid=1000
01-06 16:02:46.715  2321  3599 D OplusSplitScreenManagerService: com.android.launcher supportsSplitScreen by forceResizable activity return:true
01-06 16:02:46.715  2321  3599 D OplusSplitScreenManagerService: com.android.launcher supportsSplitScreen by forceResizable activity return:false
01-06 16:02:46.735  2321  4397 W ContextImpl: Calling a method in the system process without a qualified user: android.app.ContextImpl.sendBroadcastMultiplePermissions:1282 android.content.Context.sendBroadcastMultiplePermissions:2476 com.android.server.TelephonyRegistry.broadcastServiceStateChanged:3594 com.android.server.TelephonyRegistry.notifyServiceStateForPhoneId:1759 com.android.internal.telephony.ITelephonyRegistry$Stub.onTransact:534 
01-06 16:02:46.737  2321  4397 W ContextImpl: Calling a method in the system process without a qualified user: android.app.ContextImpl.sendBroadcastMultiplePermissions:1315 com.android.server.TelephonyRegistry.broadcastServiceStateChanged:3599 com.android.server.TelephonyRegistry.notifyServiceStateForPhoneId:1759 com.android.internal.telephony.ITelephonyRegistry$Stub.onTransact:534 android.os.Binder.execTransactInternal:1392 
01-06 16:02:46.755  2321  4397 W ContextImpl: Calling a method in the system process without a qualified user: android.app.ContextImpl.sendBroadcastMultiplePermissions:1315 com.android.server.TelephonyRegistry.broadcastServiceStateChanged:3608 com.android.server.TelephonyRegistry.notifyServiceStateForPhoneId:1759 com.android.internal.telephony.ITelephonyRegistry$Stub.onTransact:534 android.os.Binder.execTransactInternal:1392 
01-06 16:02:46.756  2321  4397 W ContextImpl: Calling a method in the system process without a qualified user: android.app.ContextImpl.sendBroadcastMultiplePermissions:1315 com.android.server.TelephonyRegistry.broadcastServiceStateChanged:3614 com.android.server.TelephonyRegistry.notifyServiceStateForPhoneId:1759 com.android.internal.telephony.ITelephonyRegistry$Stub.onTransact:534 android.os.Binder.execTransactInternal:1392 
01-06 16:02:46.759  2321  3616 W ActivityManager: ProcessRecord{e1c0e72 24849:com.google.android.cellbroadcastreceiver/u0a243} is attached to a previous process
01-06 16:02:46.760  2321  3616 W ActivityManager: Existing proc ProcessRecord{e1c0e72 24849:com.google.android.cellbroadcastreceiver/u0a243} was killed 11ms ago when adding ProcessRecord{1143089 0:com.google.android.cellbroadcastreceiver/u0a243}
01-06 16:02:46.760  2321  3616 D CompatibilityChangeReporter: Compat change id reported: 135634846; UID 10243; state: DISABLED
01-06 16:02:46.760  2321  3570 D DisplayManagerService: Drop pending events for gone uid 10243
01-06 16:02:46.760  2321  3616 D CompatibilityChangeReporter: Compat change id reported: 177438394; UID 10243; state: DISABLED
01-06 16:02:46.760  2321  3616 D CompatibilityChangeReporter: Compat change id reported: 135772972; UID 10243; state: DISABLED
01-06 16:02:46.760  2321  3616 D CompatibilityChangeReporter: Compat change id reported: 135754954; UID 10243; state: ENABLED
01-06 16:02:46.763  2321  4117 D OplusSplitScreenManagerService: com.android.launcher supportsSplitScreen by forceResizable activity return:true
01-06 16:02:46.763  2321  4117 D OplusSplitScreenManagerService: com.android.launcher supportsSplitScreen by forceResizable activity return:false
01-06 16:02:46.763  2321  4236 E OAPM    : activity preload is not enabled
01-06 16:02:46.767  2321  5796 D OplusCustomizeRestrictionManagerService: ismmsreceiveDisabled null
01-06 16:02:46.767  2321  5796 E OplusCustomizeRestrictionManagerService: getMobileDataMode error :s == null
01-06 16:02:46.786  2321  3599 D OplusSplitScreenManagerService: com.android.launcher supportsSplitScreen by forceResizable activity return:true
01-06 16:02:46.787  2321  3599 D OplusSplitScreenManagerService: com.android.launcher supportsSplitScreen by forceResizable activity return:false
01-06 16:02:46.787  2321  3599 D OplusSplitScreenManagerService: com.android.launcher supportsSplitScreen by forceResizable activity return:true
01-06 16:02:46.787  2321  3599 D OplusSplitScreenManagerService: com.android.launcher supportsSplitScreen by forceResizable activity return:false
01-06 16:02:46.819  2321 10616 I ActivityManager: Process com.google.android.partnersetup (pid 21361) has died: cch+5 CEM 
01-06 16:02:46.821  2321  3570 D DisplayManagerService: Drop pending events for gone uid 10101
01-06 16:02:46.823  2321  4236 E OAPM    : activity preload is not enabled
01-06 16:02:46.828  2321  4117 D OplusSplitScreenManagerService: com.android.launcher supportsSplitScreen by forceResizable activity return:true
01-06 16:02:46.828  2321  4117 D OplusSplitScreenManagerService: com.android.launcher supportsSplitScreen by forceResizable activity return:false
01-06 16:02:46.831 25196 25196 I Quality : ActivityThread: createOrUpdateClassLoaderLocked delay 355 com.google.android.googlequicksearchbox 25196
01-06 16:02:46.834  2321  3643 D OplusSmartBrightnessController: handleMessage MSG_LUX_CHANGED, mLux:946.2238 luxQueue=[971.0, 956.0, 947.0, 942.0, 937.0, 937.0, 933.0]
01-06 16:02:46.840  2321  4117 D OplusSplitScreenManagerService: com.android.launcher supportsSplitScreen by forceResizable activity return:true
01-06 16:02:46.840  2321  4117 D OplusSplitScreenManagerService: com.android.launcher supportsSplitScreen by forceResizable activity return:false
01-06 16:02:46.856  2321  4406 I ActivityManager: Process com.google.android.projection.gearhead:provider (pid 21185) has died: cch+45 CEM 
01-06 16:02:46.876  2321  3570 D DisplayManagerService: Drop pending events for gone uid 10097
01-06 16:02:46.877  2321  4236 E OAPM    : activity preload is not enabled
01-06 16:02:46.877  2321 10616 I ActivityManager: Process com.oplus.vdc (pid 22801) has died: cch+15 CEM 
01-06 16:02:46.879  2321  3596 D AppProfilerExtImpl: Skipped pss collection for CPU busy
01-06 16:02:46.880  2321  4117 D OplusSplitScreenManagerService: com.android.launcher supportsSplitScreen by forceResizable activity return:true
01-06 16:02:46.880  2321  4117 D OplusSplitScreenManagerService: com.android.launcher supportsSplitScreen by forceResizable activity return:false
01-06 16:02:46.881  2321  3570 D DisplayManagerService: Drop pending events for gone uid 10451
01-06 16:02:46.881  2321  4236 E OAPM    : activity preload is not enabled
