01-06 10:42:11.571  2321  5417 I AppsFilter: interaction: PackageSetting{e441d2b org.psyhackers.Ashera/10771} -> PackageSetting{963a8d3 org.videolan.vlc/10409} BLOCKED
01-06 10:42:11.571  2321  5417 I AppsFilter: interaction: PackageSetting{e441d2b org.psyhackers.Ashera/10771} -> PackageSetting{3115c10 jp.pokemon.pokemontcgp/10819} BLOCKED
01-06 10:42:11.571  2321  5417 I AppsFilter: interaction: PackageSetting{e441d2b org.psyhackers.Ashera/10771} -> PackageSetting{b0740e6 com.android.internal.systemui.navbar.transparent/10373} BLOCKED
01-06 10:42:11.571  2321  5417 I AppsFilter: interaction: PackageSetting{e441d2b org.psyhackers.Ashera/10771} -> PackageSetting{fc0e627 com.oplus.android.overlay.modules.documentsui/10049} BLOCKED
01-06 10:42:11.572  2321  5417 I AppsFilter: interaction: PackageSetting{e441d2b org.psyhackers.Ashera/10771} -> PackageSetting{cd14309 com.zhiliaoapp.musically/10264} BLOCKED
01-06 10:42:11.572  2321  5417 I AppsFilter: interaction: PackageSetting{e441d2b org.psyhackers.Ashera/10771} -> PackageSetting{97c790e com.google.android.connectivity.resources/10249} BLOCKED
01-06 10:42:11.572  2321  5417 I AppsFilter: interaction: PackageSetting{e441d2b org.psyhackers.Ashera/10771} -> PackageSetting{5b5ff2f com.fastemulator.gbc/10630} BLOCKED
01-06 10:42:11.572  2321  5417 I AppsFilter: interaction: PackageSetting{e441d2b org.psyhackers.Ashera/10771} -> PackageSetting{f98293c com.oneplus.faceunlock/10235} BLOCKED
01-06 10:42:11.572  2321  5417 I AppsFilter: interaction: PackageSetting{e441d2b org.psyhackers.Ashera/10771} -> PackageSetting{c206c5 com.shroomid/10420} BLOCKED
01-06 10:42:11.572  2321  5417 I AppsFilter: interaction: PackageSetting{e441d2b org.psyhackers.Ashera/10771} -> PackageSetting{20b181a com.google.android.feedback/10236} BLOCKED
01-06 10:42:11.572  2321  5417 I AppsFilter: interaction: PackageSetting{e441d2b org.psyhackers.Ashera/10771} -> PackageSetting{e2d5f4b com.topjohnwu.magisk/10506} BLOCKED
01-06 10:42:11.572  2321  5417 I AppsFilter: interaction: PackageSetting{e441d2b org.psyhackers.Ashera/10771} -> PackageSetting{b5c9d28 com.google.android.printservice.recommendation/10240} BLOCKED
01-06 10:42:11.572  2321  5417 I AppsFilter: interaction: PackageSetting{e441d2b org.psyhackers.Ashera/10771} -> PackageSetting{2f9a208 com.google.android.apps.photos/10162} BLOCKED
01-06 10:42:11.572  2321  5417 I AppsFilter: interaction: PackageSetting{e441d2b org.psyhackers.Ashera/10771} -> PackageSetting{fbfbd58 craft.army.commander/10787} BLOCKED
01-06 10:42:11.572  2321  5417 I AppsFilter: interaction: PackageSetting{e441d2b org.psyhackers.Ashera/10771} -> PackageSetting{285646b com.google.android.calendar/10141} BLOCKED
01-06 10:42:11.572  2321  5417 I AppsFilter: interaction: PackageSetting{e441d2b org.psyhackers.Ashera/10771} -> PackageSetting{3414a41 com.jrummy.root.browserfree/10163} BLOCKED
01-06 10:42:11.572  2321  5417 I AppsFilter: interaction: PackageSetting{e441d2b org.psyhackers.Ashera/10771} -> PackageSetting{6b29be6 com.android.vending.billing.InAppBillingService.BINN/10551} BLOCKED
01-06 10:42:11.573  2321  5417 I AppsFilter: interaction: PackageSetting{e441d2b org.psyhackers.Ashera/10771} -> PackageSetting{f70a527 com.dzm.pushd/10526} BLOCKED
01-06 10:42:11.573  2321  5417 I AppsFilter: interaction: PackageSetting{e441d2b org.psyhackers.Ashera/10771} -> PackageSetting{11f5704 com.bethsoft.ubu/10415} BLOCKED
01-06 10:42:11.573  2321  5417 I AppsFilter: interaction: PackageSetting{e441d2b org.psyhackers.Ashera/10771} -> PackageSetting{4915349 com.spotify.music/10266} BLOCKED
01-06 10:42:11.573  2321  5417 I AppsFilter: interaction: PackageSetting{e441d2b org.psyhackers.Ashera/10771} -> PackageSetting{d17497d com.hellosimply.simplysingdroid/10467} BLOCKED
01-06 10:42:11.573  2321  5417 I AppsFilter: interaction: PackageSetting{e441d2b org.psyhackers.Ashera/10771} -> PackageSetting{efc9072 com.google.android.documentsui/10069} BLOCKED
01-06 10:42:11.573  2321  5417 I AppsFilter: interaction: PackageSetting{e441d2b org.psyhackers.Ashera/10771} -> PackageSetting{fb86cc3 com.dogpo.tibetancalendar/10035} BLOCKED
01-06 10:42:11.573  2321  5417 I AppsFilter: interaction: PackageSetting{e441d2b org.psyhackers.Ashera/10771} -> PackageSetting{47be940 com.windyty.android/10362} BLOCKED
01-06 10:42:11.573  2321  5417 I AppsFilter: interaction: PackageSetting{e441d2b org.psyhackers.Ashera/10771} -> PackageSetting{1540079 com.goongames.DungeonsofDreadrock2/10320} BLOCKED
01-06 10:42:11.573  2321  5417 I AppsFilter: interaction: PackageSetting{e441d2b org.psyhackers.Ashera/10771} -> PackageSetting{f7f41be com.plantparentai.app/10522} BLOCKED
01-06 10:42:11.573  2321  5417 I AppsFilter: interaction: PackageSetting{e441d2b org.psyhackers.Ashera/10771} -> PackageSetting{62b121f com.google.android.accessibility.switchaccess/10446} BLOCKED
01-06 10:42:11.573  2321  5417 I AppsFilter: interaction: PackageSetting{e441d2b org.psyhackers.Ashera/10771} -> PackageSetting{9f354a5 com.ironhidegames.android.ironmarines/10711} BLOCKED
01-06 10:42:11.573  2321  5417 I AppsFilter: interaction: PackageSetting{e441d2b org.psyhackers.Ashera/10771} -> PackageSetting{2d6596c ai.perplexity.app.android/10404} BLOCKED
01-06 10:42:11.573  2321  5417 I AppsFilter: interaction: PackageSetting{e441d2b org.psyhackers.Ashera/10771} -> PackageSetting{a0b2b35 com.intermedia.hd.camera.professional/10125} BLOCKED
01-06 10:42:11.574  2321  5417 I AppsFilter: interaction: PackageSetting{e441d2b org.psyhackers.Ashera/10771} -> PackageSetting{de9bbca cn.danatech.xingseus/10291} BLOCKED
01-06 10:42:11.574  2321  5417 I AppsFilter: interaction: PackageSetting{e441d2b org.psyhackers.Ashera/10771} -> PackageSetting{bf8b13b com.facebook.katana/10281} BLOCKED
01-06 10:42:11.574  2321  5417 I AppsFilter: interaction: PackageSetting{e441d2b org.psyhackers.Ashera/10771} -> PackageSetting{d85a058 io.cordova.astromatrix/10402} BLOCKED
01-06 10:42:11.574  2321  5417 I AppsFilter: interaction: PackageSetting{e441d2b org.psyhackers.Ashera/10771} -> PackageSetting{e5c8407 fantasy.hero.cafe.empire.craft/10790} BLOCKED
01-06 10:42:11.574  2321  5417 I AppsFilter: interaction: PackageSetting{e441d2b org.psyhackers.Ashera/10771} -> PackageSetting{4d045b1 com.oplus.games/10465} BLOCKED
01-06 10:42:11.574  2321  5417 I AppsFilter: interaction: PackageSetting{e441d2b org.psyhackers.Ashera/10771} -> PackageSetting{9cfca96 com.oplus.metis/10183} BLOCKED
01-06 10:42:11.574  2321  5417 I AppsFilter: interaction: PackageSetting{e441d2b org.psyhackers.Ashera/10771} -> PackageSetting{3372617 com.oplus.omoji/10357} BLOCKED
01-06 10:42:11.574  2321  5417 I AppsFilter: interaction: PackageSetting{e441d2b org.psyhackers.Ashera/10771} -> PackageSetting{8e06a04 com.windscribe.vpn/10452} BLOCKED
01-06 10:42:11.574  2321  5417 I AppsFilter: interaction: PackageSetting{e441d2b org.psyhackers.Ashera/10771} -> PackageSetting{af28bed com.fansipan.pixel.hero.action.rpg.adventure.games/10443} BLOCKED
01-06 10:42:11.574  2321  5417 I AppsFilter: interaction: PackageSetting{e441d2b org.psyhackers.Ashera/10771} -> PackageSetting{635fa22 com.bitla.mba.pasajebus/10295} BLOCKED
01-06 10:42:11.575  2321  5417 I AppsFilter: interaction: PackageSetting{e441d2b org.psyhackers.Ashera/10771} -> PackageSetting{f7e0cb3 com.didiglobal.passenger/10377} BLOCKED
01-06 10:42:11.575  2321  5417 I AppsFilter: interaction: PackageSetting{e441d2b org.psyhackers.Ashera/10771} -> PackageSetting{5fc2270 com.teamviewer.teamviewer.market.mobile/10383} BLOCKED
01-06 10:42:11.575  2321  5417 I AppsFilter: interaction: PackageSetting{e441d2b org.psyhackers.Ashera/10771} -> PackageSetting{178f9e9 com.ttt.fortressmerge/10757} BLOCKED
01-06 10:42:11.575  2321  5417 I AppsFilter: interaction: PackageSetting{e441d2b org.psyhackers.Ashera/10771} -> PackageSetting{c42c10f com.android.providers.partnerbookmarks/10161} BLOCKED
01-06 10:42:11.575  2321  5417 I AppsFilter: interaction: PackageSetting{e441d2b org.psyhackers.Ashera/10771} -> PackageSetting{fd8f59c net.simplyadvanced.ltediscovery/10398} BLOCKED
01-06 10:42:11.575  2321  5417 I AppsFilter: interaction: PackageSetting{e441d2b org.psyhackers.Ashera/10771} -> PackageSetting{cde4ba5 cl.gob.cne.energiaabierta.BencinaEnLinea/10352} BLOCKED
01-06 10:42:11.575  2321  5417 I AppsFilter: interaction: PackageSetting{e441d2b org.psyhackers.Ashera/10771} -> PackageSetting{ff3cb1a com.miclaro.app/10469} BLOCKED
01-06 10:42:11.575  2321  5417 I AppsFilter: interaction: PackageSetting{e441d2b org.psyhackers.Ashera/10771} -> PackageSetting{cf45f2b com.oplus.wallpapers/10192} BLOCKED
01-06 10:42:11.575  2321  5417 I AppsFilter: interaction: PackageSetting{e441d2b org.psyhackers.Ashera/10771} -> PackageSetting{f4dcf88 com.android.apps.tag/10072} BLOCKED
01-06 10:42:11.576  2321  5417 I AppsFilter: interaction: PackageSetting{e441d2b org.psyhackers.Ashera/10771} -> PackageSetting{48cfd21 com.facebook.orca/10287} BLOCKED
01-06 10:42:11.576  2321  5417 I AppsFilter: interaction: PackageSetting{e441d2b org.psyhackers.Ashera/10771} -> PackageSetting{dae0546 com.oplus.encryption/10178} BLOCKED
01-06 10:42:11.576  2321  5417 I AppsFilter: interaction: PackageSetting{e441d2b org.psyhackers.Ashera/10771} -> PackageSetting{2cb964b cz.scamera.securitycamera/10708} BLOCKED
01-06 10:42:11.576  2321  5417 I AppsFilter: interaction: PackageSetting{e441d2b org.psyhackers.Ashera/10771} -> PackageSetting{1b45c34 com.dev47apps.obsdroidcam/10490} BLOCKED
01-06 10:42:11.576  2321  5417 I AppsFilter: interaction: PackageSetting{e441d2b org.psyhackers.Ashera/10771} -> PackageSetting{a7df193 com.bricksbreaker.crusher.zombie.decor/10315} BLOCKED
01-06 10:42:11.576  2321  5417 I AppsFilter: interaction: PackageSetting{e441d2b org.psyhackers.Ashera/10771} -> PackageSetting{1ecd5d0 com.kongregate.mobile.adventurecommunist.google/10351} BLOCKED
01-06 10:42:11.576  2321  5417 I AppsFilter: interaction: PackageSetting{e441d2b org.psyhackers.Ashera/10771} -> PackageSetting{21b4a5d com.microsoft.copilot/10087} BLOCKED
01-06 10:42:11.576  2321  5417 I AppsFilter: interaction: PackageSetting{e441d2b org.psyhackers.Ashera/10771} -> PackageSetting{80f281a com.chess/10792} BLOCKED
01-06 10:42:11.576  2321  5417 I AppsFilter: interaction: PackageSetting{e441d2b org.psyhackers.Ashera/10771} -> PackageSetting{4a388a3 com.google.android.healthconnect.controller/10462} BLOCKED
01-06 10:42:11.576  2321  5417 I AppsFilter: interaction: PackageSetting{e441d2b org.psyhackers.Ashera/10771} -> PackageSetting{e5507a0 com.teamviewer.quicksupport.market/10324} BLOCKED
01-06 10:42:11.576  2321  5417 I AppsFilter: interaction: PackageSetting{e441d2b org.psyhackers.Ashera/10771} -> PackageSetting{8472f59 jackpal.androidterm/10470} BLOCKED
01-06 10:42:11.576  2321  5417 I AppsFilter: interaction: PackageSetting{e441d2b org.psyhackers.Ashera/10771} -> PackageSetting{e92771e com.prjze/10322} BLOCKED
01-06 10:42:11.577  2321  5417 I AppsFilter: interaction: PackageSetting{e441d2b org.psyhackers.Ashera/10771} -> PackageSetting{3dc0bff com.oneplus.canvasresources/10261} BLOCKED
01-06 10:42:11.577  2321  5417 I AppsFilter: interaction: PackageSetting{e441d2b org.psyhackers.Ashera/10771} -> PackageSetting{692fdcc com.cxinventor.file.explorer/10273} BLOCKED
01-06 10:42:11.577  2321  5417 I AppsFilter: interaction: PackageSetting{e441d2b org.psyhackers.Ashera/10771} -> PackageSetting{db26815 com.google.android.apps.translate/10311} BLOCKED
01-06 10:42:11.577  2321  5417 I AppsFilter: interaction: PackageSetting{e441d2b org.psyhackers.Ashera/10771} -> PackageSetting{5eae72a com.heytap.colorfulengine/10103} BLOCKED
01-06 10:42:11.577  2321  5417 I AppsFilter: interaction: PackageSetting{e441d2b org.psyhackers.Ashera/10771} -> PackageSetting{15c91e7 com.tank.z.combat/10487} BLOCKED
01-06 10:42:11.577  2321  5417 I AppsFilter: interaction: PackageSetting{e441d2b org.psyhackers.Ashera/10771} -> PackageSetting{bef691b com.languagedrops.drops.learn.learning.speak.language.hebrew.words/10480} BLOCKED
01-06 10:42:11.577  2321  5417 I AppsFilter: interaction: PackageSetting{e441d2b org.psyhackers.Ashera/10771} -> PackageSetting{cd82ab8 com.jg.mushroomidentifier/10421} BLOCKED
01-06 10:42:11.578  2321  5417 I AppsFilter: interaction: PackageSetting{e441d2b org.psyhackers.Ashera/10771} -> PackageSetting{75e7091 com.android.bookmarkprovider/10075} BLOCKED
01-06 10:42:11.578  2321  5417 I AppsFilter: interaction: PackageSetting{e441d2b org.psyhackers.Ashera/10771} -> PackageSetting{7566583 com.hg.heromaking/10382} BLOCKED
01-06 10:42:11.578  2321  5417 I AppsFilter: interaction: PackageSetting{e441d2b org.psyhackers.Ashera/10771} -> PackageSetting{aa84bf6 com.google.android.apps.nbu.paisa.user/10144} BLOCKED
01-06 10:42:11.579  2321  5417 I AppsFilter: interaction: PackageSetting{e441d2b org.psyhackers.Ashera/10771} -> PackageSetting{7117bf7 com.heytap.browser/10454} BLOCKED
01-06 10:42:11.579  2321  5417 I AppsFilter: interaction: PackageSetting{e441d2b org.psyhackers.Ashera/10771} -> PackageSetting{a9d217e com.google.android.networkstack.overlay/10003} BLOCKED
01-06 10:42:11.580  2321  5417 I AppsFilter: interaction: PackageSetting{e441d2b org.psyhackers.Ashera/10771} -> PackageSetting{a37b1cd com.google.android.projection.gearhead/10097} BLOCKED
01-06 10:42:11.580  2321  5417 I AppsFilter: interaction: PackageSetting{e441d2b org.psyhackers.Ashera/10771} -> PackageSetting{e413a64 com.oplus.multiapp/10218} BLOCKED
01-06 10:42:11.580  2321  5417 I AppsFilter: interaction: PackageSetting{e441d2b org.psyhackers.Ashera/10771} -> PackageSetting{2309f2c com.ketchapp.crowddefense/10773} BLOCKED
01-06 10:42:11.580  2321  5417 I AppsFilter: interaction: PackageSetting{e441d2b org.psyhackers.Ashera/10771} -> PackageSetting{ee884cd com.google.android.safetycore/10370} BLOCKED
01-06 10:42:11.580  2321  5417 I AppsFilter: interaction: PackageSetting{e441d2b org.psyhackers.Ashera/10771} -> PackageSetting{5053182 ccc71.am/10379} BLOCKED
01-06 10:42:11.580  2321  5417 I AppsFilter: interaction: PackageSetting{e441d2b org.psyhackers.Ashera/10771} -> PackageSetting{4d7e093 ccc71.kt/10356} BLOCKED
01-06 10:42:11.580  2321  5417 I AppsFilter: interaction: PackageSetting{e441d2b org.psyhackers.Ashera/10771} -> PackageSetting{b0998d0 ccc71.nm/10396} BLOCKED
01-06 10:42:11.580  2321  5417 I AppsFilter: interaction: PackageSetting{e441d2b org.psyhackers.Ashera/10771} -> PackageSetting{85a0c9 ccc71.tm/10376} BLOCKED
01-06 10:42:11.580  2321  5417 I AppsFilter: interaction: PackageSetting{e441d2b org.psyhackers.Ashera/10771} -> PackageSetting{458e3ce com.google.android.apps.chromecast.app/10474} BLOCKED
01-06 10:42:11.580  2321  5417 I AppsFilter: interaction: PackageSetting{e441d2b org.psyhackers.Ashera/10771} -> PackageSetting{3715a82 com.android.cts.ctsshim/10384} BLOCKED
01-06 10:42:11.580  2321  5417 I AppsFilter: interaction: PackageSetting{e441d2b org.psyhackers.Ashera/10771} -> PackageSetting{e95f2ef com.language.learnhebrew/10483} BLOCKED
01-06 10:42:11.580  2321  5417 I AppsFilter: interaction: PackageSetting{e441d2b org.psyhackers.Ashera/10771} -> PackageSetting{d05a7c4 com.war.no/10510} BLOCKED
01-06 10:42:11.580  2321  5417 I AppsFilter: interaction: PackageSetting{e441d2b org.psyhackers.Ashera/10771} -> PackageSetting{9b771fc com.oplus.portrait/10174} BLOCKED
01-06 10:42:11.580  2321  5417 I AppsFilter: interaction: PackageSetting{e441d2b org.psyhackers.Ashera/10771} -> PackageSetting{cbe8085 com.lexa.fakegps/10410} BLOCKED
01-06 10:42:11.580  2321  5417 I AppsFilter: interaction: PackageSetting{e441d2b org.psyhackers.Ashera/10771} -> PackageSetting{4236eda com.google.android.wifi.resources/10455} BLOCKED
01-06 10:42:11.581  2321  5417 I AppsFilter: interaction: PackageSetting{e441d2b org.psyhackers.Ashera/10771} -> PackageSetting{578cf0b com.delphicoder.flud/10407} BLOCKED
01-06 10:42:11.581  2321  5417 I AppsFilter: interaction: PackageSetting{e441d2b org.psyhackers.Ashera/10771} -> PackageSetting{107b1e8 com.coloros.relax/10393} BLOCKED
01-06 10:42:11.581  2321  5417 I AppsFilter: interaction: PackageSetting{e441d2b org.psyhackers.Ashera/10771} -> PackageSetting{9eba001 com.google.android.wifi.dialog/10458} BLOCKED
01-06 10:42:11.581  2321  5417 I AppsFilter: interaction: PackageSetting{e441d2b org.psyhackers.Ashera/10771} -> PackageSetting{5d99ea6 com.heytap.accessory/10105} BLOCKED
01-06 10:42:11.581  2321  5417 I AppsFilter: interaction: PackageSetting{e441d2b org.psyhackers.Ashera/10771} -> PackageSetting{66350e7 com.goongames.DungeonsofDreadrock/10513} BLOCKED
01-06 10:42:11.581  2321  5417 I AppsFilter: interaction: PackageSetting{e441d2b org.psyhackers.Ashera/10771} -> PackageSetting{49a0494 com.einnovation.temu/10381} BLOCKED
01-06 10:42:11.581  2321  5417 I AppsFilter: interaction: PackageSetting{e441d2b org.psyhackers.Ashera/10771} -> PackageSetting{1713b3d com.BMGames.GunHero/10760} BLOCKED
01-06 10:42:11.581  2321  5417 I AppsFilter: interaction: PackageSetting{e441d2b org.psyhackers.Ashera/10771} -> PackageSetting{cd65feb com.spanish.latinomobile/10523} BLOCKED
01-06 10:42:11.581  2321  5417 I AppsFilter: interaction: PackageSetting{e441d2b org.psyhackers.Ashera/10771} -> PackageSetting{b70ff32 android.autoinstalls.config.oneplus/10091} BLOCKED
01-06 10:42:11.582  2321  5417 I AppsFilter: interaction: PackageSetting{e441d2b org.psyhackers.Ashera/10771} -> PackageSetting{f8a1483 pct.droid/10413} BLOCKED
01-06 10:42:11.582  2321  5417 I AppsFilter: interaction: PackageSetting{e441d2b org.psyhackers.Ashera/10771} -> PackageSetting{ec58d06 com.laser.bounce.puzzle/10813} BLOCKED
01-06 10:42:11.582  2321  5417 I AppsFilter: interaction: PackageSetting{e441d2b org.psyhackers.Ashera/10771} -> PackageSetting{3b90fc7 com.ea.gp.pvzheroes/10735} BLOCKED
01-06 10:42:11.582  2321  5417 I AppsFilter: interaction: PackageSetting{e441d2b org.psyhackers.Ashera/10771} -> PackageSetting{5cd600 com.zhuoting.healthyucheng/10519} BLOCKED
01-06 10:42:11.582  2321  5417 I AppsFilter: interaction: PackageSetting{e441d2b org.psyhackers.Ashera/10771} -> PackageSetting{82f451d com.brusgames.kingofcrusaderstrongholds/10424} BLOCKED
01-06 10:42:11.582  2321  5417 I AppsFilter: interaction: PackageSetting{e441d2b org.psyhackers.Ashera/10771} -> PackageSetting{49d7392 com.spiderhero.fighting.superhero/10804} BLOCKED
01-06 10:42:11.582  2321  5417 I AppsFilter: interaction: PackageSetting{e441d2b org.psyhackers.Ashera/10771} -> PackageSetting{4bb4e39 com.MKGames.Fractals3D/10338} BLOCKED
01-06 10:42:11.582  2321  5417 I AppsFilter: interaction: PackageSetting{e441d2b org.psyhackers.Ashera/10771} -> PackageSetting{eabdc7e com.noctuasoftware.stellarium_free/10304} BLOCKED
01-06 10:42:11.582  2321  5417 I AppsFilter: interaction: PackageSetting{e441d2b org.psyhackers.Ashera/10771} -> PackageSetting{125428a com.gpk.iss/10542} BLOCKED
01-06 10:42:11.583  2321  5417 I AppsFilter: interaction: PackageSetting{e441d2b org.psyhackers.Ashera/10771} -> PackageSetting{7df90fb com.dubox.drive/10297} BLOCKED
01-06 10:42:11.584  2321  5417 I AppsFilter: interaction: PackageSetting{e441d2b org.psyhackers.Ashera/10771} -> PackageSetting{48230bf com.FunGame3D.Battleships/10781} BLOCKED
01-06 10:42:11.584  2321  5417 I AppsFilter: interaction: PackageSetting{e441d2b org.psyhackers.Ashera/10771} -> PackageSetting{6dc2bde org.psyhackers.ashera/10768} BLOCKED
01-06 10:42:11.584  2321  5417 I AppsFilter: interaction: PackageSetting{e441d2b org.psyhackers.Ashera/10771} -> PackageSetting{57f6518 com.oplus.aiunit/10289} BLOCKED
01-06 10:42:11.584  2321  5417 I AppsFilter: interaction: PackageSetting{e441d2b org.psyhackers.Ashera/10771} -> PackageSetting{9b8b71 com.oplus.cast/10110} BLOCKED
01-06 10:42:11.584  2321  5417 I AppsFilter: interaction: PackageSetting{e441d2b org.psyhackers.Ashera/10771} -> PackageSetting{11cfd56 com.oplus.cota/10114} BLOCKED
01-06 10:42:11.584  2321  5417 I AppsFilter: interaction: PackageSetting{e441d2b org.psyhackers.Ashera/10771} -> PackageSetting{4b9ae96 com.oplus.ndsf/10093} BLOCKED
01-06 10:42:11.584  2321  5417 I AppsFilter: interaction: PackageSetting{e441d2b org.psyhackers.Ashera/10771} -> PackageSetting{50c41d7 com.oplus.onet/10111} BLOCKED
01-06 10:42:11.584  2321  5417 I AppsFilter: interaction: PackageSetting{e441d2b org.psyhackers.Ashera/10771} -> PackageSetting{b84ec78 com.EtherealGames.StrandedIsland/10152} BLOCKED
01-06 10:42:11.584  2321  5417 I AppsFilter: interaction: PackageSetting{e441d2b org.psyhackers.Ashera/10771} -> PackageSetting{4756f51 com.allinc.bagfight/10301} BLOCKED
01-06 10:42:11.585  2321  5417 I AppsFilter: interaction: PackageSetting{e441d2b org.psyhackers.Ashera/10771} -> PackageSetting{591bac4 com.android.email.partnerprovider/10164} BLOCKED
01-06 10:42:11.585  2321  5417 I AppsFilter: interaction: PackageSetting{e441d2b org.psyhackers.Ashera/10771} -> PackageSetting{d8c6dad com.google.android.apps.work.clouddpc/10274} BLOCKED
01-06 10:42:11.585  2321  5417 I AppsFilter: interaction: PackageSetting{e441d2b org.psyhackers.Ashera/10771} -> PackageSetting{f0398e2 com.offerwise.QueOpinas/10346} BLOCKED
01-06 10:42:11.585  2321  5417 I AppsFilter: interaction: PackageSetting{e441d2b org.psyhackers.Ashera/10771} -> PackageSetting{de92473 com.oppo.quicksearchbox/10345} BLOCKED
01-06 10:42:11.585  2321  5417 I AppsFilter: interaction: PackageSetting{e441d2b org.psyhackers.Ashera/10771} -> PackageSetting{951bf30 com.google.android.gms.location.history/10166} BLOCKED
01-06 10:42:11.585  2321  5417 I AppsFilter: interaction: PackageSetting{e441d2b org.psyhackers.Ashera/10771} -> PackageSetting{dc8e953 com.android.internal.systemui.navbar.gestural/10009} BLOCKED
01-06 10:42:11.586  2321  5417 I AppsFilter: interaction: PackageSetting{e441d2b org.psyhackers.Ashera/10771} -> PackageSetting{f2f37a9 mega.privacy.android.app/10278} BLOCKED
01-06 10:42:11.586  2321  5417 I AppsFilter: interaction: PackageSetting{e441d2b org.psyhackers.Ashera/10771} -> PackageSetting{fc6612e com.krealo.tenpo/10313} BLOCKED
01-06 10:42:11.586  2321  5417 I AppsFilter: interaction: PackageSetting{e441d2b org.psyhackers.Ashera/10771} -> PackageSetting{a794cf com.simyasolutions.writeme.he/10484} BLOCKED
01-06 10:42:11.586  2321  5417 I AppsFilter: interaction: PackageSetting{e441d2b org.psyhackers.Ashera/10771} -> PackageSetting{dcb9e5c com.glority.pictureinsect/10491} BLOCKED
01-06 10:42:11.587 22514 22514 I Quality : ActivityThread: createOrUpdateClassLoaderLocked delay 335 com.android.vending 22514
01-06 10:42:11.587  2321  5417 I AppsFilter: interaction: PackageSetting{e441d2b org.psyhackers.Ashera/10771} -> PackageSetting{11aa565 com.samchristiansen.ioverlander.droid/10300} BLOCKED
01-06 10:42:11.587  2321  5417 I AppsFilter: interaction: PackageSetting{e441d2b org.psyhackers.Ashera/10771} -> PackageSetting{7db623a com.google.android.apps.youtube.music/10008} BLOCKED
01-06 10:42:11.587  2321  5417 I AppsFilter: interaction: PackageSetting{e441d2b org.psyhackers.Ashera/10771} -> PackageSetting{332aeeb com.android.bluetoothmidiservice/10077} BLOCKED
01-06 10:42:11.587  2321  5417 I AppsFilter: interaction: PackageSetting{e441d2b org.psyhackers.Ashera/10771} -> PackageSetting{ea2fcb com.feelnside.rageswarm/10405} BLOCKED
01-06 10:42:11.587  2321  5417 I AppsFilter: interaction: PackageSetting{e441d2b org.psyhackers.Ashera/10771} -> PackageSetting{2a24448 com.tarotreading.aitarot/10319} BLOCKED
01-06 10:42:11.587  2321  5417 I AppsFilter: interaction: PackageSetting{e441d2b org.psyhackers.Ashera/10771} -> PackageSetting{79532e1 com.coloros.operationManual/10366} BLOCKED
01-06 10:42:11.587  2321  5417 I AppsFilter: interaction: PackageSetting{e441d2b org.psyhackers.Ashera/10771} -> PackageSetting{dd00666 com.brain.game.word.quiz/10666} BLOCKED
01-06 10:42:11.587  2321  5417 I AppsFilter: interaction: PackageSetting{e441d2b org.psyhackers.Ashera/10771} -> PackageSetting{b0d6806 com.coloros.floatassistant/10365} BLOCKED
01-06 10:42:11.588  2321  5417 I AppsFilter: interaction: PackageSetting{e441d2b org.psyhackers.Ashera/10771} -> PackageSetting{a941254 com.pabloleban.IdleSlayer/10498} BLOCKED
01-06 10:42:11.588  2321  5417 I AppsFilter: interaction: PackageSetting{e441d2b org.psyhackers.Ashera/10771} -> PackageSetting{50b4ec7 com.coloros.childrenspace/10364} BLOCKED
01-06 10:42:11.588  2321  5417 I AppsFilter: interaction: PackageSetting{e441d2b org.psyhackers.Ashera/10771} -> PackageSetting{cbb5cf4 com.ea.game.starwarscapital_row/10525} BLOCKED
01-06 10:42:11.588  2321  5417 I AppsFilter: interaction: PackageSetting{e441d2b org.psyhackers.Ashera/10771} -> PackageSetting{ad11c1d com.ea.game.starwarscapital_rox/10534} BLOCKED
01-06 10:42:11.588  2321  5417 I AppsFilter: interaction: PackageSetting{e441d2b org.psyhackers.Ashera/10771} -> PackageSetting{d07fe92 com.google.android.cellbroadcastreceiver/10243} BLOCKED
01-06 10:42:11.588  2321  5417 I AppsFilter: interaction: PackageSetting{e441d2b org.psyhackers.Ashera/10771} -> PackageSetting{2e41063 com.organicix.davincivaporizerapp/10279} BLOCKED
01-06 10:42:11.588  2321  5417 I AppsFilter: interaction: PackageSetting{e441d2b org.psyhackers.Ashera/10771} -> PackageSetting{a8f7c3e com.lagotgames.bulletsandballs/10092} BLOCKED
01-06 10:42:11.588  2321  5417 I AppsFilter: interaction: PackageSetting{e441d2b org.psyhackers.Ashera/10771} -> PackageSetting{ce6fa9f com.dreamgames.royalmatch/10392} BLOCKED
01-06 10:42:11.588  2321  5417 I AppsFilter: interaction: PackageSetting{e441d2b org.psyhackers.Ashera/10771} -> PackageSetting{7ab5460 com.oplus.linker/10116} BLOCKED
01-06 10:42:11.588  2321  5417 I AppsFilter: interaction: PackageSetting{e441d2b org.psyhackers.Ashera/10771} -> PackageSetting{9e85d19 gr.nikolasspyr.integritycheck/10038} BLOCKED
01-06 10:42:11.588  2321  5417 I AppsFilter: interaction: PackageSetting{e441d2b org.psyhackers.Ashera/10771} -> PackageSetting{6031e4a com.android.carrierconfig.platform/10334} BLOCKED
01-06 10:42:11.589  2321  5417 I AppsFilter: interaction: PackageSetting{e441d2b org.psyhackers.Ashera/10771} -> PackageSetting{dac3bfc org.psyhackers.mashIA/10767} BLOCKED
01-06 10:42:11.589  2321  5417 I AppsFilter: interaction: PackageSetting{e441d2b org.psyhackers.Ashera/10771} -> PackageSetting{ea371de com.giannis.randomizer/10395} BLOCKED
01-06 10:42:11.589  2321  5417 I AppsFilter: interaction: PackageSetting{e441d2b org.psyhackers.Ashera/10771} -> PackageSetting{7fd4fbf com.wondershare.mobilego/10318} BLOCKED
01-06 10:42:11.589  2321  5417 I AppsFilter: interaction: PackageSetting{e441d2b org.psyhackers.Ashera/10771} -> PackageSetting{1e1568c com.oplus.melody/10252} BLOCKED
01-06 10:42:11.589  2321  5417 I AppsFilter: interaction: PackageSetting{e441d2b org.psyhackers.Ashera/10771} -> PackageSetting{198b1d5 com.monect.portable/10517} BLOCKED
01-06 10:42:11.589  2321  5417 I AppsFilter: interaction: PackageSetting{e441d2b org.psyhackers.Ashera/10771} -> PackageSetting{3f0cdea com.arjanvlek.oxygenupdater/10182} BLOCKED
01-06 10:42:11.589  2321  5417 I AppsFilter: interaction: PackageSetting{e441d2b org.psyhackers.Ashera/10771} -> PackageSetting{ab884 com.cla.stickmanera.artofwar/10785} BLOCKED
01-06 10:42:11.589  2321  5417 I AppsFilter: interaction: PackageSetting{e441d2b org.psyhackers.Ashera/10771} -> PackageSetting{94128db com.google.android.play.games/10191} BLOCKED
01-06 10:42:11.589  2321  5417 I AppsFilter: interaction: PackageSetting{e441d2b org.psyhackers.Ashera/10771} -> PackageSetting{f934f78 com.suno.android/10472} BLOCKED
01-06 10:42:11.589  2321  5417 I AppsFilter: interaction: PackageSetting{e441d2b org.psyhackers.Ashera/10771} -> PackageSetting{2bf9651 com.google.android.apps.magazines/10531} BLOCKED
01-06 10:42:11.590  2321  5417 I AppsFilter: interaction: PackageSetting{e441d2b org.psyhackers.Ashera/10771} -> PackageSetting{f05deb6 com.wuliang.xapkinstaller/10499} BLOCKED
01-06 10:42:11.590  2321  5417 I AppsFilter: interaction: PackageSetting{e441d2b org.psyhackers.Ashera/10771} -> PackageSetting{61f77b7 com.oneplus.membership/10148} BLOCKED
01-06 10:42:11.590  2321  5417 I AppsFilter: interaction: PackageSetting{e441d2b org.psyhackers.Ashera/10771} -> PackageSetting{69eb24 com.oplus.screenshot/10119} BLOCKED
01-06 10:42:11.590  2321  5417 I AppsFilter: interaction: PackageSetting{e441d2b org.psyhackers.Ashera/10771} -> PackageSetting{496468d com.droid27.transparentclockweather/10363} BLOCKED
01-06 10:42:11.590  2321  5417 I AppsFilter: interaction: PackageSetting{e441d2b org.psyhackers.Ashera/10771} -> PackageSetting{b2e941c com.android.internal.systemui.navbar.gestural_narrow_back/10026} BLOCKED
01-06 10:42:11.591  2321  5417 I AppsFilter: interaction: PackageSetting{e441d2b org.psyhackers.Ashera/10771} -> PackageSetting{b893042 com.coloros.colordirectservice/10447} BLOCKED
01-06 10:42:11.591  2321  5417 I AppsFilter: interaction: PackageSetting{e441d2b org.psyhackers.Ashera/10771} -> PackageSetting{b29d853 com.google.earth/10435} BLOCKED
01-06 10:42:11.591  2321  5417 I AppsFilter: interaction: PackageSetting{e441d2b org.psyhackers.Ashera/10771} -> PackageSetting{3ec9590 com.taurusinnovative.astronobel/10400} BLOCKED
01-06 10:42:11.591  2321  5417 I AppsFilter: interaction: PackageSetting{e441d2b org.psyhackers.Ashera/10771} -> PackageSetting{23586a8 com.google.android.inputmethod.latin/10150} BLOCKED
01-06 10:42:11.591  2321  5417 I AppsFilter: interaction: PackageSetting{e441d2b org.psyhackers.Ashera/10771} -> PackageSetting{b07c1a1 com.falcon.p.fun.playergames.redblue/10653} BLOCKED
01-06 10:42:11.591  2321  5417 I AppsFilter: interaction: PackageSetting{e441d2b org.psyhackers.Ashera/10771} -> PackageSetting{dc1b5c1 com.google.android.apps.restore/10089} BLOCKED
01-06 10:42:11.610 22514 22514 D ResourcesManagerExtImpl: applyConfigurationToAppResourcesLocked app.getDisplayId() return callback.displayId:-1
01-06 10:42:11.619  2321  4432 D OplusSplitScreenManagerService: org.psyhackers.Ashera supportsSplitScreen by forceResizable activity return:true
01-06 10:42:11.620  2321  4432 D OplusSplitScreenManagerService: com.android.launcher supportsSplitScreen by forceResizable activity return:true
01-06 10:42:11.620  2321  4432 D OplusSplitScreenManagerService: com.android.launcher supportsSplitScreen by forceResizable activity return:false
01-06 10:42:11.620  2321  4432 D OplusSplitScreenManagerService: com.android.launcher supportsSplitScreen by forceResizable activity return:true
01-06 10:42:11.620  2321  4432 D OplusSplitScreenManagerService: com.android.launcher supportsSplitScreen by forceResizable activity return:false
01-06 10:42:11.653  2321  3800 D CompatibilityChangeReporter: Compat change id reported: 124107808; UID 10106; state: ENABLED
01-06 10:42:11.712  4230  4357 V WindowManagerShell: Transition animation finished (aborted=false), notifying core (#2142)android.os.BinderProxy@c590919@0
01-06 10:42:11.718  2321  3569 V WindowManager: Finish Transition #2142: created at 01-06 10:42:11.009 collect-started=0.045ms request-sent=14.957ms started=23.501ms ready=68.5ms sent=72.833ms finished=708.273ms
01-06 10:42:11.719  2321  4432 I OplusAppSwitchManagerService:  handleAppVisible , r = ActivityRecord{d75cbc3 u0 org.psyhackers.Ashera/.MainActivity t4764}
01-06 10:42:11.719  2321  4432 D OplusTransitionController: finishTransition, transition: TransitionRecord{2d12bb3 id=2142 type=OPEN flags=0x0}
01-06 10:42:11.720  2321  4432 D OplusTransitionAnimationManager: commitVisibilityWhenFinishTransition type=1, ar.isVisibleRequested=false, ar.isVisible=false, ar.isVisibleRequested=false, ar=ActivityRecord{1a4875b u0 com.android.launcher/.Launcher t5} ar type 2 ar state :PAUSED displayid :0, participants={ActivityRecord{1a4875b u0 com.android.launcher/.Launcher t5}, WallpaperWindowToken{54ac18a token=android.os.Binder@5276b7e}, Task{d25f779 #4764 type=standard A=10771:org.psyhackers.Ashera}, ActivityRecord{d75cbc3 u0 org.psyhackers.Ashera/.MainActivity t4764}}
01-06 10:42:11.720  2321  4432 D OplusTransitionAnimationManager: commitVisibilityWhenFinishTransition type=1, ar.isVisibleRequested=true, ar.isVisible=true, ar.isVisibleRequested=true, ar=ActivityRecord{d75cbc3 u0 org.psyhackers.Ashera/.MainActivity t4764} ar type 1 ar state :RESUMED displayid :0, participants={ActivityRecord{1a4875b u0 com.android.launcher/.Launcher t5}, WallpaperWindowToken{54ac18a token=android.os.Binder@5276b7e}, Task{d25f779 #4764 type=standard A=10771:org.psyhackers.Ashera}, ActivityRecord{d75cbc3 u0 org.psyhackers.Ashera/.MainActivity t4764}}
01-06 10:42:11.720  2321  4432 D RefreshRate: transition is finished, try to finish setting pending high temperature status.
01-06 10:42:11.720  2321  4432 D RefreshRate: setHighTemperatureStatusWithoutUpdate: status = 0, rate = 0
01-06 10:42:11.720  2321  4432 D RefreshRate: ***** request traversal for refresh rate change : mChangeInAnimation = false, highTempRefreshRateChanged = true *****
01-06 10:42:11.720  2321  4432 D TransitionController: NFW_send RECOMPUTE_FOCUS in finishTransition
01-06 10:42:11.720  4230  4357 D ShellTaskOrganizer: onTransitionFinish, isRecent:false
01-06 10:42:11.720  4230  4357 V WindowManagerShell: Track 0 became idle
01-06 10:42:11.721  2321  3573 I WindowStateExtImpl: onSurfaceShowChange show = false mPackageName = com.android.launcher parentPkgName = com.android.launcher
01-06 10:42:11.722  2321  3573 D OplusSplitScreenManagerService: com.android.launcher supportsSplitScreen by forceResizable activity return:true
01-06 10:42:11.723  2321  3573 D OplusSplitScreenManagerService: com.android.launcher supportsSplitScreen by forceResizable activity return:false
01-06 10:42:11.723  2321  3573 I TaskOrganizerController: onTaskInfoChanged taskid 1 config { mBounds=Rect(0, 0 - 1080, 2400) mAppBounds=Rect(0, 103 - 1080, 2268) mMaxBounds=Rect(0, 0 - 1080, 2400) mDisplayRotation=ROTATION_0 mWindowingMode=fullscreen mDisplayWindowingMode=fullscreen mActivityType=home mAlwaysOnTop=undefined mRotation=ROTATION_0}
01-06 10:42:11.723  2321  3573 D FlexibleWindowManager: onFlexibleWindowTaskInfoChanged: mTaskId = 1 oldIsTaskEmbedded = false   curIsTaskEmbedded = false  topActivity = ComponentInfo{com.android.launcher/com.android.launcher.Launcher}
01-06 10:42:11.723  2321  3573 D OplusFlexibleWindowMinimizedManagerHelper: onTaskInfoChanged taskInfo:TaskInfo{userId=0 taskId=1 displayId=0 isRunning=true baseIntent=Intent { act=android.intent.action.MAIN cat=[android.intent.category.HOME] flg=0x10000100 cmp=com.android.launcher/.Launcher mCallingUid=1000 } baseActivity=ComponentInfo{com.android.launcher/com.android.launcher.Launcher} topActivity=ComponentInfo{com.android.launcher/com.android.launcher.Launcher} origActivity=null realActivity=null numActivities=1 lastActiveTime=16107 supportsSplitScreenMultiWindow=false supportsMultiWindow=true supportsPocketStudioMultiWindow=true isInFlexibleEmbedded = false uid = 10200 pid = 5280 resizeMode=2 isResizeable=true minWidth=-1 minHeight=-1 defaultMinSize=220 token=WCT{RemoteToken{dca1a31 Task{e3af8ff #1 type=home}}} topActivityType=2 pictureInPictureParams=null shouldDockBigOverlays=false launchIntoPipHostTaskId=-1 lastParentTaskIdBeforePip=-1 displayCutoutSafeInsets=Rect(0, 103 - 0, 0) topActivityInfo=ActivityInfo{2241ee3 com.android.launcher.Launcher} launchCookies=[] positionInParent=Point(0, 0) parentTaskId=-1 isFocused=false isVisible=false isVisibleRequested=false isSleeping=false topActivityInSizeCompat=false topActivityInOplusCompatMode=false topActivityEligibleForLetterboxEducation= false topActivityLetterboxed= false isFromDoubleTap= false topActivityLetterboxVerticalPosition= -1 topActivityLetterboxHorizontalPosition= -1 topActivityLetterboxWidth=-1 topActivityLetterboxHeight=-1 locusId=LocusId[17_chars] displayAreaFeatureId=1 cameraCompatControlState=hidden locusId= LocusId[17_chars] topActivityLetterboxInsets=Rect(0, 0 - 0, 0)} task:Task{e3af8ff #1 type=home}
01-06 10:42:11.724  4230  4357 D ShellTaskOrganizer: dispatchTaskEventToClientIfNeed, eventType:2, taskInfo:TaskInfo{userId=0 taskId=1 displayId=0 isRunning=true baseIntent=Intent { act=android.intent.action.MAIN cat=[android.intent.category.HOME] flg=0x10000100 cmp=com.android.launcher/.Launcher mCallingUid=1000 } baseActivity=ComponentInfo{com.android.launcher/com.android.launcher.Launcher} topActivity=ComponentInfo{com.android.launcher/com.android.launcher.Launcher} origActivity=null realActivity=null numActivities=1 lastActiveTime=16107 supportsSplitScreenMultiWindow=false supportsMultiWindow=true supportsPocketStudioMultiWindow=true isInFlexibleEmbedded = false uid = 10200 pid = 5280 resizeMode=2 isResizeable=true minWidth=-1 minHeight=-1 defaultMinSize=220 token=WCT{android.window.IWindowContainerToken$Stub$Proxy@70ba31c} topActivityType=2 pictureInPictureParams=null shouldDockBigOverlays=false launchIntoPipHostTaskId=-1 lastParentTaskIdBeforePip=-1 displayCutoutSafeInsets=Rect(0, 103 - 0, 0) topActivityInfo=ActivityInfo{f4f2b25 com.android.launcher.Launcher} launchCookies=[] positionInParent=Point(0, 0) parentTaskId=-1 isFocused=false isVisible=false isVisibleRequested=false isSleeping=false topActivityInSizeCompat=false topActivityInOplusCompatMode=false topActivityEligibleForLetterboxEducation= false topActivityLetterboxed= false isFromDoubleTap= false topActivityLetterboxVerticalPosition= -1 topActivityLetterboxHorizontalPosition= -1 topActivityLetterboxWidth=-1 topActivityLetterboxHeight=-1 locusId=LocusId[17_chars] displayAreaFeatureId=1 cameraCompatControlState=hidden locusId= LocusId[17_chars] topActivityLetterboxInsets=Rect(0, 0 - 0, 0)}, leash:null
01-06 10:42:11.728  2321  5417 D WindowManagerServiceExtImpl: extractConfigInfoAndRealFlags rotation=0, screenDp=360, win=Window{6cbec9 u0 com.android.launcher/com.android.launcher.Launcher}
01-06 10:42:11.729  2321  5417 V WindowManager: Relayout Window{6cbec9 u0 com.android.launcher/com.android.launcher.Launcher}: viewVisibility=8, oldvis=0, req=1080x2400, vsysui=
01-06 10:42:11.731  2321  3800 D WindowManagerServiceExtImpl: extractConfigInfoAndRealFlags rotation=0, screenDp=360, win=Window{2f6362b u0 com.android.launcher/com.android.launcher.Launcher}
01-06 10:42:11.731  2321  3800 V WindowManager: Relayout Window{2f6362b u0 com.android.launcher/com.android.launcher.Launcher}: viewVisibility=8, oldvis=0, req=1080x2400, vsysui=LAYOUT_STABLE LAYOUT_HIDE_NAVIGATION LAYOUT_FULLSCREEN
01-06 10:42:11.735  5280  5280 D VRI[Launcher]: relayoutWindow result, sizeChanged:false, surfaceControlChanged:true, transformHintChanged:false, mSurfaceSize:Point(1080, 2400), mLastSurfaceSize:Point(1080, 2400), mWidth:1080, mHeight:2400, requestedWidth:1080, requestedHeight:2400, transformHint:0, lastTransformHint:0, installOrientation:0, displayRotation:0, isSurfaceValid:false, attr.flag:-2121203456, useBlast:true, tmpFrames:ClientWindowFrames{frame=[0,0][1080,2400] display=[0,0][1080,2400] parentFrame=[0,0][0,0]}
01-06 10:42:11.790  2321  5723 D BiometricService: canAuthenticate: User=0, Caller=0, Authenticators=255, opPackageName=com.android.vending
01-06 10:42:11.791  2321  5723 E OplusCustomizeRestrictionManagerService: isBiometricDisabled start
01-06 10:42:11.791  2321  5723 D BiometricService/PreAuthInfo: Package: com.android.vending Sensor ID: 0 Modality: 2 Status: 1
01-06 10:42:11.793  2321  5723 D BiometricService/PreAuthInfo: getCanAuthenticateInternal Modality: 2 AuthenticatorStatus: 1
01-06 10:42:11.793  2321  5723 D AuthService: canAuthenticate, userId: 0, callingUserId: 0, authenticators: 255, result: 0
01-06 10:42:11.801  2321  3800 D BiometricService: canAuthenticate: User=0, Caller=0, Authenticators=255, opPackageName=com.android.vending
01-06 10:42:11.802  2321  3800 E OplusCustomizeRestrictionManagerService: isBiometricDisabled start
01-06 10:42:11.802  2321  3800 D BiometricService/PreAuthInfo: Package: com.android.vending Sensor ID: 0 Modality: 2 Status: 1
01-06 10:42:11.802  2321  3800 D BiometricService/PreAuthInfo: getCanAuthenticateInternal Modality: 2 AuthenticatorStatus: 1
01-06 10:42:11.802  2321  3800 D AuthService: canAuthenticate, userId: 0, callingUserId: 0, authenticators: 255, result: 0
01-06 10:42:11.813  2321  5723 W OplusDexOptimizeManager: isFirstNotifyDexLoad: isExistInDelate=false isExistInDexContainer=false
01-06 10:42:11.813  2321  5723 W OplusDexOptimizeManager: isFirstNotifyDexLoad: result=false
01-06 10:42:11.814 22533 22533 I Quality : ActivityThread: createClassLoader delay 438 /data/app/~~7vvjKrh3a_S3sjyeHcFddA==/org.psyhackers.Ashera-04J96Iz7X-qi9vW1QJXfuw==/base.apk 22533
01-06 10:42:11.816 22533 22533 I Quality : ActivityThread: createOrUpdateClassLoaderLocked delay 450 org.psyhackers.Ashera 22533
01-06 10:42:11.828  2321  4397 D BiometricService: canAuthenticate: User=0, Caller=0, Authenticators=15, opPackageName=com.android.vending
01-06 10:42:11.829  2321  4397 E OplusCustomizeRestrictionManagerService: isBiometricDisabled start
01-06 10:42:11.829  2321  4397 D BiometricService/PreAuthInfo: Package: com.android.vending Sensor ID: 0 Modality: 2 Status: 1
01-06 10:42:11.829  2321  4397 D BiometricService/PreAuthInfo: getCanAuthenticateInternal Modality: 2 AuthenticatorStatus: 1
01-06 10:42:11.829  2321  4397 D AuthService: canAuthenticate, userId: 0, callingUserId: 0, authenticators: 15, result: 0
01-06 10:42:11.833  2321  5965 D BiometricService: canAuthenticate: User=0, Caller=0, Authenticators=32768, opPackageName=com.android.vending
01-06 10:42:11.833  2321  5965 D BiometricService/PreAuthInfo: getCanAuthenticateInternal Modality: 1 AuthenticatorStatus: 1
01-06 10:42:11.833  2321  5965 D AuthService: canAuthenticate, userId: 0, callingUserId: 0, authenticators: 32768, result: 0
01-06 10:42:11.835 22533 22533 D ResourcesManagerExtImpl: applyConfigurationToAppResourcesLocked app.getDisplayId() return callback.displayId:-1
01-06 10:42:11.836  2321  3800 D BiometricService: canAuthenticate: User=0, Caller=0, Authenticators=15, opPackageName=com.android.vending
01-06 10:42:11.837  2321  3800 E OplusCustomizeRestrictionManagerService: isBiometricDisabled start
01-06 10:42:11.837  2321  3800 D BiometricService/PreAuthInfo: Package: com.android.vending Sensor ID: 0 Modality: 2 Status: 1
01-06 10:42:11.837  2321  3800 D BiometricService/PreAuthInfo: getCanAuthenticateInternal Modality: 2 AuthenticatorStatus: 1
01-06 10:42:11.837  2321  3800 D AuthService: canAuthenticate, userId: 0, callingUserId: 0, authenticators: 15, result: 0
01-06 10:42:11.845  2321  4432 D BiometricService: canAuthenticate: User=0, Caller=0, Authenticators=15, opPackageName=com.android.vending
01-06 10:42:11.846  2321  4432 E OplusCustomizeRestrictionManagerService: isBiometricDisabled start
01-06 10:42:11.846  2321  4432 D BiometricService/PreAuthInfo: Package: com.android.vending Sensor ID: 0 Modality: 2 Status: 1
01-06 10:42:11.846  2321  4432 D BiometricService/PreAuthInfo: getCanAuthenticateInternal Modality: 2 AuthenticatorStatus: 1
01-06 10:42:11.846  2321  4432 D AuthService: canAuthenticate, userId: 0, callingUserId: 0, authenticators: 15, result: 0
01-06 10:42:11.852  2321  3800 I ActivityManager: Flag disabled. Ignoring finishAttachApplication from uid: 10106. pid: 22514
01-06 10:42:11.899  2321  3800 D BiometricService: canAuthenticate: User=0, Caller=0, Authenticators=15, opPackageName=com.android.vending
01-06 10:42:11.899  2321  3800 E OplusCustomizeRestrictionManagerService: isBiometricDisabled start
01-06 10:42:11.899  2321  3800 D BiometricService/PreAuthInfo: Package: com.android.vending Sensor ID: 0 Modality: 2 Status: 1
01-06 10:42:11.899  2321  3800 D BiometricService/PreAuthInfo: getCanAuthenticateInternal Modality: 2 AuthenticatorStatus: 1
01-06 10:42:11.899  2321  3800 D AuthService: canAuthenticate, userId: 0, callingUserId: 0, authenticators: 15, result: 0
01-06 10:42:11.934  2321  4397 W PackageManager: package org.psyhackers.Ashera uid 10771 pid 22533 call SetEnabledSetting(org.psyhackers.Ashera component = androidx.work.impl.background.systemjob.SystemJobService, 1, 0)
01-06 10:42:11.952  2321  4397 W OplusDexOptimizeManager: isFirstNotifyDexLoad: isExistInDelate=false isExistInDexContainer=false
01-06 10:42:11.952  2321  4397 W OplusDexOptimizeManager: isFirstNotifyDexLoad: result=false
01-06 10:42:11.952  2321  4397 I AppsFilter: interaction: PackageSetting{18710ec org.psyhackers.Ashera/10771} -> PackageSetting{c6e6603 com.jernung.writeit.heb/10482} BLOCKED
01-06 10:42:11.952  2321  4397 I AppsFilter: interaction: PackageSetting{18710ec org.psyhackers.Ashera/10771} -> PackageSetting{7688980 com.oneplus.calculator/10184} BLOCKED
01-06 10:42:11.952  2321  4397 I AppsFilter: interaction: PackageSetting{18710ec org.psyhackers.Ashera/10771} -> PackageSetting{a67bbb9 net.oneplus.weather/10260} BLOCKED
01-06 10:42:11.952  2321  4397 I AppsFilter: interaction: PackageSetting{18710ec org.psyhackers.Ashera/10771} -> PackageSetting{98cbdac com.google.android.apps.subscriptions.red/10253} BLOCKED
01-06 10:42:11.952  2321  4397 I AppsFilter: interaction: PackageSetting{18710ec org.psyhackers.Ashera/10771} -> PackageSetting{1bf5a75 com.whatsapp.w4b/10321} BLOCKED
01-06 10:42:11.952  2321  4397 I AppsFilter: interaction: PackageSetting{18710ec org.psyhackers.Ashera/10771} -> PackageSetting{7875a0a icu.nullptr.applistdetector/10268} BLOCKED
01-06 10:42:11.952  2321  4397 I AppsFilter: interaction: PackageSetting{18710ec org.psyhackers.Ashera/10771} -> PackageSetting{fcc927b com.android.cts.priv.ctsshim/10241} BLOCKED
01-06 10:42:11.953  2321  4397 I AppsFilter: interaction: PackageSetting{18710ec org.psyhackers.Ashera/10771} -> PackageSetting{887db57 com.google.android.youtube/10496} BLOCKED
01-06 10:42:11.953  2321  4397 I AppsFilter: interaction: PackageSetting{18710ec org.psyhackers.Ashera/10771} -> PackageSetting{2f71644 com.coolkit/10466} BLOCKED
01-06 10:42:11.953  2321  4397 I AppsFilter: interaction: PackageSetting{18710ec org.psyhackers.Ashera/10771} -> PackageSetting{21c436c com.google.android.connectivity.resources.overlay.oplus/10024} BLOCKED
01-06 10:42:11.953  2321  4397 I AppsFilter: interaction: PackageSetting{18710ec org.psyhackers.Ashera/10771} -> PackageSetting{41bcd35 com.onoffgames.EpicHeroWeaponCraftMasters/10786} BLOCKED
01-06 10:42:11.953  2321  4397 I AppsFilter: interaction: PackageSetting{18710ec org.psyhackers.Ashera/10771} -> PackageSetting{895632d com.android.uwb.resources/10386} BLOCKED
01-06 10:42:11.953  2321  4397 I AppsFilter: interaction: PackageSetting{18710ec org.psyhackers.Ashera/10771} -> PackageSetting{23f233b com.iris.hunter.adventure/10795} BLOCKED
01-06 10:42:11.953  2321  4397 I AppsFilter: interaction: PackageSetting{18710ec org.psyhackers.Ashera/10771} -> PackageSetting{c402a58 com.android.internal.display.cutout.emulation.corner/10029} BLOCKED
01-06 10:42:11.953  2321  4397 I AppsFilter: interaction: PackageSetting{18710ec org.psyhackers.Ashera/10771} -> PackageSetting{a7152b0 com.oplus.smartengine/10190} BLOCKED
01-06 10:42:11.953  2321  4397 I AppsFilter: interaction: PackageSetting{18710ec org.psyhackers.Ashera/10771} -> PackageSetting{d920529 com.veitch.themelodymaster.psajf/10429} BLOCKED
01-06 10:42:11.953  2321  4397 I AppsFilter: interaction: PackageSetting{18710ec org.psyhackers.Ashera/10771} -> PackageSetting{c72b817 com.android.internal.display.cutout.emulation.double/10027} BLOCKED
01-06 10:42:11.953  2321  4397 I AppsFilter: interaction: PackageSetting{18710ec org.psyhackers.Ashera/10771} -> PackageSetting{599e1f6 com.microsoft.appmanager/10432} BLOCKED
01-06 10:42:11.953  2321  4397 I AppsFilter: interaction: PackageSetting{18710ec org.psyhackers.Ashera/10771} -> PackageSetting{b74e0ae com.oneplus.oshare/10209} BLOCKED
01-06 10:42:11.953  2321  4397 I AppsFilter: interaction: PackageSetting{18710ec org.psyhackers.Ashera/10771} -> PackageSetting{5ca62b0 com.oplus.securitykeyboard/10188} BLOCKED
01-06 10:42:11.953  2321  4397 I AppsFilter: interaction: PackageSetting{18710ec org.psyhackers.Ashera/10771} -> PackageSetting{e356ded com.idle.catLive.concert/10815} BLOCKED
01-06 10:42:11.954  2321  4397 I AppsFilter: interaction: PackageSetting{18710ec org.psyhackers.Ashera/10771} -> PackageSetting{1ccde4f com.alphainventor.plugin.fileuri/10489} BLOCKED
01-06 10:42:11.954  2321  4397 I AppsFilter: interaction: PackageSetting{18710ec org.psyhackers.Ashera/10771} -> PackageSetting{cb259ba sinet.startup.inDriver/10385} BLOCKED
01-06 10:42:11.954  2321  4397 I AppsFilter: interaction: PackageSetting{18710ec org.psyhackers.Ashera/10771} -> PackageSetting{f23106b com.min.car/10401} BLOCKED
01-06 10:42:11.954  2321  4397 I AppsFilter: interaction: PackageSetting{18710ec org.psyhackers.Ashera/10771} -> PackageSetting{eb0c7c8 com.google.android.googlequicksearchbox/10120} BLOCKED
01-06 10:42:11.954  2321  4397 I AppsFilter: interaction: PackageSetting{18710ec org.psyhackers.Ashera/10771} -> PackageSetting{85d706e com.ridgge.conquercountries/10806} BLOCKED
01-06 10:42:11.954  2321  4397 I AppsFilter: interaction: PackageSetting{18710ec org.psyhackers.Ashera/10771} -> PackageSetting{ad43061 org.intoorbit.spectrum/10776} BLOCKED
01-06 10:42:11.954  2321  4397 I AppsFilter: interaction: PackageSetting{18710ec org.psyhackers.Ashera/10771} -> PackageSetting{f1c5786 com.coloros.smartsidebar/10371} BLOCKED
01-06 10:42:11.954  2321  4397 I AppsFilter: interaction: PackageSetting{18710ec org.psyhackers.Ashera/10771} -> PackageSetting{55b6da5 android.connectivity.base.overlay/10251} BLOCKED
01-06 10:42:11.954  2321  4397 I AppsFilter: interaction: PackageSetting{18710ec org.psyhackers.Ashera/10771} -> PackageSetting{9604847 com.ysxlite.cam/10247} BLOCKED
01-06 10:42:11.954  2321  4397 I AppsFilter: interaction: PackageSetting{18710ec org.psyhackers.Ashera/10771} -> PackageSetting{1ee9874 com.google.android.apps.googleassistant/10137} BLOCKED
01-06 10:42:11.954  2321  4397 I AppsFilter: interaction: PackageSetting{18710ec org.psyhackers.Ashera/10771} -> PackageSetting{2c2719d com.lionscribe.hebdate/10476} BLOCKED
