01-06 16:02:50.179  2321  3641 I OplusDisplayBrightnessSmoothModel: getNextChange:0.01654372, deltaY:6.9297657 mNormalMaxBrightness: 8191.0
01-06 16:02:50.185  2321  3641 D DpcExtImpl[0]: onchange selfChange=false state=ON uri=content://settings/system/screen_brightness
01-06 16:02:50.186  2321  3572 D DisplayManagerService: Ignore redundant display event 0/4 to 10363/5200
01-06 16:02:50.186  2321  3572 D DisplayManagerService: Ignore redundant display event 0/4 to 10818/10817
01-06 16:02:50.186  2321  3572 D DisplayManagerService: Ignore redundant display event 0/4 to 10496/12309
01-06 16:02:50.186  2321  3572 D DisplayManagerService: Ignore redundant display event 0/4 to 10162/18459
01-06 16:02:50.186  2321  3572 D DisplayManagerService: Ignore redundant display event 0/4 to 10106/20655
01-06 16:02:50.186  2321  3572 D DisplayManagerService: Ignore redundant display event 0/4 to 10314/23682
01-06 16:02:50.186  2321  3572 D DisplayManagerService: Ignore redundant display event 0/4 to 10330/30010
01-06 16:02:50.196  2321  3641 I OplusDisplayBrightnessSmoothModel: getNextChange:0.016552107, deltaY:5.266641 mNormalMaxBrightness: 8191.0
01-06 16:02:50.196  2321  3641 I OplusDisplayBrightnessSmoothModel: getNextChange:0.016552107, deltaY:5.266641 mNormalMaxBrightness: 8191.0
01-06 16:02:50.205  2321  3641 D DpcExtImpl[0]: onchange selfChange=false state=ON uri=content://settings/system/screen_brightness
01-06 16:02:50.213  2321  3641 I OplusDisplayBrightnessSmoothModel: getNextChange:0.016542181, deltaY:4.0026565 mNormalMaxBrightness: 8191.0
01-06 16:02:50.213  2321  3641 I OplusDisplayBrightnessSmoothModel: getNextChange:0.016542181, deltaY:4.0026565 mNormalMaxBrightness: 8191.0
01-06 16:02:50.221  2321  3641 D DpcExtImpl[0]: onchange selfChange=false state=ON uri=content://settings/system/screen_brightness
01-06 16:02:50.229  2321  3641 I OplusDisplayBrightnessSmoothModel: getNextChange:0.01657111, deltaY:3.0420706 mNormalMaxBrightness: 8191.0
01-06 16:02:50.229  2321  3641 I OplusDisplayBrightnessSmoothModel: getNextChange:0.01657111, deltaY:3.0420706 mNormalMaxBrightness: 8191.0
01-06 16:02:50.235  2321  3641 D DpcExtImpl[0]: onchange selfChange=false state=ON uri=content://settings/system/screen_brightness
01-06 16:02:50.247  2321  3641 I OplusDisplayBrightnessSmoothModel: getNextChange:0.016547946, deltaY:2.3119924 mNormalMaxBrightness: 8191.0
01-06 16:02:50.247  2321  3641 I OplusDisplayBrightnessSmoothModel: getNextChange:0.016547946, deltaY:2.3119924 mNormalMaxBrightness: 8191.0
01-06 16:02:50.255  2321  3641 D DpcExtImpl[0]: onchange selfChange=false state=ON uri=content://settings/system/screen_brightness
01-06 16:02:50.262  2321  3641 I OplusDisplayBrightnessSmoothModel: getNextChange:0.016547268, deltaY:1.7571095 mNormalMaxBrightness: 8191.0
01-06 16:02:50.262  2321  3641 I OplusDisplayBrightnessSmoothModel: getNextChange:0.016547268, deltaY:1.7571095 mNormalMaxBrightness: 8191.0
01-06 16:02:50.266  2321  3641 D DpcExtImpl[0]: onchange selfChange=false state=ON uri=content://settings/system/screen_brightness
01-06 16:02:50.279  2321  3641 I OplusDisplayBrightnessSmoothModel: getNextChange:0.016546946, deltaY:1.3353516 mNormalMaxBrightness: 8191.0
01-06 16:02:50.279  2321  3641 I OplusDisplayBrightnessSmoothModel: getNextChange:0.016546946, deltaY:1.3353516 mNormalMaxBrightness: 8191.0
01-06 16:02:50.283  2321  3641 D DpcExtImpl[0]: onchange selfChange=false state=ON uri=content://settings/system/screen_brightness
01-06 16:02:50.295  2321  3641 I OplusDisplayBrightnessSmoothModel: getNextChange:0.016555712, deltaY:1.2 mNormalMaxBrightness: 8191.0
01-06 16:02:50.295  2321  3641 I OplusDisplayBrightnessSmoothModel: getNextChange:0.016555712, deltaY:1.2 mNormalMaxBrightness: 8191.0
01-06 16:02:50.303  2321  3641 D DpcExtImpl[0]: onchange selfChange=false state=ON uri=content://settings/system/screen_brightness
01-06 16:02:50.312  2321  3641 I OplusDisplayBrightnessSmoothModel: getNextChange:0.016557664, deltaY:1.2 mNormalMaxBrightness: 8191.0
01-06 16:02:50.313  2321  3641 I OplusDisplayBrightnessSmoothModel: getNextChange:0.016557664, deltaY:1.2 mNormalMaxBrightness: 8191.0
01-06 16:02:50.319  2321  3641 D DpcExtImpl[0]: onchange selfChange=false state=ON uri=content://settings/system/screen_brightness
01-06 16:02:50.329  2321  3641 I OplusDisplayBrightnessSmoothModel: getNextChange:0.016551172, deltaY:1.2 mNormalMaxBrightness: 8191.0
01-06 16:02:50.329  2321  3641 I OplusDisplayBrightnessSmoothModel: getNextChange:0.016551172, deltaY:1.2 mNormalMaxBrightness: 8191.0
01-06 16:02:50.334  2321  3641 D DpcExtImpl[0]: onchange selfChange=false state=ON uri=content://settings/system/screen_brightness
01-06 16:02:50.345  2321  3641 D OplusFeatureHDREnhanceBrightness: setAnimating : displayId[0]=false
01-06 16:02:50.345  2321  3641 D OplusFeatureReduceBrightness: setAnimating : animating = false
01-06 16:02:50.345  2321  3641 D OplusFeatureEdrEnhanceBrightness: setAnimating: false
01-06 16:02:50.345  2321  3641 D OplusFeaturePwEdrEnhanceBrightness: setAnimating: false
01-06 16:02:50.350  2321  3641 D DpcExtImpl[0]: onchange selfChange=false state=ON uri=content://settings/system/screen_brightness
01-06 16:02:50.372  2321  5867 W UriGrantsManagerService: No permission grants found for com.google.android.apps.photos
01-06 16:02:50.373  2321  5727 W UriGrantsManagerService: No permission grants found for com.google.android.apps.photos
01-06 16:02:50.425  2321  5867 D CompatibilityChangeReporter: Compat change id reported: 261072174; UID 10808; state: DISABLED
01-06 16:02:50.427 25679 25679 I Quality : ActivityThread: createOrUpdateClassLoaderLocked delay 962 com.juanvision.eseecloud30 25679
01-06 16:02:50.554 25679 25679 D ResourcesManagerExtImpl: applyConfigurationToAppResourcesLocked app.getDisplayId() return callback.displayId:-1
01-06 16:02:50.654  2321  5728 W ActivityManager: Unable to start service Intent { act=com.google.android.gms.ads.identifier.service.START pkg=com.google.android.gms mCallingUid=10488 } U=0: not found
01-06 16:02:50.667  2321  5229 D CompatibilityChangeReporter: Compat change id reported: 261072174; UID 10488; state: ENABLED
01-06 16:02:50.686  2321  5863 D CompatibilityChangeReporter: Compat change id reported: 161252188; UID 10106; state: DISABLED
01-06 16:02:50.687  2321  5863 D CompatibilityChangeReporter: Compat change id reported: 261072174; UID 10106; state: ENABLED
01-06 16:02:50.695  2321  5863 D CompatibilityChangeReporter: Compat change id reported: 170503758; UID 10106; state: ENABLED
01-06 16:02:50.695  2321  5965 D OplusSplitScreenManagerService: com.android.launcher supportsSplitScreen by forceResizable activity return:true
01-06 16:02:50.695  2321  5965 D OplusSplitScreenManagerService: com.android.launcher supportsSplitScreen by forceResizable activity return:false
01-06 16:02:50.699  2321  3785 W JobScheduler.JobStatus: Exempted app com.android.vending considered buggy
01-06 16:02:50.699  2321  3785 W JobScheduler.JobStatus: Exempted app com.android.vending considered buggy
01-06 16:02:50.699  2321  3785 W JobScheduler.JobStatus: Exempted app com.android.vending considered buggy
01-06 16:02:50.699  2321  3785 W JobScheduler.JobStatus: Exempted app com.android.vending considered buggy
01-06 16:02:50.699  2321  3785 W JobScheduler.JobStatus: Exempted app com.android.vending considered buggy
01-06 16:02:50.699  2321  3785 W JobScheduler.JobStatus: Exempted app com.android.vending considered buggy
01-06 16:02:50.699  2321  3785 W JobScheduler.JobStatus: Exempted app com.android.vending considered buggy
01-06 16:02:50.699  2321  3785 W JobScheduler.JobStatus: Exempted app com.android.vending considered buggy
01-06 16:02:50.699  2321  3785 W JobScheduler.JobStatus: Exempted app com.android.vending considered buggy
01-06 16:02:50.699  2321  3785 W JobScheduler.JobStatus: Exempted app com.android.vending considered buggy
01-06 16:02:50.700  2321  3785 W JobScheduler.JobStatus: Exempted app com.android.vending considered buggy
01-06 16:02:50.700  2321  3785 W JobScheduler.JobStatus: Exempted app com.android.vending considered buggy
01-06 16:02:50.700  2321  3785 W JobScheduler.JobStatus: Exempted app com.android.vending considered buggy
01-06 16:02:50.700  2321  3785 D CompatibilityChangeReporter: Compat change id reported: 265195908; UID 10106; state: ENABLED
01-06 16:02:50.700  2321  3785 W JobScheduler.JobStatus: Exempted app com.android.vending considered buggy
01-06 16:02:50.700  2321  3785 W JobScheduler.JobStatus: Exempted app com.android.vending considered buggy
01-06 16:02:50.700  2321  3785 W JobScheduler.JobStatus: Exempted app com.android.vending considered buggy
01-06 16:02:50.700  2321  3785 W JobScheduler.JobStatus: Exempted app com.android.vending considered buggy
01-06 16:02:50.700  2321  3785 W JobScheduler.JobStatus: Exempted app com.android.vending considered buggy
01-06 16:02:50.700  2321  3785 W JobScheduler.JobStatus: Exempted app com.android.vending considered buggy
01-06 16:02:50.700  2321  3785 W JobScheduler.JobStatus: Exempted app com.android.vending considered buggy
01-06 16:02:50.700  2321  3785 W JobScheduler.JobStatus: Exempted app com.android.vending considered buggy
01-06 16:02:50.700  2321  3785 W JobScheduler.JobStatus: Exempted app com.android.vending considered buggy
01-06 16:02:50.700  2321  3785 W JobScheduler.JobStatus: Exempted app com.android.vending considered buggy
01-06 16:02:50.700  2321  3785 W JobScheduler.JobStatus: Exempted app com.android.vending considered buggy
01-06 16:02:50.700  2321  3785 W JobScheduler.JobStatus: Exempted app com.android.vending considered buggy
01-06 16:02:50.700  2321  3785 W JobScheduler.JobStatus: Exempted app com.android.vending considered buggy
01-06 16:02:50.701  2321  3785 W JobScheduler.JobStatus: Exempted app com.android.vending considered buggy
01-06 16:02:50.701  2321  3785 W JobScheduler.JobStatus: Exempted app com.android.vending considered buggy
01-06 16:02:50.701  2321  3785 W JobScheduler.JobStatus: Exempted app com.android.vending considered buggy
01-06 16:02:50.701  2321  3785 W JobScheduler.JobStatus: Exempted app com.android.vending considered buggy
01-06 16:02:50.701  2321  3785 W JobScheduler.JobStatus: Exempted app com.android.vending considered buggy
01-06 16:02:50.701  2321  3785 W JobScheduler.JobStatus: Exempted app com.android.vending considered buggy
01-06 16:02:50.701  2321  3785 W JobScheduler.JobStatus: Exempted app com.android.vending considered buggy
01-06 16:02:50.701  2321  3785 W JobScheduler.JobStatus: Exempted app com.android.vending considered buggy
01-06 16:02:50.701  2321  3785 W JobScheduler.JobStatus: Exempted app com.android.vending considered buggy
01-06 16:02:50.701  2321  3785 W JobScheduler.JobStatus: Exempted app com.android.vending considered buggy
01-06 16:02:50.701  2321  3785 W JobScheduler.JobStatus: Exempted app com.android.vending considered buggy
01-06 16:02:50.701  2321  3785 W JobScheduler.JobStatus: Exempted app com.android.vending considered buggy
01-06 16:02:50.701  2321  3785 W JobScheduler.JobStatus: Exempted app com.android.vending considered buggy
01-06 16:02:50.701  2321  3785 W JobScheduler.JobStatus: Exempted app com.android.vending considered buggy
01-06 16:02:50.701  2321  3785 W JobScheduler.JobStatus: Exempted app com.android.vending considered buggy
01-06 16:02:50.701  2321  3785 W JobScheduler.JobStatus: Exempted app com.android.vending considered buggy
01-06 16:02:50.701  2321  3785 W JobScheduler.JobStatus: Exempted app com.android.vending considered buggy
01-06 16:02:50.701  2321  3785 W JobScheduler.JobStatus: Exempted app com.android.vending considered buggy
01-06 16:02:50.701  2321  3785 W JobScheduler.JobStatus: Exempted app com.android.vending considered buggy
01-06 16:02:50.701  2321  3785 W JobScheduler.JobStatus: Exempted app com.android.vending considered buggy
01-06 16:02:50.701  2321  3785 W JobScheduler.JobStatus: Exempted app com.android.vending considered buggy
01-06 16:02:50.701  2321  3785 W JobScheduler.JobStatus: Exempted app com.android.vending considered buggy
01-06 16:02:50.701  2321  3785 W JobScheduler.JobStatus: Exempted app com.android.vending considered buggy
01-06 16:02:50.701  2321  3785 W JobScheduler.JobStatus: Exempted app com.android.vending considered buggy
01-06 16:02:50.701  2321  3785 W JobScheduler.JobStatus: Exempted app com.android.vending considered buggy
01-06 16:02:50.701  2321  3785 W JobScheduler.JobStatus: Exempted app com.android.vending considered buggy
01-06 16:02:50.701  2321  3785 W JobScheduler.JobStatus: Exempted app com.android.vending considered buggy
01-06 16:02:50.701  2321  3785 W JobScheduler.JobStatus: Exempted app com.android.vending considered buggy
01-06 16:02:50.702  2321  3785 W JobScheduler.JobStatus: Exempted app com.android.vending considered buggy
01-06 16:02:50.702  2321  3785 W JobScheduler.JobStatus: Exempted app com.android.vending considered buggy
01-06 16:02:50.702  2321  3785 W JobScheduler.JobStatus: Exempted app com.android.vending considered buggy
01-06 16:02:50.702  2321  3785 W JobScheduler.JobStatus: Exempted app com.android.vending considered buggy
01-06 16:02:50.702  2321  3785 W JobScheduler.JobStatus: Exempted app com.android.vending considered buggy
01-06 16:02:50.702  2321  3785 W JobScheduler.JobStatus: Exempted app com.android.vending considered buggy
01-06 16:02:50.702  2321  3785 W JobScheduler.JobStatus: Exempted app com.android.vending considered buggy
01-06 16:02:50.791  2321  5727 W PackageManager: package com.juanvision.eseecloud30 uid 10488 pid 25679 call SetEnabledSetting(com.juanvision.eseecloud30 component = androidx.work.impl.background.systemjob.SystemJobService, 1, 0)
01-06 16:02:50.892  2321  3643 D OplusSmartBrightnessController: handleMessage MSG_LUX_CHANGED, mLux:283.00235 luxQueue=[283.0, 284.0, 282.0, 282.0, 282.0, 285.0]
01-06 16:02:50.922  2321  3909 D PowerManagerService: userActivityNoUpdateLocked: groupId=0, eventTime=175291023, event=touch, flags=0x0, uid=1000
01-06 16:02:50.923  2321  5965 D CompatibilityChangeReporter: Compat change id reported: 161145287; UID 10488; state: ENABLED
01-06 16:02:50.925  2321  5965 I OplusJoystickManager: read game pad state for game manager -> false
01-06 16:02:50.925  2321  5965 W OplusJoystickManager: mInterceptGamepadKey is false
01-06 16:02:50.926  2321  5965 D OplusCustomizeRestrictionManagerService: isLongPressVolumeUpDisabled start
01-06 16:02:50.927  2321  5965 E OplusCustomizeRestrictionManagerService: isHomeButtonDisabled start
01-06 16:02:50.927  2321  5965 D StrategyBlackscreenshot: notifyKeyBeforeQueueing, event=KeyEvent { action=ACTION_DOWN, keyCode=KEYCODE_HOME, scanCode=0, metaState=0, flags=0x48, repeatCount=0, eventTime=175291025000000, downTime=175291025000000, deviceId=-1, source=0x101, displayId=0 }, interactive=true
01-06 16:02:50.927  2321  3909 D PowerManagerService: userActivityNoUpdateLocked: groupId=0, eventTime=175291025, event=button, flags=0x0, uid=1000
01-06 16:02:50.928  2321  3909 D OplusCustomizeRestrictionManagerService: isLongPressVolumeUpDisabled start
01-06 16:02:51.023  2321  5229 I OplusJoystickManager: read game pad state for game manager -> false
01-06 16:02:51.023  2321  5229 W OplusJoystickManager: mInterceptGamepadKey is false
01-06 16:02:51.023  2321  5229 D OplusCustomizeRestrictionManagerService: isLongPressVolumeUpDisabled start
01-06 16:02:51.025  2321  5229 D StrategyBlackscreenshot: notifyKeyBeforeQueueing, event=KeyEvent { action=ACTION_UP, keyCode=KEYCODE_HOME, scanCode=0, metaState=0, flags=0x48, repeatCount=0, eventTime=175291125000000, downTime=175291025000000, deviceId=-1, source=0x101, displayId=0 }, interactive=true
01-06 16:02:51.026  2321  3909 D PowerManagerService: userActivityNoUpdateLocked: groupId=0, eventTime=175291125, event=button, flags=0x0, uid=1000
01-06 16:02:51.026  2321  3909 D OplusCustomizeRestrictionManagerService: isLongPressVolumeUpDisabled start
01-06 16:02:51.032  2321  3909 D PowerManagerService: userActivityNoUpdateLocked: groupId=0, eventTime=175291134, event=other, flags=0x0, uid=1000
01-06 16:02:51.037  2321  3909 D OplusNewFeaturesDisplayingManager: markedToDisplayNewFeatures=false, markedToDisplayNewPolicies=false, welcomePageExists=true
01-06 16:02:51.074  2321  3909 D ActivityStarterExtImpl: setForceUpdateWindow, targetTask = Task{c41f4c5 #5 type=home I=com.android.launcher/.Launcher} r = ActivityRecord{644f42b u0 com.android.launcher/.Launcher notFinish =false
01-06 16:02:51.074  2321  3909 D FlexibleTaskController: adjustOptionsForFlexibleTask skip adjust options reason:2
01-06 16:02:51.076  2321  3909 D FlexibleTaskController: shouldKeepFlexibleTask flexibleTask not active.
01-06 16:02:51.076  2321  3909 I TaskFragmentExtImpl: reset pause in recents anim for mTaskFragment: Task{c41f4c5 #5 type=home I=com.android.launcher/.Launcher}
01-06 16:02:51.077  2321  3909 W OplusZoomTaskController: notifySystemEvent event = 1
01-06 16:02:51.078  2321  3909 D OplusZoomWindowManagerService: updateZoomStack: start home activity, just return 
01-06 16:02:51.082  2321  3909 D ActivityStarterExtImpl: 0 is MirageDisplayId:false
01-06 16:02:51.082  2321  3909 D WindowManager: setKeyguardOccludedLw occluded=false,false,false
01-06 16:02:51.082  2321  3909 D OplusSplitScreenManagerService: com.android.launcher supportsSplitScreen by forceResizable activity return:true
01-06 16:02:51.082  2321  3909 D OplusSplitScreenManagerService: com.android.launcher supportsSplitScreen by forceResizable activity return:false
01-06 16:02:51.082  2321  3909 D OplusSplitScreenManagerService: com.android.launcher supportsSplitScreen by forceResizable activity return:true
01-06 16:02:51.082  2321  3909 D OplusSplitScreenManagerService: com.android.launcher supportsSplitScreen by forceResizable activity return:false
01-06 16:02:51.083  2321  3909 I ActivityTaskManager: START u0 {act=android.intent.action.MAIN cat=[android.intent.category.HOME] flg=0x10000100 cmp=com.android.launcher/.Launcher (has extras) mCallingUid=1000} with LAUNCH_SINGLE_TASK from uid 0 (BAL_ALLOW_ALLOWLISTED_UID) result code=3
01-06 16:02:51.086  2321  3572 D OplusInterceptLockScreenWindow: starting IOplusLockScreenCallbacks service...
01-06 16:02:51.089  4230  4357 D WindowManagerShell: UNKNOWN MESSAGE (826113962) ComponentInfo{com.android.launcher/com.android.launcher.Launcher}
01-06 16:02:51.090  5280  5280 D ActivityThread: ComponentInfo{com.android.launcher/com.android.launcher.Launcher} checkFinished=false 4
01-06 16:02:51.090  5280  5280 D ResourcesManagerExtImpl: applyConfigurationToAppResourcesLocked app.getDisplayId() return callback.displayId:0
01-06 16:02:51.095  5280  5280 D VRI[Launcher]: relayoutWindow result, sizeChanged:false, surfaceControlChanged:false, transformHintChanged:false, mSurfaceSize:Point(1080, 2400), mLastSurfaceSize:Point(1080, 2400), mWidth:1080, mHeight:2400, requestedWidth:1080, requestedHeight:2400, transformHint:0, lastTransformHint:0, installOrientation:0, displayRotation:0, isSurfaceValid:true, attr.flag:-2121203456, useBlast:true, tmpFrames:ClientWindowFrames{frame=[0,0][1080,2400] display=[0,0][1080,2400] parentFrame=[0,0][1080,2400]}
01-06 16:02:51.095  5280  5280 W VRI[Launcher]: updateBlastSurfaceIfNeeded, surfaceSize:Point(1080, 2400), lastSurfaceSize:Point(1080, 2400), format:-2, blastBufferQueue:android.graphics.BLASTBufferQueue@2487fce
01-06 16:02:51.096  2321  5867 D WindowManagerServiceExtImpl: extractConfigInfoAndRealFlags rotation=0, screenDp=360, win=Window{2f6362b u0 com.android.launcher/com.android.launcher.Launcher}
01-06 16:02:51.096  2321  5867 V WindowManager: Relayout Window{2f6362b u0 com.android.launcher/com.android.launcher.Launcher}: viewVisibility=0, oldvis=0, req=1080x2400, vsysui=LAYOUT_STABLE LAYOUT_HIDE_NAVIGATION LAYOUT_FULLSCREEN
01-06 16:02:51.100  2321  5867 D WindowManagerServiceExtImpl: changeFocusForce Window{2f6362b u0 com.android.launcher/com.android.launcher.Launcher} ar ActivityRecord{1a4875b u0 com.android.launcher/.Launcher t5}
01-06 16:02:51.101  2321  5417 D OplusSplitScreenManagerService: com.android.launcher supportsSplitScreen by forceResizable activity return:true
01-06 16:02:51.101  2321  5417 D OplusSplitScreenManagerService: com.android.launcher supportsSplitScreen by forceResizable activity return:false
01-06 16:02:51.266  2321  5727 W UriGrantsManagerService: No permission grants found for com.google.android.apps.photos
01-06 16:02:51.267  2321  5727 W UriGrantsManagerService: No permission grants found for com.google.android.apps.photos
01-06 16:02:51.575  2321  5417 D CompatibilityChangeReporter: Compat change id reported: 168936375; UID 10488; state: ENABLED
01-06 16:02:51.635  2321  3909 D PowerManagerService: userActivityNoUpdateLocked: groupId=0, eventTime=175291735, event=touch, flags=0x0, uid=1000
01-06 16:02:51.653  2321  5417 W ActivityManager: Unable to start service Intent { act=com.google.android.gms.ads.identifier.service.START pkg=com.google.android.gms mCallingUid=10488 } U=0: not found
01-06 16:02:51.679 25679 25679 I Quality : ActivityThread: callApplicationOnCreate delay 843 com.juanvision.eseecloud30 25679
01-06 16:02:51.680  2321  5863 I ActivityManager: Flag disabled. Ignoring finishAttachApplication from uid: 10488. pid: 25679
01-06 16:02:51.683  2321  3599 D OplusSplitScreenManagerService: com.android.launcher supportsSplitScreen by forceResizable activity return:true
01-06 16:02:51.683  2321  3599 D OplusSplitScreenManagerService: com.android.launcher supportsSplitScreen by forceResizable activity return:false
01-06 16:02:51.693  2321  5417 D VRR [OPlusExternalRefreshRateManager]: isPkgTfcEnable: pkgName = com.juanvision.eseecloud30, enable = false
01-06 16:02:51.693  2321  5417 D VRR [OPlusExternalRefreshRateManager]: getTfcMinFramerate: pkgName = com.juanvision.eseecloud30, min framerate = 0
01-06 16:02:51.741  2321  3909 D PowerManagerService: userActivityNoUpdateLocked: groupId=0, eventTime=175291842, event=touch, flags=0x0, uid=1000
01-06 16:02:51.752  2321  3599 D OplusSplitScreenManagerService: com.android.launcher supportsSplitScreen by forceResizable activity return:true
01-06 16:02:51.753  2321  3599 D OplusSplitScreenManagerService: com.android.launcher supportsSplitScreen by forceResizable activity return:false
01-06 16:02:51.761  2321  5867 W ActivityManager: Unable to start service Intent { act=com.google.android.gms.ads.identifier.service.START pkg=com.google.android.gms mCallingUid=10488 } U=0: not found
01-06 16:02:51.771  2321  3599 D OplusSplitScreenManagerService: com.android.launcher supportsSplitScreen by forceResizable activity return:true
01-06 16:02:51.771  2321  3599 D OplusSplitScreenManagerService: com.android.launcher supportsSplitScreen by forceResizable activity return:false
01-06 16:02:51.772  2321  4069 D OplusSplitScreenManagerService: com.android.launcher supportsSplitScreen by forceResizable activity return:true
01-06 16:02:51.772  2321  4069 D OplusSplitScreenManagerService: com.android.launcher supportsSplitScreen by forceResizable activity return:false
01-06 16:02:51.775  2321  4069 D OplusSplitScreenManagerService: com.android.launcher supportsSplitScreen by forceResizable activity return:true
01-06 16:02:51.775  2321  4069 D OplusSplitScreenManagerService: com.android.launcher supportsSplitScreen by forceResizable activity return:false
01-06 16:02:51.840  2321  5417 W ActivityManager: Unable to start service Intent { act=com.google.android.gms.ads.identifier.service.START pkg=com.google.android.gms mCallingUid=10488 } U=0: not found
01-06 16:02:51.852  2321  5417 W ActivityManager: Unable to start service Intent { act=com.google.android.gms.ads.identifier.service.START pkg=com.google.android.gms mCallingUid=10488 } U=0: not found
01-06 16:02:51.870  2321  5417 W UriGrantsManagerService: No permission grants found for com.google.android.apps.photos
01-06 16:02:51.871  2321  5417 W UriGrantsManagerService: No permission grants found for com.google.android.apps.photos
01-06 16:02:51.881  2321  5728 W ActivityManager: Unable to start service Intent { act=com.google.android.gms.ads.identifier.service.START pkg=com.google.android.gms mCallingUid=10488 } U=0: not found
01-06 16:02:51.890  2321  5417 W ActivityManager: Unable to start service Intent { act=com.google.android.gms.ads.identifier.service.START pkg=com.google.android.gms mCallingUid=10488 } U=0: not found
01-06 16:02:51.898  2321  5417 W ActivityManager: Unable to start service Intent { act=com.google.android.gms.ads.identifier.service.START pkg=com.google.android.gms mCallingUid=10488 } U=0: not found
01-06 16:02:51.917  2321  5417 D OplusSplitScreenManagerService: com.android.launcher supportsSplitScreen by forceResizable activity return:true
01-06 16:02:51.917  2321  5417 D OplusSplitScreenManagerService: com.android.launcher supportsSplitScreen by forceResizable activity return:false
01-06 16:02:51.917  2321  5417 D OplusSplitScreenManagerService: com.android.launcher supportsSplitScreen by forceResizable activity return:true
01-06 16:02:51.917  2321  5417 D OplusSplitScreenManagerService: com.android.launcher supportsSplitScreen by forceResizable activity return:false
01-06 16:02:51.925  2321  5417 W ActivityManager: Unable to start service Intent { act=com.google.android.gms.ads.identifier.service.START pkg=com.google.android.gms mCallingUid=10488 } U=0: not found
01-06 16:02:51.932  2321  5417 W UriGrantsManagerService: No permission grants found for com.google.android.apps.photos
01-06 16:02:51.935  2321  5417 W ProcessStats: Tracking association SourceState{42cc69d com.google.android.gms/10104 BTop #477714} whose proc state 2 is better than process ProcessState{2ca6607 com.google.android.gms.persistent/10104 pkg=com.google.android.gms} proc state 3 (2031 skipped)
01-06 16:02:51.936  2321  5728 W UriGrantsManagerService: No permission grants found for com.google.android.apps.photos
01-06 16:02:51.966  2321  3909 D PowerManagerService: userActivityNoUpdateLocked: groupId=0, eventTime=175292065, event=touch, flags=0x0, uid=1000
01-06 16:02:51.997  2321  3599 D OplusSplitScreenManagerService: com.android.launcher supportsSplitScreen by forceResizable activity return:true
01-06 16:02:51.998  2321  3599 D OplusSplitScreenManagerService: com.android.launcher supportsSplitScreen by forceResizable activity return:false
01-06 16:02:52.040  2321  5738 W ActivityManager: Unable to start service Intent { act=com.google.android.gms.ads.identifier.service.START pkg=com.google.android.gms mCallingUid=10488 } U=0: not found
01-06 16:02:52.044  2321  5965 W UriGrantsManagerService: No permission grants found for com.google.android.apps.photos
01-06 16:02:52.045  2321  5965 W UriGrantsManagerService: No permission grants found for com.google.android.apps.photos
01-06 16:02:52.071  2321  3909 D PowerManagerService: userActivityNoUpdateLocked: groupId=0, eventTime=175292173, event=touch, flags=0x0, uid=1000
01-06 16:02:52.072  2321  3599 D OplusSplitScreenManagerService: com.android.launcher supportsSplitScreen by forceResizable activity return:true
01-06 16:02:52.073  2321  3599 D OplusSplitScreenManagerService: com.android.launcher supportsSplitScreen by forceResizable activity return:false
01-06 16:02:52.073  2321  3599 D OplusSplitScreenManagerService: com.android.launcher supportsSplitScreen by forceResizable activity return:true
01-06 16:02:52.074  2321  3599 D OplusSplitScreenManagerService: com.android.launcher supportsSplitScreen by forceResizable activity return:false
01-06 16:02:52.110  2321  5738 W UriGrantsManagerService: No permission grants found for com.google.android.apps.photos
01-06 16:02:52.111  2321  5738 W UriGrantsManagerService: No permission grants found for com.google.android.apps.photos
01-06 16:02:52.387  2321  3909 D PowerManagerService: userActivityNoUpdateLocked: groupId=0, eventTime=175292488, event=touch, flags=0x0, uid=1000
01-06 16:02:52.436  2321  3599 D OplusSplitScreenManagerService: com.android.launcher supportsSplitScreen by forceResizable activity return:true
01-06 16:02:52.436  2321  3599 D OplusSplitScreenManagerService: com.android.launcher supportsSplitScreen by forceResizable activity return:false
01-06 16:02:52.493  2321  3909 D PowerManagerService: userActivityNoUpdateLocked: groupId=0, eventTime=175292595, event=touch, flags=0x0, uid=1000
01-06 16:02:52.512  2321  3599 D OplusSplitScreenManagerService: com.android.launcher supportsSplitScreen by forceResizable activity return:true
01-06 16:02:52.512  2321  3599 D OplusSplitScreenManagerService: com.android.launcher supportsSplitScreen by forceResizable activity return:false
01-06 16:02:52.512  2321  3599 D OplusSplitScreenManagerService: com.android.launcher supportsSplitScreen by forceResizable activity return:true
01-06 16:02:52.513  2321  3599 D OplusSplitScreenManagerService: com.android.launcher supportsSplitScreen by forceResizable activity return:false
01-06 16:02:52.700  2321  9539 I ActivityManager: Process com.google.android.partnersetup (pid 25321) has died: cch+5 CEM 
01-06 16:02:52.705  2321  3570 D DisplayManagerService: Drop pending events for gone uid 10101
01-06 16:02:52.706  2321  4236 E OAPM    : activity preload is not enabled
01-06 16:02:52.709  2321  4117 D OplusSplitScreenManagerService: com.android.launcher supportsSplitScreen by forceResizable activity return:true
01-06 16:02:52.709  2321  4117 D OplusSplitScreenManagerService: com.android.launcher supportsSplitScreen by forceResizable activity return:false
01-06 16:02:52.711  2321 10616 I ActivityManager: Process com.google.process.gapps (pid 25518) has died: cch+15 CEM 
01-06 16:02:52.724  2321 10616 W ActivityManager: Process 23636 does not match uid 10808 ignore setting hits oom adj
01-06 16:02:52.736  2321  4406 I ActivityManager: Process com.instander.android (pid 23636) has died: cch+15 CEM 
01-06 16:02:53.088  2321  3643 D OplusSmartBrightnessController: handleMessage MSG_LUX_CHANGED, mLux:279.8793 luxQueue=[283.0, 282.0, 282.0, 281.0, 281.0, 278.0, 272.0]
01-06 16:02:53.232  2321  3909 D PowerManagerService: userActivityNoUpdateLocked: groupId=0, eventTime=175293331, event=touch, flags=0x0, uid=1000
01-06 16:02:53.255  6077  8736 I iopgp   : Iopgp: TRANSACTION_IOPGP_ON_KEY_DOWN sequence_id = 64 pkg_name = org.psyhackers.Ashera isProfile = 0
01-06 16:02:53.257  6077  8736 I iopgp   : Iopgp: TRANSACTION_IOPGP_ON_INTENT_STARTED sequence_id = 64 pkg_name = org.psyhackers.Ashera class_name = org.psyhackers.Ashera.MainActivity
01-06 16:02:53.258  2321  5965 D OplusOsPackageManager: removePkgFromNotLaunchedList org.psyhackers.Ashera
01-06 16:02:53.260  2321  5965 D MultiApp.CMAService: changeIntentIfNeed --- from launcher
01-06 16:02:53.261  2321  5965 D CompatibilityChangeReporter: Compat change id reported: 265464455; UID 10771; state: DISABLED
01-06 16:02:53.261  2321  5965 D CompatibilityChangeReporter: Compat change id reported: 265452344; UID 10771; state: DISABLED
01-06 16:02:53.261  2321  5965 D CompatibilityChangeReporter: Compat change id reported: 266124927; UID 10771; state: DISABLED
01-06 16:02:53.261  2321  5965 D CompatibilityChangeReporter: Compat change id reported: 265451093; UID 10771; state: DISABLED
01-06 16:02:53.262  2321  5965 D CompatibilityChangeReporter: Compat change id reported: 265456536; UID 10771; state: DISABLED
01-06 16:02:53.262  2321  5965 D CompatibilityChangeReporter: Compat change id reported: 255940284; UID 10771; state: DISABLED
01-06 16:02:53.262  2321  5965 D CompatibilityChangeReporter: Compat change id reported: 236283604; UID 10771; state: DISABLED
01-06 16:02:53.262  2321  5965 D CompatibilityChangeReporter: Compat change id reported: 263959004; UID 10771; state: DISABLED
01-06 16:02:53.262  2321  5965 D CompatibilityChangeReporter: Compat change id reported: 264304459; UID 10771; state: DISABLED
01-06 16:02:53.262  2321  5965 D CompatibilityChangeReporter: Compat change id reported: 264301586; UID 10771; state: DISABLED
01-06 16:02:53.262  2321  5965 D CompatibilityChangeReporter: Compat change id reported: 254631730; UID 10771; state: DISABLED
01-06 16:02:53.262  2321  5965 D CompatibilityChangeReporter: Compat change id reported: 273509367; UID 10771; state: DISABLED
01-06 16:02:53.262  2321  5965 D CompatibilityChangeReporter: Compat change id reported: 263259275; UID 10771; state: DISABLED
01-06 16:02:53.263  2321  5965 D CompatibilityChangeReporter: Compat change id reported: 174042980; UID 10771; state: DISABLED
01-06 16:02:53.263  2321  5965 D CompatibilityChangeReporter: Compat change id reported: 174042936; UID 10771; state: DISABLED
01-06 16:02:53.263  2321  5965 D CompatibilityChangeReporter: Compat change id reported: 181136395; UID 10771; state: DISABLED
01-06 16:02:53.265  6077  6077 D iopgp   : cannot find a compiledtrace, need to start tracing on intentstart.
01-06 16:02:53.270  6077  6077 D iopgp   : Create Perfetto handle 18
01-06 16:02:53.281  2321  5965 D CompatibilityChangeReporter: Compat change id reported: 194480991; UID 10771; state: ENABLED
01-06 16:02:53.282  2321  5965 D ActivityStarterExtImpl: do not intercept for realCallingAppIsHomeApp or CallingAppIsHomeApp
01-06 16:02:53.284  2321  5965 D FlexibleTaskController: adjustOptionsForFlexibleTask skip adjust options reason:2
01-06 16:02:53.284  2321  5965 D FlexibleWindowManager: no reused task found for ActivityRecord{82d07d9 u0 org.psyhackers.Ashera/.MainActivity
01-06 16:02:53.298  2321  5965 I OplusScreenSecurityMask: onStackAdded task = Task{593104c #4784 type=standard} record = null displayId = 0
01-06 16:02:53.299  2321  5965 I OplusScreenSecurityMask: onStackAdded task = Task{593104c #4784 type=standard A=10771:org.psyhackers.Ashera} record = null displayId = 0
01-06 16:02:53.300  2321  5965 D CompatibilityChangeReporter: Compat change id reported: 184838306; UID 10771; state: DISABLED
01-06 16:02:53.300  2321  5965 D CompatibilityChangeReporter: Compat change id reported: 185004937; UID 10771; state: DISABLED
01-06 16:02:53.302  2321  5965 D TaskFragmentExtImpl: add ActivityRecord{82d07d9 u0 org.psyhackers.Ashera/.MainActivity t4784} to mActivityRecordSum = Counter{ org.psyhackers.Ashera/.MainActivity(1) }
01-06 16:02:53.302  2321  5965 D OplusSplitScreenManagerService: org.psyhackers.Ashera supportsSplitScreen by forceResizable activity return:true
01-06 16:02:53.302  2321  5965 D OplusSplitScreenManagerService: org.psyhackers.Ashera supportsSplitScreen by forceResizable activity return:true
01-06 16:02:53.303  2321  5965 D OplusStartingWindowManager: reviseWindowFlagsForStarting activityRecord =:ActivityRecord{82d07d9 u0 org.psyhackers.Ashera/.MainActivity t4784}, RUS version:20240715
01-06 16:02:53.304  2321  5965 D ActivityTaskManager: validateStartingWindowTheme:  Pkg=org.psyhackers.Ashera, Translucent=false, Floating=false, ShowWallpaper=false, Disable=false, LaunchSource=2
01-06 16:02:53.304  2321  5965 D ActivityTaskManager: getStartingWindowType: , newTask=true, taskSwitch=true, processRunning=false, allowTaskSnapshot=true, activityCreated=false, activityAllDrawn=false, snapshot=null, record:ActivityRecord{82d07d9 u0 org.psyhackers.Ashera/.MainActivity t4784}
01-06 16:02:53.304  2321  5965 D ActivityRecordExtImpl: handleStartingWindowForCompactWindow origin type:2, adjustType : 2
01-06 16:02:53.304  2321  5965 D OplusSplitScreenManagerService: org.psyhackers.Ashera supportsSplitScreen by forceResizable activity return:true
01-06 16:02:53.307  2321  5965 D OplusZoomWindowRUSConfigManager: isSupportZoomModeWithPolicyLocked: target = org.psyhackers.Ashera/.MainActivity
01-06 16:02:53.307  2321  5965 D OplusZoomWindowRUSConfigManager: targetPkg = org.psyhackers.Ashera
01-06 16:02:53.308  2321  5965 I TaskFragmentExtImpl: hookSetBinderUxFlag:true prev:ActivityRecord{1a4875b u0 com.android.launcher/.Launcher t5}
01-06 16:02:53.308  2321  5965 I TaskFragmentExtImpl: hookSetBinderUxFlag:false prev:ActivityRecord{1a4875b u0 com.android.launcher/.Launcher t5}
01-06 16:02:53.310  2321  5965 D ActivityTaskManager: notifyTaskRemoved, task: Task{7dbbba8 #4777 type=standard A=10771:org.psyhackers.Ashera} trace:com.android.server.wm.RecentTasks.removeForAddTask:1680 com.android.server.wm.RecentTasks.add:1254 com.android.server.wm.ActivityStarter.startActivityInner:2342 com.android.server.wm.ActivityStarter.startActivityUnchecked:1754 com.android.server.wm.ActivityStarter.executeRequest:1538 
01-06 16:02:53.311  2321  5965 D ActivityTaskManager: notifyTaskAdded, task: Task{593104c #4784 type=standard A=10771:org.psyhackers.Ashera} trace:com.android.server.wm.RecentTasks.add:1269 com.android.server.wm.ActivityStarter.startActivityInner:2342 com.android.server.wm.ActivityStarter.startActivityUnchecked:1754 com.android.server.wm.ActivityStarter.executeRequest:1538 java.lang.reflect.Method.invoke:-2 
01-06 16:02:53.311  2321  5965 D OplusSplitScreenManagerService: org.psyhackers.Ashera supportsSplitScreen by forceResizable activity return:true
01-06 16:02:53.311  2321  5965 D OplusTransitionController: requestStartTransition, requestInfo type: OPEN, remoteTransition: RemoteTransition { remoteTransition = android.window.IRemoteTransition$Stub$Proxy@8da1802, appThread = android.app.IApplicationThread$Stub$Proxy@bb90513, debugName = QuickstepLaunch }, displayChange: null, transition: TransitionRecord{d052350 id=2397 type=OPEN flags=0x0}, caller: com.android.server.wm.TransitionControllerExtImpl.requestStartTransition:41 com.android.server.wm.TransitionController.requestStartTransition:738 com.android.server.wm.ActivityStarter.handleStartResult:1930 com.android.server.wm.ActivityStarter.startActivityUnchecked:1788 com.android.server.wm.ActivityStarter.executeRequest:1538 
01-06 16:02:53.311  2321  5965 D OplusSplitScreenManagerService: org.psyhackers.Ashera supportsSplitScreen by forceResizable activity return:true
01-06 16:02:53.312  2321  5965 D CompatibilityChangeReporter: Compat change id reported: 194833441; UID 10771; state: ENABLED
01-06 16:02:53.312  2321  5965 I ActivityTaskManager: START u0 {act=android.intent.action.MAIN cat=[android.intent.category.LAUNCHER] flg=0x10200000 cmp=org.psyhackers.Ashera/.MainActivity bnds=[842,163][1043,510] (has extras) mCallingUid=10200} with LAUNCH_SINGLE_TASK from uid 10200 (BAL_ALLOW_ALLOWLISTED_COMPONENT) result code=0
01-06 16:02:53.312  4230  4357 V WindowManagerShell: Transition requested: android.os.BinderProxy@e21d3ec TransitionRequestInfo { type = OPEN, triggerTask = TaskInfo{userId=0 taskId=4784 displayId=0 isRunning=true baseIntent=Intent { act=android.intent.action.MAIN cat=[android.intent.category.LAUNCHER] flg=0x10200000 cmp=org.psyhackers.Ashera/.MainActivity mCallingUid=10200 } baseActivity=ComponentInfo{org.psyhackers.Ashera/org.psyhackers.Ashera.MainActivity} topActivity=ComponentInfo{org.psyhackers.Ashera/org.psyhackers.Ashera.MainActivity} origActivity=null realActivity=ComponentInfo{org.psyhackers.Ashera/org.psyhackers.Ashera.MainActivity} numActivities=1 lastActiveTime=189958257 supportsSplitScreenMultiWindow=true supportsMultiWindow=true supportsPocketStudioMultiWindow=true isInFlexibleEmbedded = false uid = 10771 pid = 0 resizeMode=1 isResizeable=true minWidth=-1 minHeight=-1 defaultMinSize=220 token=WCT{android.window.IWindowContainerToken$Stub$Proxy@78153b5} topActivityType=1 pictureInPictureParams=null shouldDockBigOverlays=false launchIntoPipHostTaskId=-1 lastParentTaskIdBeforePip=-1 displayCutoutSafeInsets=Rect(0, 103 - 0, 0) topActivityInfo=ActivityInfo{c8ffa4a org.psyhackers.Ashera.MainActivity} launchCookies=[android.os.BinderProxy@6cc4dbb] positionInParent=Point(0, 0) parentTaskId=-1 isFocused=false isVisible=false isVisibleRequested=false isSleeping=false topActivityInSizeCompat=false topActivityInOplusCompatMode=false topActivityEligibleForLetterboxEducation= false topActivityLetterboxed= false isFromDoubleTap= false topActivityLetterboxVerticalPosition= -1 topActivityLetterboxHorizontalPosition= -1 topActivityLetterboxWidth=-1 topActivityLetterboxHeight=-1 locusId=null displayAreaFeatureId=1 cameraCompatControlState=hidden locusId= null topActivityLetterboxInsets=Rect(0, 0 - 0, 0)}, remoteTransition = RemoteTransition { remoteTransition = android.window.IRemoteTransition$Stub$Proxy@e4e42d8, appThread = android.app.IApplicationThread$Stub$Proxy@ac07631, debugName = QuickstepLaunch }, displayChange = null }
01-06 16:02:53.314  4230  4357 V WindowManagerShell: RemoteTransition directly requested for android.os.BinderProxy@e21d3ec: RemoteTransition { remoteTransition = android.window.IRemoteTransition$Stub$Proxy@e4e42d8, appThread = android.app.IApplicationThread$Stub$Proxy@ac07631, debugName = QuickstepLaunch }
01-06 16:02:53.314  5280  5280 I Quality : Skipped: false 3 cost 57.52456 refreshRate 16546154 bit true processName com.android.launcher
01-06 16:02:53.315  2321  3572 D CompatibilityChangeReporter: Compat change id reported: 135634846; UID 10771; state: DISABLED
01-06 16:02:53.315  2321  3572 D CompatibilityChangeReporter: Compat change id reported: 177438394; UID 10771; state: DISABLED
01-06 16:02:53.315  2321  3572 D CompatibilityChangeReporter: Compat change id reported: 135772972; UID 10771; state: DISABLED
01-06 16:02:53.315  4230  4426 D PhoneStartingWindowTypeAlgorithm: preferredStartingWindowType newTask=true, taskSwitch=true, processRunning=false, allowTaskSnapshot=true, activityCreated=false, isSolidColorSplashScreen=false, legacySplashScreen=false, activityDrawn=false, windowless=false, topIsHome=false
01-06 16:02:53.315  2321  3572 D CompatibilityChangeReporter: Compat change id reported: 135754954; UID 10771; state: ENABLED
01-06 16:02:53.316  2321  3611 D CompatibilityChangeReporter: Compat change id reported: 143937733; UID 10771; state: ENABLED
01-06 16:02:53.319  4230  4426 D OplusShellStartingWindowManager: getReviseStartingWindowType not support, windowInfo is null
01-06 16:02:53.320  6077  8736 I iopgp   : Iopgp: TRANSACTION_IOPGP_ON_ACTIVITY_LAUNCHED sequence_id = 64
01-06 16:02:53.324  2321  3572 D BatteryStatsImplExtImpl: pausedBatteryLevel:44 activityFocusedTimeInMin:0
01-06 16:02:53.324  4230  4426 D OplusShellStartingWindowManager: adjustSuggestedWindowType: skip no-system app and no-exception list app
01-06 16:02:53.326  2321  5744 D ActivityTaskManager: setVisibility(Token{55d4895 ActivityRecord{82d07d9 u0 org.psyhackers.Ashera/.MainActivity t4784}}, visible=true) defer commitVisibility for transition collecting
01-06 16:02:53.327  2321  5744 D ActivityTaskManager: setVisibility(Token{6076e1a ActivityRecord{1a4875b u0 com.android.launcher/.Launcher t5}}, visible=false) defer commitVisibility for transition collecting
01-06 16:02:53.334  2321  3572 D OplusInterceptLockScreenWindow: starting IOplusLockScreenCallbacks service...
01-06 16:02:53.338  2321  3611 I ActivityManager: Start proc 26006:org.psyhackers.Ashera/u0a771 for next-top-activity {org.psyhackers.Ashera/org.psyhackers.Ashera.MainActivity}
01-06 16:02:53.338  2321 26007 W ContextImpl: Calling a method in the system process without a qualified user: android.app.ContextImpl.sendBroadcast:1232 com.qualcomm.qti.Performance$SendGameLaunchBroadcast.run:256 java.lang.Thread.run:1012 <bottom of call stack> <bottom of call stack> 
01-06 16:02:53.350  4230  4428 D ShellStartingWindow: getWindowAttrs window attributes color: ff000000, replace icon: true
01-06 16:02:53.351  4230  4428 W ShellStartingWindow: peekWindowBGColor mWindowBgColor:-16777216 mWindowBgResId:17170472 estimatedWindowBGColor:-16777216
01-06 16:02:53.351  4230  4428 D ShellStartingWindow: SplashScreenView build mIconBgColor:0, mThemeColor:-16777216
01-06 16:02:53.351  4230  4428 D ShellStartingWindow: inconsize = 576
01-06 16:02:53.354  2321  5736 D ActivityTaskManager: attachStartingWindow: mStartingData=com.android.server.wm.SplashScreenStartingData@b44cbbd,mStartingWindow=Window{f228105 u0 Splash Screen org.psyhackers.Ashera}
01-06 16:02:53.354  2321  5736 I WindowManager: addWindow: New client android.os.BinderProxy@421247c : window=Window{f228105 u0 Splash Screen org.psyhackers.Ashera}
01-06 16:02:53.354  2321  5736 D WindowManager: updateOrientation: mLastOrientation = SCREEN_ORIENTATION_NOSENSOR(5) newOrientation = SCREEN_ORIENTATION_UNSPECIFIED(-1) forceUpdate = false LastOrientationSource = ActivityRecord{82d07d9 u0 org.psyhackers.Ashera/.MainActivity t4784}
01-06 16:02:53.354  2321  5736 D WindowManager: rotation(ROTATION_0) no changed.
01-06 16:02:53.358  4230  4426 D OplusShellStartingWindowManager: handleSplashScreenView: normal third app or no-default
01-06 16:02:53.359  2321  5867 D WindowManagerServiceExtImpl: extractConfigInfoAndRealFlags rotation=0, screenDp=360, win=Window{f228105 u0 Splash Screen org.psyhackers.Ashera}
01-06 16:02:53.360  2321  5867 V WindowManager: Relayout Window{f228105 u0 Splash Screen org.psyhackers.Ashera}: viewVisibility=0, oldvis=0, req=1080x2400, vsysui=
01-06 16:02:53.360  2321  5867 I WindowManager: Window{f228105 u0 Splash Screen org.psyhackers.Ashera} state from NO_SURFACE to DRAW_PENDING; reason: resetDrawState
01-06 16:02:53.365  2321  5867 V WindowManager: Changing focus from Window{2f6362b u0 com.android.launcher/com.android.launcher.Launcher} to null,diplayid=0
01-06 16:02:53.366  4230  4426 W VRI[Ashera]: updateBlastSurfaceIfNeeded, surfaceSize:Point(1080, 2400), lastSurfaceSize:Point(0, 0), format:-3, blastBufferQueue:null
01-06 16:02:53.367  2321  6151 D CoreBackPreview: Window{f228105 u0 Splash Screen org.psyhackers.Ashera}: Setting back callback OnBackInvokedCallbackInfo{mCallback=android.window.IOnBackInvokedCallback$Stub$Proxy@f900080, mPriority=0, mIsAnimationCallback=false}
01-06 16:02:53.368  2321  4117 D OplusSplitScreenManagerService: com.android.launcher supportsSplitScreen by forceResizable activity return:true
01-06 16:02:53.369  2321  4117 D OplusSplitScreenManagerService: com.android.launcher supportsSplitScreen by forceResizable activity return:false
01-06 16:02:53.369  2321  5867 D OplusSplitScreenManagerService: com.android.launcher supportsSplitScreen by forceResizable activity return:true
01-06 16:02:53.369  2321  5867 D OplusSplitScreenManagerService: com.android.launcher supportsSplitScreen by forceResizable activity return:false
01-06 16:02:53.375  4230  4426 D ViewRootImplExtImpl: Block resize report for SplashScreen of systemui.
01-06 16:02:53.375  4230  4426 W VRI[Ashera]: handleResized abandoned!
01-06 16:02:53.376  2321  6151 D OplusTransitionController: onSyncFinishedDrawing, Window{f228105 u0 Splash Screen org.psyhackers.Ashera}
01-06 16:02:53.376  2321  6151 I WindowManager: finishDrawing skipLayout:false Window{f228105 u0 Splash Screen org.psyhackers.Ashera} com.android.server.wm.WindowManagerService.finishDrawingWindow:2972 com.android.server.wm.Session.finishDrawing:311 android.view.IWindowSession$Stub.onTransact:779 
01-06 16:02:53.376  2321  6151 I WindowManager: Window{f228105 u0 Splash Screen org.psyhackers.Ashera} state from DRAW_PENDING to COMMIT_DRAW_PENDING; reason: finishDrawingLocked
01-06 16:02:53.376  2321  6151 D OplusTransitionAnimationManager: skipFinishDrawingIfNeed clientRotation=0, currentRotation=0, hasFixedRotationApp=false, requestedOrientation=-1, win=Window{f228105 u0 Splash Screen org.psyhackers.Ashera}, activity=ActivityRecord{82d07d9 u0 org.psyhackers.Ashera/.MainActivity t4784}, currentConfig={1.0 ??mcc??mnc [en_US,es_MX] ldltr sw360dp w360dp h722dp 480dpi nrml long hdr widecg port night finger -keyb/v/h -nav/h winConfig={ mBounds=Rect(0, 0 - 1080, 2400) mAppBounds=Rect(0, 103 - 1080, 2268) mMaxBounds=Rect(0, 0 - 1080, 2400) mDisplayRotation=ROTATION_0 mWindowingMode=fullscreen mDisplayWindowingMode=fullscreen mActivityType=standard mAlwaysOnTop=undefined mRotation=ROTATION_0} s.1 fontWeightAdjustment=0mThemeChanged= 0, mThemeChangedFlags= 0, mFlipFont= 0, mScenario= -1, mAccessibleChanged= -1, mUxIconConfig= 3468921665165984033, mMaterialColor= 0, mUserId= 0, mFontUserId= 0, mFontVariationSettings= 3226, mFoldingAngle = -1.0, mIconPackName= , mDarkModeBackgroundMaxL= 8.0, mDarkModeDialogBgMaxL= 27.0, mDarkModeForegroundMinL= 100.0, mOplusConfigType= 1, mOplusChangedConfigs= 0, OpSans= -1, mBurmeseFontFlag= 2, mFlag= 0, mFlexibleActivitySuitable= -1, mPuttDisplayFlag= -1}
01-06 16:02:53.379  2321  3573 I WindowManager: Window{f228105 u0 Splash Screen org.psyhackers.Ashera} state from COMMIT_DRAW_PENDING to READY_TO_SHOW; reason: commitFinishDrawingLocked
01-06 16:02:53.379  2321  3573 D ActivityTaskManager: onStartingWindowDrawn: wasTaskVisible=false, mStartingData=com.android.server.wm.SplashScreenStartingData@b44cbbd, finishing=false,mLaunchedFromBubble=false, mVisibleRequested=true, mDisplayContent=Display{#0 state=ON size=1080x2400 ROTATION_0}, isZoomMode=false
01-06 16:02:53.381  2321  3573 D ActivityTaskManager: onStartingWindowDrawn: wasTaskVisible=true, mStartingData=com.android.server.wm.SplashScreenStartingData@b44cbbd, finishing=false,mLaunchedFromBubble=false, mVisibleRequested=true, mDisplayContent=Display{#0 state=ON size=1080x2400 ROTATION_0}, isZoomMode=false
01-06 16:02:53.381  2321  3573 I WindowManager: Window{f228105 u0 Splash Screen org.psyhackers.Ashera} state from READY_TO_SHOW to HAS_DRAWN; reason: performShowLocked
01-06 16:02:53.381  2321  3573 I WindowStateExtImpl: onSurfaceShowChange show = true mPackageName = org.psyhackers.Ashera parentPkgName = org.psyhackers.Ashera
01-06 16:02:53.382  2321  3573 D OplusTransitionAnimationManager: Transition replace type from OPEN to OPEN, mNextAppTransitionRequests : [1, 1, 1]
01-06 16:02:53.382  2321  3573 D OplusFlexibleActivityTransitionManager: fixTransitType type result:1, targets: [Task{593104c #4784 type=standard A=10771:org.psyhackers.Ashera}, Task{e3af8ff #1 type=home}]
01-06 16:02:53.384  2321  3573 D OplusSplitScreenManagerService: org.psyhackers.Ashera supportsSplitScreen by forceResizable activity return:true
