01-06 16:02:46.884  2321 10616 W ActivityManager: Process 22720 does not match uid 1000 ignore setting hits oom adj
01-06 16:02:46.884  2321 10616 W ActivityManager: Process 21162 does not match uid 10106 ignore setting hits oom adj
01-06 16:02:46.885  2321  4431 I ActivityManager: Process com.google.process.gapps (pid 20827) has died: cch+25 CEM 
01-06 16:02:46.887  2321  4117 D OplusSplitScreenManagerService: com.android.launcher supportsSplitScreen by forceResizable activity return:true
01-06 16:02:46.889  2321  9539 I ActivityManager: Process com.google.android.cellbroadcastreceiver (pid 24849) has died: fg  RCVR
01-06 16:02:46.891  2321  4117 D OplusSplitScreenManagerService: com.android.launcher supportsSplitScreen by forceResizable activity return:false
01-06 16:02:46.892  2321  3611 W ActivityManager: Slow operation: 132ms so far, now at startProcess: asking zygote to start proc
01-06 16:02:46.892  2321  3611 D CompatibilityChangeReporter: Compat change id reported: 143937733; UID 10243; state: ENABLED
01-06 16:02:46.898  2321  4431 I ActivityManager: Process com.android.vending:instant_app_installer (pid 21162) has died: cch+25 CEM 
01-06 16:02:46.900  2321  3611 W ActivityManager: Slow operation: 140ms so far, now at startProcess: returned from zygote!
01-06 16:02:46.902  2321 10616 I ActivityManager: Process com.android.vending:quick_launch (pid 21049) has died: cch+15 CEM 
01-06 16:02:46.904  2321 10616 W ActivityManager: Process 22720 does not match uid 1000 ignore setting hits oom adj
01-06 16:02:46.906  2321  4406 I ActivityManager: Process com.android.settings (pid 22720) has died: cch+25 CEM 
01-06 16:02:46.911  2321  3611 W ActivityManager: Slow operation: 151ms so far, now at startProcess: done updating battery stats
01-06 16:02:46.911  2321  3611 W ActivityManager: Slow operation: 151ms so far, now at startProcess: building log message
01-06 16:02:46.911  2321  3611 I ActivityManager: Start proc 25305:com.google.android.cellbroadcastreceiver/u0a243 for broadcast {com.google.android.cellbroadcastreceiver/com.android.cellbroadcastreceiver.CellBroadcastReceiver}
01-06 16:02:46.911  2321  3611 W ActivityManager: Slow operation: 151ms so far, now at startProcess: starting to update pids map
01-06 16:02:46.911  2321  3611 W ActivityManager: Slow operation: 151ms so far, now at startProcess: done updating pids map
01-06 16:02:46.916  2321  5728 D OplusSplitScreenManagerService: com.android.launcher supportsSplitScreen by forceResizable activity return:true
01-06 16:02:46.916  2321  5728 D OplusSplitScreenManagerService: com.android.launcher supportsSplitScreen by forceResizable activity return:false
01-06 16:02:46.917  2321  5728 D OplusSplitScreenManagerService: com.android.launcher supportsSplitScreen by forceResizable activity return:true
01-06 16:02:46.917  2321  5728 D OplusSplitScreenManagerService: com.android.launcher supportsSplitScreen by forceResizable activity return:false
01-06 16:02:46.962  2321  3643 D OplusFeatureHDREnhanceBrightness: checkIsPlayingHDR isPlayingHDR=0 rotation=0 whiteApp=false battery=44
01-06 16:02:46.982  2321  5728 D CompatibilityChangeReporter: Compat change id reported: 161145287; UID 10120; state: ENABLED
01-06 16:02:46.994  2321  3785 D CompatibilityChangeReporter: Compat change id reported: 135634846; UID 10100; state: DISABLED
01-06 16:02:46.994  2321  3785 D CompatibilityChangeReporter: Compat change id reported: 177438394; UID 10100; state: DISABLED
01-06 16:02:46.995  2321  3785 D CompatibilityChangeReporter: Compat change id reported: 135772972; UID 10100; state: DISABLED
01-06 16:02:46.995  2321  3785 D CompatibilityChangeReporter: Compat change id reported: 135754954; UID 10100; state: ENABLED
01-06 16:02:46.995  2321  3611 D CompatibilityChangeReporter: Compat change id reported: 143937733; UID 10100; state: ENABLED
01-06 16:02:46.997 25196 25196 D ResourcesManagerExtImpl: applyConfigurationToAppResourcesLocked app.getDisplayId() return callback.displayId:-1
01-06 16:02:46.998  2321  3785 D CompatibilityChangeReporter: Compat change id reported: 135634846; UID 10101; state: DISABLED
01-06 16:02:46.998  2321  3785 D CompatibilityChangeReporter: Compat change id reported: 177438394; UID 10101; state: DISABLED
01-06 16:02:46.998  2321  3785 D CompatibilityChangeReporter: Compat change id reported: 135772972; UID 10101; state: DISABLED
01-06 16:02:46.998  2321  3785 D CompatibilityChangeReporter: Compat change id reported: 135754954; UID 10101; state: ENABLED
01-06 16:02:47.000  2321  3785 D CompatibilityChangeReporter: Compat change id reported: 135634846; UID 10469; state: DISABLED
01-06 16:02:47.001  2321  3785 D CompatibilityChangeReporter: Compat change id reported: 177438394; UID 10469; state: DISABLED
01-06 16:02:47.001  2321  3785 D CompatibilityChangeReporter: Compat change id reported: 135772972; UID 10469; state: DISABLED
01-06 16:02:47.001  2321  3785 D CompatibilityChangeReporter: Compat change id reported: 135754954; UID 10469; state: ENABLED
01-06 16:02:47.020  2321  3611 I ActivityManager: Start proc 25318:com.google.android.configupdater/u0a100 for service {com.google.android.configupdater/com.google.android.configupdater.MainJobService}
01-06 16:02:47.021  2321  3611 D CompatibilityChangeReporter: Compat change id reported: 143937733; UID 10101; state: ENABLED
01-06 16:02:47.033  2321  3611 I ActivityManager: Start proc 25321:com.google.android.partnersetup/u0a101 for service {com.google.android.partnersetup/com.google.android.partnersetup.InstalledAppJobService}
01-06 16:02:47.051  2321  3611 W ActivityManager: Slow operation: 51ms so far, now at startProcess: returned from zygote!
01-06 16:02:47.054  2321  3611 W ActivityManager: Slow operation: 54ms so far, now at startProcess: done updating battery stats
01-06 16:02:47.054  2321  3611 W ActivityManager: Slow operation: 54ms so far, now at startProcess: building log message
01-06 16:02:47.054  2321  3611 I ActivityManager: Start proc 25323:com.miclaro.app/u0a469 for service {com.miclaro.app/androidx.work.impl.background.systemjob.SystemJobService}
01-06 16:02:47.054  2321  3611 W ActivityManager: Slow operation: 54ms so far, now at startProcess: starting to update pids map
01-06 16:02:47.054  2321  3611 W ActivityManager: Slow operation: 54ms so far, now at startProcess: done updating pids map
01-06 16:02:47.083  2321  4077 D AppTypeHttpClient: HttpResponse OK
01-06 16:02:47.084  2321  4077 D AppTypeHttpClient: response size: 68
01-06 16:02:47.105 24942 24942 I Quality : ActivityThread: createClassLoader delay 1802 /product/app/Clock/Clock.apk 24942
01-06 16:02:47.108  2321  4077 W LoadedApk: System took : 1596ms in onReceive of class com.oplus.deepthinker.service.OplusDeepThinkerExService$1 for action : oplus.intent.action.DEEPTHINKER_GET_APP_STORE_INFO
01-06 16:02:47.121 24942 24942 I Quality : ActivityThread: createOrUpdateClassLoaderLocked delay 1980 com.oneplus.deskclock 24942
01-06 16:02:47.169  2321  5738 D CompatibilityChangeReporter: Compat change id reported: 253665015; UID 10098; state: ENABLED
01-06 16:02:47.170  2321  5738 D CompatibilityChangeReporter: Compat change id reported: 194532703; UID 10098; state: ENABLED
01-06 16:02:47.172  2321  3673 W PackageManager: Not removing package com.google.android.libraries.internal.sampleads_20009 hosting lib com.google.android.libraries.internal.sampleads version 20009 used by [VersionedPackage[com.google.android.play.games/624524440]] for user 0
01-06 16:02:47.172  2321  3673 W PackageManager: Not removing package com.google.android.trichromelibrary hosting lib com.google.android.trichromelibrary version 749914633 used by [VersionedPackage[com.google.android.webview/749914633], VersionedPackage[com.android.chrome/749914633]] for user 0
01-06 16:02:47.175  2321  5728 W JobScheduler.JobStatus: Exempted app com.android.vending considered buggy
01-06 16:02:47.175  2321  5728 W JobScheduler.JobStatus: Exempted app com.android.vending considered buggy
01-06 16:02:47.175  2321  5728 W JobScheduler.JobStatus: Exempted app com.android.vending considered buggy
01-06 16:02:47.175  2321  5728 W JobScheduler.JobStatus: Exempted app com.android.vending considered buggy
01-06 16:02:47.176  2321  5728 W JobScheduler.JobStatus: Exempted app com.android.vending considered buggy
01-06 16:02:47.176  2321  5728 W JobScheduler.JobStatus: Exempted app com.android.vending considered buggy
01-06 16:02:47.176  2321  5965 D CompatibilityChangeReporter: Compat change id reported: 168419799; UID 10243; state: DISABLED
01-06 16:02:47.176  2321  5728 W JobScheduler.JobStatus: Exempted app com.android.vending considered buggy
01-06 16:02:47.176  2321  5728 W JobScheduler.JobStatus: Exempted app com.android.vending considered buggy
01-06 16:02:47.176  2321  5965 D CompatibilityChangeReporter: Compat change id reported: 273564678; UID 10243; state: DISABLED
01-06 16:02:47.176  2321  5965 D ActivityTaskManagerServiceExtImpl: preBindApplication record is null
01-06 16:02:47.181  2321  5972 W JobScheduler.JobStatus: Exempted app com.android.vending considered buggy
01-06 16:02:47.181  2321  5972 W JobScheduler.JobStatus: Exempted app com.android.vending considered buggy
01-06 16:02:47.181  2321  5972 W JobScheduler.JobStatus: Exempted app com.android.vending considered buggy
01-06 16:02:47.181  2321  5972 W JobScheduler.JobStatus: Exempted app com.android.vending considered buggy
01-06 16:02:47.182  2321  5972 W JobScheduler.JobStatus: Exempted app com.android.vending considered buggy
01-06 16:02:47.182  2321  5972 W JobScheduler.JobStatus: Exempted app com.android.vending considered buggy
01-06 16:02:47.182  2321  5972 W JobScheduler.JobStatus: Exempted app com.android.vending considered buggy
01-06 16:02:47.182  2321  5972 W JobScheduler.JobStatus: Exempted app com.android.vending considered buggy
01-06 16:02:47.187  2321  5965 D CompatibilityChangeReporter: Compat change id reported: 271850009; UID 10098; state: ENABLED
01-06 16:02:47.187  2321  5965 W JobScheduler.JobStatus: Exempted app com.android.vending considered buggy
01-06 16:02:47.187  2321  5965 W JobScheduler.JobStatus: Exempted app com.android.vending considered buggy
01-06 16:02:47.188  2321  5965 W JobScheduler.JobStatus: Exempted app com.android.vending considered buggy
01-06 16:02:47.188  2321  5965 W JobScheduler.JobStatus: Exempted app com.android.vending considered buggy
01-06 16:02:47.188  2321  5965 W JobScheduler.JobStatus: Exempted app com.android.vending considered buggy
01-06 16:02:47.188  2321  5965 W JobScheduler.JobStatus: Exempted app com.android.vending considered buggy
01-06 16:02:47.188  2321  5965 W JobScheduler.JobStatus: Exempted app com.android.vending considered buggy
01-06 16:02:47.188  2321  5965 W JobScheduler.JobStatus: Exempted app com.android.vending considered buggy
01-06 16:02:47.194  2321  5972 W JobScheduler.JobStatus: Exempted app com.android.vending considered buggy
01-06 16:02:47.195  2321  5972 W JobScheduler.JobStatus: Exempted app com.android.vending considered buggy
01-06 16:02:47.195  2321  5972 W JobScheduler.JobStatus: Exempted app com.android.vending considered buggy
01-06 16:02:47.195  2321  5972 W JobScheduler.JobStatus: Exempted app com.android.vending considered buggy
01-06 16:02:47.195  2321  5972 W JobScheduler.JobStatus: Exempted app com.android.vending considered buggy
01-06 16:02:47.195  2321  5972 W JobScheduler.JobStatus: Exempted app com.android.vending considered buggy
01-06 16:02:47.195  2321  5972 W JobScheduler.JobStatus: Exempted app com.android.vending considered buggy
01-06 16:02:47.195  2321  5972 W JobScheduler.JobStatus: Exempted app com.android.vending considered buggy
01-06 16:02:47.200  2321  5965 W JobScheduler.JobStatus: Exempted app com.android.vending considered buggy
01-06 16:02:47.200  2321  5965 W JobScheduler.JobStatus: Exempted app com.android.vending considered buggy
01-06 16:02:47.200  2321  5965 W JobScheduler.JobStatus: Exempted app com.android.vending considered buggy
01-06 16:02:47.200  2321  5965 W JobScheduler.JobStatus: Exempted app com.android.vending considered buggy
01-06 16:02:47.200  2321  5965 W JobScheduler.JobStatus: Exempted app com.android.vending considered buggy
01-06 16:02:47.201  2321  5965 W JobScheduler.JobStatus: Exempted app com.android.vending considered buggy
01-06 16:02:47.201  2321  5965 W JobScheduler.JobStatus: Exempted app com.android.vending considered buggy
01-06 16:02:47.201  2321  5965 W JobScheduler.JobStatus: Exempted app com.android.vending considered buggy
01-06 16:02:47.206  2321  5738 W JobScheduler.JobStatus: Exempted app com.android.vending considered buggy
01-06 16:02:47.206  2321  5738 W JobScheduler.JobStatus: Exempted app com.android.vending considered buggy
01-06 16:02:47.206  2321  5738 W JobScheduler.JobStatus: Exempted app com.android.vending considered buggy
01-06 16:02:47.206  2321  5738 W JobScheduler.JobStatus: Exempted app com.android.vending considered buggy
01-06 16:02:47.207  2321  5738 W JobScheduler.JobStatus: Exempted app com.android.vending considered buggy
01-06 16:02:47.207  2321  5738 W JobScheduler.JobStatus: Exempted app com.android.vending considered buggy
01-06 16:02:47.207  2321  5738 W JobScheduler.JobStatus: Exempted app com.android.vending considered buggy
01-06 16:02:47.207  2321  5738 W JobScheduler.JobStatus: Exempted app com.android.vending considered buggy
01-06 16:02:47.214  2321  5972 W JobScheduler.JobStatus: Exempted app com.android.vending considered buggy
01-06 16:02:47.214  2321  5972 W JobScheduler.JobStatus: Exempted app com.android.vending considered buggy
01-06 16:02:47.215  2321  5972 W JobScheduler.JobStatus: Exempted app com.android.vending considered buggy
01-06 16:02:47.215  2321  5972 W JobScheduler.JobStatus: Exempted app com.android.vending considered buggy
01-06 16:02:47.215  2321  5972 W JobScheduler.JobStatus: Exempted app com.android.vending considered buggy
01-06 16:02:47.215  2321  5972 W JobScheduler.JobStatus: Exempted app com.android.vending considered buggy
01-06 16:02:47.215  2321  5972 W JobScheduler.JobStatus: Exempted app com.android.vending considered buggy
01-06 16:02:47.215  2321  5972 W JobScheduler.JobStatus: Exempted app com.android.vending considered buggy
01-06 16:02:47.224  2321  5738 D CompatibilityChangeReporter: Compat change id reported: 170503758; UID 10243; state: ENABLED
01-06 16:02:47.227  2321  5738 W JobScheduler.JobStatus: Exempted app com.android.vending considered buggy
01-06 16:02:47.227  2321  5738 W JobScheduler.JobStatus: Exempted app com.android.vending considered buggy
01-06 16:02:47.227  2321  5738 W JobScheduler.JobStatus: Exempted app com.android.vending considered buggy
01-06 16:02:47.227  2321  5738 W JobScheduler.JobStatus: Exempted app com.android.vending considered buggy
01-06 16:02:47.227  2321  5738 W JobScheduler.JobStatus: Exempted app com.android.vending considered buggy
01-06 16:02:47.228  2321  5738 W JobScheduler.JobStatus: Exempted app com.android.vending considered buggy
01-06 16:02:47.228  2321  5738 W JobScheduler.JobStatus: Exempted app com.android.vending considered buggy
01-06 16:02:47.228  2321  5738 W JobScheduler.JobStatus: Exempted app com.android.vending considered buggy
01-06 16:02:47.229 24942 24942 D ResourcesManagerExtImpl: applyConfigurationToAppResourcesLocked app.getDisplayId() return callback.displayId:-1
01-06 16:02:47.232  2321  5738 W JobScheduler.JobStatus: Exempted app com.android.vending considered buggy
01-06 16:02:47.232  2321  5738 W JobScheduler.JobStatus: Exempted app com.android.vending considered buggy
01-06 16:02:47.232  2321  5738 W JobScheduler.JobStatus: Exempted app com.android.vending considered buggy
01-06 16:02:47.232  2321  5738 W JobScheduler.JobStatus: Exempted app com.android.vending considered buggy
01-06 16:02:47.232  2321  5738 W JobScheduler.JobStatus: Exempted app com.android.vending considered buggy
01-06 16:02:47.233  2321  5738 W JobScheduler.JobStatus: Exempted app com.android.vending considered buggy
01-06 16:02:47.233  2321  5738 W JobScheduler.JobStatus: Exempted app com.android.vending considered buggy
01-06 16:02:47.233  2321  5738 W JobScheduler.JobStatus: Exempted app com.android.vending considered buggy
01-06 16:02:47.238  2321  5738 W JobScheduler.JobStatus: Exempted app com.android.vending considered buggy
01-06 16:02:47.238  2321  5738 W JobScheduler.JobStatus: Exempted app com.android.vending considered buggy
01-06 16:02:47.238  2321  5738 W JobScheduler.JobStatus: Exempted app com.android.vending considered buggy
01-06 16:02:47.238  2321  5738 W JobScheduler.JobStatus: Exempted app com.android.vending considered buggy
01-06 16:02:47.238  2321  5738 W JobScheduler.JobStatus: Exempted app com.android.vending considered buggy
01-06 16:02:47.238  2321  5738 W JobScheduler.JobStatus: Exempted app com.android.vending considered buggy
01-06 16:02:47.238  2321  5738 W JobScheduler.JobStatus: Exempted app com.android.vending considered buggy
01-06 16:02:47.238  2321  5738 W JobScheduler.JobStatus: Exempted app com.android.vending considered buggy
01-06 16:02:47.243  2321  5738 W JobScheduler.JobStatus: Exempted app com.android.vending considered buggy
01-06 16:02:47.243  2321  5738 W JobScheduler.JobStatus: Exempted app com.android.vending considered buggy
01-06 16:02:47.244  2321  5738 W JobScheduler.JobStatus: Exempted app com.android.vending considered buggy
01-06 16:02:47.244  2321  5738 W JobScheduler.JobStatus: Exempted app com.android.vending considered buggy
01-06 16:02:47.244  2321  5738 W JobScheduler.JobStatus: Exempted app com.android.vending considered buggy
01-06 16:02:47.244  2321  5738 W JobScheduler.JobStatus: Exempted app com.android.vending considered buggy
01-06 16:02:47.244  2321  5738 W JobScheduler.JobStatus: Exempted app com.android.vending considered buggy
01-06 16:02:47.244  2321  5738 W JobScheduler.JobStatus: Exempted app com.android.vending considered buggy
01-06 16:02:47.261  2321  5965 W JobScheduler.JobStatus: Exempted app com.android.vending considered buggy
01-06 16:02:47.261  2321  5965 W JobScheduler.JobStatus: Exempted app com.android.vending considered buggy
01-06 16:02:47.261  2321  5965 W JobScheduler.JobStatus: Exempted app com.android.vending considered buggy
01-06 16:02:47.261  2321  5965 W JobScheduler.JobStatus: Exempted app com.android.vending considered buggy
01-06 16:02:47.261  2321  5965 W JobScheduler.JobStatus: Exempted app com.android.vending considered buggy
01-06 16:02:47.261  2321  5965 W JobScheduler.JobStatus: Exempted app com.android.vending considered buggy
01-06 16:02:47.261  2321  5965 W JobScheduler.JobStatus: Exempted app com.android.vending considered buggy
01-06 16:02:47.261  2321  5965 W JobScheduler.JobStatus: Exempted app com.android.vending considered buggy
01-06 16:02:47.290  2321  5965 W PackageManager: package com.oneplus.deskclock uid 10113 pid 24942 call SetEnabledSetting(com.oneplus.deskclock component = com.oplus.alarmclock.provider.ClockProviderOPlus, 1, 0)
01-06 16:02:47.338  2321  5738 I ActivityManager: Flag disabled. Ignoring finishAttachApplication from uid: 10113. pid: 24942
01-06 16:02:47.505 25305 25305 D ResourcesManagerExtImpl: applyConfigurationToAppResourcesLocked app.getDisplayId() return callback.displayId:-1
01-06 16:02:47.523  2321  5738 D CompatibilityChangeReporter: Compat change id reported: 168419799; UID 10469; state: DISABLED
01-06 16:02:47.524  2321  5738 D CompatibilityChangeReporter: Compat change id reported: 273564678; UID 10469; state: DISABLED
01-06 16:02:47.524  2321  5738 D ActivityTaskManagerServiceExtImpl: preBindApplication record is null
01-06 16:02:47.532  2321  4117 D OplusSplitScreenManagerService: com.android.launcher supportsSplitScreen by forceResizable activity return:true
01-06 16:02:47.532  2321  4117 D OplusSplitScreenManagerService: com.android.launcher supportsSplitScreen by forceResizable activity return:false
01-06 16:02:47.533  2321  3785 D CompatibilityChangeReporter: Compat change id reported: 265195908; UID 10469; state: ENABLED
01-06 16:02:47.534  2321  5738 D CompatibilityChangeReporter: Compat change id reported: 168419799; UID 10100; state: DISABLED
01-06 16:02:47.534  2321  5738 D CompatibilityChangeReporter: Compat change id reported: 273564678; UID 10100; state: DISABLED
01-06 16:02:47.541  2321  5738 D ActivityTaskManagerServiceExtImpl: preBindApplication record is null
01-06 16:02:47.550  2321  3785 D CompatibilityChangeReporter: Compat change id reported: 265195908; UID 10100; state: ENABLED
01-06 16:02:47.550  2321  4131 D CompatibilityChangeReporter: Compat change id reported: 170503758; UID 10469; state: ENABLED
01-06 16:02:47.555  2321  4117 D OplusSplitScreenManagerService: com.android.launcher supportsSplitScreen by forceResizable activity return:true
01-06 16:02:47.555  2321  4117 D OplusSplitScreenManagerService: com.android.launcher supportsSplitScreen by forceResizable activity return:false
01-06 16:02:47.559  2321  4131 I ActivityManager: Flag disabled. Ignoring finishAttachApplication from uid: 10243. pid: 25305
01-06 16:02:47.560  2321  5972 D CompatibilityChangeReporter: Compat change id reported: 170503758; UID 10100; state: ENABLED
01-06 16:02:47.574  2321  5738 D CompatibilityChangeReporter: Compat change id reported: 168419799; UID 10101; state: DISABLED
01-06 16:02:47.574  2321  5738 D CompatibilityChangeReporter: Compat change id reported: 273564678; UID 10101; state: DISABLED
01-06 16:02:47.574  2321  5738 D ActivityTaskManagerServiceExtImpl: preBindApplication record is null
01-06 16:02:47.581  2321  4117 D OplusSplitScreenManagerService: com.android.launcher supportsSplitScreen by forceResizable activity return:true
01-06 16:02:47.581  2321  4117 D OplusSplitScreenManagerService: com.android.launcher supportsSplitScreen by forceResizable activity return:false
01-06 16:02:47.581  2321  3785 D CompatibilityChangeReporter: Compat change id reported: 265195908; UID 10101; state: ENABLED
01-06 16:02:47.586 25196 25196 I Quality : ActivityThread: callApplicationOnCreate delay 486 com.google.android.googlequicksearchbox:search 25196
01-06 16:02:47.594  2321  5972 I ActivityManager: Flag disabled. Ignoring finishAttachApplication from uid: 10120. pid: 25196
01-06 16:02:47.595  2321  4131 W AppOps  : Noting op not finished: uid 10104 pkg com.google.android.gms code 113 startTime of in progress event=1767726053007
01-06 16:02:47.603  2321  4131 D CompatibilityChangeReporter: Compat change id reported: 170503758; UID 10101; state: ENABLED
01-06 16:02:47.619 25318 25318 D ResourcesManagerExtImpl: applyConfigurationToAppResourcesLocked app.getDisplayId() return callback.displayId:-1
01-06 16:02:47.627  2321  5738 W AppOps  : Noting op not finished: uid 10104 pkg com.google.android.gms code 79 startTime of in progress event=1767726053007
01-06 16:02:47.636  2321  5738 I ActivityManager: Flag disabled. Ignoring finishAttachApplication from uid: 10100. pid: 25318
01-06 16:02:47.646  2321  5738 D VRR [OPlusExternalRefreshRateManager]: isPkgTfcEnable: pkgName = com.google.android.configupdater, enable = false
01-06 16:02:47.646  2321  5738 D VRR [OPlusExternalRefreshRateManager]: getTfcMinFramerate: pkgName = com.google.android.configupdater, min framerate = 0
01-06 16:02:47.651  2321  4131 D CompatibilityChangeReporter: Compat change id reported: 253665015; UID 10100; state: DISABLED
01-06 16:02:47.651  2321  4131 D CompatibilityChangeReporter: Compat change id reported: 194532703; UID 10100; state: ENABLED
01-06 16:02:47.662  2321  5972 W AppOps  : Noting op not finished: uid 10104 pkg com.google.android.gms code 113 startTime of in progress event=1767726053007
01-06 16:02:47.666  2321  5965 W JobScheduler: Job didn't exist in JobStore: #com.google.android.configupdater/1
01-06 16:02:47.671  2321  5417 D VRR [OPlusExternalRefreshRateManager]: isPkgTfcEnable: pkgName = com.google.android.googlequicksearchbox, enable = false
01-06 16:02:47.671  2321  5417 D VRR [OPlusExternalRefreshRateManager]: getTfcMinFramerate: pkgName = com.google.android.googlequicksearchbox, min framerate = 0
01-06 16:02:47.674  2321  5292 W AppOps  : Noting op not finished: uid 10104 pkg com.google.android.gms code 113 startTime of in progress event=1767726053007
01-06 16:02:47.675 25321 25321 D ResourcesManagerExtImpl: applyConfigurationToAppResourcesLocked app.getDisplayId() return callback.displayId:-1
01-06 16:02:47.682  2321  5292 W AppOps  : Noting op not finished: uid 10104 pkg com.google.android.gms code 113 startTime of in progress event=1767726053007
01-06 16:02:47.689  2321  4131 W AppOps  : Noting op not finished: uid 10104 pkg com.google.android.gms code 113 startTime of in progress event=1767726053007
01-06 16:02:47.697  2321  3641 D ColorAutomaticBrightnessController: Proximity Sensor Changed, current state:near
01-06 16:02:47.700  2321  4131 D CompatibilityChangeReporter: Compat change id reported: 253665015; UID 10101; state: ENABLED
01-06 16:02:47.700  2321  4131 D CompatibilityChangeReporter: Compat change id reported: 194532703; UID 10101; state: ENABLED
01-06 16:02:47.705  2321  4131 I ActivityManager: Flag disabled. Ignoring finishAttachApplication from uid: 10101. pid: 25321
01-06 16:02:47.722  2321  2321 W JobScheduler: Job didn't exist in JobStore: #com.google.android.partnersetup/1
01-06 16:02:47.723  2321  5292 W AppOps  : Noting op not finished: uid 10104 pkg com.google.android.gms code 113 startTime of in progress event=1767726053007
01-06 16:02:47.739  2321  5728 W AppOps  : Noting op not finished: uid 10104 pkg com.google.android.gms code 79 startTime of in progress event=1767726053007
01-06 16:02:47.757  2321  4131 W AppOps  : Noting op not finished: uid 10104 pkg com.google.android.gms code 113 startTime of in progress event=1767726053007
01-06 16:02:47.762  2321  3909 D PowerManagerService: userActivityNoUpdateLocked: groupId=0, eventTime=175287863, event=touch, flags=0x0, uid=1000
01-06 16:02:47.776  2321  5736 W AppOps  : Noting op not finished: uid 10104 pkg com.google.android.gms code 113 startTime of in progress event=1767726053007
01-06 16:02:47.785  2321  4130 W AppOps  : Noting op not finished: uid 10104 pkg com.google.android.gms code 113 startTime of in progress event=1767726053007
01-06 16:02:47.793  2321  5417 W AppOps  : Noting op not finished: uid 10104 pkg com.google.android.gms code 113 startTime of in progress event=1767726053007
01-06 16:02:47.800  2321  3881 V AlarmManager: sending alarm Alarm{89cd5df type 3 origWhen 189952746 whenElapsed 189952746 android} uid 1000 whenElapsed 189952746 windowLength 0 maxWhenElapsed 189952746 repeatInterval 0 action null component null tag *job.delay* flags 0x0 procName system_server
01-06 16:02:47.801  2321  3881 V AlarmManager: sending alarm Alarm{d6b322c type 2 origWhen 189952746 whenElapsed 189952746 android} uid 1000 whenElapsed 189952746 windowLength 0 maxWhenElapsed 189952746 repeatInterval 0 action null component null tag *job.deadline* flags 0x0 procName system_server
01-06 16:02:47.802  2321  2321 W JobScheduler.JobStatus: Exempted app com.android.vending considered buggy
01-06 16:02:47.802  2321  2321 W JobScheduler.JobStatus: Exempted app com.android.vending considered buggy
01-06 16:02:47.802  2321  2321 W JobScheduler.JobStatus: Exempted app com.android.vending considered buggy
01-06 16:02:47.802  2321  2321 W JobScheduler.JobStatus: Exempted app com.android.vending considered buggy
01-06 16:02:47.802  2321  2321 W JobScheduler.JobStatus: Exempted app com.android.vending considered buggy
01-06 16:02:47.802  2321  2321 W JobScheduler.JobStatus: Exempted app com.android.vending considered buggy
01-06 16:02:47.802  2321  2321 W JobScheduler.JobStatus: Exempted app com.android.vending considered buggy
01-06 16:02:47.802  2321  2321 W JobScheduler.JobStatus: Exempted app com.android.vending considered buggy
01-06 16:02:47.825 25323 25323 D ResourcesManagerExtImpl: applyConfigurationToAppResourcesLocked app.getDisplayId() return callback.displayId:-1
01-06 16:02:47.837  2321  5736 D CompatibilityChangeReporter: Compat change id reported: 135634846; UID 10104; state: DISABLED
01-06 16:02:47.837  2321  5736 D CompatibilityChangeReporter: Compat change id reported: 177438394; UID 10104; state: DISABLED
01-06 16:02:47.838  2321  5736 D CompatibilityChangeReporter: Compat change id reported: 135772972; UID 10104; state: DISABLED
01-06 16:02:47.838  2321  5736 D CompatibilityChangeReporter: Compat change id reported: 135754954; UID 10104; state: ENABLED
01-06 16:02:47.847  2321  3611 I ActivityManager: Start proc 25518:com.google.process.gapps/u0a104 for content provider {com.google.android.gsf/com.google.android.gsf.settings.GoogleSettingsProvider}
01-06 16:02:47.851  2321  5965 W PackageManager: package com.google.android.partnersetup uid 10101 pid 25321 call SetEnabledSetting(com.google.earth component = unknown, 1, 0)
01-06 16:02:47.854  2321  5965 W PackageManager: package com.google.android.partnersetup uid 10101 pid 25321 call SetEnabledSetting(com.android.vending component = unknown, 1, 0)
01-06 16:02:47.857  2321  5965 W PackageManager: package com.google.android.partnersetup uid 10101 pid 25321 call SetEnabledSetting(com.google.android.apps.bard component = unknown, 1, 0)
01-06 16:02:47.860  2321  5965 W PackageManager: package com.google.android.partnersetup uid 10101 pid 25321 call SetEnabledSetting(com.google.android.apps.googleassistant component = unknown, 1, 0)
01-06 16:02:47.860  2321  5965 W PackageManager: package com.google.android.partnersetup uid 10101 pid 25321 call SetEnabledSetting(com.google.android.apps.magazines component = unknown, 1, 0)
01-06 16:02:47.861  2321  5965 W PackageManager: package com.google.android.partnersetup uid 10101 pid 25321 call SetEnabledSetting(com.google.android.apps.maps component = unknown, 1, 0)
01-06 16:02:47.862  2321  5965 W PackageManager: package com.google.android.partnersetup uid 10101 pid 25321 call SetEnabledSetting(com.google.android.youtube component = unknown, 1, 0)
01-06 16:02:47.868  2321  3909 D PowerManagerService: userActivityNoUpdateLocked: groupId=0, eventTime=175287970, event=touch, flags=0x0, uid=1000
01-06 16:02:47.869  2321  3599 D OplusSplitScreenManagerService: com.android.launcher supportsSplitScreen by forceResizable activity return:true
01-06 16:02:47.869  2321  3599 D OplusSplitScreenManagerService: com.android.launcher supportsSplitScreen by forceResizable activity return:false
01-06 16:02:47.887  2321  3641 I OplusSmartBrightnessController: brightness accelerate start...
01-06 16:02:47.888  2321  5965 E ShortcutService: Invalid icon type in shortcut 21831335567463@lid. Bitmaps are not allowed in long-lived shortcuts. Use Resource icons, or Uri-based icons instead.
01-06 16:02:47.900  2321  5736 D OplusUserManagerServiceEnhance: getMultiSystemUserId  res = 11
01-06 16:02:47.905  2321  5417 D WindowManagerServiceExtImpl: extractConfigInfoAndRealFlags rotation=0, screenDp=720, win=Window{cdc7a2a u0 NotificationShade}
01-06 16:02:47.905  2321  5417 V WindowManager: Relayout Window{cdc7a2a u0 NotificationShade}: viewVisibility=0, oldvis=4, req=1080x2400, vsysui=
01-06 16:02:47.906  2321  5417 I WindowManager: Window{cdc7a2a u0 NotificationShade} state from NO_SURFACE to DRAW_PENDING; reason: resetDrawState
01-06 16:02:47.914  2321  5417 V WindowManager: Changing focus from Window{2f6362b u0 com.android.launcher/com.android.launcher.Launcher} to Window{cdc7a2a u0 NotificationShade},diplayid=0
01-06 16:02:47.917  2321  4058 D OplusSplitScreenManagerService: com.android.launcher supportsSplitScreen by forceResizable activity return:true
01-06 16:02:47.918  2321  4058 D OplusSplitScreenManagerService: com.android.launcher supportsSplitScreen by forceResizable activity return:false
01-06 16:02:47.918  2321  4058 D OplusSplitScreenManagerService: com.android.launcher supportsSplitScreen by forceResizable activity return:true
01-06 16:02:47.918  2321  4058 D OplusSplitScreenManagerService: com.android.launcher supportsSplitScreen by forceResizable activity return:false
01-06 16:02:47.918  2321  4058 D OplusSplitScreenManagerService: com.android.launcher supportsSplitScreen by forceResizable activity return:true
01-06 16:02:47.918  2321  4058 D OplusSplitScreenManagerService: com.android.launcher supportsSplitScreen by forceResizable activity return:false
01-06 16:02:47.918  2321  4058 D OplusSplitScreenManagerService: com.android.launcher supportsSplitScreen by forceResizable activity return:true
01-06 16:02:47.918  2321  4058 D OplusSplitScreenManagerService: com.android.launcher supportsSplitScreen by forceResizable activity return:false
01-06 16:02:47.919  2321  5738 W JobScheduler.JobStatus: Exempted app com.android.vending considered buggy
01-06 16:02:47.919  4230  4230 W VRI[NotificationShade]: updateBlastSurfaceIfNeeded, surfaceSize:Point(1080, 2400), lastSurfaceSize:Point(1080, 2400), format:-3, blastBufferQueue:null
01-06 16:02:47.919  2321  5738 W JobScheduler.JobStatus: Exempted app com.android.vending considered buggy
01-06 16:02:47.924  2321  4131 I VibratorManagerServiceExtImpl: cancelVibrate uid=1000, pid=2321, usageFilter=-15, token=200992628
01-06 16:02:47.924  2321  5738 W JobScheduler.JobStatus: Exempted app com.android.vending considered buggy
01-06 16:02:47.924  2321  5738 W JobScheduler.JobStatus: Exempted app com.android.vending considered buggy
01-06 16:02:47.924  2321  5738 W JobScheduler.JobStatus: Exempted app com.android.vending considered buggy
01-06 16:02:47.924  2321  5738 W JobScheduler.JobStatus: Exempted app com.android.vending considered buggy
01-06 16:02:47.924  2321  5738 W JobScheduler.JobStatus: Exempted app com.android.vending considered buggy
01-06 16:02:47.924  2321  5738 W JobScheduler.JobStatus: Exempted app com.android.vending considered buggy
01-06 16:02:47.928  2321  3641 D ColorAutomaticBrightnessController: Proximity Sensor Changed, current state:Far
01-06 16:02:47.931  2321  5736 I WindowManager: Window{cdc7a2a u0 NotificationShade} state from DRAW_PENDING to COMMIT_DRAW_PENDING; reason: finishDrawingLocked
01-06 16:02:47.934  2321  3573 I WindowManager: Window{cdc7a2a u0 NotificationShade} state from COMMIT_DRAW_PENDING to READY_TO_SHOW; reason: commitFinishDrawingLocked
01-06 16:02:47.934  2321  3573 I WindowManager: Window{cdc7a2a u0 NotificationShade} state from READY_TO_SHOW to HAS_DRAWN; reason: performShowLocked
01-06 16:02:47.934  2321  5738 W JobScheduler: Job didn't exist in JobStore: #com.google.android.partnersetup/4096
01-06 16:02:47.957  2321  5417 E OplusCustomizeRestrictionManagerService: getMobileDataMode error :s == null
01-06 16:02:47.976  2321  3909 D PowerManagerService: userActivityNoUpdateLocked: groupId=0, eventTime=175288077, event=touch, flags=0x0, uid=1000
01-06 16:02:47.987  2321  3599 D OplusSplitScreenManagerService: com.android.launcher supportsSplitScreen by forceResizable activity return:true
01-06 16:02:47.987  2321  3599 D OplusSplitScreenManagerService: com.android.launcher supportsSplitScreen by forceResizable activity return:false
01-06 16:02:47.988  2321  3599 D OplusSplitScreenManagerService: com.android.launcher supportsSplitScreen by forceResizable activity return:true
01-06 16:02:47.988  2321  3599 D OplusSplitScreenManagerService: com.android.launcher supportsSplitScreen by forceResizable activity return:false
01-06 16:02:48.006  2321  5736 E OplusCustomizeRestrictionManagerService: getMobileDataMode error :s == null
01-06 16:02:48.015  2321  4131 E OplusCustomizeRestrictionManagerService: getMobileDataMode error :s == null
01-06 16:02:48.019  2321  4131 E OplusCustomizeRestrictionManagerService: getMobileDataMode error :s == null
01-06 16:02:48.043  5729  6853 V MonthTrafficAlert: getWarningNotification subId:1 numWarningNotificaion:0
01-06 16:02:48.043  5729  6853 V TrafficAlert: getLimitNotification subId:1 ,numLimitNotificaion:0
01-06 16:02:48.134  2321  5738 W PackageManager: package com.miclaro.app uid 10469 pid 25323 call SetEnabledSetting(com.miclaro.app component = androidx.work.impl.background.systemjob.SystemJobService, 1, 0)
01-06 16:02:48.139  2321  5972 D CompatibilityChangeReporter: Compat change id reported: 168419799; UID 10104; state: DISABLED
01-06 16:02:48.139  2321  5972 D CompatibilityChangeReporter: Compat change id reported: 273564678; UID 10104; state: DISABLED
01-06 16:02:48.139  2321  5972 D ActivityTaskManagerServiceExtImpl: preBindApplication record is null
01-06 16:02:48.147  2321  3572 D OplusInterceptLockScreenWindow: starting IOplusLockScreenCallbacks service...
01-06 16:02:48.179  2321  5972 D CompatibilityChangeReporter: Compat change id reported: 261072174; UID 10469; state: ENABLED
01-06 16:02:48.219  2321  5972 D CompatibilityChangeReporter: Compat change id reported: 261072174; UID 1000; state: ENABLED
01-06 16:02:48.221  2321  5972 D CompatibilityChangeReporter: Compat change id reported: 253665015; UID 10469; state: ENABLED
01-06 16:02:48.221  2321  5972 D CompatibilityChangeReporter: Compat change id reported: 194532703; UID 10469; state: ENABLED
01-06 16:02:48.222  2321  5972 W JobScheduler.JobStatus: Exempted app com.android.vending considered buggy
01-06 16:02:48.222  2321  5972 W JobScheduler.JobStatus: Exempted app com.android.vending considered buggy
01-06 16:02:48.222  2321  5972 W JobScheduler.JobStatus: Exempted app com.android.vending considered buggy
01-06 16:02:48.222  2321  5972 W JobScheduler.JobStatus: Exempted app com.android.vending considered buggy
01-06 16:02:48.222  2321  5972 W JobScheduler.JobStatus: Exempted app com.android.vending considered buggy
01-06 16:02:48.222  2321  5972 W JobScheduler.JobStatus: Exempted app com.android.vending considered buggy
01-06 16:02:48.222  2321  5972 W JobScheduler.JobStatus: Exempted app com.android.vending considered buggy
01-06 16:02:48.222  2321  5972 W JobScheduler.JobStatus: Exempted app com.android.vending considered buggy
01-06 16:02:48.233  2321  5965 D CompatibilityChangeReporter: Compat change id reported: 161145287; UID 10469; state: ENABLED
01-06 16:02:48.307  2321  5965 I ActivityManager: Flag disabled. Ignoring finishAttachApplication from uid: 10469. pid: 25323
01-06 16:02:48.315  2321  2321 W JobScheduler: Job didn't exist in JobStore: #com.miclaro.app/71584
01-06 16:02:48.319  2321  5965 D VRR [OPlusExternalRefreshRateManager]: isPkgTfcEnable: pkgName = com.miclaro.app, enable = false
01-06 16:02:48.319  2321  5965 D VRR [OPlusExternalRefreshRateManager]: getTfcMinFramerate: pkgName = com.miclaro.app, min framerate = 0
01-06 16:02:48.379  2321  3881 V AlarmManager: sending alarm Alarm{e28293d type 2 origWhen 189953325 whenElapsed 189953325 android} uid 1000 whenElapsed 189953325 windowLength 0 maxWhenElapsed 189953325 repeatInterval 0 action null component null tag *job.deadline* flags 0x0 procName system_server
01-06 16:02:48.390  2321  5965 W PackageManager: package com.miclaro.app uid 10469 pid 25323 call SetEnabledSetting(com.miclaro.app component = androidx.work.impl.background.systemalarm.RescheduleReceiver, 1, 0)
01-06 16:02:48.428  2321  3641 D ColorAutomaticBrightnessController: MSG_PROXIMITY_CHANGE far
01-06 16:02:48.428  2321  5738 W PackageManager: package com.miclaro.app uid 10469 pid 25323 call SetEnabledSetting(com.miclaro.app component = androidx.work.impl.background.systemalarm.RescheduleReceiver, 1, 0)
01-06 16:02:48.433 25518 25518 D ResourcesManagerExtImpl: applyConfigurationToAppResourcesLocked app.getDisplayId() return callback.displayId:-1
01-06 16:02:48.437  2321  5417 W JobScheduler: Job didn't exist in JobStore: #com.google.android.partnersetup/8192
01-06 16:02:48.497  2321  5972 W JobScheduler: Job didn't exist in JobStore: #com.google.android.apps.photos/1034
01-06 16:02:48.516  2321  3881 V AlarmManager: sending alarm Alarm{b585675 type 2 origWhen 189953462 whenElapsed 189953462 android} uid 1000 whenElapsed 189953462 windowLength 0 maxWhenElapsed 189953462 repeatInterval 0 action null component null tag *job.deadline* flags 0x0 procName system_server
01-06 16:02:48.531 25518 25518 I Quality : SlowSqliteOp:executeForLastInsertedRowId,/data/user/0/com.google.android.gsf/databases/googlesettings.db,false,false,65
01-06 16:02:48.584  2321  5965 W PackageManager: package com.miclaro.app uid 10469 pid 25323 call SetEnabledSetting(com.miclaro.app component = androidx.work.impl.background.systemalarm.RescheduleReceiver, 1, 0)
01-06 16:02:48.630  2321  5738 W PackageManager: package com.miclaro.app uid 10469 pid 25323 call SetEnabledSetting(com.miclaro.app component = androidx.work.impl.background.systemalarm.RescheduleReceiver, 1, 0)
01-06 16:02:48.653  2321  9539 I ActivityManager: Process com.oplus.deepthinker:worker (pid 24966) has died: cch+5 CEM 
01-06 16:02:48.665  2321  4431 I ActivityManager: Process com.google.android.cellbroadcastreceiver (pid 25305) has died: cch+15 CEM 
01-06 16:02:48.669  2321  3570 D DisplayManagerService: Drop pending events for gone uid 10243
01-06 16:02:48.671  2321  4236 E OAPM    : activity preload is not enabled
01-06 16:02:48.672  2321  9539 I ActivityManager: Process com.google.android.configupdater (pid 25318) has died: cch+15 CEM 
01-06 16:02:48.673  2321  4117 D OplusSplitScreenManagerService: com.android.launcher supportsSplitScreen by forceResizable activity return:true
01-06 16:02:48.674  2321  4117 D OplusSplitScreenManagerService: com.android.launcher supportsSplitScreen by forceResizable activity return:false
01-06 16:02:48.674  2321  3570 D DisplayManagerService: Drop pending events for gone uid 10100
01-06 16:02:48.675  2321  4236 E OAPM    : activity preload is not enabled
01-06 16:02:48.675  2321  9539 W ActivityManager: Process 24942 does not match uid 10113 ignore setting hits oom adj
01-06 16:02:48.676  2321  9539 I ActivityManager: Process com.google.android.googlequicksearchbox:search (pid 25196) has died: cch+15 CEM 
01-06 16:02:48.677  2321  4117 D OplusSplitScreenManagerService: com.android.launcher supportsSplitScreen by forceResizable activity return:true
01-06 16:02:48.677  2321  4117 D OplusSplitScreenManagerService: com.android.launcher supportsSplitScreen by forceResizable activity return:false
01-06 16:02:48.682  2321 10616 I ActivityManager: Process com.oplus.romupdate (pid 12546) has died: cch+5 CEM 
01-06 16:02:48.685  2321  3570 D DisplayManagerService: Drop pending events for gone uid 10187
01-06 16:02:48.685  2321  4236 E OAPM    : activity preload is not enabled
01-06 16:02:48.690  2321  5417 W PackageManager: package com.miclaro.app uid 10469 pid 25323 call SetEnabledSetting(com.miclaro.app component = androidx.work.impl.background.systemalarm.RescheduleReceiver, 1, 0)
01-06 16:02:48.693  2321  4406 I ActivityManager: Process com.oplus.notificationmanager (pid 24952) has died: cch+5 CEM 
01-06 16:02:48.696  2321  4117 D OplusSplitScreenManagerService: com.android.launcher supportsSplitScreen by forceResizable activity return:true
01-06 16:02:48.696  2321  4117 D OplusSplitScreenManagerService: com.android.launcher supportsSplitScreen by forceResizable activity return:false
01-06 16:02:48.696  2321  4406 W ActivityManager: Process 24942 does not match uid 10113 ignore setting hits oom adj
01-06 16:02:48.699  2321  4431 I ActivityManager: Process com.oneplus.deskclock:clockWidget (pid 24942) has died: cch+5 CEM 
01-06 16:02:48.701  2321  3570 D DisplayManagerService: Drop pending events for gone uid 10113
01-06 16:02:48.702  2321  4236 E OAPM    : activity preload is not enabled
01-06 16:02:48.704  2321  5738 W UriGrantsManagerService: No permission grants found for com.google.android.apps.photos
01-06 16:02:48.711  2321  4117 D OplusSplitScreenManagerService: com.android.launcher supportsSplitScreen by forceResizable activity return:true
01-06 16:02:48.712  2321  4117 D OplusSplitScreenManagerService: com.android.launcher supportsSplitScreen by forceResizable activity return:false
01-06 16:02:48.714  2321  5965 W UriGrantsManagerService: No permission grants found for com.google.android.apps.photos
01-06 16:02:48.737  2321  5965 W PackageManager: package com.miclaro.app uid 10469 pid 25323 call SetEnabledSetting(com.miclaro.app component = androidx.work.impl.background.systemalarm.RescheduleReceiver, 1, 0)
01-06 16:02:48.747  2321  4069 D OplusSplitScreenManagerService: com.android.launcher supportsSplitScreen by forceResizable activity return:true
01-06 16:02:48.747  2321  4069 D OplusSplitScreenManagerService: com.android.launcher supportsSplitScreen by forceResizable activity return:false
01-06 16:02:48.758  2321  5867 I ActivityManager: Flag disabled. Ignoring finishAttachApplication from uid: 10104. pid: 25518
01-06 16:02:48.761  2321  4069 D OplusSplitScreenManagerService: com.android.launcher supportsSplitScreen by forceResizable activity return:true
01-06 16:02:48.761  2321  4069 D OplusSplitScreenManagerService: com.android.launcher supportsSplitScreen by forceResizable activity return:false
01-06 16:02:48.768  2321  5965 D VRR [OPlusExternalRefreshRateManager]: isPkgTfcEnable: pkgName = com.google.android.gsf, enable = false
01-06 16:02:48.768  2321  5965 D VRR [OPlusExternalRefreshRateManager]: getTfcMinFramerate: pkgName = com.google.android.gsf, min framerate = 0
01-06 16:02:48.784  2321  5417 W PackageManager: package com.miclaro.app uid 10469 pid 25323 call SetEnabledSetting(com.miclaro.app component = androidx.work.impl.background.systemalarm.RescheduleReceiver, 1, 0)
01-06 16:02:48.835  2321  3643 D OplusSmartBrightnessController: handleMessage MSG_LUX_CHANGED, mLux:262.64426 luxQueue=[96.0, 270.0, 288.0, 288.0, 288.0, 288.0]
01-06 16:02:48.835  2321  3643 D OplusDisplayBrightnessGuardStrategy: handleUpdateBrightness getNextPoint[-1],LargeChanged:true,isRegressionDefaultSpline:false,full:false,HBM:false,count=0,point:(262.64426, 104.27772, 4210.1655),target:(914.6371, 152.28778, 5016.9526),drag:null,large[436.6482,1751.9556],small[627.84375,1417.0282]
01-06 16:02:48.835  2321  3643 D OplusSmartBrightnessController: handleUpdateBrightness brightness changed display[-1]:(914.6371, 152.28778, 5016.9526)->(262.64426, 104.27772, 4210.1655),isReset=false lux=262.64426 luxQ=[96.0, 270.0, 288.0, 288.0, 288.0, 288.0],drag:null
01-06 16:02:48.836  2321  3643 I OplusSmartBrightnessController: update target brightness point to : (914.6371, 152.28778, 5016.9526)->(262.64426, 104.27772, 4210.1655)
01-06 16:02:48.836  2321  3643 I OplusDisplayBrightnessGuardStrategy: updateGuardStrategy update guard point: (262.64426, 104.27772, 4210.1655)
01-06 16:02:48.836  2321  3643 I OplusDisplayBrightnessGuardStrategy: updateGuardStrategy large lux threshold[-1]=[(46.274044, 76.71019, 3635.859), (655.2885, 137.51059, 4783.98) ]
01-06 16:02:48.836  2321  3643 I OplusDisplayBrightnessGuardStrategy: updateGuardStrategy small lux threshold[-1]=[(132.82213, 90.72657, 3936.991), (498.23083, 126.2775, 4600.8203) ]
01-06 16:02:48.836  2321  3643 I OplusSmartBrightnessController: onTargetBrightnessChange brightness change to (262.64426, 104.27772, 4210.1655)
01-06 16:02:48.837  2321  3641 I ColorAutomaticBrightnessController: updateAutoBrightness: Auto, sendUpdate = true adjustment=16060.784180,changed:5016->4210,modified:4210->4210->4210,changed=true,cameraMode=0,ProximityNear=false
01-06 16:02:48.837  2321  3641 D OplusFeatureHDREnhanceBrightness: setAnimating : displayId[0]=true
01-06 16:02:48.837  2321  3641 D OplusFeatureReduceBrightness: setAnimating : animating = true
01-06 16:02:48.838  2321  3641 D OplusFeatureEdrEnhanceBrightness: setAnimating: true
01-06 16:02:48.838  2321  3641 D OplusFeaturePwEdrEnhanceBrightness: setAnimating: true
01-06 16:02:48.838  2321  3641 D DpcExtImpl[0]: Animating brightness: target=5016->4210,rate=140->26,type=automatic,byUse=false local:4630946950956839810
01-06 16:02:48.840  2321  3641 I OplusDisplayBrightnessSmoothModel: getNextChange:9.1153395E-4, deltaY:9.6 mNormalMaxBrightness: 8191.0
01-06 16:02:48.841  2321  3641 I OplusDisplayBrightnessSmoothModel: getNextChange:9.1153395E-4, deltaY:9.6 mNormalMaxBrightness: 8191.0
01-06 16:02:48.846  2321  3641 D DpcExtImpl[0]: onchange selfChange=false state=ON uri=content://settings/system/screen_brightness
01-06 16:02:48.856  2321  3641 I OplusDisplayBrightnessSmoothModel: getNextChange:0.016548192, deltaY:9.6 mNormalMaxBrightness: 8191.0
01-06 16:02:48.857  2321  3641 I OplusDisplayBrightnessSmoothModel: getNextChange:0.016548192, deltaY:9.6 mNormalMaxBrightness: 8191.0
01-06 16:02:48.868  2321  3641 D DpcExtImpl[0]: onchange selfChange=false state=ON uri=content://settings/system/screen_brightness
01-06 16:02:48.869  2321  3572 D DisplayManagerService: Ignore redundant display event 0/4 to 10363/5200
01-06 16:02:48.869  2321  3572 D DisplayManagerService: Ignore redundant display event 0/4 to 10818/10817
01-06 16:02:48.869  2321  3572 D DisplayManagerService: Ignore redundant display event 0/4 to 10496/12309
01-06 16:02:48.869  2321  3572 D DisplayManagerService: Ignore redundant display event 0/4 to 10162/18459
01-06 16:02:48.869  2321  3572 D DisplayManagerService: Ignore redundant display event 0/4 to 10106/20655
01-06 16:02:48.869  2321  3572 D DisplayManagerService: Ignore redundant display event 0/4 to 10314/23682
01-06 16:02:48.869  2321  3572 D DisplayManagerService: Ignore redundant display event 0/4 to 10330/30010
01-06 16:02:48.873  2321  3641 I OplusDisplayBrightnessSmoothModel: getNextChange:0.016546393, deltaY:9.6 mNormalMaxBrightness: 8191.0
01-06 16:02:48.873  2321  3641 I OplusDisplayBrightnessSmoothModel: getNextChange:0.016546393, deltaY:9.6 mNormalMaxBrightness: 8191.0
01-06 16:02:48.880  2321  3641 D DpcExtImpl[0]: onchange selfChange=false state=ON uri=content://settings/system/screen_brightness
01-06 16:02:48.881  2321  3572 D DisplayManagerService: Ignore redundant display event 0/4 to 10363/5200
01-06 16:02:48.881  2321  3572 D DisplayManagerService: Ignore redundant display event 0/4 to 10818/10817
