01-06 10:42:12.129  2321  4432 I AppsFilter: interaction: PackageSetting{18710ec org.psyhackers.Ashera/10771} -> PackageSetting{62b121f com.google.android.accessibility.switchaccess/10446} BLOCKED
01-06 10:42:12.129  2321  4432 I AppsFilter: interaction: PackageSetting{18710ec org.psyhackers.Ashera/10771} -> PackageSetting{9f354a5 com.ironhidegames.android.ironmarines/10711} BLOCKED
01-06 10:42:12.129  2321  4432 I AppsFilter: interaction: PackageSetting{18710ec org.psyhackers.Ashera/10771} -> PackageSetting{2d6596c ai.perplexity.app.android/10404} BLOCKED
01-06 10:42:12.130  2321  4432 I AppsFilter: interaction: PackageSetting{18710ec org.psyhackers.Ashera/10771} -> PackageSetting{a0b2b35 com.intermedia.hd.camera.professional/10125} BLOCKED
01-06 10:42:12.130  2321  4432 I AppsFilter: interaction: PackageSetting{18710ec org.psyhackers.Ashera/10771} -> PackageSetting{de9bbca cn.danatech.xingseus/10291} BLOCKED
01-06 10:42:12.130  2321  4432 I AppsFilter: interaction: PackageSetting{18710ec org.psyhackers.Ashera/10771} -> PackageSetting{bf8b13b com.facebook.katana/10281} BLOCKED
01-06 10:42:12.131  2321  4432 I AppsFilter: interaction: PackageSetting{18710ec org.psyhackers.Ashera/10771} -> PackageSetting{d85a058 io.cordova.astromatrix/10402} BLOCKED
01-06 10:42:12.131  2321  4432 I AppsFilter: interaction: PackageSetting{18710ec org.psyhackers.Ashera/10771} -> PackageSetting{e5c8407 fantasy.hero.cafe.empire.craft/10790} BLOCKED
01-06 10:42:12.131  2321  4432 I AppsFilter: interaction: PackageSetting{18710ec org.psyhackers.Ashera/10771} -> PackageSetting{4d045b1 com.oplus.games/10465} BLOCKED
01-06 10:42:12.131  2321  4432 I AppsFilter: interaction: PackageSetting{18710ec org.psyhackers.Ashera/10771} -> PackageSetting{9cfca96 com.oplus.metis/10183} BLOCKED
01-06 10:42:12.132  2321  4432 I AppsFilter: interaction: PackageSetting{18710ec org.psyhackers.Ashera/10771} -> PackageSetting{3372617 com.oplus.omoji/10357} BLOCKED
01-06 10:42:12.132  2321  4432 I AppsFilter: interaction: PackageSetting{18710ec org.psyhackers.Ashera/10771} -> PackageSetting{8e06a04 com.windscribe.vpn/10452} BLOCKED
01-06 10:42:12.132  2321  4432 I AppsFilter: interaction: PackageSetting{18710ec org.psyhackers.Ashera/10771} -> PackageSetting{af28bed com.fansipan.pixel.hero.action.rpg.adventure.games/10443} BLOCKED
01-06 10:42:12.133  2321  4432 I AppsFilter: interaction: PackageSetting{18710ec org.psyhackers.Ashera/10771} -> PackageSetting{635fa22 com.bitla.mba.pasajebus/10295} BLOCKED
01-06 10:42:12.133  2321  4432 I AppsFilter: interaction: PackageSetting{18710ec org.psyhackers.Ashera/10771} -> PackageSetting{f7e0cb3 com.didiglobal.passenger/10377} BLOCKED
01-06 10:42:12.133  2321  4432 I AppsFilter: interaction: PackageSetting{18710ec org.psyhackers.Ashera/10771} -> PackageSetting{5fc2270 com.teamviewer.teamviewer.market.mobile/10383} BLOCKED
01-06 10:42:12.133  2321  4432 I AppsFilter: interaction: PackageSetting{18710ec org.psyhackers.Ashera/10771} -> PackageSetting{178f9e9 com.ttt.fortressmerge/10757} BLOCKED
01-06 10:42:12.133  2321  4432 I AppsFilter: interaction: PackageSetting{18710ec org.psyhackers.Ashera/10771} -> PackageSetting{c42c10f com.android.providers.partnerbookmarks/10161} BLOCKED
01-06 10:42:12.134  2321  4432 I AppsFilter: interaction: PackageSetting{18710ec org.psyhackers.Ashera/10771} -> PackageSetting{fd8f59c net.simplyadvanced.ltediscovery/10398} BLOCKED
01-06 10:42:12.135  2321  4432 I AppsFilter: interaction: PackageSetting{18710ec org.psyhackers.Ashera/10771} -> PackageSetting{cde4ba5 cl.gob.cne.energiaabierta.BencinaEnLinea/10352} BLOCKED
01-06 10:42:12.135  2321  4432 I AppsFilter: interaction: PackageSetting{18710ec org.psyhackers.Ashera/10771} -> PackageSetting{ff3cb1a com.miclaro.app/10469} BLOCKED
01-06 10:42:12.135  2321  4432 I AppsFilter: interaction: PackageSetting{18710ec org.psyhackers.Ashera/10771} -> PackageSetting{cf45f2b com.oplus.wallpapers/10192} BLOCKED
01-06 10:42:12.135  2321  4432 I AppsFilter: interaction: PackageSetting{18710ec org.psyhackers.Ashera/10771} -> PackageSetting{f4dcf88 com.android.apps.tag/10072} BLOCKED
01-06 10:42:12.135  2321  4432 I AppsFilter: interaction: PackageSetting{18710ec org.psyhackers.Ashera/10771} -> PackageSetting{48cfd21 com.facebook.orca/10287} BLOCKED
01-06 10:42:12.135  2321  4432 I AppsFilter: interaction: PackageSetting{18710ec org.psyhackers.Ashera/10771} -> PackageSetting{dae0546 com.oplus.encryption/10178} BLOCKED
01-06 10:42:12.136  2321  4432 I AppsFilter: interaction: PackageSetting{18710ec org.psyhackers.Ashera/10771} -> PackageSetting{2cb964b cz.scamera.securitycamera/10708} BLOCKED
01-06 10:42:12.136  2321  4432 I AppsFilter: interaction: PackageSetting{18710ec org.psyhackers.Ashera/10771} -> PackageSetting{1b45c34 com.dev47apps.obsdroidcam/10490} BLOCKED
01-06 10:42:12.136  2321  4432 I AppsFilter: interaction: PackageSetting{18710ec org.psyhackers.Ashera/10771} -> PackageSetting{a7df193 com.bricksbreaker.crusher.zombie.decor/10315} BLOCKED
01-06 10:42:12.136  2321  4432 I AppsFilter: interaction: PackageSetting{18710ec org.psyhackers.Ashera/10771} -> PackageSetting{1ecd5d0 com.kongregate.mobile.adventurecommunist.google/10351} BLOCKED
01-06 10:42:12.136  2321  4432 I AppsFilter: interaction: PackageSetting{18710ec org.psyhackers.Ashera/10771} -> PackageSetting{21b4a5d com.microsoft.copilot/10087} BLOCKED
01-06 10:42:12.136  2321  4432 I AppsFilter: interaction: PackageSetting{18710ec org.psyhackers.Ashera/10771} -> PackageSetting{80f281a com.chess/10792} BLOCKED
01-06 10:42:12.136  2321  4432 I AppsFilter: interaction: PackageSetting{18710ec org.psyhackers.Ashera/10771} -> PackageSetting{4a388a3 com.google.android.healthconnect.controller/10462} BLOCKED
01-06 10:42:12.136  2321  4432 I AppsFilter: interaction: PackageSetting{18710ec org.psyhackers.Ashera/10771} -> PackageSetting{e5507a0 com.teamviewer.quicksupport.market/10324} BLOCKED
01-06 10:42:12.136  2321  4432 I AppsFilter: interaction: PackageSetting{18710ec org.psyhackers.Ashera/10771} -> PackageSetting{8472f59 jackpal.androidterm/10470} BLOCKED
01-06 10:42:12.136  2321  4432 I AppsFilter: interaction: PackageSetting{18710ec org.psyhackers.Ashera/10771} -> PackageSetting{e92771e com.prjze/10322} BLOCKED
01-06 10:42:12.136  2321  4432 I AppsFilter: interaction: PackageSetting{18710ec org.psyhackers.Ashera/10771} -> PackageSetting{3dc0bff com.oneplus.canvasresources/10261} BLOCKED
01-06 10:42:12.137  2321  4432 I AppsFilter: interaction: PackageSetting{18710ec org.psyhackers.Ashera/10771} -> PackageSetting{692fdcc com.cxinventor.file.explorer/10273} BLOCKED
01-06 10:42:12.137  2321  4432 I AppsFilter: interaction: PackageSetting{18710ec org.psyhackers.Ashera/10771} -> PackageSetting{db26815 com.google.android.apps.translate/10311} BLOCKED
01-06 10:42:12.137  2321  4432 I AppsFilter: interaction: PackageSetting{18710ec org.psyhackers.Ashera/10771} -> PackageSetting{5eae72a com.heytap.colorfulengine/10103} BLOCKED
01-06 10:42:12.137  2321  4432 I AppsFilter: interaction: PackageSetting{18710ec org.psyhackers.Ashera/10771} -> PackageSetting{15c91e7 com.tank.z.combat/10487} BLOCKED
01-06 10:42:12.137  2321  4432 I AppsFilter: interaction: PackageSetting{18710ec org.psyhackers.Ashera/10771} -> PackageSetting{bef691b com.languagedrops.drops.learn.learning.speak.language.hebrew.words/10480} BLOCKED
01-06 10:42:12.137  2321  4432 I AppsFilter: interaction: PackageSetting{18710ec org.psyhackers.Ashera/10771} -> PackageSetting{cd82ab8 com.jg.mushroomidentifier/10421} BLOCKED
01-06 10:42:12.137  2321  4432 I AppsFilter: interaction: PackageSetting{18710ec org.psyhackers.Ashera/10771} -> PackageSetting{75e7091 com.android.bookmarkprovider/10075} BLOCKED
01-06 10:42:12.137  2321  4432 I AppsFilter: interaction: PackageSetting{18710ec org.psyhackers.Ashera/10771} -> PackageSetting{7566583 com.hg.heromaking/10382} BLOCKED
01-06 10:42:12.138  2321  4432 I AppsFilter: interaction: PackageSetting{18710ec org.psyhackers.Ashera/10771} -> PackageSetting{aa84bf6 com.google.android.apps.nbu.paisa.user/10144} BLOCKED
01-06 10:42:12.138  2321  4432 I AppsFilter: interaction: PackageSetting{18710ec org.psyhackers.Ashera/10771} -> PackageSetting{7117bf7 com.heytap.browser/10454} BLOCKED
01-06 10:42:12.138  2321  4432 I AppsFilter: interaction: PackageSetting{18710ec org.psyhackers.Ashera/10771} -> PackageSetting{a9d217e com.google.android.networkstack.overlay/10003} BLOCKED
01-06 10:42:12.138  2321  4432 I AppsFilter: interaction: PackageSetting{18710ec org.psyhackers.Ashera/10771} -> PackageSetting{a37b1cd com.google.android.projection.gearhead/10097} BLOCKED
01-06 10:42:12.138  2321  4432 I AppsFilter: interaction: PackageSetting{18710ec org.psyhackers.Ashera/10771} -> PackageSetting{e413a64 com.oplus.multiapp/10218} BLOCKED
01-06 10:42:12.138  2321  4432 I AppsFilter: interaction: PackageSetting{18710ec org.psyhackers.Ashera/10771} -> PackageSetting{2309f2c com.ketchapp.crowddefense/10773} BLOCKED
01-06 10:42:12.139  2321  4432 I AppsFilter: interaction: PackageSetting{18710ec org.psyhackers.Ashera/10771} -> PackageSetting{ee884cd com.google.android.safetycore/10370} BLOCKED
01-06 10:42:12.139  2321  4432 I AppsFilter: interaction: PackageSetting{18710ec org.psyhackers.Ashera/10771} -> PackageSetting{5053182 ccc71.am/10379} BLOCKED
01-06 10:42:12.139  2321  4432 I AppsFilter: interaction: PackageSetting{18710ec org.psyhackers.Ashera/10771} -> PackageSetting{4d7e093 ccc71.kt/10356} BLOCKED
01-06 10:42:12.139  2321  4432 I AppsFilter: interaction: PackageSetting{18710ec org.psyhackers.Ashera/10771} -> PackageSetting{b0998d0 ccc71.nm/10396} BLOCKED
01-06 10:42:12.139  2321  4432 I AppsFilter: interaction: PackageSetting{18710ec org.psyhackers.Ashera/10771} -> PackageSetting{85a0c9 ccc71.tm/10376} BLOCKED
01-06 10:42:12.139  2321  4432 I AppsFilter: interaction: PackageSetting{18710ec org.psyhackers.Ashera/10771} -> PackageSetting{458e3ce com.google.android.apps.chromecast.app/10474} BLOCKED
01-06 10:42:12.139  2321  4432 I AppsFilter: interaction: PackageSetting{18710ec org.psyhackers.Ashera/10771} -> PackageSetting{3715a82 com.android.cts.ctsshim/10384} BLOCKED
01-06 10:42:12.139  2321  4432 I AppsFilter: interaction: PackageSetting{18710ec org.psyhackers.Ashera/10771} -> PackageSetting{e95f2ef com.language.learnhebrew/10483} BLOCKED
01-06 10:42:12.139  2321  4432 I AppsFilter: interaction: PackageSetting{18710ec org.psyhackers.Ashera/10771} -> PackageSetting{d05a7c4 com.war.no/10510} BLOCKED
01-06 10:42:12.139  2321  4432 I AppsFilter: interaction: PackageSetting{18710ec org.psyhackers.Ashera/10771} -> PackageSetting{9b771fc com.oplus.portrait/10174} BLOCKED
01-06 10:42:12.140  2321  4432 I AppsFilter: interaction: PackageSetting{18710ec org.psyhackers.Ashera/10771} -> PackageSetting{cbe8085 com.lexa.fakegps/10410} BLOCKED
01-06 10:42:12.140  2321  4432 I AppsFilter: interaction: PackageSetting{18710ec org.psyhackers.Ashera/10771} -> PackageSetting{4236eda com.google.android.wifi.resources/10455} BLOCKED
01-06 10:42:12.140  2321  4432 I AppsFilter: interaction: PackageSetting{18710ec org.psyhackers.Ashera/10771} -> PackageSetting{578cf0b com.delphicoder.flud/10407} BLOCKED
01-06 10:42:12.140  2321  4432 I AppsFilter: interaction: PackageSetting{18710ec org.psyhackers.Ashera/10771} -> PackageSetting{107b1e8 com.coloros.relax/10393} BLOCKED
01-06 10:42:12.140  2321  4432 I AppsFilter: interaction: PackageSetting{18710ec org.psyhackers.Ashera/10771} -> PackageSetting{9eba001 com.google.android.wifi.dialog/10458} BLOCKED
01-06 10:42:12.140  2321  4432 I AppsFilter: interaction: PackageSetting{18710ec org.psyhackers.Ashera/10771} -> PackageSetting{5d99ea6 com.heytap.accessory/10105} BLOCKED
01-06 10:42:12.140  2321  4432 I AppsFilter: interaction: PackageSetting{18710ec org.psyhackers.Ashera/10771} -> PackageSetting{66350e7 com.goongames.DungeonsofDreadrock/10513} BLOCKED
01-06 10:42:12.140  2321  4432 I AppsFilter: interaction: PackageSetting{18710ec org.psyhackers.Ashera/10771} -> PackageSetting{49a0494 com.einnovation.temu/10381} BLOCKED
01-06 10:42:12.140  2321  4432 I AppsFilter: interaction: PackageSetting{18710ec org.psyhackers.Ashera/10771} -> PackageSetting{1713b3d com.BMGames.GunHero/10760} BLOCKED
01-06 10:42:12.140  2321  4432 I AppsFilter: interaction: PackageSetting{18710ec org.psyhackers.Ashera/10771} -> PackageSetting{cd65feb com.spanish.latinomobile/10523} BLOCKED
01-06 10:42:12.140  2321  4432 I AppsFilter: interaction: PackageSetting{18710ec org.psyhackers.Ashera/10771} -> PackageSetting{b70ff32 android.autoinstalls.config.oneplus/10091} BLOCKED
01-06 10:42:12.140  2321  4432 I AppsFilter: interaction: PackageSetting{18710ec org.psyhackers.Ashera/10771} -> PackageSetting{f8a1483 pct.droid/10413} BLOCKED
01-06 10:42:12.140  2321  4432 I AppsFilter: interaction: PackageSetting{18710ec org.psyhackers.Ashera/10771} -> PackageSetting{ec58d06 com.laser.bounce.puzzle/10813} BLOCKED
01-06 10:42:12.141  2321  4432 I AppsFilter: interaction: PackageSetting{18710ec org.psyhackers.Ashera/10771} -> PackageSetting{3b90fc7 com.ea.gp.pvzheroes/10735} BLOCKED
01-06 10:42:12.141  2321  4432 I AppsFilter: interaction: PackageSetting{18710ec org.psyhackers.Ashera/10771} -> PackageSetting{5cd600 com.zhuoting.healthyucheng/10519} BLOCKED
01-06 10:42:12.141  2321  4432 I AppsFilter: interaction: PackageSetting{18710ec org.psyhackers.Ashera/10771} -> PackageSetting{82f451d com.brusgames.kingofcrusaderstrongholds/10424} BLOCKED
01-06 10:42:12.141  2321  4432 I AppsFilter: interaction: PackageSetting{18710ec org.psyhackers.Ashera/10771} -> PackageSetting{49d7392 com.spiderhero.fighting.superhero/10804} BLOCKED
01-06 10:42:12.141  2321  4432 I AppsFilter: interaction: PackageSetting{18710ec org.psyhackers.Ashera/10771} -> PackageSetting{4bb4e39 com.MKGames.Fractals3D/10338} BLOCKED
01-06 10:42:12.141  2321  4432 I AppsFilter: interaction: PackageSetting{18710ec org.psyhackers.Ashera/10771} -> PackageSetting{eabdc7e com.noctuasoftware.stellarium_free/10304} BLOCKED
01-06 10:42:12.141  2321  4432 I AppsFilter: interaction: PackageSetting{18710ec org.psyhackers.Ashera/10771} -> PackageSetting{125428a com.gpk.iss/10542} BLOCKED
01-06 10:42:12.141  2321  4432 I AppsFilter: interaction: PackageSetting{18710ec org.psyhackers.Ashera/10771} -> PackageSetting{7df90fb com.dubox.drive/10297} BLOCKED
01-06 10:42:12.141  2321  4432 I AppsFilter: interaction: PackageSetting{18710ec org.psyhackers.Ashera/10771} -> PackageSetting{48230bf com.FunGame3D.Battleships/10781} BLOCKED
01-06 10:42:12.141  2321  4432 I AppsFilter: interaction: PackageSetting{18710ec org.psyhackers.Ashera/10771} -> PackageSetting{6dc2bde org.psyhackers.ashera/10768} BLOCKED
01-06 10:42:12.142  2321  4432 I AppsFilter: interaction: PackageSetting{18710ec org.psyhackers.Ashera/10771} -> PackageSetting{57f6518 com.oplus.aiunit/10289} BLOCKED
01-06 10:42:12.142  2321  4432 I AppsFilter: interaction: PackageSetting{18710ec org.psyhackers.Ashera/10771} -> PackageSetting{9b8b71 com.oplus.cast/10110} BLOCKED
01-06 10:42:12.142  2321  4432 I AppsFilter: interaction: PackageSetting{18710ec org.psyhackers.Ashera/10771} -> PackageSetting{11cfd56 com.oplus.cota/10114} BLOCKED
01-06 10:42:12.142  2321  4432 I AppsFilter: interaction: PackageSetting{18710ec org.psyhackers.Ashera/10771} -> PackageSetting{4b9ae96 com.oplus.ndsf/10093} BLOCKED
01-06 10:42:12.142  2321  4432 I AppsFilter: interaction: PackageSetting{18710ec org.psyhackers.Ashera/10771} -> PackageSetting{50c41d7 com.oplus.onet/10111} BLOCKED
01-06 10:42:12.142  2321  4432 I AppsFilter: interaction: PackageSetting{18710ec org.psyhackers.Ashera/10771} -> PackageSetting{b84ec78 com.EtherealGames.StrandedIsland/10152} BLOCKED
01-06 10:42:12.142  2321  4432 I AppsFilter: interaction: PackageSetting{18710ec org.psyhackers.Ashera/10771} -> PackageSetting{4756f51 com.allinc.bagfight/10301} BLOCKED
01-06 10:42:12.142  2321  4432 I AppsFilter: interaction: PackageSetting{18710ec org.psyhackers.Ashera/10771} -> PackageSetting{591bac4 com.android.email.partnerprovider/10164} BLOCKED
01-06 10:42:12.142  2321  4432 I AppsFilter: interaction: PackageSetting{18710ec org.psyhackers.Ashera/10771} -> PackageSetting{d8c6dad com.google.android.apps.work.clouddpc/10274} BLOCKED
01-06 10:42:12.143  2321  4432 I AppsFilter: interaction: PackageSetting{18710ec org.psyhackers.Ashera/10771} -> PackageSetting{f0398e2 com.offerwise.QueOpinas/10346} BLOCKED
01-06 10:42:12.143  2321  4432 I AppsFilter: interaction: PackageSetting{18710ec org.psyhackers.Ashera/10771} -> PackageSetting{de92473 com.oppo.quicksearchbox/10345} BLOCKED
01-06 10:42:12.143  2321  4432 I AppsFilter: interaction: PackageSetting{18710ec org.psyhackers.Ashera/10771} -> PackageSetting{951bf30 com.google.android.gms.location.history/10166} BLOCKED
01-06 10:42:12.143  2321  4432 I AppsFilter: interaction: PackageSetting{18710ec org.psyhackers.Ashera/10771} -> PackageSetting{dc8e953 com.android.internal.systemui.navbar.gestural/10009} BLOCKED
01-06 10:42:12.143  2321  4432 I AppsFilter: interaction: PackageSetting{18710ec org.psyhackers.Ashera/10771} -> PackageSetting{f2f37a9 mega.privacy.android.app/10278} BLOCKED
01-06 10:42:12.143  2321  4432 I AppsFilter: interaction: PackageSetting{18710ec org.psyhackers.Ashera/10771} -> PackageSetting{fc6612e com.krealo.tenpo/10313} BLOCKED
01-06 10:42:12.143  2321  4432 I AppsFilter: interaction: PackageSetting{18710ec org.psyhackers.Ashera/10771} -> PackageSetting{a794cf com.simyasolutions.writeme.he/10484} BLOCKED
01-06 10:42:12.143  2321  4432 I AppsFilter: interaction: PackageSetting{18710ec org.psyhackers.Ashera/10771} -> PackageSetting{dcb9e5c com.glority.pictureinsect/10491} BLOCKED
01-06 10:42:12.144  2321  4432 I AppsFilter: interaction: PackageSetting{18710ec org.psyhackers.Ashera/10771} -> PackageSetting{11aa565 com.samchristiansen.ioverlander.droid/10300} BLOCKED
01-06 10:42:12.144  2321  4432 I AppsFilter: interaction: PackageSetting{18710ec org.psyhackers.Ashera/10771} -> PackageSetting{7db623a com.google.android.apps.youtube.music/10008} BLOCKED
01-06 10:42:12.144  2321  4432 I AppsFilter: interaction: PackageSetting{18710ec org.psyhackers.Ashera/10771} -> PackageSetting{332aeeb com.android.bluetoothmidiservice/10077} BLOCKED
01-06 10:42:12.144  2321  4432 I AppsFilter: interaction: PackageSetting{18710ec org.psyhackers.Ashera/10771} -> PackageSetting{ea2fcb com.feelnside.rageswarm/10405} BLOCKED
01-06 10:42:12.144  2321  4432 I AppsFilter: interaction: PackageSetting{18710ec org.psyhackers.Ashera/10771} -> PackageSetting{2a24448 com.tarotreading.aitarot/10319} BLOCKED
01-06 10:42:12.144  2321  4432 I AppsFilter: interaction: PackageSetting{18710ec org.psyhackers.Ashera/10771} -> PackageSetting{79532e1 com.coloros.operationManual/10366} BLOCKED
01-06 10:42:12.144  2321  4432 I AppsFilter: interaction: PackageSetting{18710ec org.psyhackers.Ashera/10771} -> PackageSetting{dd00666 com.brain.game.word.quiz/10666} BLOCKED
01-06 10:42:12.144  2321  4432 I AppsFilter: interaction: PackageSetting{18710ec org.psyhackers.Ashera/10771} -> PackageSetting{b0d6806 com.coloros.floatassistant/10365} BLOCKED
01-06 10:42:12.144  2321  4432 I AppsFilter: interaction: PackageSetting{18710ec org.psyhackers.Ashera/10771} -> PackageSetting{a941254 com.pabloleban.IdleSlayer/10498} BLOCKED
01-06 10:42:12.144  2321  4432 I AppsFilter: interaction: PackageSetting{18710ec org.psyhackers.Ashera/10771} -> PackageSetting{50b4ec7 com.coloros.childrenspace/10364} BLOCKED
01-06 10:42:12.144  2321  4432 I AppsFilter: interaction: PackageSetting{18710ec org.psyhackers.Ashera/10771} -> PackageSetting{cbb5cf4 com.ea.game.starwarscapital_row/10525} BLOCKED
01-06 10:42:12.145  2321  4432 I AppsFilter: interaction: PackageSetting{18710ec org.psyhackers.Ashera/10771} -> PackageSetting{ad11c1d com.ea.game.starwarscapital_rox/10534} BLOCKED
01-06 10:42:12.145  2321  4432 I AppsFilter: interaction: PackageSetting{18710ec org.psyhackers.Ashera/10771} -> PackageSetting{d07fe92 com.google.android.cellbroadcastreceiver/10243} BLOCKED
01-06 10:42:12.145  2321  4432 I AppsFilter: interaction: PackageSetting{18710ec org.psyhackers.Ashera/10771} -> PackageSetting{2e41063 com.organicix.davincivaporizerapp/10279} BLOCKED
01-06 10:42:12.145  2321  4432 I AppsFilter: interaction: PackageSetting{18710ec org.psyhackers.Ashera/10771} -> PackageSetting{a8f7c3e com.lagotgames.bulletsandballs/10092} BLOCKED
01-06 10:42:12.145  2321  4432 I AppsFilter: interaction: PackageSetting{18710ec org.psyhackers.Ashera/10771} -> PackageSetting{ce6fa9f com.dreamgames.royalmatch/10392} BLOCKED
01-06 10:42:12.145  2321  4432 I AppsFilter: interaction: PackageSetting{18710ec org.psyhackers.Ashera/10771} -> PackageSetting{7ab5460 com.oplus.linker/10116} BLOCKED
01-06 10:42:12.145  2321  4432 I AppsFilter: interaction: PackageSetting{18710ec org.psyhackers.Ashera/10771} -> PackageSetting{9e85d19 gr.nikolasspyr.integritycheck/10038} BLOCKED
01-06 10:42:12.145  2321  4432 I AppsFilter: interaction: PackageSetting{18710ec org.psyhackers.Ashera/10771} -> PackageSetting{6031e4a com.android.carrierconfig.platform/10334} BLOCKED
01-06 10:42:12.145  2321  4432 I AppsFilter: interaction: PackageSetting{18710ec org.psyhackers.Ashera/10771} -> PackageSetting{dac3bfc org.psyhackers.mashIA/10767} BLOCKED
01-06 10:42:12.145  2321  4432 I AppsFilter: interaction: PackageSetting{18710ec org.psyhackers.Ashera/10771} -> PackageSetting{ea371de com.giannis.randomizer/10395} BLOCKED
01-06 10:42:12.145  2321  4432 I AppsFilter: interaction: PackageSetting{18710ec org.psyhackers.Ashera/10771} -> PackageSetting{7fd4fbf com.wondershare.mobilego/10318} BLOCKED
01-06 10:42:12.146  2321  4432 I AppsFilter: interaction: PackageSetting{18710ec org.psyhackers.Ashera/10771} -> PackageSetting{1e1568c com.oplus.melody/10252} BLOCKED
01-06 10:42:12.146  2321  4432 I AppsFilter: interaction: PackageSetting{18710ec org.psyhackers.Ashera/10771} -> PackageSetting{198b1d5 com.monect.portable/10517} BLOCKED
01-06 10:42:12.146  2321  4432 I AppsFilter: interaction: PackageSetting{18710ec org.psyhackers.Ashera/10771} -> PackageSetting{3f0cdea com.arjanvlek.oxygenupdater/10182} BLOCKED
01-06 10:42:12.146  2321  4432 I AppsFilter: interaction: PackageSetting{18710ec org.psyhackers.Ashera/10771} -> PackageSetting{ab884 com.cla.stickmanera.artofwar/10785} BLOCKED
01-06 10:42:12.146  2321  4432 I AppsFilter: interaction: PackageSetting{18710ec org.psyhackers.Ashera/10771} -> PackageSetting{94128db com.google.android.play.games/10191} BLOCKED
01-06 10:42:12.146  2321  4432 I AppsFilter: interaction: PackageSetting{18710ec org.psyhackers.Ashera/10771} -> PackageSetting{f934f78 com.suno.android/10472} BLOCKED
01-06 10:42:12.146  2321  4432 I AppsFilter: interaction: PackageSetting{18710ec org.psyhackers.Ashera/10771} -> PackageSetting{2bf9651 com.google.android.apps.magazines/10531} BLOCKED
01-06 10:42:12.147  2321  4432 I AppsFilter: interaction: PackageSetting{18710ec org.psyhackers.Ashera/10771} -> PackageSetting{f05deb6 com.wuliang.xapkinstaller/10499} BLOCKED
01-06 10:42:12.147  2321  4432 I AppsFilter: interaction: PackageSetting{18710ec org.psyhackers.Ashera/10771} -> PackageSetting{61f77b7 com.oneplus.membership/10148} BLOCKED
01-06 10:42:12.147  2321  4432 I AppsFilter: interaction: PackageSetting{18710ec org.psyhackers.Ashera/10771} -> PackageSetting{69eb24 com.oplus.screenshot/10119} BLOCKED
01-06 10:42:12.147  2321  4432 I AppsFilter: interaction: PackageSetting{18710ec org.psyhackers.Ashera/10771} -> PackageSetting{496468d com.droid27.transparentclockweather/10363} BLOCKED
01-06 10:42:12.147  2321  4432 I AppsFilter: interaction: PackageSetting{18710ec org.psyhackers.Ashera/10771} -> PackageSetting{b2e941c com.android.internal.systemui.navbar.gestural_narrow_back/10026} BLOCKED
01-06 10:42:12.147  2321  4432 I AppsFilter: interaction: PackageSetting{18710ec org.psyhackers.Ashera/10771} -> PackageSetting{b893042 com.coloros.colordirectservice/10447} BLOCKED
01-06 10:42:12.147  2321  4432 I AppsFilter: interaction: PackageSetting{18710ec org.psyhackers.Ashera/10771} -> PackageSetting{b29d853 com.google.earth/10435} BLOCKED
01-06 10:42:12.147  2321  4432 I AppsFilter: interaction: PackageSetting{18710ec org.psyhackers.Ashera/10771} -> PackageSetting{3ec9590 com.taurusinnovative.astronobel/10400} BLOCKED
01-06 10:42:12.148  2321  4432 I AppsFilter: interaction: PackageSetting{18710ec org.psyhackers.Ashera/10771} -> PackageSetting{23586a8 com.google.android.inputmethod.latin/10150} BLOCKED
01-06 10:42:12.148  2321  4432 I AppsFilter: interaction: PackageSetting{18710ec org.psyhackers.Ashera/10771} -> PackageSetting{b07c1a1 com.falcon.p.fun.playergames.redblue/10653} BLOCKED
01-06 10:42:12.148  2321  4432 I AppsFilter: interaction: PackageSetting{18710ec org.psyhackers.Ashera/10771} -> PackageSetting{dc1b5c1 com.google.android.apps.restore/10089} BLOCKED
01-06 10:42:12.166  2321  4432 D CompatibilityChangeReporter: Compat change id reported: 135634846; UID 10171; state: DISABLED
01-06 10:42:12.166  2321  4432 D CompatibilityChangeReporter: Compat change id reported: 177438394; UID 10171; state: DISABLED
01-06 10:42:12.166  2321  4432 D CompatibilityChangeReporter: Compat change id reported: 135772972; UID 10171; state: DISABLED
01-06 10:42:12.166  2321  4432 D CompatibilityChangeReporter: Compat change id reported: 135754954; UID 10171; state: ENABLED
01-06 10:42:12.166  2321  3611 D CompatibilityChangeReporter: Compat change id reported: 143937733; UID 10171; state: ENABLED
01-06 10:42:12.183  2321  3611 I ActivityManager: Start proc 22716:com.google.android.webview:webview_service/u0a171 for service {com.google.android.webview/org.chromium.android_webview.services.VariationsSeedServer}
01-06 10:42:12.199  2321  4131 D CompatibilityChangeReporter: Compat change id reported: 135634846; UID 99124; state: DISABLED
01-06 10:42:12.199  2321  4131 D CompatibilityChangeReporter: Compat change id reported: 177438394; UID 99124; state: DISABLED
01-06 10:42:12.199  2321  4131 D CompatibilityChangeReporter: Compat change id reported: 135772972; UID 99124; state: DISABLED
01-06 10:42:12.199  2321  3643 D OplusSmartBrightnessController: handleMessage MSG_LUX_CHANGED, mLux:171.60187 luxQueue=[171.0, 171.0, 172.0, 173.0, 171.0]
01-06 10:42:12.199  2321  4131 D CompatibilityChangeReporter: Compat change id reported: 135754954; UID 99124; state: ENABLED
01-06 10:42:12.200  2321  3611 D CompatibilityChangeReporter: Compat change id reported: 143937733; UID 10771; state: ENABLED
01-06 10:42:12.225  2321  3611 I ActivityManager: Start proc 22719:com.google.android.webview:sandboxed_process0:org.chromium.content.app.SandboxedProcessService0:0/u0i124 for  {org.psyhackers.Ashera/org.chromium.content.app.SandboxedProcessService0:0}
01-06 10:42:12.284  2321  4432 D ActivityTaskManagerServiceExtImpl: preBindApplication record is null
01-06 10:42:12.294  2321  4117 D OplusSplitScreenManagerService: org.psyhackers.Ashera supportsSplitScreen by forceResizable activity return:true
01-06 10:42:12.297  2321  4432 D OplusSplitScreenManagerService: org.psyhackers.Ashera supportsSplitScreen by forceResizable activity return:true
01-06 10:42:12.298  2321  3572 D OplusInterceptLockScreenWindow: starting IOplusLockScreenCallbacks service...
01-06 10:42:12.361 22719 22719 D ResourcesManagerExtImpl: applyConfigurationToAppResourcesLocked app.getDisplayId() return callback.displayId:-1
01-06 10:42:12.362  2321  5723 I ActivityManager: Flag disabled. Ignoring finishAttachApplication from uid: 99124. pid: 22719
01-06 10:42:12.373  2321  5727 D CompatibilityChangeReporter: Compat change id reported: 319212206; UID 10771; state: ENABLED
01-06 10:42:12.396  2321  5723 D CompatibilityChangeReporter: Compat change id reported: 168419799; UID 10171; state: DISABLED
01-06 10:42:12.396  2321  5723 D CompatibilityChangeReporter: Compat change id reported: 273564678; UID 10171; state: DISABLED
01-06 10:42:12.396  2321  5723 D ActivityTaskManagerServiceExtImpl: preBindApplication record is null
01-06 10:42:12.408  2321  3231 D OplusSplitScreenManagerService: org.psyhackers.Ashera supportsSplitScreen by forceResizable activity return:true
01-06 10:42:12.408  2321  4117 D OplusSplitScreenManagerService: org.psyhackers.Ashera supportsSplitScreen by forceResizable activity return:true
01-06 10:42:12.409  2321  3785 D CompatibilityChangeReporter: Compat change id reported: 265195908; UID 10171; state: ENABLED
01-06 10:42:12.418 22533 22533 I Quality : InflateViewInfo:381140312,androidx.coordinatorlayout.widget.CoordinatorLayout
01-06 10:42:12.433 22533 22741 D OplusInputMethodUtil: init sDebug to false, init sDebugIme to false, init sAlwaysOn to false
01-06 10:42:12.433 22533 22741 D OplusInputMethodUtil: updateDebugToClass InputMethodManager.DEBUG = false
01-06 10:42:12.434 22533 22741 D OplusInputMethodUtil: updateDebugToClass ImeFocusController.DEBUG = false
01-06 10:42:12.435 22533 22741 D OplusInputMethodUtil: updateDebugToClass BaseInputConnection.DEBUG = false
01-06 10:42:12.435  2321  3231 D CompatibilityChangeReporter: Compat change id reported: 170503758; UID 10171; state: ENABLED
01-06 10:42:12.449  2321  3231 I AppsFilter: interaction: PackageSetting{18710ec org.psyhackers.Ashera/10771} -> PackageSetting{465d137 com.wondershare.mobilego.connector/10307} BLOCKED
01-06 10:42:12.469 22716 22716 D ResourcesManagerExtImpl: applyConfigurationToAppResourcesLocked app.getDisplayId() return callback.displayId:-1
01-06 10:42:12.475  2321  5723 I ActivityManager: Flag disabled. Ignoring finishAttachApplication from uid: 10171. pid: 22716
01-06 10:42:12.576  2321  3800 D CompatibilityChangeReporter: Compat change id reported: 211757425; UID 10771; state: ENABLED
01-06 10:42:12.580  2321  3231 I AppsFilter: interaction: PackageSetting{18710ec org.psyhackers.Ashera/10771} -> PackageSetting{465d137 com.wondershare.mobilego.connector/10307} BLOCKED
01-06 10:42:12.582 22533 22533 I Quality : ActivityThread: activityStart delay 626 org.psyhackers.Ashera 22533
01-06 10:42:12.587 22533 22533 D ActivityThread: ComponentInfo{org.psyhackers.Ashera/org.psyhackers.Ashera.MainActivity} checkFinished=false 2
01-06 10:42:12.587 22533 22533 D ResourcesManagerExtImpl: applyConfigurationToAppResourcesLocked app.getDisplayId() return callback.displayId:-1
01-06 10:42:12.595  2321  3881 V AlarmManager: sending alarm Alarm{ea2e9b3 type 3 origWhen 170717541 whenElapsed 170717541 android} uid 1000 whenElapsed 170717541 windowLength 0 maxWhenElapsed 170717541 repeatInterval 0 action null component null tag *usage.launchTime* flags 0x9 procName system_server
01-06 10:42:12.599  2321  3596 D CompatibilityChangeReporter: Compat change id reported: 171306433; UID 1000; state: ENABLED
01-06 10:42:12.609  2321  3231 D VRR [OPlusExternalRefreshRateManager]: isPkgTfcEnable: pkgName = org.psyhackers.Ashera, enable = false
01-06 10:42:12.609  2321  3231 D VRR [OPlusExternalRefreshRateManager]: getTfcMinFramerate: pkgName = org.psyhackers.Ashera, min framerate = 0
01-06 10:42:12.611  2321  3597 D IntervalStats: Unable to parse usage stats packages: [3861, 3862]
01-06 10:42:12.618  2321  3597 D IntervalStats: Unable to parse usage stats packages: [3861]
01-06 10:42:12.622  2321  3597 D IntervalStats: Unable to parse usage stats packages: [3483, 3875, 3876, 3878]
01-06 10:42:12.627  2321  3597 D IntervalStats: Unable to parse usage stats packages: [3879, 3880, 3883]
01-06 10:42:12.631  2321  3597 D IntervalStats: Unable to parse usage stats packages: [3880]
01-06 10:42:12.633  2321  3800 I WindowManager: addWindow: New client android.os.BinderProxy@caffc7a : window=Window{637dc2b u0 org.psyhackers.Ashera/org.psyhackers.Ashera.MainActivity}
01-06 10:42:12.636  2321  3573 D OplusSplitScreenManagerService: org.psyhackers.Ashera supportsSplitScreen by forceResizable activity return:true
01-06 10:42:12.637  2321  3573 I TaskOrganizerController: onTaskInfoChanged taskid 4764 config { mBounds=Rect(0, 0 - 1080, 2400) mAppBounds=Rect(0, 103 - 1080, 2268) mMaxBounds=Rect(0, 0 - 1080, 2400) mDisplayRotation=ROTATION_0 mWindowingMode=fullscreen mDisplayWindowingMode=fullscreen mActivityType=standard mAlwaysOnTop=undefined mRotation=ROTATION_0}
01-06 10:42:12.637  2321  3573 D FlexibleWindowManager: onFlexibleWindowTaskInfoChanged: mTaskId = 4764 oldIsTaskEmbedded = false   curIsTaskEmbedded = false  topActivity = ComponentInfo{org.psyhackers.Ashera/org.psyhackers.Ashera.MainActivity}
01-06 10:42:12.637  2321  3573 D OplusFlexibleWindowMinimizedManagerHelper: onTaskInfoChanged taskInfo:TaskInfo{userId=0 taskId=4764 displayId=0 isRunning=true baseIntent=Intent { act=android.intent.action.MAIN cat=[android.intent.category.LAUNCHER] flg=0x10200000 cmp=org.psyhackers.Ashera/.MainActivity mCallingUid=10200 } baseActivity=ComponentInfo{org.psyhackers.Ashera/org.psyhackers.Ashera.MainActivity} topActivity=ComponentInfo{org.psyhackers.Ashera/org.psyhackers.Ashera.MainActivity} origActivity=null realActivity=ComponentInfo{org.psyhackers.Ashera/org.psyhackers.Ashera.MainActivity} numActivities=1 lastActiveTime=170716212 supportsSplitScreenMultiWindow=true supportsMultiWindow=true supportsPocketStudioMultiWindow=true isInFlexibleEmbedded = false uid = 10771 pid = 22533 resizeMode=1 isResizeable=true minWidth=-1 minHeight=-1 defaultMinSize=220 token=WCT{RemoteToken{bb669a6 Task{d25f779 #4764 type=standard A=10771:org.psyhackers.Ashera}}} topActivityType=1 pictureInPictureParams=null shouldDockBigOverlays=false launchIntoPipHostTaskId=-1 lastParentTaskIdBeforePip=-1 displayCutoutSafeInsets=Rect(0, 103 - 0, 0) topActivityInfo=ActivityInfo{84c66e6 org.psyhackers.Ashera.MainActivity} launchCookies=[android.os.BinderProxy@11b4900] positionInParent=Point(0, 0) parentTaskId=-1 isFocused=true isVisible=true isVisibleRequested=true isSleeping=false topActivityInSizeCompat=false topActivityInOplusCompatMode=false topActivityEligibleForLetterboxEducation= false topActivityLetterboxed= false isFromDoubleTap= false topActivityLetterboxVerticalPosition= -1 topActivityLetterboxHorizontalPosition= -1 topActivityLetterboxWidth=-1 topActivityLetterboxHeight=-1 locusId=null displayAreaFeatureId=1 cameraCompatControlState=hidden locusId= null topActivityLetterboxInsets=Rect(0, 0 - 0, 0)} task:Task{d25f779 #4764 type=standard A=10771:org.psyhackers.Ashera}
01-06 10:42:12.639  4230  4357 D ShellTaskOrganizer: dispatchTaskEventToClientIfNeed, eventType:2, taskInfo:TaskInfo{userId=0 taskId=4764 displayId=0 isRunning=true baseIntent=Intent { act=android.intent.action.MAIN cat=[android.intent.category.LAUNCHER] flg=0x10200000 cmp=org.psyhackers.Ashera/.MainActivity mCallingUid=10200 } baseActivity=ComponentInfo{org.psyhackers.Ashera/org.psyhackers.Ashera.MainActivity} topActivity=ComponentInfo{org.psyhackers.Ashera/org.psyhackers.Ashera.MainActivity} origActivity=null realActivity=ComponentInfo{org.psyhackers.Ashera/org.psyhackers.Ashera.MainActivity} numActivities=1 lastActiveTime=170716212 supportsSplitScreenMultiWindow=true supportsMultiWindow=true supportsPocketStudioMultiWindow=true isInFlexibleEmbedded = false uid = 10771 pid = 22533 resizeMode=1 isResizeable=true minWidth=-1 minHeight=-1 defaultMinSize=220 token=WCT{android.window.IWindowContainerToken$Stub$Proxy@778d4fa} topActivityType=1 pictureInPictureParams=null shouldDockBigOverlays=false launchIntoPipHostTaskId=-1 lastParentTaskIdBeforePip=-1 displayCutoutSafeInsets=Rect(0, 103 - 0, 0) topActivityInfo=ActivityInfo{2b30aab org.psyhackers.Ashera.MainActivity} launchCookies=[android.os.BinderProxy@5daf28c] positionInParent=Point(0, 0) parentTaskId=-1 isFocused=true isVisible=true isVisibleRequested=true isSleeping=false topActivityInSizeCompat=false topActivityInOplusCompatMode=false topActivityEligibleForLetterboxEducation= false topActivityLetterboxed= false isFromDoubleTap= false topActivityLetterboxVerticalPosition= -1 topActivityLetterboxHorizontalPosition= -1 topActivityLetterboxWidth=-1 topActivityLetterboxHeight=-1 locusId=null displayAreaFeatureId=1 cameraCompatControlState=hidden locusId= null topActivityLetterboxInsets=Rect(0, 0 - 0, 0)}, leash:null
01-06 10:42:12.642 22533 22533 I Quality : ActivityThread: activityLifecycle delay 686 org.psyhackers.Ashera 22533
01-06 10:42:12.643  2321  3597 D IntervalStats: Unable to parse usage stats packages: [3880, 3898]
01-06 10:42:12.654  2321  3597 D UsageStatsService: User[0] type=0 b=1767102132596 e=1767706932596 cb=1767667021021 ce=1767706932411 disk=2 all=2
01-06 10:42:12.656 22533 22533 D ResourcesManagerExtImpl: applyConfigurationToAppResourcesLocked app.getDisplayId() return callback.displayId:-1
01-06 10:42:12.659 22533 22533 I Quality : Skipped: false 4 cost 71.85422 refreshRate 16543257 bit true processName org.psyhackers.Ashera
01-06 10:42:12.670  2321  3231 D CoreBackPreview: Window{637dc2b u0 org.psyhackers.Ashera/org.psyhackers.Ashera.MainActivity}: Setting back callback OnBackInvokedCallbackInfo{mCallback=android.window.IOnBackInvokedCallback$Stub$Proxy@37fe6cc, mPriority=0, mIsAnimationCallback=false}
01-06 10:42:12.672  2321  3800 D WindowManagerServiceExtImpl: extractConfigInfoAndRealFlags rotation=0, screenDp=360, win=Window{637dc2b u0 org.psyhackers.Ashera/org.psyhackers.Ashera.MainActivity}
01-06 10:42:12.672  2321  3800 V WindowManager: Relayout Window{637dc2b u0 org.psyhackers.Ashera/org.psyhackers.Ashera.MainActivity}: viewVisibility=0, oldvis=4, req=1080x2400, vsysui=
01-06 10:42:12.672  2321  3800 I WindowManager: Window{637dc2b u0 org.psyhackers.Ashera/org.psyhackers.Ashera.MainActivity} state from NO_SURFACE to DRAW_PENDING; reason: resetDrawState
01-06 10:42:12.677  2321  3800 D OplusSplitScreenManagerService: org.psyhackers.Ashera supportsSplitScreen by forceResizable activity return:true
01-06 10:42:12.677  2321  3800 V WindowManager: Changing focus from null to Window{637dc2b u0 org.psyhackers.Ashera/org.psyhackers.Ashera.MainActivity},diplayid=0
01-06 10:42:12.680  2321  4058 D OplusSplitScreenManagerService: org.psyhackers.Ashera supportsSplitScreen by forceResizable activity return:true
01-06 10:42:12.681  2321  4058 D OplusSplitScreenManagerService: org.psyhackers.Ashera supportsSplitScreen by forceResizable activity return:true
01-06 10:42:12.681  2321  4058 D OplusSplitScreenManagerService: com.android.launcher supportsSplitScreen by forceResizable activity return:true
01-06 10:42:12.681  2321  4058 D OplusSplitScreenManagerService: com.android.launcher supportsSplitScreen by forceResizable activity return:false
01-06 10:42:12.681  2321  4058 D OplusSplitScreenManagerService: com.android.launcher supportsSplitScreen by forceResizable activity return:true
01-06 10:42:12.681  2321  4058 D OplusSplitScreenManagerService: com.android.launcher supportsSplitScreen by forceResizable activity return:false
01-06 10:42:12.682 22533 22533 D VRI[MainActivity]: relayoutWindow result, sizeChanged:true, surfaceControlChanged:true, transformHintChanged:true, mSurfaceSize:Point(1080, 2400), mLastSurfaceSize:Point(0, 0), mWidth:-1, mHeight:-1, requestedWidth:1080, requestedHeight:2400, transformHint:0, lastTransformHint:-2147483648, installOrientation:0, displayRotation:0, isSurfaceValid:true, attr.flag:-2122252032, useBlast:true, tmpFrames:ClientWindowFrames{frame=[0,0][1080,2400] display=[0,0][1080,2400] parentFrame=[0,0][0,0]}
01-06 10:42:12.682 22533 22533 W VRI[MainActivity]: updateBlastSurfaceIfNeeded, surfaceSize:Point(1080, 2400), lastSurfaceSize:Point(0, 0), format:-1, blastBufferQueue:null
01-06 10:42:12.721  2321  5723 I WindowManager: Window{637dc2b u0 org.psyhackers.Ashera/org.psyhackers.Ashera.MainActivity} state from DRAW_PENDING to COMMIT_DRAW_PENDING; reason: finishDrawingLocked
01-06 10:42:12.721  2321  5723 D OplusTransitionAnimationManager: skipFinishDrawingIfNeed clientRotation=0, currentRotation=0, hasFixedRotationApp=false, requestedOrientation=-1, win=Window{637dc2b u0 org.psyhackers.Ashera/org.psyhackers.Ashera.MainActivity}, activity=ActivityRecord{d75cbc3 u0 org.psyhackers.Ashera/.MainActivity t4764}, currentConfig={1.0 ??mcc??mnc [en_US,es_MX] ldltr sw360dp w360dp h722dp 480dpi nrml long hdr widecg port night finger -keyb/v/h -nav/h winConfig={ mBounds=Rect(0, 0 - 1080, 2400) mAppBounds=Rect(0, 103 - 1080, 2268) mMaxBounds=Rect(0, 0 - 1080, 2400) mDisplayRotation=ROTATION_0 mWindowingMode=fullscreen mDisplayWindowingMode=fullscreen mActivityType=standard mAlwaysOnTop=undefined mRotation=ROTATION_0} s.1 fontWeightAdjustment=0mThemeChanged= 0, mThemeChangedFlags= 0, mFlipFont= 0, mScenario= -1, mAccessibleChanged= -1, mUxIconConfig= 3468921665165984033, mMaterialColor= 0, mUserId= 0, mFontUserId= 0, mFontVariationSettings= 3226, mFoldingAngle = -1.0, mIconPackName= , mDarkModeBackgroundMaxL= 8.0, mDarkModeDialogBgMaxL= 27.0, mDarkModeForegroundMinL= 100.0, mOplusConfigType= 1, mOplusChangedConfigs= 0, OpSans= -1, mBurmeseFontFlag= 2, mFlag= 0, mFlexibleActivitySuitable= -1, mPuttDisplayFlag= -1}
01-06 10:42:12.724  2321  3573 I WindowManager: Window{637dc2b u0 org.psyhackers.Ashera/org.psyhackers.Ashera.MainActivity} state from COMMIT_DRAW_PENDING to READY_TO_SHOW; reason: commitFinishDrawingLocked
01-06 10:42:12.724  2321  3573 D ActivityTaskManager: Finish StartingWindow: ActivityRecord{d75cbc3 u0 org.psyhackers.Ashera/.MainActivity t4764}first real window is shown
01-06 10:42:12.724  2321  3573 D ActivityTaskManager: removeStartingWindowAnimation starting ActivityRecord{d75cbc3 u0 org.psyhackers.Ashera/.MainActivity t4764} startingWindow=null ,startingView=com.android.server.wm.StartingSurfaceController$StartingSurface@38f9d15,Callers=com.android.server.wm.ActivityRecord.removeStartingWindow:3193 com.android.server.wm.ActivityRecord.onFirstWindowDrawn:7958 com.android.server.wm.WindowState.performShowLocked:4878 com.android.server.wm.WindowStateAnimator.commitFinishDrawingLocked:321 com.android.server.wm.DisplayContent.lambda$new$8:1192 
01-06 10:42:12.724  2321  3573 D OplusStartingWindowManager: interceptRemoveStartingWindow: packageName=org.psyhackers.Ashera, componentName=org.psyhackers.Ashera/.MainActivity, isSnapshot=false, startingSurfaceRunnable=null,isDrawCompleted=false, hasSurfaceView=false, inTransition=false
01-06 10:42:12.724  2321  3573 D OplusSplitScreenManagerService: notifyRemoveStartingWindow mOplusSpiltScreenDnDUI is null, just return!
01-06 10:42:12.726  2321  3573 I WindowManager: Window{637dc2b u0 org.psyhackers.Ashera/org.psyhackers.Ashera.MainActivity} state from READY_TO_SHOW to HAS_DRAWN; reason: performShowLocked
01-06 10:42:12.729  6077  8736 I iopgp   : Iopgp: TRANSACTION_IOPGP_ON_ACTIVITY_LAUNCH_FINISHED sequence_id = 59 timestamp_nanos = 156088111403996
01-06 10:42:12.735 22533 22533 I Quality : Skipped: false 4 cost 67.051796 refreshRate 16546355 bit true processName org.psyhackers.Ashera
01-06 10:42:12.736  2321  3573 D ActivityTaskManager: Clearing startingData for token=null
01-06 10:42:12.736  2321  3573 D ActivityTaskManager: onStartingWindowDrawn: wasTaskVisible=true, mStartingData=null, finishing=false,mLaunchedFromBubble=false, mVisibleRequested=true, mDisplayContent=Display{#0 state=ON size=1080x2400 ROTATION_0}, isZoomMode=false
01-06 10:42:12.736 22533 22533 W VRI[MainActivity]: handleResized, msg:5, frameChanged:false, configChanged:false, displayChanged:false, attachedFrameChanged:false, compatScaleChanged:false, pendingDragResizing=false
01-06 10:42:12.737  2321  3569 I Quality : LaunchTime2.0: org.psyhackers.Ashera/.MainActivity 1 1709 com.android.launcher 74 253 134103 498 291397632 0 0
01-06 10:42:12.759  2321  5292 D OplusTransitionAnimationManager: skipFinishDrawingIfNeed clientRotation=0, currentRotation=0, hasFixedRotationApp=false, requestedOrientation=-1, win=Window{637dc2b u0 org.psyhackers.Ashera/org.psyhackers.Ashera.MainActivity}, activity=ActivityRecord{d75cbc3 u0 org.psyhackers.Ashera/.MainActivity t4764}, currentConfig={1.0 ??mcc??mnc [en_US,es_MX] ldltr sw360dp w360dp h722dp 480dpi nrml long hdr widecg port night finger -keyb/v/h -nav/h winConfig={ mBounds=Rect(0, 0 - 1080, 2400) mAppBounds=Rect(0, 103 - 1080, 2268) mMaxBounds=Rect(0, 0 - 1080, 2400) mDisplayRotation=ROTATION_0 mWindowingMode=fullscreen mDisplayWindowingMode=fullscreen mActivityType=standard mAlwaysOnTop=undefined mRotation=ROTATION_0} s.1 fontWeightAdjustment=0mThemeChanged= 0, mThemeChangedFlags= 0, mFlipFont= 0, mScenario= -1, mAccessibleChanged= -1, mUxIconConfig= 3468921665165984033, mMaterialColor= 0, mUserId= 0, mFontUserId= 0, mFontVariationSettings= 3226, mFoldingAngle = -1.0, mIconPackName= , mDarkModeBackgroundMaxL= 8.0, mDarkModeDialogBgMaxL= 27.0, mDarkModeForegroundMinL= 100.0, mOplusConfigType= 1, mOplusChangedConfigs= 0, OpSans= -1, mBurmeseFontFlag= 2, mFlag= 0, mFlexibleActivitySuitable= -1, mPuttDisplayFlag= -1}
01-06 10:42:12.765  2321  5292 D CompatibilityChangeReporter: Compat change id reported: 214016041; UID 10771; state: ENABLED
01-06 10:42:12.765  2321  5292 D InputMethodManagerService: isSecurity: attribute.packageName = org.psyhackers.Ashera mCurMethodId = com.touchtype.swiftkey/com.touchtype.KeyboardService isSecurity = false ( enable = false needShow = false inBlackList = false isExist = true )
01-06 10:42:12.771  2321  5292 D ActivityTaskManager: notifyTaskRemoved, task: Task{53ddc0a #4702 type=standard A=10141:google.android.task.calendar} trace:com.android.server.wm.RecentTasks.trimInactiveRecentTasks:1456 com.android.server.wm.RecentTasks.onActivityIdle:1377 com.android.server.wm.ActivityTaskSupervisor.activityIdleInternal:1574 com.android.server.wm.ActivityClientController.activityIdle:195 android.app.IActivityClientController$Stub.onTransact:639 
01-06 10:42:12.773  2321  3597 W UsageStatsService: Unexpected activity event reported! (com.google.android.calendar/com.google.android.calendar.allinone.AllInOneCalendarActivity event : 23 instanceId : 171578097)
01-06 10:42:12.773  2321  5292 D ActivityTaskManager: removeAppToken: ActivityRecord{77195f u0 com.google.android.calendar/.AllInOneCalendarActivity t4702 f}} delayed=false parent=Task{53ddc0a #4702 type=standard A=10141:google.android.task.calendar} animating=false Callers=com.android.server.wm.DisplayContent.removeAppToken:1669 com.android.server.wm.ActivityRecord.removeFromHistory:4599 com.android.server.wm.ActivityRecord.destroyImmediately:4552 com.android.server.wm.ActivityRecord.destroyIfPossible:4435 
01-06 10:42:12.785  2321  5292 D OplusMirageWindowManagerService: onTaskRemoved displayid:0 taskId:4702 callers:com.android.server.wm.MirageWindowManagerExtImpl.onTaskRemoved:47 com.android.server.wm.TaskDisplayArea.removeChildTask:393 com.android.server.wm.TaskDisplayArea.removeChild:382 com.android.server.wm.WindowContainer.removeImmediately:888 com.android.server.wm.TaskFragment.removeImmediately:3348 
01-06 10:42:12.785  2321  5292 I OplusScreenSecurityMask: onStackRemoved task = Task{53ddc0a #4702 type=standard A=10141:google.android.task.calendar} record = null displayId = 0
01-06 10:42:12.785  2321  5292 D TaskFragmentExtImpl: remove ActivityRecord{77195f u0 com.google.android.calendar/.AllInOneCalendarActivity t-1 f}} to mActivityRecordSum = Counter{ }
01-06 10:42:12.791  2321  3573 D OplusSplitScreenManagerService: com.google.android.calendar supportsSplitScreen by forceResizable activity return:false
01-06 10:42:12.792  2321  3573 D OplusFlexibleWindowMinimizedManagerHelper: onTaskVanished taskInfo:4702 task:Task{53ddc0a #4702 type=standard A=10141:google.android.task.calendar}
01-06 10:42:12.792  4230  4357 D ShellTaskOrganizer: dispatchTaskEventToClientIfNeed, eventType:1, taskInfo:TaskInfo{userId=0 taskId=4702 displayId=-1 isRunning=false baseIntent=Intent { flg=0x14000000 cmp=com.google.android.calendar/.AllInOneCalendarActivity mCallingUid=10211 } baseActivity=null topActivity=null origActivity=ComponentInfo{com.google.android.calendar/com.google.android.calendar.AllInOneCalendarActivity} realActivity=ComponentInfo{com.google.android.calendar/com.google.android.calendar.allinone.AllInOneCalendarActivity} numActivities=0 lastActiveTime=85420084 supportsSplitScreenMultiWindow=false supportsMultiWindow=false supportsPocketStudioMultiWindow=true isInFlexibleEmbedded = false uid = -1 pid = -1 resizeMode=1 isResizeable=true minWidth=-1 minHeight=-1 defaultMinSize=220 token=WCT{android.window.IWindowContainerToken$Stub$Proxy@ef46c6} topActivityType=1 pictureInPictureParams=null shouldDockBigOverlays=false launchIntoPipHostTaskId=-1 lastParentTaskIdBeforePip=-1 displayCutoutSafeInsets=null topActivityInfo=null launchCookies=[] positionInParent=Point(0, 0) parentTaskId=-1 isFocused=false isVisible=false isVisibleRequested=false isSleeping=false topActivityInSizeCompat=false topActivityInOplusCompatMode=false topActivityEligibleForLetterboxEducation= false topActivityLetterboxed= false isFromDoubleTap= false topActivityLetterboxVerticalPosition= -1 topActivityLetterboxHorizontalPosition= -1 topActivityLetterboxWidth=-1 topActivityLetterboxHeight=-1 locusId=null displayAreaFeatureId=-1 cameraCompatControlState=hidden locusId= null topActivityLetterboxInsets=Rect(0, 0 - 0, 0)}, leash:null
01-06 10:42:12.803  2321  3573 I FlexibleTaskController: releaseFlexibleTaskCaptionView task=Task{53ddc0a #4702 type=standard A=10141:google.android.task.calendar}
01-06 10:42:12.803  2321  3573 I FlexibleTaskController: java.lang.Throwable
01-06 10:42:12.803  2321  3573 I FlexibleTaskController: 	at com.android.server.wm.FlexibleTaskController.releaseFlexibleCaptionView(FlexibleTaskController.java:1224)
01-06 10:42:12.803  2321  3573 I FlexibleTaskController: 	at com.android.server.wm.FlexibleWindowManagerService.onFlexibleWindowTaskVanished(FlexibleWindowManagerService.java:797)
01-06 10:42:12.803  2321  3573 I FlexibleTaskController: 	at com.android.server.wm.TaskOrganizerControllerExtImpl.onTaskVanished(TaskOrganizerControllerExtImpl.java:105)
