01-06 10:42:12.803  2321  3573 I FlexibleTaskController: 	at com.android.server.wm.TaskOrganizerController$TaskOrganizerCallbacks.onTaskVanished(TaskOrganizerController.java:158)
01-06 10:42:12.803  2321  3573 I FlexibleTaskController: 	at com.android.server.wm.TaskOrganizerController$TaskOrganizerPendingEventsQueue.dispatchPendingEvent(TaskOrganizerController.java:316)
01-06 10:42:12.803  2321  3573 I FlexibleTaskController: 	at com.android.server.wm.TaskOrganizerController$TaskOrganizerPendingEventsQueue.dispatchPendingEvents(TaskOrganizerController.java:302)
01-06 10:42:12.803  2321  3573 I FlexibleTaskController: 	at com.android.server.wm.TaskOrganizerController.dispatchPendingEvents(TaskOrganizerController.java:1050)
01-06 10:42:12.803  2321  3573 I FlexibleTaskController: 	at com.android.server.wm.WindowAnimator.animate(WindowAnimator.java:212)
01-06 10:42:12.803  2321  3573 I FlexibleTaskController: 	at com.android.server.wm.WindowAnimator.lambda$new$1(WindowAnimator.java:107)
01-06 10:42:12.803  2321  3573 I FlexibleTaskController: 	at com.android.server.wm.WindowAnimator.$r8$lambda$aHNu1uhcqxihX5NZc4McDDQPAyw(WindowAnimator.java:0)
01-06 10:42:12.803  2321  3573 I FlexibleTaskController: 	at com.android.server.wm.WindowAnimator$$ExternalSyntheticLambda1.doFrame(R8$$SyntheticClass:0)
01-06 10:42:12.803  2321  3573 I FlexibleTaskController: 	at android.view.Choreographer$CallbackRecord.run(Choreographer.java:1542)
01-06 10:42:12.803  2321  3573 I FlexibleTaskController: 	at android.view.Choreographer$CallbackRecord.run(Choreographer.java:1553)
01-06 10:42:12.803  2321  3573 I FlexibleTaskController: 	at android.view.Choreographer.doCallbacks(Choreographer.java:1109)
01-06 10:42:12.803  2321  3573 I FlexibleTaskController: 	at android.view.Choreographer.doFrame(Choreographer.java:984)
01-06 10:42:12.803  2321  3573 I FlexibleTaskController: 	at android.view.Choreographer$FrameDisplayEventReceiver.run(Choreographer.java:1527)
01-06 10:42:12.803  2321  3573 I FlexibleTaskController: 	at android.os.Handler.handleCallback(Handler.java:958)
01-06 10:42:12.803  2321  3573 I FlexibleTaskController: 	at android.os.Handler.dispatchMessage(Handler.java:99)
01-06 10:42:12.803  2321  3573 I FlexibleTaskController: 	at android.os.Looper.loopOnce(Looper.java:257)
01-06 10:42:12.803  2321  3573 I FlexibleTaskController: 	at android.os.Looper.loop(Looper.java:368)
01-06 10:42:12.803  2321  3573 I FlexibleTaskController: 	at android.os.HandlerThread.run(HandlerThread.java:67)
01-06 10:42:12.803  2321  3573 I FlexibleTaskController: 	at com.android.server.ServiceThread.run(ServiceThread.java:46)
01-06 10:42:12.803  2321  3573 D OplusSplitScreenManagerService: com.google.android.calendar supportsSplitScreen by forceResizable activity return:false
01-06 10:42:12.803  2321  3573 D OplusFlexibleWindowMinimizedManagerHelper: onTaskVanished taskInfo:4702 task:Task{53ddc0a #4702 type=standard A=10141:google.android.task.calendar}
01-06 10:42:12.803  2321  3573 I FlexibleTaskController: releaseFlexibleTaskCaptionView task=Task{53ddc0a #4702 type=standard A=10141:google.android.task.calendar}
01-06 10:42:12.803  2321  3573 I FlexibleTaskController: java.lang.Throwable
01-06 10:42:12.803  2321  3573 I FlexibleTaskController: 	at com.android.server.wm.FlexibleTaskController.releaseFlexibleCaptionView(FlexibleTaskController.java:1224)
01-06 10:42:12.803  2321  3573 I FlexibleTaskController: 	at com.android.server.wm.FlexibleWindowManagerService.onFlexibleWindowTaskVanished(FlexibleWindowManagerService.java:797)
01-06 10:42:12.803  2321  3573 I FlexibleTaskController: 	at com.android.server.wm.TaskOrganizerControllerExtImpl.onTaskVanished(TaskOrganizerControllerExtImpl.java:105)
01-06 10:42:12.803  2321  3573 I FlexibleTaskController: 	at com.android.server.wm.TaskOrganizerController$TaskOrganizerPendingEventsQueue.dispatchPendingEvent(TaskOrganizerController.java:319)
01-06 10:42:12.803  2321  3573 I FlexibleTaskController: 	at com.android.server.wm.TaskOrganizerController$TaskOrganizerPendingEventsQueue.dispatchPendingEvents(TaskOrganizerController.java:302)
01-06 10:42:12.803  2321  3573 I FlexibleTaskController: 	at com.android.server.wm.TaskOrganizerController.dispatchPendingEvents(TaskOrganizerController.java:1050)
01-06 10:42:12.803  2321  3573 I FlexibleTaskController: 	at com.android.server.wm.WindowAnimator.animate(WindowAnimator.java:212)
01-06 10:42:12.803  2321  3573 I FlexibleTaskController: 	at com.android.server.wm.WindowAnimator.lambda$new$1(WindowAnimator.java:107)
01-06 10:42:12.803  2321  3573 I FlexibleTaskController: 	at com.android.server.wm.WindowAnimator.$r8$lambda$aHNu1uhcqxihX5NZc4McDDQPAyw(WindowAnimator.java:0)
01-06 10:42:12.803  2321  3573 I FlexibleTaskController: 	at com.android.server.wm.WindowAnimator$$ExternalSyntheticLambda1.doFrame(R8$$SyntheticClass:0)
01-06 10:42:12.803  2321  3573 I FlexibleTaskController: 	at android.view.Choreographer$CallbackRecord.run(Choreographer.java:1542)
01-06 10:42:12.803  2321  3573 I FlexibleTaskController: 	at android.view.Choreographer$CallbackRecord.run(Choreographer.java:1553)
01-06 10:42:12.803  2321  3573 I FlexibleTaskController: 	at android.view.Choreographer.doCallbacks(Choreographer.java:1109)
01-06 10:42:12.803  2321  3573 I FlexibleTaskController: 	at android.view.Choreographer.doFrame(Choreographer.java:984)
01-06 10:42:12.803  2321  3573 I FlexibleTaskController: 	at android.view.Choreographer$FrameDisplayEventReceiver.run(Choreographer.java:1527)
01-06 10:42:12.803  2321  3573 I FlexibleTaskController: 	at android.os.Handler.handleCallback(Handler.java:958)
01-06 10:42:12.803  2321  3573 I FlexibleTaskController: 	at android.os.Handler.dispatchMessage(Handler.java:99)
01-06 10:42:12.803  2321  3573 I FlexibleTaskController: 	at android.os.Looper.loopOnce(Looper.java:257)
01-06 10:42:12.803  2321  3573 I FlexibleTaskController: 	at android.os.Looper.loop(Looper.java:368)
01-06 10:42:12.803  2321  3573 I FlexibleTaskController: 	at android.os.HandlerThread.run(HandlerThread.java:67)
01-06 10:42:12.803  2321  3573 I FlexibleTaskController: 	at com.android.server.ServiceThread.run(ServiceThread.java:46)
01-06 10:42:12.809  2321  3231 I WindowManager: Window{6cbec9 u0 com.android.launcher/com.android.launcher.Launcher} state from HAS_DRAWN to NO_SURFACE; reason: destroySurface
01-06 10:42:12.810  2321  3231 I WindowManager: Window{2f6362b u0 com.android.launcher/com.android.launcher.Launcher} state from HAS_DRAWN to NO_SURFACE; reason: destroySurface
01-06 10:42:12.813  2321  3231 D ActivityTaskManager: Clearing startingData for token=null
01-06 10:42:12.828  2321  4117 D OplusSplitScreenManagerService: org.psyhackers.Ashera supportsSplitScreen by forceResizable activity return:true
01-06 10:42:12.829  2321  5808 D OplusAppListInterceptManager: shouldFilterTask
01-06 10:42:12.829  2321  5808 D OplusAppListInterceptManager: shouldFilterTask::packageName = org.psyhackers.Ashera
01-06 10:42:12.829  2321  5808 D OplusSplitScreenManagerService: org.psyhackers.Ashera supportsSplitScreen by forceResizable activity return:true
01-06 10:42:12.829  2321  5808 D ActivityTaskManager: Skipping, invisible task: Task{c41f4c5 #5 type=home I=com.android.launcher/.Launcher}
01-06 10:42:12.829  2321  5808 D OplusAppListInterceptManager: shouldFilterTask
01-06 10:42:12.829  2321  5808 D OplusAppListInterceptManager: shouldFilterTask::packageName = com.android.settings
01-06 10:42:12.829  2321  5808 D OplusSplitScreenManagerService: com.android.settings supportsSplitScreen by forceResizable activity return:true
01-06 10:42:12.830  2321  5808 D OplusSplitScreenManagerService: com.android.settings supportsSplitScreen by forceResizable activity return:true
01-06 10:42:12.830  2321  5808 D OplusAppListInterceptManager: shouldFilterTask
01-06 10:42:12.830  2321  5808 D OplusAppListInterceptManager: shouldFilterTask::packageName = com.whatsapp.w4b
01-06 10:42:12.830  2321  5808 D OplusSplitScreenManagerService: com.whatsapp.w4b supportsSplitScreen by forceResizable activity return:true
01-06 10:42:12.830  2321  5808 D OplusAppListInterceptManager: shouldFilterTask
01-06 10:42:12.830  2321  5808 D OplusAppListInterceptManager: shouldFilterTask::packageName = com.android.chrome
01-06 10:42:12.830  2321  5808 D OplusSplitScreenManagerService: com.android.chrome supportsSplitScreen by forceResizable activity return:true
01-06 10:42:12.830  2321  5808 D OplusSplitScreenManagerService: com.android.chrome supportsSplitScreen by forceResizable activity return:true
01-06 10:42:12.830  2321  5808 D OplusAppListInterceptManager: shouldFilterTask
01-06 10:42:12.830  2321  5808 D OplusAppListInterceptManager: shouldFilterTask::packageName = com.instagram.android
01-06 10:42:12.830  2321  5808 D OplusSplitScreenManagerService: com.instagram.android supportsSplitScreen by forceResizable activity return:true
01-06 10:42:12.830  2321  5808 D OplusAppListInterceptManager: shouldFilterTask
01-06 10:42:12.830  2321  5808 D OplusAppListInterceptManager: shouldFilterTask::packageName = jp.pokemon.pokemontcgp
01-06 10:42:12.830  2321  5808 D OplusSplitScreenManagerService: jp.pokemon.pokemontcgp supportsSplitScreen by forceResizable activity return:true
01-06 10:42:12.830  2321  5808 D OplusAppListInterceptManager: shouldFilterTask
01-06 10:42:12.830  2321  5808 D OplusAppListInterceptManager: shouldFilterTask::packageName = com.chess
01-06 10:42:12.830  2321  5808 D OplusSplitScreenManagerService: com.chess supportsSplitScreen by forceResizable activity return:true
01-06 10:42:12.830  2321  5808 D OplusAppListInterceptManager: shouldFilterTask
01-06 10:42:12.830  2321  5808 D OplusAppListInterceptManager: shouldFilterTask::packageName = com.app.cq.ring
01-06 10:42:12.830  2321  5808 D OplusSplitScreenManagerService: com.app.cq.ring supportsSplitScreen by forceResizable activity return:true
01-06 10:42:12.830  2321  5808 D OplusAppListInterceptManager: shouldFilterTask
01-06 10:42:12.830  2321  5808 D OplusAppListInterceptManager: shouldFilterTask::packageName = org.telegram.messenger
01-06 10:42:12.830  2321  5808 D OplusSplitScreenManagerService: org.telegram.messenger supportsSplitScreen by forceResizable activity return:true
01-06 10:42:12.830  2321  5808 D OplusAppListInterceptManager: shouldFilterTask
01-06 10:42:12.831  2321  5808 D OplusAppListInterceptManager: shouldFilterTask::packageName = com.goongames.DungeonsofDreadrock2
01-06 10:42:12.831  2321  5808 D OplusSplitScreenManagerService: com.goongames.DungeonsofDreadrock2 supportsSplitScreen by forceResizable activity return:true
01-06 10:42:12.831  2321  5808 D ActivityTaskManager: after skip size 10
01-06 10:42:12.832  2321  9539 I ActivityManager: Process com.google.process.gapps (pid 22473) has died: cch+45 CEM 
01-06 10:42:12.841  2321  3231 D OplusAppListInterceptManager: shouldFilterTask
01-06 10:42:12.841  2321  3231 D OplusAppListInterceptManager: shouldFilterTask::packageName = org.psyhackers.Ashera
01-06 10:42:12.841  2321  3231 D OplusSplitScreenManagerService: org.psyhackers.Ashera supportsSplitScreen by forceResizable activity return:true
01-06 10:42:12.841  2321  3231 D ActivityTaskManager: Skipping, invisible task: Task{c41f4c5 #5 type=home I=com.android.launcher/.Launcher}
01-06 10:42:12.841  2321  3231 D OplusAppListInterceptManager: shouldFilterTask
01-06 10:42:12.841  2321  3231 D OplusAppListInterceptManager: shouldFilterTask::packageName = com.android.settings
01-06 10:42:12.841  2321  3231 D OplusSplitScreenManagerService: com.android.settings supportsSplitScreen by forceResizable activity return:true
01-06 10:42:12.841  2321  3231 D OplusSplitScreenManagerService: com.android.settings supportsSplitScreen by forceResizable activity return:true
01-06 10:42:12.841  2321  3231 D OplusAppListInterceptManager: shouldFilterTask
01-06 10:42:12.841  2321  3231 D OplusAppListInterceptManager: shouldFilterTask::packageName = com.whatsapp.w4b
01-06 10:42:12.841  2321  3231 D OplusSplitScreenManagerService: com.whatsapp.w4b supportsSplitScreen by forceResizable activity return:true
01-06 10:42:12.841  2321  3231 D OplusAppListInterceptManager: shouldFilterTask
01-06 10:42:12.841  2321  3231 D OplusAppListInterceptManager: shouldFilterTask::packageName = com.android.chrome
01-06 10:42:12.841  2321  3231 D OplusSplitScreenManagerService: com.android.chrome supportsSplitScreen by forceResizable activity return:true
01-06 10:42:12.841  2321  3231 D OplusSplitScreenManagerService: com.android.chrome supportsSplitScreen by forceResizable activity return:true
01-06 10:42:12.841  2321  3231 D OplusAppListInterceptManager: shouldFilterTask
01-06 10:42:12.841  2321  3231 D OplusAppListInterceptManager: shouldFilterTask::packageName = com.instagram.android
01-06 10:42:12.841  2321  3231 D OplusSplitScreenManagerService: com.instagram.android supportsSplitScreen by forceResizable activity return:true
01-06 10:42:12.841  2321  3231 D OplusAppListInterceptManager: shouldFilterTask
01-06 10:42:12.841  2321  3231 D OplusAppListInterceptManager: shouldFilterTask::packageName = jp.pokemon.pokemontcgp
01-06 10:42:12.842  2321  3231 D OplusSplitScreenManagerService: jp.pokemon.pokemontcgp supportsSplitScreen by forceResizable activity return:true
01-06 10:42:12.842  2321  3231 D OplusAppListInterceptManager: shouldFilterTask
01-06 10:42:12.842  2321  3231 D OplusAppListInterceptManager: shouldFilterTask::packageName = com.chess
01-06 10:42:12.842  2321  3231 D OplusSplitScreenManagerService: com.chess supportsSplitScreen by forceResizable activity return:true
01-06 10:42:12.842  2321  3231 D OplusAppListInterceptManager: shouldFilterTask
01-06 10:42:12.842  2321  3231 D OplusAppListInterceptManager: shouldFilterTask::packageName = com.app.cq.ring
01-06 10:42:12.842  2321  3231 D OplusSplitScreenManagerService: com.app.cq.ring supportsSplitScreen by forceResizable activity return:true
01-06 10:42:12.842  2321  3231 D OplusAppListInterceptManager: shouldFilterTask
01-06 10:42:12.842  2321  3231 D OplusAppListInterceptManager: shouldFilterTask::packageName = org.telegram.messenger
01-06 10:42:12.842  2321  3231 D OplusSplitScreenManagerService: org.telegram.messenger supportsSplitScreen by forceResizable activity return:true
01-06 10:42:12.842  2321  3231 D OplusAppListInterceptManager: shouldFilterTask
01-06 10:42:12.842  2321  3231 D OplusAppListInterceptManager: shouldFilterTask::packageName = com.goongames.DungeonsofDreadrock2
01-06 10:42:12.842  2321  3231 D OplusSplitScreenManagerService: com.goongames.DungeonsofDreadrock2 supportsSplitScreen by forceResizable activity return:true
01-06 10:42:12.842  2321  3231 D ActivityTaskManager: after skip size 10
01-06 10:42:12.847  2321  4431 I ActivityManager: Process com.oplus.romupdate (pid 22075) has died: vis IMPF
01-06 10:42:12.849  2321  3570 D DisplayManagerService: Drop pending events for gone uid 10187
01-06 10:42:12.853  2321  4406 I ActivityManager: Process com.google.android.webview:webview_service (pid 22716) has died: cch+15 CEM 
01-06 10:42:12.853  2321  4236 E OAPM    : activity preload is not enabled
01-06 10:42:12.858  2321  3785 W JobScheduler.JobStatus: Exempted app com.android.vending considered buggy
01-06 10:42:12.858  2321  3785 W JobScheduler.JobStatus: Exempted app com.android.vending considered buggy
01-06 10:42:12.858  2321  3785 W JobScheduler.JobStatus: Exempted app com.android.vending considered buggy
01-06 10:42:12.858  2321  3785 W JobScheduler.JobStatus: Exempted app com.android.vending considered buggy
01-06 10:42:12.858  2321  3785 W JobScheduler.JobStatus: Exempted app com.android.vending considered buggy
01-06 10:42:12.858  2321  3785 W JobScheduler.JobStatus: Exempted app com.android.vending considered buggy
01-06 10:42:12.858  2321  3785 W JobScheduler.JobStatus: Exempted app com.android.vending considered buggy
01-06 10:42:12.858  2321  3785 W JobScheduler.JobStatus: Exempted app com.android.vending considered buggy
01-06 10:42:12.858  2321  3785 W JobScheduler.JobStatus: Exempted app com.android.vending considered buggy
01-06 10:42:12.858  2321  3785 W JobScheduler.JobStatus: Exempted app com.android.vending considered buggy
01-06 10:42:12.858  2321  3785 W JobScheduler.JobStatus: Exempted app com.android.vending considered buggy
01-06 10:42:12.858  2321  3785 W JobScheduler.JobStatus: Exempted app com.android.vending considered buggy
01-06 10:42:12.858  2321  3785 W JobScheduler.JobStatus: Exempted app com.android.vending considered buggy
01-06 10:42:12.858  2321  3785 W JobScheduler.JobStatus: Exempted app com.android.vending considered buggy
01-06 10:42:12.858  2321  3785 W JobScheduler.JobStatus: Exempted app com.android.vending considered buggy
01-06 10:42:12.858  2321  3785 W JobScheduler.JobStatus: Exempted app com.android.vending considered buggy
01-06 10:42:12.858  2321  3785 W JobScheduler.JobStatus: Exempted app com.android.vending considered buggy
01-06 10:42:12.858  2321  3785 W JobScheduler.JobStatus: Exempted app com.android.vending considered buggy
01-06 10:42:12.858  2321  3785 W JobScheduler.JobStatus: Exempted app com.android.vending considered buggy
01-06 10:42:12.858  2321  3785 W JobScheduler.JobStatus: Exempted app com.android.vending considered buggy
01-06 10:42:12.859  2321  3785 W JobScheduler.JobStatus: Exempted app com.android.vending considered buggy
01-06 10:42:12.859  2321  3785 W JobScheduler.JobStatus: Exempted app com.android.vending considered buggy
01-06 10:42:12.859  2321  3785 W JobScheduler.JobStatus: Exempted app com.android.vending considered buggy
01-06 10:42:12.859  2321  3785 W JobScheduler.JobStatus: Exempted app com.android.vending considered buggy
01-06 10:42:12.859  2321  3785 W JobScheduler.JobStatus: Exempted app com.android.vending considered buggy
01-06 10:42:12.860  2321  3570 D DisplayManagerService: Drop pending events for gone uid 10171
01-06 10:42:12.860  2321  4236 E OAPM    : activity preload is not enabled
01-06 10:42:12.861  2321  4117 D OplusSplitScreenManagerService: org.psyhackers.Ashera supportsSplitScreen by forceResizable activity return:true
01-06 10:42:12.861  2321  3785 W JobScheduler.JobStatus: Exempted app com.android.vending considered buggy
01-06 10:42:12.861  2321  3785 W JobScheduler.JobStatus: Exempted app com.android.vending considered buggy
01-06 10:42:12.865  2321 10616 I ActivityManager: Process com.oplus.notificationmanager (pid 22082) has died: cch+15 CEM 
01-06 10:42:12.865  2321  4117 D OplusSplitScreenManagerService: org.psyhackers.Ashera supportsSplitScreen by forceResizable activity return:true
01-06 10:42:12.887  2321  5723 D OplusSplitScreenManagerService: org.psyhackers.Ashera supportsSplitScreen by forceResizable activity return:true
01-06 10:42:12.887  2321  5723 D OplusSplitScreenManagerService: com.android.launcher supportsSplitScreen by forceResizable activity return:true
01-06 10:42:12.887  2321  5723 D OplusSplitScreenManagerService: com.android.launcher supportsSplitScreen by forceResizable activity return:false
01-06 10:42:12.887  2321  5723 D OplusSplitScreenManagerService: com.android.settings supportsSplitScreen by forceResizable activity return:true
01-06 10:42:12.887  2321  5723 D OplusSplitScreenManagerService: com.android.settings supportsSplitScreen by forceResizable activity return:true
01-06 10:42:12.887  2321  5723 D OplusSplitScreenManagerService: com.whatsapp.w4b supportsSplitScreen by forceResizable activity return:true
01-06 10:42:12.887  2321  5723 D OplusSplitScreenManagerService: com.android.chrome supportsSplitScreen by forceResizable activity return:true
01-06 10:42:12.887  2321  5723 D OplusSplitScreenManagerService: com.android.chrome supportsSplitScreen by forceResizable activity return:true
01-06 10:42:12.887  2321  5723 D OplusSplitScreenManagerService: com.instagram.android supportsSplitScreen by forceResizable activity return:true
01-06 10:42:12.887  2321  5723 D OplusSplitScreenManagerService: jp.pokemon.pokemontcgp supportsSplitScreen by forceResizable activity return:true
01-06 10:42:12.888  2321  5723 D OplusSplitScreenManagerService: com.app.cq.ring supportsSplitScreen by forceResizable activity return:true
01-06 10:42:12.888  2321  5723 D OplusSplitScreenManagerService: com.goongames.DungeonsofDreadrock2 supportsSplitScreen by forceResizable activity return:true
01-06 10:42:12.888  2321  5723 D OplusSplitScreenManagerService: com.oneplus.gallery supportsSplitScreen by forceResizable activity return:true
01-06 10:42:12.888  2321  5723 D OplusSplitScreenManagerService: com.oneplus.gallery supportsSplitScreen by forceResizable activity return:true
01-06 10:42:12.888  2321  4279 D OplusSplitScreenManagerService: org.psyhackers.Ashera supportsSplitScreen by forceResizable activity return:true
01-06 10:42:12.888  2321  3800 D OplusSplitScreenManagerService: org.psyhackers.Ashera supportsSplitScreen by forceResizable activity return:true
01-06 10:42:12.923  2321  4069 D OplusSplitScreenManagerService: org.psyhackers.Ashera supportsSplitScreen by forceResizable activity return:true
01-06 10:42:12.925  2321  4069 D OplusSplitScreenManagerService: org.psyhackers.Ashera supportsSplitScreen by forceResizable activity return:true
01-06 10:42:12.947  2321  3673 I AppsFilter: interaction: PackageSetting{dac3bfc org.psyhackers.mashIA/10767} -> PackageSetting{18710ec org.psyhackers.Ashera/10771} BLOCKED
01-06 10:42:12.953  2321  3673 I AppsFilter: interaction: PackageSetting{6dc2bde org.psyhackers.ashera/10768} -> PackageSetting{18710ec org.psyhackers.Ashera/10771} BLOCKED
01-06 10:42:12.963  2321  3673 I AppsFilter: interaction: PackageSetting{df63978 com.rophiroth.mashia/10473} -> PackageSetting{18710ec org.psyhackers.Ashera/10771} BLOCKED
01-06 10:42:12.969  2321  3673 I AppsFilter: interaction: PackageSetting{7c2cdac com.oplus.locationproxy/10181} -> PackageSetting{18710ec org.psyhackers.Ashera/10771} BLOCKED
01-06 10:42:12.974  2321  3673 I AppsFilter: interaction: PackageSetting{5ca62b0 com.oplus.securitykeyboard/10188} -> PackageSetting{18710ec org.psyhackers.Ashera/10771} BLOCKED
01-06 10:42:12.978  2321  3785 D CompatibilityChangeReporter: Compat change id reported: 218533173; UID 10771; state: ENABLED
01-06 10:42:12.979  2321  3785 D CompatibilityChangeReporter: Compat change id reported: 262645982; UID 10771; state: ENABLED
01-06 10:42:12.987  2321  2321 W JobScheduler.JobStatus: Exempted app com.android.vending considered buggy
01-06 10:42:12.987  2321  2321 W JobScheduler.JobStatus: Exempted app com.android.vending considered buggy
01-06 10:42:12.987  2321  2321 W JobScheduler.JobStatus: Exempted app com.android.vending considered buggy
01-06 10:42:12.987  2321  2321 W JobScheduler.JobStatus: Exempted app com.android.vending considered buggy
01-06 10:42:12.991  2321  3785 W JobScheduler.JobStatus: Exempted app com.android.vending considered buggy
01-06 10:42:12.991  2321  3785 W JobScheduler.JobStatus: Exempted app com.android.vending considered buggy
01-06 10:42:12.991  2321  3785 W JobScheduler.JobStatus: Exempted app com.android.vending considered buggy
01-06 10:42:12.991  2321  3785 W JobScheduler.JobStatus: Exempted app com.android.vending considered buggy
01-06 10:42:12.991  2321  3785 W JobScheduler.JobStatus: Exempted app com.android.vending considered buggy
01-06 10:42:12.991  2321  3785 W JobScheduler.JobStatus: Exempted app com.android.vending considered buggy
01-06 10:42:12.991  2321  3785 W JobScheduler.JobStatus: Exempted app com.android.vending considered buggy
01-06 10:42:12.991  2321  3785 W JobScheduler.JobStatus: Exempted app com.android.vending considered buggy
01-06 10:42:13.103  2321  5727 D WindowManagerServiceExtImpl: extractConfigInfoAndRealFlags rotation=0, screenDp=360, win=Window{4441f34 u0 Splash Screen org.psyhackers.Ashera}
01-06 10:42:13.103  2321  5727 V WindowManager: Relayout Window{4441f34 u0 Splash Screen org.psyhackers.Ashera}: viewVisibility=8, oldvis=0, req=1080x2400, vsysui=
01-06 10:42:13.105  2321  5727 I SurfaceAnimationRunner: startAnimation requiresEdgeExtension=false, animationLeash=Surface(name=Surface(name=4441f34 Splash Screen org.psyhackers.Ashera)/@0xfbf5eea - animation-leash of window_animation)/@0x662e5db, runningAnim=com.android.server.wm.SurfaceAnimationRunner$RunningAnimation@c86c878, mPreProcessingAnimations={}
01-06 10:42:13.119  2321  3231 D CoreBackPreview: Window{4441f34 u0 Splash Screen org.psyhackers.Ashera EXITING}: Setting back callback null
01-06 10:42:13.127  2321  3574 D SurfaceAnimationRunner: onAnimationStart:Surface(name=Surface(name=4441f34 Splash Screen org.psyhackers.Ashera)/@0xfbf5eea - animation-leash of window_animation)/@0x662e5db
01-06 10:42:13.195  2321  3643 D OplusSmartBrightnessController: handleMessage MSG_LUX_CHANGED, mLux:172.37569 luxQueue=[173.0, 173.0, 172.0, 172.0, 172.0, 172.0, 173.0, 172.0]
01-06 10:42:13.253  2321  3569 W Looper  : Slow delivery took 203ms android.fg h=android.os.Handler c=<recycled PooledLambda@9bc95a6> m=0
01-06 10:42:13.281  2321  3573 I WindowStateExtImpl: onSurfaceShowChange show = false mPackageName = org.psyhackers.Ashera parentPkgName = org.psyhackers.Ashera
01-06 10:42:13.281  2321  3574 D SurfaceAnimationRunner: onAnimationEnd:Surface(name=Surface(name=4441f34 Splash Screen org.psyhackers.Ashera)/@0xfbf5eea - animation-leash of window_animation)/@0x662e5db
01-06 10:42:13.281  2321  3573 I WindowManager: Window{4441f34 u0 Splash Screen org.psyhackers.Ashera EXITING} state from HAS_DRAWN to NO_SURFACE; reason: destroySurface
01-06 10:42:13.688  2321  3231 D OplusSplitScreenManagerService: org.psyhackers.Ashera supportsSplitScreen by forceResizable activity return:true
01-06 10:42:13.818  2321  5705 W ActivityManager: Unable to start service Intent { act=com.google.android.gms.ads.identifier.service.START pkg=com.google.android.gms mCallingUid=10104 } U=0: not found
01-06 10:42:14.919 22533 22533 I Quality : Skipped: true 1 cost 17.549828 refreshRate 16544749 bit true processName org.psyhackers.Ashera
01-06 10:42:15.396  2321  3643 D OplusSmartBrightnessController: handleMessage MSG_LUX_CHANGED, mLux:173.16707 luxQueue=[173.0, 173.0, 173.0, 173.0, 173.0, 174.0]
01-06 10:42:15.632  2321  3231 W ProcessStats: Tracking association SourceState{20d3e30 com.google.android.gms.persistent/10104 BTop #426473} whose proc state 2 is better than process ProcessState{ecee15f com.google.android.gms/10104 pkg=com.google.android.gms} proc state 8 (938 skipped)
01-06 10:42:15.941  2321  4069 D OplusSplitScreenManagerService: org.psyhackers.Ashera supportsSplitScreen by forceResizable activity return:true
01-06 10:42:15.945  2321  4069 D OplusSplitScreenManagerService: org.psyhackers.Ashera supportsSplitScreen by forceResizable activity return:true
01-06 10:42:16.040  6077 26080 I iopgp   : kTraceEnded and trace_end_kind = kOutproto history_id = 11323
01-06 10:42:16.597  2321  3643 D OplusSmartBrightnessController: handleMessage MSG_LUX_CHANGED, mLux:171.29715 luxQueue=[173.0, 172.0, 173.0, 172.0, 172.0, 170.0, 167.0]
01-06 10:42:16.625  2321  3231 D OplusSplitScreenManagerService: org.psyhackers.Ashera supportsSplitScreen by forceResizable activity return:true
01-06 10:42:16.643  2321  3231 D CompatibilityChangeReporter: Compat change id reported: 161145287; UID 1000; state: ENABLED
01-06 10:42:16.644  2321  3231 D CompatibilityChangeReporter: Compat change id reported: 161145287; UID 1000; state: DISABLED
01-06 10:42:17.806  5729  6556 D TelephonyManagerProxy: onTelephonyEventReport,cb list: 3
01-06 10:42:17.806  5729  6556 D TelephonyManagerProxy: onTelephonyEventReport,cb: m8.a$a@115ec46
01-06 10:42:17.806  5729  6556 D TelephonyManagerProxy: onTelephonyEventReport,cb: e8.d$a@6481b34
01-06 10:42:17.806  5729  6556 D TelephonyManagerProxy: onTelephonyEventReport,cb: e8.d$a@3359d5d
01-06 10:42:17.870  2321  3570 V WindowOrientationListener: onSensorChanged mDesiredRotation = 4
01-06 10:42:17.999  2321  3643 D OplusSmartBrightnessController: handleMessage MSG_LUX_CHANGED, mLux:118.93643 luxQueue=[136.0, 121.0, 122.0, 122.0, 118.0, 113.0, 112.0, 105.0]
01-06 10:42:18.966  2321  4069 D OplusSplitScreenManagerService: org.psyhackers.Ashera supportsSplitScreen by forceResizable activity return:true
01-06 10:42:18.975  2321  4069 D OplusSplitScreenManagerService: org.psyhackers.Ashera supportsSplitScreen by forceResizable activity return:true
01-06 10:42:19.397  2321  3643 D OplusSmartBrightnessController: handleMessage MSG_LUX_CHANGED, mLux:110.57383 luxQueue=[109.0, 111.0, 111.0, 111.0, 111.0, 110.0, 111.0]
01-06 10:42:19.760  2321  3622 D OplusThermalStats: REPORT_UPDATE_CPU  ->  phoneTemp:320  preHeatThreshold:400
01-06 10:42:19.765  2321  3569 W Looper  : Drained
01-06 10:42:19.888  2321  3596 W ProcessCpuTracker: Failed to stat(/proc/23027): android.system.ErrnoException: stat failed: ENOENT (No such file or directory)
01-06 10:42:19.889  2321  3596 W ProcessCpuTracker: Skipping unknown process pid 23027
01-06 10:42:19.889  2321  3596 W ProcessCpuTracker: Failed to stat(/proc/23028): android.system.ErrnoException: stat failed: ENOENT (No such file or directory)
01-06 10:42:19.889  2321  3596 W ProcessCpuTracker: Skipping unknown process pid 23028
01-06 10:42:19.889  2321  3596 W ProcessCpuTracker: Failed to stat(/proc/23029): android.system.ErrnoException: stat failed: ENOENT (No such file or directory)
01-06 10:42:19.889  2321  3596 W ProcessCpuTracker: Skipping unknown process pid 23029
01-06 10:42:19.889  2321  3596 W ProcessCpuTracker: Failed to stat(/proc/23030): android.system.ErrnoException: stat failed: ENOENT (No such file or directory)
01-06 10:42:19.889  2321  3596 W ProcessCpuTracker: Skipping unknown process pid 23030
01-06 10:42:19.900  2321  3596 D ProcessCpuTrackerExtImpl: mContext is already set, return now! 
01-06 10:42:20.312  2321  5316 W PackageManager: package com.android.vending uid 10106 pid 22217 call SetEnabledSetting(com.android.vending component = com.google.android.finsky.wearsupport.WearSupportService, 2, 0)
01-06 10:42:20.315  2321  5316 W PackageManager: package com.android.vending uid 10106 pid 22217 call SetEnabledSetting(com.android.vending component = com.google.android.finsky.wearsupport.WearChangeListenerService, 2, 0)
01-06 10:42:21.631  2321  3231 D OplusSplitScreenManagerService: org.psyhackers.Ashera supportsSplitScreen by forceResizable activity return:true
01-06 10:42:22.049  2321  4069 D CompatibilityChangeReporter: Compat change id reported: 197654537; UID 10771; state: ENABLED
01-06 10:42:22.049  2321  4069 D OplusSplitScreenManagerService: org.psyhackers.Ashera supportsSplitScreen by forceResizable activity return:true
01-06 10:42:22.053  2321  4069 D OplusSplitScreenManagerService: org.psyhackers.Ashera supportsSplitScreen by forceResizable activity return:true
01-06 10:42:22.755  2321  3785 D CompatibilityChangeReporter: Compat change id reported: 218533173; UID 10173; state: ENABLED
01-06 10:42:22.756  2321  3785 D CompatibilityChangeReporter: Compat change id reported: 262645982; UID 10173; state: ENABLED
01-06 10:42:22.964  2321  3609 W ActivityManager: Stopping service due to app idle: u0a321 -1m19s954ms com.whatsapp.w4b/com.whatsapp.messageservice.messaging.MessageService
01-06 10:42:23.154  2321  3231 D CompatibilityChangeReporter: Compat change id reported: 261072174; UID 10104; state: ENABLED
01-06 10:42:23.155  2321  3231 D CompatibilityChangeReporter: Compat change id reported: 261072174; UID 10771; state: ENABLED
01-06 10:42:23.155  2321  3231 D CompatibilityChangeReporter: Compat change id reported: 261072174; UID 10106; state: ENABLED
01-06 10:42:23.797  2321  3643 D OplusSmartBrightnessController: handleMessage MSG_LUX_CHANGED, mLux:109.57255 luxQueue=[110.0, 110.0, 110.0, 109.0, 109.0, 109.0, 110.0]
01-06 10:42:25.074  2321  4069 D OplusSplitScreenManagerService: org.psyhackers.Ashera supportsSplitScreen by forceResizable activity return:true
01-06 10:42:25.083  2321  4069 D OplusSplitScreenManagerService: org.psyhackers.Ashera supportsSplitScreen by forceResizable activity return:true
01-06 10:42:26.634  2321  5705 D OplusSplitScreenManagerService: org.psyhackers.Ashera supportsSplitScreen by forceResizable activity return:true
01-06 10:42:26.680  2321  5705 W ProcessStats: Tracking association SourceState{1b320f1 org.psyhackers.Ashera/10771 BTop #426539} whose proc state 2 is better than process ProcessState{2ca6607 com.google.android.gms.persistent/10104 pkg=com.google.android.gms} proc state 3 (322 skipped)
01-06 10:42:26.996  2321  3643 D OplusSmartBrightnessController: handleMessage MSG_LUX_CHANGED, mLux:108.50115 luxQueue=[109.0, 109.0, 108.0, 108.0, 108.0, 108.0, 109.0, 109.0]
01-06 10:42:27.798  2321  3643 D OplusSmartBrightnessController: handleMessage MSG_LUX_CHANGED, mLux:109.6011 luxQueue=[109.0, 110.0, 110.0, 110.0, 109.0]
01-06 10:42:28.093  2321  4069 D OplusSplitScreenManagerService: org.psyhackers.Ashera supportsSplitScreen by forceResizable activity return:true
01-06 10:42:28.098  2321  4069 D OplusSplitScreenManagerService: org.psyhackers.Ashera supportsSplitScreen by forceResizable activity return:true
01-06 10:42:28.643  2321  3867 D CompatibilityChangeReporter: Compat change id reported: 151105954; UID 1000; state: ENABLED
01-06 10:42:28.649  2321  3867 E AppOps  : attributionTag  not declared in manifest of com.oplus.healthservice
01-06 10:42:28.654  2321  3867 E AppOps  : attributionTag  not declared in manifest of com.oplus.healthservice
01-06 10:42:31.005   832 21541 I keystore2: system/security/keystore2/src/watchdog.rs:319 - Watchdog thread idle -> terminating. Have a great day.
01-06 10:42:31.115  2321  4069 D OplusSplitScreenManagerService: org.psyhackers.Ashera supportsSplitScreen by forceResizable activity return:true
01-06 10:42:31.120  2321  4069 D OplusSplitScreenManagerService: org.psyhackers.Ashera supportsSplitScreen by forceResizable activity return:true
01-06 10:42:31.671  2321  3231 D OplusSplitScreenManagerService: org.psyhackers.Ashera supportsSplitScreen by forceResizable activity return:true
01-06 10:42:33.996  2321  3643 D OplusSmartBrightnessController: handleMessage MSG_LUX_CHANGED, mLux:108.75086 luxQueue=[109.0, 108.0, 109.0, 109.0, 109.0, 108.0, 109.0, 109.0]
01-06 10:42:34.148  2321  4069 D OplusSplitScreenManagerService: org.psyhackers.Ashera supportsSplitScreen by forceResizable activity return:true
01-06 10:42:34.156  2321  4069 D OplusSplitScreenManagerService: org.psyhackers.Ashera supportsSplitScreen by forceResizable activity return:true
01-06 10:42:34.388  2321  3881 V AlarmManager: sending alarm Alarm{5197a7d type 3 origWhen 170724307 whenElapsed 170724307 com.oplus.nhs} uid 1001 whenElapsed 170724307 windowLength 225000 maxWhenElapsed 170949307 repeatInterval 300000 action oplus.intent.action.INTERNAL_LOOP_UPDATE_ACTIVITYINFO_ALARM component ComponentInfo{com.oplus.nhs/com.oplus.nhs.pwr.ModemAci.ModemAciAlarmReceiver} flags 0x8 procName com.oplus.nhs
01-06 10:42:34.393  2321  3881 V AlarmManager: sending alarm Alarm{8d96d72 type 3 origWhen 170728079 whenElapsed 170728079 com.google.android.gms} uid 10104 whenElapsed 170728079 windowLength 11249 maxWhenElapsed 170739328 repeatInterval 0 action com.google.android.gms.auth.authzen.cryptauth.DEVICE_STATE_CHECK_DELAY_COMPLETE component ComponentInfo{com.google.android.gms/com.google.android.gms.chimera.GmsIntentOperationService} flags 0x0 procName com.google.android.gms
01-06 10:42:35.196  2321  3643 D OplusSmartBrightnessController: handleMessage MSG_LUX_CHANGED, mLux:109.66768 luxQueue=[110.0, 110.0, 109.0, 109.0, 110.0, 110.0]
01-06 10:42:35.996  2321  3643 D OplusSmartBrightnessController: handleMessage MSG_LUX_CHANGED, mLux:110.60108 luxQueue=[111.0, 111.0, 110.0, 110.0, 111.0]
01-06 10:42:36.648  2321  5316 D OplusSplitScreenManagerService: org.psyhackers.Ashera supportsSplitScreen by forceResizable activity return:true
01-06 10:42:37.192  2321  4069 D OplusSplitScreenManagerService: org.psyhackers.Ashera supportsSplitScreen by forceResizable activity return:true
01-06 10:42:37.201  2321  4069 D OplusSplitScreenManagerService: org.psyhackers.Ashera supportsSplitScreen by forceResizable activity return:true
01-06 10:42:38.432  2321  4279 W ProcessStats: Tracking association SourceState{1b320f1 org.psyhackers.Ashera/10771 BTop #426566} whose proc state 2 is better than process ProcessState{2ca6607 com.google.android.gms.persistent/10104 pkg=com.google.android.gms} proc state 3 (46 skipped)
01-06 10:42:39.998  2321  3643 D OplusSmartBrightnessController: handleMessage MSG_LUX_CHANGED, mLux:109.37607 luxQueue=[110.0, 110.0, 110.0, 109.0, 109.0, 109.0, 109.0, 109.0]
01-06 10:42:40.186  2321  4069 D OplusSplitScreenManagerService: org.psyhackers.Ashera supportsSplitScreen by forceResizable activity return:true
01-06 10:42:40.195  2321  4069 D OplusSplitScreenManagerService: org.psyhackers.Ashera supportsSplitScreen by forceResizable activity return:true
01-06 10:42:41.200  2321  3643 D OplusSmartBrightnessController: handleMessage MSG_LUX_CHANGED, mLux:110.33434 luxQueue=[110.0, 110.0, 110.0, 111.0, 111.0, 110.0]
01-06 10:42:41.648  2321  3231 D OplusSplitScreenManagerService: org.psyhackers.Ashera supportsSplitScreen by forceResizable activity return:true
01-06 10:42:42.997  2321  3643 D OplusSmartBrightnessController: handleMessage MSG_LUX_CHANGED, mLux:109.00262 luxQueue=[110.0, 110.0, 109.0, 109.0, 109.0, 108.0, 108.0]
01-06 10:42:43.204  2321  4069 D OplusSplitScreenManagerService: org.psyhackers.Ashera supportsSplitScreen by forceResizable activity return:true
01-06 10:42:43.207  2321  4069 D OplusSplitScreenManagerService: org.psyhackers.Ashera supportsSplitScreen by forceResizable activity return:true
01-06 10:42:44.998  2321  3643 D OplusSmartBrightnessController: handleMessage MSG_LUX_CHANGED, mLux:110.1673 luxQueue=[110.0, 111.0, 110.0, 110.0, 110.0, 110.0]
01-06 10:42:46.213  2321  4069 D OplusSplitScreenManagerService: org.psyhackers.Ashera supportsSplitScreen by forceResizable activity return:true
01-06 10:42:46.217  2321  4069 D OplusSplitScreenManagerService: org.psyhackers.Ashera supportsSplitScreen by forceResizable activity return:true
01-06 10:42:46.397  2321  3643 D OplusSmartBrightnessController: handleMessage MSG_LUX_CHANGED, mLux:109.146034 luxQueue=[110.0, 110.0, 110.0, 109.0, 108.0, 108.0, 109.0]
01-06 10:42:46.653  2321  3231 D OplusSplitScreenManagerService: org.psyhackers.Ashera supportsSplitScreen by forceResizable activity return:true
01-06 10:42:47.996  2321  3643 D OplusSmartBrightnessController: handleMessage MSG_LUX_CHANGED, mLux:110.80072 luxQueue=[110.0, 111.0, 111.0, 111.0, 111.0]
01-06 10:42:49.263  2321  4069 D OplusSplitScreenManagerService: org.psyhackers.Ashera supportsSplitScreen by forceResizable activity return:true
01-06 10:42:49.270  2321  4069 D OplusSplitScreenManagerService: org.psyhackers.Ashera supportsSplitScreen by forceResizable activity return:true
01-06 10:42:50.996  2321  3643 D OplusSmartBrightnessController: handleMessage MSG_LUX_CHANGED, mLux:111.601074 luxQueue=[111.0, 112.0, 112.0, 111.0, 112.0]
01-06 10:42:51.656  2321  3231 D OplusSplitScreenManagerService: org.psyhackers.Ashera supportsSplitScreen by forceResizable activity return:true
01-06 10:42:52.392  2321  4069 D OplusSplitScreenManagerService: org.psyhackers.Ashera supportsSplitScreen by forceResizable activity return:true
01-06 10:42:52.397  2321  4069 D OplusSplitScreenManagerService: org.psyhackers.Ashera supportsSplitScreen by forceResizable activity return:true
01-06 10:42:52.796  2321  3643 D OplusSmartBrightnessController: handleMessage MSG_LUX_CHANGED, mLux:112.33432 luxQueue=[112.0, 112.0, 112.0, 113.0, 113.0, 112.0]
01-06 10:42:54.796  2321  3643 D OplusSmartBrightnessController: handleMessage MSG_LUX_CHANGED, mLux:113.16728 luxQueue=[113.0, 114.0, 113.0, 113.0, 113.0, 113.0]
01-06 10:42:55.419  2321  4069 D OplusSplitScreenManagerService: org.psyhackers.Ashera supportsSplitScreen by forceResizable activity return:true
01-06 10:42:55.428  2321  4069 D OplusSplitScreenManagerService: org.psyhackers.Ashera supportsSplitScreen by forceResizable activity return:true
01-06 10:42:56.197  2321  3643 D OplusSmartBrightnessController: handleMessage MSG_LUX_CHANGED, mLux:111.7152 luxQueue=[112.0, 112.0, 111.0, 111.0, 112.0, 112.0, 112.0]
01-06 10:42:56.695  2321  5705 D OplusSplitScreenManagerService: org.psyhackers.Ashera supportsSplitScreen by forceResizable activity return:true
01-06 10:42:56.998  2321  3643 D OplusSmartBrightnessController: handleMessage MSG_LUX_CHANGED, mLux:113.0 luxQueue=[113.0, 113.0, 113.0, 113.0]
01-06 10:42:58.484  2321  4069 D OplusSplitScreenManagerService: org.psyhackers.Ashera supportsSplitScreen by forceResizable activity return:true
01-06 10:42:58.492  2321  4069 D OplusSplitScreenManagerService: org.psyhackers.Ashera supportsSplitScreen by forceResizable activity return:true
01-06 10:42:59.197  2321  3643 D OplusSmartBrightnessController: handleMessage MSG_LUX_CHANGED, mLux:111.71648 luxQueue=[112.0, 113.0, 112.0, 111.0, 111.0, 111.0, 112.0]
01-06 10:42:59.997  2321  3643 D OplusSmartBrightnessController: handleMessage MSG_LUX_CHANGED, mLux:112.25083 luxQueue=[112.0, 112.0, 112.0, 113.0]
01-06 10:43:00.002  2321  3881 V AlarmManager: sending alarm Alarm{4fd7dcf type 3 origWhen 170764946 whenElapsed 170764946 android} uid 1000 whenElapsed 170764946 windowLength 0 maxWhenElapsed 170764946 repeatInterval 0 action null component null tag TIME_TICK flags 0x9 procName system_server
01-06 10:43:00.042  2321  5750 E OplusCustomizeRestrictionManagerService: isBiometricDisabled start
01-06 10:43:01.508  2321  4069 D OplusSplitScreenManagerService: org.psyhackers.Ashera supportsSplitScreen by forceResizable activity return:true
01-06 10:43:01.516  2321  4069 D OplusSplitScreenManagerService: org.psyhackers.Ashera supportsSplitScreen by forceResizable activity return:true
01-06 10:43:01.678  2321  5316 D OplusSplitScreenManagerService: org.psyhackers.Ashera supportsSplitScreen by forceResizable activity return:true
01-06 10:43:02.173  2321  5316 W JobScheduler.JobStatus: Exempted app com.android.vending considered buggy
01-06 10:43:02.173  2321  5316 W JobScheduler.JobStatus: Exempted app com.android.vending considered buggy
01-06 10:43:02.173  2321  5316 W JobScheduler.JobStatus: Exempted app com.android.vending considered buggy
01-06 10:43:02.174  2321  5316 W JobScheduler.JobStatus: Exempted app com.android.vending considered buggy
01-06 10:43:02.180  2321  3785 W JobScheduler.JobStatus: Exempted app com.android.vending considered buggy
01-06 10:43:02.180  2321  3785 W JobScheduler.JobStatus: Exempted app com.android.vending considered buggy
01-06 10:43:02.180  2321  3785 W JobScheduler.JobStatus: Exempted app com.android.vending considered buggy
01-06 10:43:02.180  2321  3785 W JobScheduler.JobStatus: Exempted app com.android.vending considered buggy
01-06 10:43:02.180  2321  3785 W JobScheduler.JobStatus: Exempted app com.android.vending considered buggy
01-06 10:43:02.180  2321  3785 W JobScheduler.JobStatus: Exempted app com.android.vending considered buggy
01-06 10:43:02.180  2321  3785 W JobScheduler.JobStatus: Exempted app com.android.vending considered buggy
01-06 10:43:02.180  2321  3785 W JobScheduler.JobStatus: Exempted app com.android.vending considered buggy
01-06 10:43:03.150  2321  5316 W ProcessStats: Tracking association SourceState{1b320f1 org.psyhackers.Ashera/10771 BTop #426573} whose proc state 2 is better than process ProcessState{2ca6607 com.google.android.gms.persistent/10104 pkg=com.google.android.gms} proc state 3 (7 skipped)
01-06 10:43:03.399  2321  3643 D OplusSmartBrightnessController: handleMessage MSG_LUX_CHANGED, mLux:111.75084 luxQueue=[112.0, 112.0, 112.0, 111.0, 111.0, 112.0, 112.0, 112.0]
01-06 10:43:03.986  2321  3641 D DisplayPowerController[0]: requestPowerState: policy=DIM, useProximitySensor=false, screenBrightnessOverride=-1.0, useAutoBrightness=false, screenAutoBrightnessAdjustmentOverride=NaN, screenLowPowerBrightnessFactor=1.0, blockScreenOn=false, lowPowerMode=false, boostScreenBrightness=false, dozeScreenBrightness=NaN, dozeScreenState=UNKNOWN, waitForNegativeProximity=false displayReady=false pendingRequest=true
01-06 10:43:03.987  2321  3641 D DisplayManagerServiceExtImpl: request size(1,1),dpc=com.android.server.display.DisplayPowerController@ce9daf6 size(0,1),flags=0X200F,id(0,0,local:4630946950956839810),enable=true,ready=false,waitForNegativeProximity=false policy=DIM,useProximitySensor=false,dozeState=UNKNOWN,screenBrightnessOverride=-1.000000,useAuto=false,lowPower=false,lowPowerFactor=1.000000
01-06 10:43:03.990  2321  3641 I OplusSmartBrightnessController: handleBrightnessTotalRateType displayId[0]=automatic->dim
01-06 10:43:03.992  2321  3641 D OplusFeatureHDREnhanceBrightness: setAnimating : displayId[0]=true
01-06 10:43:03.992  2321  3641 D OplusFeatureReduceBrightness: setAnimating : animating = true
01-06 10:43:03.992  2321  3641 D OplusFeatureEdrEnhanceBrightness: setAnimating: true
01-06 10:43:03.992  2321  3641 D OplusFeaturePwEdrEnhanceBrightness: setAnimating: true
01-06 10:43:03.994  2321  3641 D DpcExtImpl[0]: Animating brightness: target=4035->16,rate=123->6400,type=dim,byUse=false local:4630946950956839810
01-06 10:43:03.994  2321  3641 D DpcExtImpl[0]: RECORD:onUpdatePowerState policy:2 state:2 brightness:16
01-06 10:43:03.994  2321  3641 D DisplayPowerController[0]: updatePowerStateInternal policy:BRIGHT->DIM,state:ON->ON policy=DIM, useProximitySensor=false, screenBrightnessOverride=-1.0, useAutoBrightness=false, screenAutoBrightnessAdjustmentOverride=NaN, screenLowPowerBrightnessFactor=1.0, blockScreenOn=false, lowPowerMode=false, boostScreenBrightness=false, dozeScreenBrightness=NaN, dozeScreenState=UNKNOWN
01-06 10:43:04.010  2321  3641 D DpcExtImpl[0]: onchange selfChange=false state=ON uri=content://settings/system/screen_brightness
01-06 10:43:04.012  2321  3641 D DpcExtImpl[0]: Animating brightness: target=16->16,rate=6400->123,type=dim,byUse=false local:4630946950956839810
01-06 10:43:04.028  2321  3641 D DpcExtImpl[0]: onchange selfChange=false state=ON uri=content://settings/system/screen_brightness
01-06 10:43:04.029  2321  3572 D DisplayManagerService: Ignore redundant display event 0/4 to 10819/1124
01-06 10:43:04.030  2321  3572 D DisplayManagerService: Ignore redundant display event 0/4 to 10818/18009
01-06 10:43:04.030  2321  3572 D DisplayManagerService: Ignore redundant display event 0/4 to 10287/18079
01-06 10:43:04.030  2321  3572 D DisplayManagerService: Ignore redundant display event 0/4 to 10363/19144
01-06 10:43:04.030  2321  3572 D DisplayManagerService: Ignore redundant display event 0/4 to 10106/22217
01-06 10:43:04.030  2321  3572 D DisplayManagerService: Ignore redundant display event 0/4 to 10314/23682
01-06 10:43:04.030  2321  3572 D DisplayManagerService: Ignore redundant display event 0/4 to 10330/25186
01-06 10:43:04.030  2321  3572 D DisplayManagerService: Ignore redundant display event 0/4 to 10167/26602
01-06 10:43:04.030  2321  3572 D DisplayManagerService: Ignore redundant display event 0/4 to 10167/26765
01-06 10:43:04.030  2321  3572 D DisplayManagerService: Ignore redundant display event 0/4 to 10321/32042
01-06 10:43:04.042  2321  3641 D DpcExtImpl[0]: onchange selfChange=false state=ON uri=content://settings/system/screen_brightness
01-06 10:43:04.043  2321  3572 D DisplayManagerService: Ignore redundant display event 0/4 to 10819/1124
01-06 10:43:04.043  2321  3572 D DisplayManagerService: Ignore redundant display event 0/4 to 10818/18009
01-06 10:43:04.043  2321  3572 D DisplayManagerService: Ignore redundant display event 0/4 to 10287/18079
01-06 10:43:04.043  2321  3572 D DisplayManagerService: Ignore redundant display event 0/4 to 10363/19144
01-06 10:43:04.044  2321  3572 D DisplayManagerService: Ignore redundant display event 0/4 to 10106/22217
01-06 10:43:04.044  2321  3572 D DisplayManagerService: Ignore redundant display event 0/4 to 10314/23682
01-06 10:43:04.044  2321  3572 D DisplayManagerService: Ignore redundant display event 0/4 to 10330/25186
01-06 10:43:04.044  2321  3572 D DisplayManagerService: Ignore redundant display event 0/4 to 10167/26602
01-06 10:43:04.044  2321  3572 D DisplayManagerService: Ignore redundant display event 0/4 to 10167/26765
01-06 10:43:04.044  2321  3572 D DisplayManagerService: Ignore redundant display event 0/4 to 10321/32042
01-06 10:43:04.052  2321  3641 D DpcExtImpl[0]: onchange selfChange=false state=ON uri=content://settings/system/screen_brightness
01-06 10:43:04.053  2321  3572 D DisplayManagerService: Ignore redundant display event 0/4 to 10819/1124
01-06 10:43:04.054  2321  3572 D DisplayManagerService: Ignore redundant display event 0/4 to 10818/18009
01-06 10:43:04.054  2321  3572 D DisplayManagerService: Ignore redundant display event 0/4 to 10287/18079
01-06 10:43:04.054  2321  3572 D DisplayManagerService: Ignore redundant display event 0/4 to 10363/19144
01-06 10:43:04.054  2321  3572 D DisplayManagerService: Ignore redundant display event 0/4 to 10106/22217
01-06 10:43:04.054  2321  3572 D DisplayManagerService: Ignore redundant display event 0/4 to 10314/23682
01-06 10:43:04.054  2321  3572 D DisplayManagerService: Ignore redundant display event 0/4 to 10330/25186
01-06 10:43:04.054  2321  3572 D DisplayManagerService: Ignore redundant display event 0/4 to 10167/26602
01-06 10:43:04.054  2321  3572 D DisplayManagerService: Ignore redundant display event 0/4 to 10167/26765
01-06 10:43:04.054  2321  3572 D DisplayManagerService: Ignore redundant display event 0/4 to 10321/32042
01-06 10:43:04.073  2321  3641 D DpcExtImpl[0]: onchange selfChange=false state=ON uri=content://settings/system/screen_brightness
01-06 10:43:04.075  2321  3572 D DisplayManagerService: Ignore redundant display event 0/4 to 10819/1124
01-06 10:43:04.076  2321  3572 D DisplayManagerService: Ignore redundant display event 0/4 to 10818/18009
