01-01 22:42:44.397  7584  8288 D CommonScenarios-100-10762: transportLayerQosChange TransportLayerData{link_index=21, uid=10762, uplink_srtt=0, uplink_packets=0, uplink_retrans_packets=0, uplink_retrans_rate=0, downlink_srtt=0, downlink_packets=0, downlink_retrans_packets=0, downlink_retrans_rate=0, downlink_rate=0, uplink_udp_packets=0, downlink_udp_packets=0, uplink_tcp_rate=0, uplink_udp_rate=0, downlink_tcp_rate=0, downlink_udp_rate=0}
01-01 22:42:44.398  7584  8288 D CommonScenarios-100-10762: ActiveState process message 2
01-01 22:42:44.398  7584  8288 D CommonScenarios-100-10762: ActiveState EVENT_NETWORK_KPI_CHANGE
01-01 22:42:44.398  7584  8288 D CommonScenarios-100-10762: transport layer data is invalid
01-01 22:42:44.398  7584  8288 D CommonScenarios-100-10762: ActiveState EVENT_NETWORK_KPI_CHANGE score is invalid
01-01 22:42:44.521  2454  7667 D OplusSplitScreenManagerService: com.psyhackers.ashera supportsSplitScreen by forceResizable activity return:true
01-01 22:42:44.590  2454  2454 I AICCTModule: AICurveModel: cct invalid = 2308.1323
01-01 22:42:44.594  2454  2454 I AICCTModule: SensorFilter: findSecondNearestValue, cct = 3000.0
01-01 22:42:44.594  2454  2454 I AICCTModule: SensorFilter: findSecondNearestValue, nearestMaxLux:2500.0
01-01 22:42:44.594  2454  2454 I AICCTModule: SensorFilter: findSecondNearestValue, secondNearestLux:2500.0
01-01 22:42:44.594  2454  2454 I AICCTModule: SensorFilter: updateCCT fixed cct=3000.0 luxQueue=[0.5228] cctQueue=[2500.0, 2500.0, 2500.0, 2500.0, 2500.0, 2500.0, 2500.0, 2500.0, 2500.0, 2500.0]
01-01 22:42:44.594  2454  9054 D AICCTModule: AICurveModel: handleMessage MSG_SENSOR_CHANGED, mSensorValue:3000.0
01-01 22:42:44.595  2454  9054 I AICCTModule: AICurveModel: findPointByX x:10.877226, rightPoint:Point:(10.879999, 5329.0, 5329.0)
01-01 22:42:44.595  2454  9054 I AICCTModule: AICurveModel: StablePoints has no dragSplineLine
01-01 22:42:44.595  2454  9054 I AICCTModule: AICurveModel: StablePoints y1Left:5329.0, y2Left:0.0, leftY:5329.0
01-01 22:42:44.595  2454  9054 I AICCTModule: AICurveModel: getNextPoint isLargeChange, 3003.0386, 5329.0
01-01 22:42:44.596  2454  9054 I AICCTModule: AICurveModel: handleUpdateCCT cct change from:(3003.038574,5329.000000)->(3003.038574,5329.000000),curPoint(3003.038574,5329.000000),stablePoint=LeftLarge(2500.0,5329.0)-RightLarge(2500.0,5329.0),LeftSmall(2500.0,5329.0)-RightSmall(2500.0,5329.0),TLSmall(2500.0,5329.0)-TRSmall(2500.0,5329.0)
01-01 22:42:44.596  2454  9054 I AICCTModule: AICurveModel: onTargetCCTChange cct change to 5329.0
01-01 22:42:44.792  2454  2454 I AICCTModule: AICurveModel: cct invalid = 2308.1323
01-01 22:42:44.989  2454  2454 I AICCTModule: AICurveModel: cct invalid = 2315.449
01-01 22:42:45.058  2454  7592 I OplusHansManager : uid=10808, pkg=com.instander.android can not transition from M to F. reason: AsyncBinder
01-01 22:42:45.063  2454  7592 I OplusHansManager : uid=10288, pkg=com.staircase3.opensignal can not transition from M to F. reason: AsyncBinder
01-01 22:42:45.190  2454  2454 I AICCTModule: AICurveModel: cct invalid = 2308.1323
01-01 22:42:45.390  2454  2454 I AICCTModule: AICurveModel: cct invalid = 2308.1323
01-01 22:42:45.391  2454  3719 D OplusSmartBrightnessController: handleMessage MSG_LUX_CHANGED, mLux:1.0 luxQueue=[1.0, 1.0, 1.0, 1.0, 1.0, 1.0]
01-01 22:42:45.391  2454  3719 D OplusSmartBrightnessController: in darkest, historyStandardDiviation = 0.1262007, list = [1.2247449,0.92855984,1.0,], set interim lux from 1.0->1.0
01-01 22:42:45.421  7584  8288 D CommonScenarios-100-10762: transportLayerQosChange TransportLayerData{link_index=21, uid=10762, uplink_srtt=0, uplink_packets=0, uplink_retrans_packets=0, uplink_retrans_rate=0, downlink_srtt=0, downlink_packets=0, downlink_retrans_packets=0, downlink_retrans_rate=0, downlink_rate=0, uplink_udp_packets=0, downlink_udp_packets=0, uplink_tcp_rate=0, uplink_udp_rate=0, downlink_tcp_rate=0, downlink_udp_rate=0}
01-01 22:42:45.422  7584  8288 D CommonScenarios-100-10762: ActiveState process message 2
01-01 22:42:45.422  7584  8288 D CommonScenarios-100-10762: ActiveState EVENT_NETWORK_KPI_CHANGE
01-01 22:42:45.422  7584  8288 D CommonScenarios-100-10762: transport layer data is invalid
01-01 22:42:45.422  7584  8288 D CommonScenarios-100-10762: ActiveState EVENT_NETWORK_KPI_CHANGE score is invalid
01-01 22:42:45.593  2454  2454 I AICCTModule: AICurveModel: cct invalid = 2308.1323
01-01 22:42:45.789  2454  2454 I AICCTModule: AICurveModel: cct invalid = 2308.1323
01-01 22:42:45.944  2454  4290 D OplusSplitScreenManagerService: com.psyhackers.ashera supportsSplitScreen by forceResizable activity return:true
01-01 22:42:45.948  2454  4290 D OplusSplitScreenManagerService: com.psyhackers.ashera supportsSplitScreen by forceResizable activity return:true
01-01 22:42:45.989  2454  2454 I AICCTModule: AICurveModel: cct invalid = 2308.1323
01-01 22:42:46.079  6671  6671 I SystemUi--Keyguard: KeyguardUtils-->density is 0 sInitialDisplayDensity:480
01-01 22:42:46.093  7539  7539 D OplusTelephonyController: onSignalStrengthChanged: SignalStrength=SignalStrength:{mCdma=CellSignalStrengthCdma: cdmaDbm=2147483647 cdmaEcio=2147483647 evdoDbm=2147483647 evdoEcio=2147483647 evdoSnr=2147483647 level=0,mGsm=CellSignalStrengthGsm: rssi=2147483647 ber=2147483647 mTa=2147483647 mLevel=0,mWcdma=CellSignalStrengthWcdma: ss=-81 ber=2147483647 rscp=-85 ecno=-12 level=3,mTdscdma=CellSignalStrengthTdscdma: rssi=2147483647 ber=2147483647 rscp=2147483647 level=0,mLte=CellSignalStrengthLte: rssi=2147483647 rsrp=2147483647 rsrq=2147483647 rssnr=2147483647 cqiTableIndex=2147483647 cqi=2147483647 ta=2147483647 level=0 parametersUseForLevel=0,mNr=CellSignalStrengthNr:{ csiRsrp = 2147483647 csiRsrq = 2147483647 csiCqiTableIndex = 2147483647 csiCqiReport = [] ssRsrp = 2147483647 ssRsrq = 2147483647 ssSinr = 2147483647 level = 0 parametersUseForLevel = 0 timingAdvance = 2147483647 },primary=CellSignalStrengthWcdma}
01-01 22:42:46.108  7539  7562 I LocationAccessPolicy: com.staircase3.opensignal is aware of fine but the app-ops permission is specifically denied.
01-01 22:42:46.111  7539  7562 W TelephonyPermissions: reportAccessDeniedToReadIdentifiers:com.staircase3.opensignal:getAllSubInfoList:1
01-01 22:42:46.187  1749 17275 I sensors-hal: handle_sns_std_sensor_event:177, rgb sample: cct_avg:2318, red_raw:6, green_raw:4, blue_raw:2, clear_raw:10, wide_raw:0
01-01 22:42:46.188  1749 17275 I sensors-hal: handle_sns_std_sensor_event:179, rgb sample: cur_cct:2244, calc_ir:0, lux:1, again:2204, atime:0, ts=1924604242193
01-01 22:42:46.189  2454  2454 I AICCTModule: AICurveModel: cct invalid = 2318.4976
01-01 22:42:46.191  2454  2454 I AICCTModule: SensorFilter: Enter low light due to lux low mean, ave = 1.09788 luxQueue=[0.5228, 1.0456, 0.91489995, 1.5684, 1.4377002, 1.1762999, 0.5228, 1.6991, 0.6535, 1.4377002]
01-01 22:42:46.227  1721  9019 I vendor.qti.bluetooth@1.0-ibs_handler: ProcessIbsCmd: Received IBS_WAKE_IND: 0xFD
01-01 22:42:46.227  1721  9019 D vendor.qti.bluetooth@1.0-ibs_handler: SerialClockVote: vote for UART CLK ON
01-01 22:42:46.228  1721  9019 D vendor.qti.bluetooth@1.0-wake_lock: Acquire wakelock is acquired 
01-01 22:42:46.228  1721  9019 I vendor.qti.bluetooth@1.0-ibs_handler: ProcessIbsCmd: Writing IBS_WAKE_ACK
01-01 22:42:46.229  7422  9026 E adv_data_processor: adv data modified, but len check fail or data invalid, stay intact
01-01 22:42:46.232 21304 23415 E yAF.CORE.BleAdvParser: afaf data is null
01-01 22:42:46.233 21304 23415 I yAF.APP.n: same device ignore statistic:DEBUG NOT PRINT.
01-01 22:42:46.233 21304 23415 I yAF.APP.ExpScannerImpl[scanTrack]: discoveryDevice, plugin device: {tag: *(13)9:02BLE_PLUGIN, name: DEBUG NOT PRINT., connectivity_name: DEBUG NOT PRINT., ADR: DEBUG NOT PRINT.}
01-01 22:42:46.233 21304 23415 I yAF.CORE.m: doDiscovery device: {tag: *(13)9:02BLE_PLUGIN, name: DEBUG NOT PRINT., connectivity_name: DEBUG NOT PRINT., ADR: DEBUG NOT PRINT.}
01-01 22:42:46.233 21304 23415 I yAF.CORE.m: setState, state not changed:DEVICE_PLUGIN, device: {tag: *(13)9:02BLE_PLUGIN, name: DEBUG NOT PRINT., connectivity_name: DEBUG NOT PRINT., ADR: DEBUG NOT PRINT.}
01-01 22:42:46.233 21304 23415 I yAF.APP.d: DeviceEvent STATE : DEVICE_PLUGIN
01-01 22:42:46.233 21304 23415 W yAF.APP.a: plugin scanResult ： DEBUG NOT PRINT.
01-01 22:42:46.233 21304 23415 W yAF.APP.a: plugin scanResult uuName： [0000fee7-0000-1000-8000-00805f9b34fb]
01-01 22:42:46.269  1721  9019 I vendor.qti.bluetooth@1.0-ibs_handler: ProcessIbsCmd: Received IBS_SLEEP_IND: 0xFE
01-01 22:42:46.269  1721  9019 D vendor.qti.bluetooth@1.0-ibs_handler: SerialClockVote: vote for UART CLK OFF
01-01 22:42:46.389  2454  2454 I AICCTModule: AICurveModel: cct invalid = 2318.4976
01-01 22:42:46.419  1721  8662 D vendor.qti.bluetooth@1.0-wake_lock: Release wakelock is released 
01-01 22:42:46.445  7584  8288 D CommonScenarios-100-10762: transportLayerQosChange TransportLayerData{link_index=21, uid=10762, uplink_srtt=0, uplink_packets=0, uplink_retrans_packets=0, uplink_retrans_rate=0, downlink_srtt=0, downlink_packets=0, downlink_retrans_packets=0, downlink_retrans_rate=0, downlink_rate=0, uplink_udp_packets=0, downlink_udp_packets=0, uplink_tcp_rate=0, uplink_udp_rate=0, downlink_tcp_rate=0, downlink_udp_rate=0}
01-01 22:42:46.446  7584  8288 D CommonScenarios-100-10762: ActiveState process message 2
01-01 22:42:46.446  7584  8288 D CommonScenarios-100-10762: ActiveState EVENT_NETWORK_KPI_CHANGE
01-01 22:42:46.446  7584  8288 D CommonScenarios-100-10762: transport layer data is invalid
01-01 22:42:46.446  7584  8288 D CommonScenarios-100-10762: ActiveState EVENT_NETWORK_KPI_CHANGE score is invalid
01-01 22:42:46.569  2454  7592 I OplusHansManager : uid=10808, pkg=com.instander.android F enter(), M stay=3
01-01 22:42:46.574  2454  7592 I OplusHansManager : freeze uid: 10808 com.instander.android pids: [18355] scene: LcdOn
01-01 22:42:46.575 15595 30073 D IHansComunication: HANS sendMessageToKernel: threadId = 512721992880, netLinkSetup = 1, type = PKG, targetUid = 10808, pkgCmd = ADD_ONE_UID
01-01 22:42:46.578  2454  7592 I OplusHansManager : uid=10288, pkg=com.staircase3.opensignal F enter(), M stay=3
01-01 22:42:46.580  2454  7592 I OplusHansManager : freeze uid: 10288 com.staircase3.opensignal pids: [3992] scene: LcdOn
01-01 22:42:46.581 15595 30073 D IHansComunication: HANS sendMessageToKernel: threadId = 512721992880, netLinkSetup = 1, type = PKG, targetUid = 10288, pkgCmd = ADD_ONE_UID
01-01 22:42:46.588  2454  2454 I AICCTModule: AICurveModel: cct invalid = 2260.269
01-01 22:42:46.590  2454  2454 I AICCTModule: SensorFilter: findSecondNearestValue, cct = 3000.0
01-01 22:42:46.590  2454  2454 I AICCTModule: SensorFilter: findSecondNearestValue, nearestMaxLux:2500.0
01-01 22:42:46.590  2454  2454 I AICCTModule: SensorFilter: findSecondNearestValue, secondNearestLux:2500.0
01-01 22:42:46.590  2454  2454 I AICCTModule: SensorFilter: updateCCT fixed cct=3000.0 luxQueue=[0.6535] cctQueue=[2500.0, 2500.0, 2500.0, 2500.0, 2500.0, 2500.0, 2500.0, 2500.0, 2500.0, 2500.0]
01-01 22:42:46.591  2454  9054 D AICCTModule: AICurveModel: handleMessage MSG_SENSOR_CHANGED, mSensorValue:3000.0
01-01 22:42:46.591  2454  9054 I AICCTModule: AICurveModel: findPointByX x:10.877226, rightPoint:Point:(10.879999, 5329.0, 5329.0)
01-01 22:42:46.591  2454  9054 I AICCTModule: AICurveModel: StablePoints has no dragSplineLine
01-01 22:42:46.591  2454  9054 I AICCTModule: AICurveModel: StablePoints y1Left:5329.0, y2Left:0.0, leftY:5329.0
01-01 22:42:46.591  2454  9054 I AICCTModule: AICurveModel: getNextPoint isLargeChange, 3003.0386, 5329.0
01-01 22:42:46.591  2454  9054 I AICCTModule: AICurveModel: handleUpdateCCT cct change from:(3003.038574,5329.000000)->(3003.038574,5329.000000),curPoint(3003.038574,5329.000000),stablePoint=LeftLarge(2500.0,5329.0)-RightLarge(2500.0,5329.0),LeftSmall(2500.0,5329.0)-RightSmall(2500.0,5329.0),TLSmall(2500.0,5329.0)-TRSmall(2500.0,5329.0)
01-01 22:42:46.592  2454  9054 I AICCTModule: AICurveModel: onTargetCCTChange cct change to 5329.0
01-01 22:42:46.789  2454  2454 I AICCTModule: AICurveModel: cct invalid = 2260.269
01-01 22:42:46.988  2454  2454 I AICCTModule: AICurveModel: cct invalid = 2311.181
01-01 22:42:47.189  2454  2454 I AICCTModule: AICurveModel: cct invalid = 2270.6343
01-01 22:42:47.388  2454  2454 I AICCTModule: AICurveModel: cct invalid = 2270.6343
01-01 22:42:47.468  7584  8288 D CommonScenarios-100-10762: transportLayerQosChange TransportLayerData{link_index=21, uid=10762, uplink_srtt=0, uplink_packets=0, uplink_retrans_packets=0, uplink_retrans_rate=0, downlink_srtt=0, downlink_packets=0, downlink_retrans_packets=0, downlink_retrans_rate=0, downlink_rate=0, uplink_udp_packets=0, downlink_udp_packets=0, uplink_tcp_rate=0, uplink_udp_rate=0, downlink_tcp_rate=0, downlink_udp_rate=0}
01-01 22:42:47.468  7584  8288 D CommonScenarios-100-10762: ActiveState process message 2
01-01 22:42:47.468  7584  8288 D CommonScenarios-100-10762: ActiveState EVENT_NETWORK_KPI_CHANGE
01-01 22:42:47.468  7584  8288 D CommonScenarios-100-10762: transport layer data is invalid
01-01 22:42:47.468  7584  8288 D CommonScenarios-100-10762: ActiveState EVENT_NETWORK_KPI_CHANGE score is invalid
01-01 22:42:47.577 15595 30073 D IHansComunication: HANS sendMessageToKernel: threadId = 512721992880, netLinkSetup = 1, type = FROZEN_TRANS, targetUid = 10808, pkgCmd = PKG_CMD_MAX
01-01 22:42:47.581 15595 30073 D IHansComunication: HANS sendMessageToKernel: threadId = 512721992880, netLinkSetup = 1, type = FROZEN_TRANS, targetUid = 10288, pkgCmd = PKG_CMD_MAX
01-01 22:42:47.590  2454  2454 I AICCTModule: AICurveModel: cct invalid = 2212.406
01-01 22:42:47.790  2454  2454 I AICCTModule: AICurveModel: cct invalid = 2256.0012
01-01 22:42:47.990  2454  2454 I AICCTModule: AICurveModel: cct invalid = 2256.0012
01-01 22:42:48.188  1749 17275 I sensors-hal: handle_sns_std_sensor_event:177, rgb sample: cct_avg:2256, red_raw:9, green_raw:5, blue_raw:4, clear_raw:12, wide_raw:0
01-01 22:42:48.188  1749 17275 I sensors-hal: handle_sns_std_sensor_event:179, rgb sample: cur_cct:2782, calc_ir:0, lux:0, again:2204, atime:0, ts=1926604365734
01-01 22:42:48.189  2454  2454 I AICCTModule: AICurveModel: cct invalid = 2256.0012
01-01 22:42:48.191  2454  2454 I AICCTModule: SensorFilter: Enter low light due to lux low mean, ave = 0.82341003 luxQueue=[0.6535, 1.4377002, 0.2614, 1.8297999, 1.0456, 0.6535, 0.7842, 0.6535, 0.3921, 0.5228]
01-01 22:42:48.389  2454  2454 I AICCTModule: AICurveModel: cct invalid = 2256.0012
01-01 22:42:48.492  7584  8288 D CommonScenarios-100-10762: transportLayerQosChange TransportLayerData{link_index=21, uid=10762, uplink_srtt=0, uplink_packets=0, uplink_retrans_packets=0, uplink_retrans_rate=0, downlink_srtt=0, downlink_packets=0, downlink_retrans_packets=0, downlink_retrans_rate=0, downlink_rate=0, uplink_udp_packets=0, downlink_udp_packets=0, uplink_tcp_rate=0, uplink_udp_rate=0, downlink_tcp_rate=0, downlink_udp_rate=0}
01-01 22:42:48.493  7584  8288 D CommonScenarios-100-10762: ActiveState process message 2
01-01 22:42:48.493  7584  8288 D CommonScenarios-100-10762: ActiveState EVENT_NETWORK_KPI_CHANGE
01-01 22:42:48.493  7584  8288 D CommonScenarios-100-10762: transport layer data is invalid
01-01 22:42:48.493  7584  8288 D CommonScenarios-100-10762: ActiveState EVENT_NETWORK_KPI_CHANGE score is invalid
01-01 22:42:48.588  2454  2454 I AICCTModule: AICurveModel: cct invalid = 2248.6843
01-01 22:42:48.590  2454  2454 I AICCTModule: SensorFilter: findSecondNearestValue, cct = 3000.0
01-01 22:42:48.590  2454  2454 I AICCTModule: SensorFilter: findSecondNearestValue, nearestMaxLux:2500.0
01-01 22:42:48.590  2454  2454 I AICCTModule: SensorFilter: findSecondNearestValue, secondNearestLux:2500.0
01-01 22:42:48.591  2454  2454 I AICCTModule: SensorFilter: updateCCT fixed cct=3000.0 luxQueue=[1.6991] cctQueue=[2500.0, 2500.0, 2500.0, 2500.0, 2500.0, 2500.0, 2500.0, 2500.0, 2500.0, 2500.0]
01-01 22:42:48.591  2454  9054 D AICCTModule: AICurveModel: handleMessage MSG_SENSOR_CHANGED, mSensorValue:3000.0
01-01 22:42:48.591  2454  9054 I AICCTModule: AICurveModel: findPointByX x:10.877226, rightPoint:Point:(10.879999, 5329.0, 5329.0)
01-01 22:42:48.591  2454  9054 I AICCTModule: AICurveModel: StablePoints has no dragSplineLine
01-01 22:42:48.591  2454  9054 I AICCTModule: AICurveModel: StablePoints y1Left:5329.0, y2Left:0.0, leftY:5329.0
01-01 22:42:48.591  2454  9054 I AICCTModule: AICurveModel: getNextPoint isLargeChange, 3003.0386, 5329.0
01-01 22:42:48.592  2454  9054 I AICCTModule: AICurveModel: handleUpdateCCT cct change from:(3003.038574,5329.000000)->(3003.038574,5329.000000),curPoint(3003.038574,5329.000000),stablePoint=LeftLarge(2500.0,5329.0)-RightLarge(2500.0,5329.0),LeftSmall(2500.0,5329.0)-RightSmall(2500.0,5329.0),TLSmall(2500.0,5329.0)-TRSmall(2500.0,5329.0)
01-01 22:42:48.592  2454  9054 I AICCTModule: AICurveModel: onTargetCCTChange cct change to 5329.0
01-01 22:42:48.665  7539  7539 D OplusTelephonyController: onSignalStrengthChanged: SignalStrength=SignalStrength:{mCdma=CellSignalStrengthCdma: cdmaDbm=2147483647 cdmaEcio=2147483647 evdoDbm=2147483647 evdoEcio=2147483647 evdoSnr=2147483647 level=0,mGsm=CellSignalStrengthGsm: rssi=2147483647 ber=2147483647 mTa=2147483647 mLevel=0,mWcdma=CellSignalStrengthWcdma: ss=-83 ber=2147483647 rscp=-84 ecno=-13 level=3,mTdscdma=CellSignalStrengthTdscdma: rssi=2147483647 ber=2147483647 rscp=2147483647 level=0,mLte=CellSignalStrengthLte: rssi=2147483647 rsrp=2147483647 rsrq=2147483647 rssnr=2147483647 cqiTableIndex=2147483647 cqi=2147483647 ta=2147483647 level=0 parametersUseForLevel=0,mNr=CellSignalStrengthNr:{ csiRsrp = 2147483647 csiRsrq = 2147483647 csiCqiTableIndex = 2147483647 csiCqiReport = [] ssRsrp = 2147483647 ssRsrq = 2147483647 ssSinr = 2147483647 level = 0 parametersUseForLevel = 0 timingAdvance = 2147483647 },primary=CellSignalStrengthWcdma}
01-01 22:42:48.674  2454  7594 I OplusHansManager : unfreeze uid: 10808 com.instander.android pids: [18355] reason: AsyncBinder scene: LcdOn
01-01 22:42:48.674  2454  7592 I OplusHansManager : uid=10808, pkg=com.instander.android F exit(), F stay=2, reason=AsyncBinder
01-01 22:42:48.676  2454  7594 I OplusHansManager : unfreeze uid: 10288 com.staircase3.opensignal pids: [3992] reason: AsyncBinder scene: LcdOn
01-01 22:42:48.676  2454  7592 I OplusHansManager : uid=10288, pkg=com.staircase3.opensignal F exit(), F stay=2, reason=AsyncBinder
01-01 22:42:48.688  7539  8553 I LocationAccessPolicy: com.staircase3.opensignal is aware of fine but the app-ops permission is specifically denied.
01-01 22:42:48.690  7539  8553 W TelephonyPermissions: reportAccessDeniedToReadIdentifiers:com.staircase3.opensignal:getAllSubInfoList:1
01-01 22:42:48.789  2454  2454 I AICCTModule: AICurveModel: cct invalid = 2281.6091
01-01 22:42:48.969  2454  4290 D OplusSplitScreenManagerService: com.psyhackers.ashera supportsSplitScreen by forceResizable activity return:true
01-01 22:42:48.974  2454  4290 D OplusSplitScreenManagerService: com.psyhackers.ashera supportsSplitScreen by forceResizable activity return:true
01-01 22:42:48.988  2454  2454 I AICCTModule: AICurveModel: cct invalid = 2281.6091
01-01 22:42:49.189  2454  2454 I AICCTModule: AICurveModel: cct invalid = 2271.244
01-01 22:42:49.388  2454  2454 I AICCTModule: AICurveModel: cct invalid = 2271.244
01-01 22:42:49.388  2454  3717 I OplusSmartBrightnessController: deltaLux = 0.72264993, scale = 1.2664694
01-01 22:42:49.388  2454  3719 D OplusSmartBrightnessController: handleMessage MSG_LUX_CHANGED, mLux:0.429398 luxQueue=[0.0, 0.0, 0.0, 0.0, 0.0, 0.0, 1.0, 0.0, 0.0, 0.0, 0.0, 0.0, 0.0]
01-01 22:42:49.389  2454  3719 D OplusSmartBrightnessController: in darkest, historyStandardDiviation = 0.25382692, list = [0.92855984,1.0,0.429398,], set interim lux from 0.429398->1.0
01-01 22:42:49.516  7584  8288 D CommonScenarios-100-10762: transportLayerQosChange TransportLayerData{link_index=21, uid=10762, uplink_srtt=0, uplink_packets=0, uplink_retrans_packets=0, uplink_retrans_rate=0, downlink_srtt=0, downlink_packets=0, downlink_retrans_packets=0, downlink_retrans_rate=0, downlink_rate=0, uplink_udp_packets=0, downlink_udp_packets=0, uplink_tcp_rate=0, uplink_udp_rate=0, downlink_tcp_rate=0, downlink_udp_rate=0}
01-01 22:42:49.516  7584  8288 D CommonScenarios-100-10762: ActiveState process message 2
01-01 22:42:49.516  7584  8288 D CommonScenarios-100-10762: ActiveState EVENT_NETWORK_KPI_CHANGE
01-01 22:42:49.516  7584  8288 D CommonScenarios-100-10762: transport layer data is invalid
01-01 22:42:49.516  7584  8288 D CommonScenarios-100-10762: ActiveState EVENT_NETWORK_KPI_CHANGE score is invalid
01-01 22:42:49.523  2454  8086 D OplusSplitScreenManagerService: com.psyhackers.ashera supportsSplitScreen by forceResizable activity return:true
01-01 22:42:49.589  2454  2454 I AICCTModule: AICurveModel: cct invalid = 2271.244
01-01 22:42:49.790  2454  2454 I AICCTModule: AICurveModel: cct invalid = 2304.169
01-01 22:42:49.989  2454  2454 I AICCTModule: AICurveModel: cct invalid = 2289.5356
01-01 22:42:50.077  6671  6671 I SystemUi--Keyguard: KeyguardUtils-->density is 0 sInitialDisplayDensity:480
01-01 22:42:50.181  2454  7592 I OplusHansManager : uid=10808, pkg=com.instander.android can not transition from M to F. reason: AsyncBinder
01-01 22:42:50.185  2454  7592 I OplusHansManager : uid=10288, pkg=com.staircase3.opensignal can not transition from M to F. reason: AsyncBinder
01-01 22:42:50.188  1749 17275 I sensors-hal: handle_sns_std_sensor_event:177, rgb sample: cct_avg:2315, red_raw:7, green_raw:2, blue_raw:2, clear_raw:10, wide_raw:0
01-01 22:42:50.189  1749 17275 I sensors-hal: handle_sns_std_sensor_event:179, rgb sample: cur_cct:2503, calc_ir:0, lux:0, again:2204, atime:0, ts=1928604365370
01-01 22:42:50.190  2454  2454 I AICCTModule: AICurveModel: cct invalid = 2315.449
01-01 22:42:50.192  2454  2454 I AICCTModule: SensorFilter: Enter low light due to lux low mean, ave = 0.82341003 luxQueue=[1.6991, 0.6535, 0.6535, 0.6535, 0.6535, 0.5228, 1.1762999, 0.91489995, 0.6535, 0.6535]
01-01 22:42:50.388  2454  2454 I AICCTModule: AICurveModel: cct invalid = 2373.6772
01-01 22:42:50.540  7584  8288 D CommonScenarios-100-10762: transportLayerQosChange TransportLayerData{link_index=21, uid=10762, uplink_srtt=0, uplink_packets=0, uplink_retrans_packets=0, uplink_retrans_rate=0, downlink_srtt=0, downlink_packets=0, downlink_retrans_packets=0, downlink_retrans_rate=0, downlink_rate=0, uplink_udp_packets=0, downlink_udp_packets=0, uplink_tcp_rate=0, uplink_udp_rate=0, downlink_tcp_rate=0, downlink_udp_rate=0}
01-01 22:42:50.540  7584  8288 D CommonScenarios-100-10762: ActiveState process message 2
01-01 22:42:50.540  7584  8288 D CommonScenarios-100-10762: ActiveState EVENT_NETWORK_KPI_CHANGE
01-01 22:42:50.540  7584  8288 D CommonScenarios-100-10762: transport layer data is invalid
01-01 22:42:50.540  7584  8288 D CommonScenarios-100-10762: ActiveState EVENT_NETWORK_KPI_CHANGE score is invalid
01-01 22:42:50.588  2454  2454 I AICCTModule: AICurveModel: cct invalid = 2417.2725
01-01 22:42:50.590  2454  2454 I AICCTModule: SensorFilter: findSecondNearestValue, cct = 3000.0
01-01 22:42:50.590  2454  2454 I AICCTModule: SensorFilter: findSecondNearestValue, nearestMaxLux:2500.0
01-01 22:42:50.590  2454  2454 I AICCTModule: SensorFilter: findSecondNearestValue, secondNearestLux:2500.0
01-01 22:42:50.590  2454  2454 I AICCTModule: SensorFilter: updateCCT fixed cct=3000.0 luxQueue=[0.5228] cctQueue=[2500.0, 2500.0, 2500.0, 2500.0, 2500.0, 2500.0, 2500.0, 2500.0, 2500.0, 2500.0]
01-01 22:42:50.590  2454  9054 D AICCTModule: AICurveModel: handleMessage MSG_SENSOR_CHANGED, mSensorValue:3000.0
01-01 22:42:50.590  2454  9054 I AICCTModule: AICurveModel: findPointByX x:10.877226, rightPoint:Point:(10.879999, 5329.0, 5329.0)
01-01 22:42:50.590  2454  9054 I AICCTModule: AICurveModel: StablePoints has no dragSplineLine
01-01 22:42:50.590  2454  9054 I AICCTModule: AICurveModel: StablePoints y1Left:5329.0, y2Left:0.0, leftY:5329.0
01-01 22:42:50.591  2454  9054 I AICCTModule: AICurveModel: getNextPoint isLargeChange, 3003.0386, 5329.0
01-01 22:42:50.591  2454  9054 I AICCTModule: AICurveModel: handleUpdateCCT cct change from:(3003.038574,5329.000000)->(3003.038574,5329.000000),curPoint(3003.038574,5329.000000),stablePoint=LeftLarge(2500.0,5329.0)-RightLarge(2500.0,5329.0),LeftSmall(2500.0,5329.0)-RightSmall(2500.0,5329.0),TLSmall(2500.0,5329.0)-TRSmall(2500.0,5329.0)
01-01 22:42:50.591  2454  9054 I AICCTModule: AICurveModel: onTargetCCTChange cct change to 5329.0
01-01 22:42:50.788  2454  2454 I AICCTModule: AICurveModel: cct invalid = 2373.6772
01-01 22:42:50.989  2454  2454 I AICCTModule: AICurveModel: cct invalid = 2373.6772
01-01 22:42:51.189  2454  2454 I AICCTModule: AICurveModel: cct invalid = 2373.6772
01-01 22:42:51.394  2454  2454 I AICCTModule: AICurveModel: cct invalid = 2417.2725
01-01 22:42:51.564  7584  8288 D CommonScenarios-100-10762: transportLayerQosChange TransportLayerData{link_index=21, uid=10762, uplink_srtt=0, uplink_packets=0, uplink_retrans_packets=0, uplink_retrans_rate=0, downlink_srtt=0, downlink_packets=0, downlink_retrans_packets=0, downlink_retrans_rate=0, downlink_rate=0, uplink_udp_packets=0, downlink_udp_packets=0, uplink_tcp_rate=0, uplink_udp_rate=0, downlink_tcp_rate=0, downlink_udp_rate=0}
01-01 22:42:51.564  7584  8288 D CommonScenarios-100-10762: ActiveState process message 2
01-01 22:42:51.564  7584  8288 D CommonScenarios-100-10762: ActiveState EVENT_NETWORK_KPI_CHANGE
01-01 22:42:51.564  7584  8288 D CommonScenarios-100-10762: transport layer data is invalid
01-01 22:42:51.564  7584  8288 D CommonScenarios-100-10762: ActiveState EVENT_NETWORK_KPI_CHANGE score is invalid
01-01 22:42:51.588  2454  2454 I AICCTModule: AICurveModel: cct invalid = 2391.664
01-01 22:42:51.698  2454  7592 I OplusHansManager : uid=10808, pkg=com.instander.android F enter(), M stay=3
01-01 22:42:51.705  2454  7592 I OplusHansManager : freeze uid: 10808 com.instander.android pids: [18355] scene: LcdOn
01-01 22:42:51.708 15595 30073 D IHansComunication: HANS sendMessageToKernel: threadId = 512721992880, netLinkSetup = 1, type = PKG, targetUid = 10808, pkgCmd = ADD_ONE_UID
01-01 22:42:51.712  2454  7592 I OplusHansManager : uid=10288, pkg=com.staircase3.opensignal F enter(), M stay=3
01-01 22:42:51.714  2454  7592 I OplusHansManager : freeze uid: 10288 com.staircase3.opensignal pids: [3992] scene: LcdOn
01-01 22:42:51.715 15595 30073 D IHansComunication: HANS sendMessageToKernel: threadId = 512721992880, netLinkSetup = 1, type = PKG, targetUid = 10288, pkgCmd = ADD_ONE_UID
01-01 22:42:51.720 21905 14069 D ShellSubscriberWorkerThread: the first 8 bytes empty, and RestData length > 8 
01-01 22:42:51.788  2454  2454 I AICCTModule: AICurveModel: cct invalid = 2355.3855
01-01 22:42:51.993  2454  2454 I AICCTModule: AICurveModel: cct invalid = 2355.3855
01-01 22:42:51.995  2454  4290 D OplusSplitScreenManagerService: com.psyhackers.ashera supportsSplitScreen by forceResizable activity return:true
01-01 22:42:52.003  2454  4290 D OplusSplitScreenManagerService: com.psyhackers.ashera supportsSplitScreen by forceResizable activity return:true
01-01 22:42:52.189  1749 17275 I sensors-hal: handle_sns_std_sensor_event:177, rgb sample: cct_avg:2406, red_raw:8, green_raw:4, blue_raw:4, clear_raw:12, wide_raw:0
01-01 22:42:52.189  1749 17275 I sensors-hal: handle_sns_std_sensor_event:179, rgb sample: cur_cct:2650, calc_ir:0, lux:1, again:2204, atime:0, ts=1930604365162
01-01 22:42:52.190  2454  2454 I AICCTModule: AICurveModel: cct invalid = 2406.2974
01-01 22:42:52.194  2454  2454 I AICCTModule: SensorFilter: Enter low light due to lux low mean, ave = 0.88876 luxQueue=[0.5228, 0.91489995, 1.5684, 0.5228, 0.5228, 0.6535, 1.0456, 0.5228, 1.307, 1.307]
01-01 22:42:52.390  2454  2454 I AICCTModule: AICurveModel: cct invalid = 2406.2974
01-01 22:42:52.589  2454  2454 I AICCTModule: AICurveModel: cct invalid = 2444.7917
01-01 22:42:52.590  7584  8288 D CommonScenarios-100-10762: transportLayerQosChange TransportLayerData{link_index=21, uid=10762, uplink_srtt=0, uplink_packets=0, uplink_retrans_packets=0, uplink_retrans_rate=0, downlink_srtt=0, downlink_packets=0, downlink_retrans_packets=0, downlink_retrans_rate=0, downlink_rate=0, uplink_udp_packets=0, downlink_udp_packets=0, uplink_tcp_rate=0, uplink_udp_rate=0, downlink_tcp_rate=0, downlink_udp_rate=0}
01-01 22:42:52.590  7584  8288 D CommonScenarios-100-10762: ActiveState process message 2
01-01 22:42:52.590  7584  8288 D CommonScenarios-100-10762: ActiveState EVENT_NETWORK_KPI_CHANGE
01-01 22:42:52.590  7584  8288 D CommonScenarios-100-10762: transport layer data is invalid
01-01 22:42:52.590  7584  8288 D CommonScenarios-100-10762: ActiveState EVENT_NETWORK_KPI_CHANGE score is invalid
01-01 22:42:52.592  2454  2454 I AICCTModule: SensorFilter: findSecondNearestValue, cct = 3000.0
01-01 22:42:52.592  2454  2454 I AICCTModule: SensorFilter: findSecondNearestValue, nearestMaxLux:2500.0
01-01 22:42:52.592  2454  2454 I AICCTModule: SensorFilter: findSecondNearestValue, secondNearestLux:2500.0
01-01 22:42:52.593  2454  2454 I AICCTModule: SensorFilter: updateCCT fixed cct=3000.0 luxQueue=[1.1762999] cctQueue=[2500.0, 2500.0, 2500.0, 2500.0, 2500.0, 2500.0, 2500.0, 2500.0, 2500.0, 2500.0]
01-01 22:42:52.593  2454  9054 D AICCTModule: AICurveModel: handleMessage MSG_SENSOR_CHANGED, mSensorValue:3000.0
01-01 22:42:52.593  2454  9054 I AICCTModule: AICurveModel: findPointByX x:10.877226, rightPoint:Point:(10.879999, 5329.0, 5329.0)
01-01 22:42:52.593  2454  9054 I AICCTModule: AICurveModel: StablePoints has no dragSplineLine
01-01 22:42:52.593  2454  9054 I AICCTModule: AICurveModel: StablePoints y1Left:5329.0, y2Left:0.0, leftY:5329.0
01-01 22:42:52.594  2454  9054 I AICCTModule: AICurveModel: getNextPoint isLargeChange, 3003.0386, 5329.0
01-01 22:42:52.594  2454  9054 I AICCTModule: AICurveModel: handleUpdateCCT cct change from:(3003.038574,5329.000000)->(3003.038574,5329.000000),curPoint(3003.038574,5329.000000),stablePoint=LeftLarge(2500.0,5329.0)-RightLarge(2500.0,5329.0),LeftSmall(2500.0,5329.0)-RightSmall(2500.0,5329.0),TLSmall(2500.0,5329.0)-TRSmall(2500.0,5329.0)
01-01 22:42:52.594  2454  9054 I AICCTModule: AICurveModel: onTargetCCTChange cct change to 5329.0
01-01 22:42:52.709 15595 30073 D IHansComunication: HANS sendMessageToKernel: threadId = 512721992880, netLinkSetup = 1, type = FROZEN_TRANS, targetUid = 10808, pkgCmd = PKG_CMD_MAX
01-01 22:42:52.714 15595 30073 D IHansComunication: HANS sendMessageToKernel: threadId = 512721992880, netLinkSetup = 1, type = FROZEN_TRANS, targetUid = 10288, pkgCmd = PKG_CMD_MAX
01-01 22:42:52.790  2454  2454 I AICCTModule: AICurveModel: cct invalid = 2444.7917
01-01 22:42:52.990  2454  2454 I AICCTModule: AICurveModel: cct invalid = 2418.8787
01-01 22:42:53.189  2454  2454 I AICCTModule: AICurveModel: cct invalid = 2418.8787
01-01 22:42:53.389  2454  2454 I AICCTModule: AICurveModel: cct invalid = 2418.8787
01-01 22:42:53.589  2454  2454 I AICCTModule: AICurveModel: cct invalid = 2418.8787
01-01 22:42:53.612  7584  8288 D CommonScenarios-100-10762: transportLayerQosChange TransportLayerData{link_index=21, uid=10762, uplink_srtt=0, uplink_packets=0, uplink_retrans_packets=0, uplink_retrans_rate=0, downlink_srtt=0, downlink_packets=0, downlink_retrans_packets=0, downlink_retrans_rate=0, downlink_rate=0, uplink_udp_packets=0, downlink_udp_packets=0, uplink_tcp_rate=0, uplink_udp_rate=0, downlink_tcp_rate=0, downlink_udp_rate=0}
01-01 22:42:53.612  7584  8288 D CommonScenarios-100-10762: ActiveState process message 2
01-01 22:42:53.612  7584  8288 D CommonScenarios-100-10762: ActiveState EVENT_NETWORK_KPI_CHANGE
01-01 22:42:53.612  7584  8288 D CommonScenarios-100-10762: transport layer data is invalid
01-01 22:42:53.612  7584  8288 D CommonScenarios-100-10762: ActiveState EVENT_NETWORK_KPI_CHANGE score is invalid
01-01 22:42:53.789  2454  2454 I AICCTModule: AICurveModel: cct invalid = 2418.8787
01-01 22:42:53.990  2454  2454 I AICCTModule: AICurveModel: cct invalid = 2418.8787
01-01 22:42:54.090  6671  6671 I SystemUi--Keyguard: KeyguardUtils-->density is 0 sInitialDisplayDensity:480
01-01 22:42:54.189  1749 17275 I sensors-hal: handle_sns_std_sensor_event:177, rgb sample: cct_avg:2418, red_raw:8, green_raw:3, blue_raw:2, clear_raw:9, wide_raw:0
01-01 22:42:54.189  1749 17275 I sensors-hal: handle_sns_std_sensor_event:179, rgb sample: cur_cct:1635, calc_ir:0, lux:0, again:2204, atime:0, ts=1932604364797
01-01 22:42:54.190  2454  2454 I AICCTModule: AICurveModel: cct invalid = 2418.8787
01-01 22:42:54.194  2454  2454 I AICCTModule: SensorFilter: Enter low light due to lux low mean, ave = 0.7842001 luxQueue=[1.1762999, 0.2614, 0.3921, 1.4377002, 1.6991, 0.3921, 1.6991, 0.2614, 0.2614, 0.2614]
01-01 22:42:54.390  2454  2454 I AICCTModule: AICurveModel: cct invalid = 2453.9375
01-01 22:42:54.524  2454  7667 D OplusSplitScreenManagerService: com.psyhackers.ashera supportsSplitScreen by forceResizable activity return:true
01-01 22:42:54.589  2454  2454 I AICCTModule: AICurveModel: cct invalid = 2439.3042
01-01 22:42:54.593  2454  2454 I AICCTModule: SensorFilter: findSecondNearestValue, cct = 3000.0
01-01 22:42:54.593  2454  2454 I AICCTModule: SensorFilter: findSecondNearestValue, nearestMaxLux:2500.0
01-01 22:42:54.593  2454  2454 I AICCTModule: SensorFilter: findSecondNearestValue, secondNearestLux:2500.0
01-01 22:42:54.593  2454  2454 I AICCTModule: SensorFilter: updateCCT fixed cct=3000.0 luxQueue=[0.5228] cctQueue=[2500.0, 2500.0, 2500.0, 2500.0, 2500.0, 2500.0, 2500.0, 2500.0, 2500.0, 2500.0]
01-01 22:42:54.593  2454  9054 D AICCTModule: AICurveModel: handleMessage MSG_SENSOR_CHANGED, mSensorValue:3000.0
01-01 22:42:54.594  2454  9054 I AICCTModule: AICurveModel: findPointByX x:10.877226, rightPoint:Point:(10.879999, 5329.0, 5329.0)
01-01 22:42:54.594  2454  9054 I AICCTModule: AICurveModel: StablePoints has no dragSplineLine
01-01 22:42:54.594  2454  9054 I AICCTModule: AICurveModel: StablePoints y1Left:5329.0, y2Left:0.0, leftY:5329.0
01-01 22:42:54.594  2454  9054 I AICCTModule: AICurveModel: getNextPoint isLargeChange, 3003.0386, 5329.0
01-01 22:42:54.595  2454  9054 I AICCTModule: AICurveModel: handleUpdateCCT cct change from:(3003.038574,5329.000000)->(3003.038574,5329.000000),curPoint(3003.038574,5329.000000),stablePoint=LeftLarge(2500.0,5329.0)-RightLarge(2500.0,5329.0),LeftSmall(2500.0,5329.0)-RightSmall(2500.0,5329.0),TLSmall(2500.0,5329.0)-TRSmall(2500.0,5329.0)
01-01 22:42:54.595  2454  9054 I AICCTModule: AICurveModel: onTargetCCTChange cct change to 5329.0
01-01 22:42:54.636  7584  8288 D CommonScenarios-100-10762: transportLayerQosChange TransportLayerData{link_index=21, uid=10762, uplink_srtt=0, uplink_packets=0, uplink_retrans_packets=0, uplink_retrans_rate=0, downlink_srtt=0, downlink_packets=0, downlink_retrans_packets=0, downlink_retrans_rate=0, downlink_rate=0, uplink_udp_packets=0, downlink_udp_packets=0, uplink_tcp_rate=0, uplink_udp_rate=0, downlink_tcp_rate=0, downlink_udp_rate=0}
01-01 22:42:54.637  7584  8288 D CommonScenarios-100-10762: ActiveState process message 2
01-01 22:42:54.637  7584  8288 D CommonScenarios-100-10762: ActiveState EVENT_NETWORK_KPI_CHANGE
01-01 22:42:54.637  7584  8288 D CommonScenarios-100-10762: transport layer data is invalid
01-01 22:42:54.637  7584  8288 D CommonScenarios-100-10762: ActiveState EVENT_NETWORK_KPI_CHANGE score is invalid
01-01 22:42:54.790  2454  2454 I AICCTModule: AICurveModel: cct invalid = 2395.7092
01-01 22:42:54.990  2454  2454 I AICCTModule: AICurveModel: cct invalid = 2453.9377
01-01 22:42:55.017  2454  4290 D OplusSplitScreenManagerService: com.psyhackers.ashera supportsSplitScreen by forceResizable activity return:true
01-01 22:42:55.022  2454  4290 D OplusSplitScreenManagerService: com.psyhackers.ashera supportsSplitScreen by forceResizable activity return:true
01-01 22:42:55.189  2454  2454 I AICCTModule: AICurveModel: cct invalid = 2468.5708
01-01 22:42:55.660  7584  8288 D CommonScenarios-100-10762: transportLayerQosChange TransportLayerData{link_index=21, uid=10762, uplink_srtt=0, uplink_packets=0, uplink_retrans_packets=0, uplink_retrans_rate=0, downlink_srtt=0, downlink_packets=0, downlink_retrans_packets=0, downlink_retrans_rate=0, downlink_rate=0, uplink_udp_packets=0, downlink_udp_packets=0, uplink_tcp_rate=0, uplink_udp_rate=0, downlink_tcp_rate=0, downlink_udp_rate=0}
01-01 22:42:55.660  7584  8288 D CommonScenarios-100-10762: ActiveState process message 2
01-01 22:42:55.660  7584  8288 D CommonScenarios-100-10762: ActiveState EVENT_NETWORK_KPI_CHANGE
01-01 22:42:55.660  7584  8288 D CommonScenarios-100-10762: transport layer data is invalid
01-01 22:42:55.660  7584  8288 D CommonScenarios-100-10762: ActiveState EVENT_NETWORK_KPI_CHANGE score is invalid
01-01 22:42:56.188  1749 17275 I sensors-hal: handle_sns_std_sensor_event:177, rgb sample: cct_avg:2502, red_raw:6, green_raw:2, blue_raw:2, clear_raw:8, wide_raw:0
01-01 22:42:56.188  1749 17275 I sensors-hal: handle_sns_std_sensor_event:179, rgb sample: cur_cct:2244, calc_ir:0, lux:0, again:2204, atime:0, ts=1934604242557
01-01 22:42:56.192  2454  2454 I AICCTModule: SensorFilter: Enter low light due to lux low mean, ave = 0.90183 luxQueue=[0.5228, 0.6535, 0.6535, 1.4377002, 1.4377002, 1.8297999, 0.6535, 0.5228, 0.6535, 0.6535]
01-01 22:42:56.391  2454  2454 I AICCTModule: AICurveModel: cct invalid = 2430.6863
01-01 22:42:56.589  2454  2454 I AICCTModule: AICurveModel: cct invalid = 2465.7454
01-01 22:42:56.593  2454  2454 I AICCTModule: SensorFilter: findSecondNearestValue, cct = 3000.0
01-01 22:42:56.593  2454  2454 I AICCTModule: SensorFilter: findSecondNearestValue, nearestMaxLux:2555.7612
01-01 22:42:56.593  2454  2454 I AICCTModule: SensorFilter: findSecondNearestValue, secondNearestLux:2555.7612
01-01 22:42:56.593  2454  2454 I AICCTModule: SensorFilter: updateCCT fixed cct=3000.0 luxQueue=[1.5684] cctQueue=[2500.0, 2500.0, 2500.0, 2519.4827, 2555.7612, 2555.7612, 2502.0237, 2502.0237, 2500.0, 2500.0]
01-01 22:42:56.593  2454  9054 D AICCTModule: AICurveModel: handleMessage MSG_SENSOR_CHANGED, mSensorValue:3000.0
01-01 22:42:56.594  2454  9054 I AICCTModule: AICurveModel: findPointByX x:10.877226, rightPoint:Point:(10.879999, 5329.0, 5329.0)
01-01 22:42:56.594  2454  9054 I AICCTModule: AICurveModel: StablePoints has no dragSplineLine
01-01 22:42:56.594  2454  9054 I AICCTModule: AICurveModel: StablePoints y1Left:5329.0, y2Left:0.0, leftY:5329.0
01-01 22:42:56.594  2454  9054 I AICCTModule: AICurveModel: getNextPoint isLargeChange, 3003.0386, 5329.0
01-01 22:42:56.594  2454  9054 I AICCTModule: AICurveModel: handleUpdateCCT cct change from:(3003.038574,5329.000000)->(3003.038574,5329.000000),curPoint(3003.038574,5329.000000),stablePoint=LeftLarge(2500.0,5329.0)-RightLarge(2500.0,5329.0),LeftSmall(2500.0,5329.0)-RightSmall(2500.0,5329.0),TLSmall(2500.0,5329.0)-TRSmall(2500.0,5329.0)
01-01 22:42:56.594  2454  9054 I AICCTModule: AICurveModel: onTargetCCTChange cct change to 5329.0
01-01 22:42:56.684  7584  8288 D CommonScenarios-100-10762: transportLayerQosChange TransportLayerData{link_index=21, uid=10762, uplink_srtt=0, uplink_packets=0, uplink_retrans_packets=0, uplink_retrans_rate=0, downlink_srtt=0, downlink_packets=0, downlink_retrans_packets=0, downlink_retrans_rate=0, downlink_rate=0, uplink_udp_packets=0, downlink_udp_packets=0, uplink_tcp_rate=0, uplink_udp_rate=0, downlink_tcp_rate=0, downlink_udp_rate=0}
01-01 22:42:56.685  7584  8288 D CommonScenarios-100-10762: ActiveState process message 2
01-01 22:42:56.685  7584  8288 D CommonScenarios-100-10762: ActiveState EVENT_NETWORK_KPI_CHANGE
01-01 22:42:56.685  7584  8288 D CommonScenarios-100-10762: transport layer data is invalid
01-01 22:42:56.685  7584  8288 D CommonScenarios-100-10762: ActiveState EVENT_NETWORK_KPI_CHANGE score is invalid
01-01 22:42:57.159 21905 22573 D ScreenStatusProducer: Current queue status: isIdle = true, isPolling = true
01-01 22:42:57.191  2454  2454 I AICCTModule: AICurveModel: cct invalid = 2461.855
01-01 22:42:57.391  2454  2454 I AICCTModule: AICurveModel: cct invalid = 2421.3086
01-01 22:42:57.589  2454  2454 I AICCTModule: AICurveModel: cct invalid = 2456.3677
01-01 22:42:57.708  7584  8288 D CommonScenarios-100-10762: transportLayerQosChange TransportLayerData{link_index=21, uid=10762, uplink_srtt=0, uplink_packets=0, uplink_retrans_packets=0, uplink_retrans_rate=0, downlink_srtt=0, downlink_packets=0, downlink_retrans_packets=0, downlink_retrans_rate=0, downlink_rate=0, uplink_udp_packets=0, downlink_udp_packets=0, uplink_tcp_rate=0, uplink_udp_rate=0, downlink_tcp_rate=0, downlink_udp_rate=0}
01-01 22:42:57.708  7584  8288 D CommonScenarios-100-10762: ActiveState process message 2
01-01 22:42:57.708  7584  8288 D CommonScenarios-100-10762: ActiveState EVENT_NETWORK_KPI_CHANGE
01-01 22:42:57.708  7584  8288 D CommonScenarios-100-10762: transport layer data is invalid
01-01 22:42:57.708  7584  8288 D CommonScenarios-100-10762: ActiveState EVENT_NETWORK_KPI_CHANGE score is invalid
01-01 22:42:57.790  2454  2454 I AICCTModule: AICurveModel: cct invalid = 2394.2488
01-01 22:42:57.989  2454  2454 I AICCTModule: AICurveModel: cct invalid = 2383.8835
01-01 22:42:58.097  2454  4290 D OplusSplitScreenManagerService: com.psyhackers.ashera supportsSplitScreen by forceResizable activity return:true
01-01 22:42:58.102  2454  4290 D OplusSplitScreenManagerService: com.psyhackers.ashera supportsSplitScreen by forceResizable activity return:true
01-01 22:42:58.104  6671  6671 I SystemUi--Keyguard: KeyguardUtils-->density is 0 sInitialDisplayDensity:480
01-01 22:42:58.187  1749 17275 I sensors-hal: handle_sns_std_sensor_event:177, rgb sample: cct_avg:2383, red_raw:8, green_raw:4, blue_raw:2, clear_raw:10, wide_raw:0
01-01 22:42:58.187  1749 17275 I sensors-hal: handle_sns_std_sensor_event:179, rgb sample: cur_cct:1635, calc_ir:0, lux:1, again:2204, atime:0, ts=1936604364224
01-01 22:42:58.188  2454  2454 I AICCTModule: AICurveModel: cct invalid = 2383.8835
01-01 22:42:58.190  2454  2454 I AICCTModule: SensorFilter: Enter low light due to lux low mean, ave = 0.9671801 luxQueue=[1.5684, 1.0456, 1.0456, 0.5228, 1.307, 0.6535, 0.3921, 0.2614, 1.1762999, 1.6991]
01-01 22:42:58.391  2454  2454 I AICCTModule: AICurveModel: cct invalid = 2383.8835
01-01 22:42:58.459  8562 14902 I AlarmManager: setExactAndAllowWhileIdle [name: GCM_HB_ALARM type: 2 triggerAtMillis: 3376879]
01-01 22:42:58.468  8562 15123 I AlarmManager: setExactAndAllowWhileIdle [name: FcmRetry type: 2 triggerAtMillis: 2056887]
01-01 22:42:58.485 26677 13655 I FirebaseMessaging: FirebaseApp has not being initialized. Device might be in direct boot mode. Skip exporting delivery metrics to Big Query
01-01 22:42:58.490  8562 28950 W OplusExSystemServiceHelper: checkOplusExSystemService intent getComponent is null
01-01 22:42:58.497  2454  7594 I OplusHansManager : unfreeze uid: 10294 com.rs.explorer.filemanager pids: [25632, 26891] reason: AsyncBinder scene: LcdOn
01-01 22:42:58.497  2454  7592 I OplusHansManager : uid=10294, pkg=com.rs.explorer.filemanager F exit(), F stay=19, reason=AsyncBinder
01-01 22:42:58.502  2454  7594 I OplusHansManager : unfreeze uid: 10808 com.instander.android pids: [18355] reason: AsyncBinder scene: LcdOn
01-01 22:42:58.502  2454  7592 I OplusHansManager : uid=10808, pkg=com.instander.android F exit(), F stay=6, reason=AsyncBinder
01-01 22:42:58.503 25632 25838 W rer.filemanager: Suspending all threads took: 7.546ms
01-01 22:42:58.588  2454  2454 I AICCTModule: AICurveModel: cct invalid = 2383.8835
01-01 22:42:58.589  2454  2454 I AICCTModule: SensorFilter: findSecondNearestValue, cct = 3000.0
01-01 22:42:58.590  2454  2454 I AICCTModule: SensorFilter: findSecondNearestValue, nearestMaxLux:2523.9736
01-01 22:42:58.590  2454  2454 I AICCTModule: SensorFilter: findSecondNearestValue, secondNearestLux:2523.9736
01-01 22:42:58.591  2454  2454 I AICCTModule: SensorFilter: updateCCT fixed cct=3000.0 luxQueue=[1.1762999] cctQueue=[2523.9736, 2523.9736, 2500.0, 2500.0, 2500.0, 2500.0, 2500.0, 2500.0, 2500.0, 2500.0]
01-01 22:42:58.592  2454  9054 D AICCTModule: AICurveModel: handleMessage MSG_SENSOR_CHANGED, mSensorValue:3000.0
01-01 22:42:58.592  2454  9054 I AICCTModule: AICurveModel: findPointByX x:10.877226, rightPoint:Point:(10.879999, 5329.0, 5329.0)
01-01 22:42:58.592  2454  9054 I AICCTModule: AICurveModel: StablePoints has no dragSplineLine
01-01 22:42:58.592  2454  9054 I AICCTModule: AICurveModel: StablePoints y1Left:5329.0, y2Left:0.0, leftY:5329.0
01-01 22:42:58.592  2454  9054 I AICCTModule: AICurveModel: getNextPoint isLargeChange, 3003.0386, 5329.0
01-01 22:42:58.593  2454  9054 I AICCTModule: AICurveModel: handleUpdateCCT cct change from:(3003.038574,5329.000000)->(3003.038574,5329.000000),curPoint(3003.038574,5329.000000),stablePoint=LeftLarge(2500.0,5329.0)-RightLarge(2500.0,5329.0),LeftSmall(2500.0,5329.0)-RightSmall(2500.0,5329.0),TLSmall(2500.0,5329.0)-TRSmall(2500.0,5329.0)
01-01 22:42:58.593  2454  9054 I AICCTModule: AICurveModel: onTargetCCTChange cct change to 5329.0
01-01 22:42:58.645 25632  5267 W System.err: java.lang.InterruptedException
01-01 22:42:58.645 25632  5267 W System.err: 	at java.util.concurrent.locks.AbstractQueuedSynchronizer$ConditionObject.await(AbstractQueuedSynchronizer.java:1638)
01-01 22:42:58.645 25632  5267 W System.err: 	at java.util.concurrent.LinkedBlockingQueue.take(LinkedBlockingQueue.java:435)
01-01 22:42:58.645 25632  5267 W System.err: 	at edili.or5$a.run(Scanner.java:54)
01-01 22:42:58.645 25632  5267 W System.err: 	at java.util.concurrent.ThreadPoolExecutor.runWorker(ThreadPoolExecutor.java:1145)
01-01 22:42:58.645 25632  5267 W System.err: 	at java.util.concurrent.ThreadPoolExecutor$Worker.run(ThreadPoolExecutor.java:644)
01-01 22:42:58.645 25632  5267 W System.err: 	at java.lang.Thread.run(Thread.java:1012)
01-01 22:42:58.645 25632  5261 W System.err: java.lang.InterruptedException
01-01 22:42:58.645 25632  5261 W System.err: 	at java.util.concurrent.locks.AbstractQueuedSynchronizer$ConditionObject.await(AbstractQueuedSynchronizer.java:1638)
01-01 22:42:58.645 25632  5261 W System.err: 	at java.util.concurrent.LinkedBlockingQueue.take(LinkedBlockingQueue.java:435)
01-01 22:42:58.645 25632  5261 W System.err: 	at edili.or5$a.run(Scanner.java:54)
01-01 22:42:58.645 25632  5261 W System.err: 	at java.util.concurrent.ThreadPoolExecutor.runWorker(ThreadPoolExecutor.java:1145)
01-01 22:42:58.646 25632  5261 W System.err: 	at java.util.concurrent.ThreadPoolExecutor$Worker.run(ThreadPoolExecutor.java:644)
01-01 22:42:58.646 25632  5261 W System.err: 	at java.lang.Thread.run(Thread.java:1012)
01-01 22:42:58.646 25632  5268 W System.err: java.lang.InterruptedException
01-01 22:42:58.646 25632  5268 W System.err: 	at java.util.concurrent.locks.AbstractQueuedSynchronizer$ConditionObject.await(AbstractQueuedSynchronizer.java:1638)
01-01 22:42:58.646 25632  5268 W System.err: 	at java.util.concurrent.LinkedBlockingQueue.take(LinkedBlockingQueue.java:435)
01-01 22:42:58.646 25632  5268 W System.err: 	at edili.or5$a.run(Scanner.java:54)
01-01 22:42:58.646 25632  5268 W System.err: 	at java.util.concurrent.ThreadPoolExecutor.runWorker(ThreadPoolExecutor.java:1145)
01-01 22:42:58.646 25632  5268 W System.err: 	at java.util.concurrent.ThreadPoolExecutor$Worker.run(ThreadPoolExecutor.java:644)
01-01 22:42:58.646 25632  5268 W System.err: 	at java.lang.Thread.run(Thread.java:1012)
01-01 22:42:58.646 25632  5260 W System.err: java.lang.InterruptedException
01-01 22:42:58.646 25632  5260 W System.err: 	at java.util.concurrent.locks.AbstractQueuedSynchronizer$ConditionObject.await(AbstractQueuedSynchronizer.java:1638)
01-01 22:42:58.646 25632  5260 W System.err: 	at java.util.concurrent.LinkedBlockingQueue.take(LinkedBlockingQueue.java:435)
01-01 22:42:58.646 25632  5260 W System.err: 	at edili.or5$a.run(Scanner.java:54)
01-01 22:42:58.646 25632  5260 W System.err: 	at java.util.concurrent.ThreadPoolExecutor.runWorker(ThreadPoolExecutor.java:1145)
01-01 22:42:58.646 25632  5260 W System.err: 	at java.util.concurrent.ThreadPoolExecutor$Worker.run(ThreadPoolExecutor.java:644)
01-01 22:42:58.646 25632  5260 W System.err: 	at java.lang.Thread.run(Thread.java:1012)
01-01 22:42:58.646 25632  5262 W System.err: java.lang.InterruptedException
01-01 22:42:58.647 25632  5262 W System.err: 	at java.util.concurrent.locks.AbstractQueuedSynchronizer$ConditionObject.await(AbstractQueuedSynchronizer.java:1638)
01-01 22:42:58.647 25632  5262 W System.err: 	at java.util.concurrent.LinkedBlockingQueue.take(LinkedBlockingQueue.java:435)
01-01 22:42:58.647 25632  5262 W System.err: 	at edili.or5$a.run(Scanner.java:54)
01-01 22:42:58.647 25632  5262 W System.err: 	at java.util.concurrent.ThreadPoolExecutor.runWorker(ThreadPoolExecutor.java:1145)
01-01 22:42:58.647 25632  5262 W System.err: 	at java.util.concurrent.ThreadPoolExecutor$Worker.run(ThreadPoolExecutor.java:644)
01-01 22:42:58.647 25632  5262 W System.err: 	at java.lang.Thread.run(Thread.java:1012)
01-01 22:42:58.647 25632  5264 W System.err: java.lang.InterruptedException
01-01 22:42:58.647 25632  5264 W System.err: 	at java.util.concurrent.locks.AbstractQueuedSynchronizer$ConditionObject.await(AbstractQueuedSynchronizer.java:1638)
01-01 22:42:58.647 25632  5264 W System.err: 	at java.util.concurrent.LinkedBlockingQueue.take(LinkedBlockingQueue.java:435)
01-01 22:42:58.647 25632  5264 W System.err: 	at edili.or5$a.run(Scanner.java:54)
01-01 22:42:58.647 25632  5264 W System.err: 	at java.util.concurrent.ThreadPoolExecutor.runWorker(ThreadPoolExecutor.java:1145)
01-01 22:42:58.647 25632  5264 W System.err: 	at java.util.concurrent.ThreadPoolExecutor$Worker.run(ThreadPoolExecutor.java:644)
