01-01 22:43:57.100  7584  8288 D CommonScenarios-100-10762: transportLayerQosChange TransportLayerData{link_index=21, uid=10762, uplink_srtt=0, uplink_packets=0, uplink_retrans_packets=0, uplink_retrans_rate=0, downlink_srtt=0, downlink_packets=0, downlink_retrans_packets=0, downlink_retrans_rate=0, downlink_rate=0, uplink_udp_packets=0, downlink_udp_packets=0, uplink_tcp_rate=0, uplink_udp_rate=0, downlink_tcp_rate=0, downlink_udp_rate=0}
01-01 22:43:57.100  7584  8288 D CommonScenarios-100-10762: ActiveState process message 2
01-01 22:43:57.100  7584  8288 D CommonScenarios-100-10762: ActiveState EVENT_NETWORK_KPI_CHANGE
01-01 22:43:57.100  7584  8288 D CommonScenarios-100-10762: transport layer data is invalid
01-01 22:43:57.100  7584  8288 D CommonScenarios-100-10762: ActiveState EVENT_NETWORK_KPI_CHANGE score is invalid
01-01 22:43:57.159 21905 22569 D ScreenStatusProducer: Current queue status: isIdle = true, isPolling = true
01-01 22:43:57.190  2454  2454 I AICCTModule: AICurveModel: cct invalid = 2318.4976
01-01 22:43:57.388  2454  2454 I AICCTModule: AICurveModel: cct invalid = 2318.4976
01-01 22:43:57.590  2454  2454 I AICCTModule: AICurveModel: cct invalid = 2359.044
01-01 22:43:57.789  2454  2454 I AICCTModule: AICurveModel: cct invalid = 2333.1309
01-01 22:43:57.989  2454  2454 I AICCTModule: AICurveModel: cct invalid = 2384.0425
01-01 22:43:58.124  7584  8288 D CommonScenarios-100-10762: transportLayerQosChange TransportLayerData{link_index=21, uid=10762, uplink_srtt=0, uplink_packets=0, uplink_retrans_packets=0, uplink_retrans_rate=0, downlink_srtt=0, downlink_packets=0, downlink_retrans_packets=0, downlink_retrans_rate=0, downlink_rate=0, uplink_udp_packets=0, downlink_udp_packets=0, uplink_tcp_rate=0, uplink_udp_rate=0, downlink_tcp_rate=0, downlink_udp_rate=0}
01-01 22:43:58.125  7584  8288 D CommonScenarios-100-10762: ActiveState process message 2
01-01 22:43:58.125  7584  8288 D CommonScenarios-100-10762: ActiveState EVENT_NETWORK_KPI_CHANGE
01-01 22:43:58.125  7584  8288 D CommonScenarios-100-10762: transport layer data is invalid
01-01 22:43:58.125  7584  8288 D CommonScenarios-100-10762: ActiveState EVENT_NETWORK_KPI_CHANGE score is invalid
01-01 22:43:58.187  1749 17275 I sensors-hal: handle_sns_std_sensor_event:177, rgb sample: cct_avg:2343, red_raw:7, green_raw:5, blue_raw:3, clear_raw:10, wide_raw:0
01-01 22:43:58.187  1749 17275 I sensors-hal: handle_sns_std_sensor_event:179, rgb sample: cur_cct:2244, calc_ir:0, lux:1, again:2204, atime:0, ts=1996604355398
01-01 22:43:58.188  6671  6671 I SystemUi--Keyguard: KeyguardUtils-->density is 0 sInitialDisplayDensity:480
01-01 22:43:58.189  2454  2454 I AICCTModule: AICurveModel: cct invalid = 2343.496
01-01 22:43:58.190  2454  2454 I AICCTModule: SensorFilter: Enter low light due to lux low mean, ave = 1.08481 luxQueue=[0.6535, 0.91489995, 1.4377002, 0.2614, 1.4377002, 1.6991, 0.7842, 1.1762999, 0.5228, 1.9605]
01-01 22:43:58.390  2454  2454 I AICCTModule: AICurveModel: cct invalid = 2307.2175
01-01 22:43:58.589  2454  2454 I AICCTModule: AICurveModel: cct invalid = 2307.2175
01-01 22:43:58.593  2454  2454 I AICCTModule: SensorFilter: findSecondNearestValue, cct = 3000.0
01-01 22:43:58.593  2454  2454 I AICCTModule: SensorFilter: findSecondNearestValue, nearestMaxLux:2500.0
01-01 22:43:58.593  2454  2454 I AICCTModule: SensorFilter: findSecondNearestValue, secondNearestLux:2500.0
01-01 22:43:58.593  2454  2454 I AICCTModule: SensorFilter: updateCCT fixed cct=3000.0 luxQueue=[1.5684] cctQueue=[2500.0, 2500.0, 2500.0, 2500.0, 2500.0, 2500.0, 2500.0, 2500.0, 2500.0, 2500.0]
01-01 22:43:58.594  2454  9054 D AICCTModule: AICurveModel: handleMessage MSG_SENSOR_CHANGED, mSensorValue:3000.0
01-01 22:43:58.594  2454  9054 I AICCTModule: AICurveModel: findPointByX x:10.877226, rightPoint:Point:(10.879999, 5329.0, 5329.0)
01-01 22:43:58.594  2454  9054 I AICCTModule: AICurveModel: StablePoints has no dragSplineLine
01-01 22:43:58.594  2454  9054 I AICCTModule: AICurveModel: StablePoints y1Left:5329.0, y2Left:0.0, leftY:5329.0
01-01 22:43:58.595  2454  9054 I AICCTModule: AICurveModel: getNextPoint isLargeChange, 3003.0386, 5329.0
01-01 22:43:58.596  2454  9054 I AICCTModule: AICurveModel: handleUpdateCCT cct change from:(3003.038574,5329.000000)->(3003.038574,5329.000000),curPoint(3003.038574,5329.000000),stablePoint=LeftLarge(2500.0,5329.0)-RightLarge(2500.0,5329.0),LeftSmall(2500.0,5329.0)-RightSmall(2500.0,5329.0),TLSmall(2500.0,5329.0)-TRSmall(2500.0,5329.0)
01-01 22:43:58.596  2454  9054 I AICCTModule: AICurveModel: onTargetCCTChange cct change to 5329.0
01-01 22:43:58.724  2454  4290 D OplusSplitScreenManagerService: com.psyhackers.ashera supportsSplitScreen by forceResizable activity return:true
01-01 22:43:58.728  2454  4290 D OplusSplitScreenManagerService: com.psyhackers.ashera supportsSplitScreen by forceResizable activity return:true
01-01 22:43:58.793  2454  2454 I AICCTModule: AICurveModel: cct invalid = 2324.8994
01-01 22:43:58.990  2454  2454 I AICCTModule: AICurveModel: cct invalid = 2375.811
01-01 22:43:59.148  7584  8288 D CommonScenarios-100-10762: transportLayerQosChange TransportLayerData{link_index=21, uid=10762, uplink_srtt=0, uplink_packets=0, uplink_retrans_packets=0, uplink_retrans_rate=0, downlink_srtt=0, downlink_packets=0, downlink_retrans_packets=0, downlink_retrans_rate=0, downlink_rate=0, uplink_udp_packets=0, downlink_udp_packets=0, uplink_tcp_rate=0, uplink_udp_rate=0, downlink_tcp_rate=0, downlink_udp_rate=0}
01-01 22:43:59.149  7584  8288 D CommonScenarios-100-10762: ActiveState process message 2
01-01 22:43:59.149  7584  8288 D CommonScenarios-100-10762: ActiveState EVENT_NETWORK_KPI_CHANGE
01-01 22:43:59.149  7584  8288 D CommonScenarios-100-10762: transport layer data is invalid
01-01 22:43:59.149  7584  8288 D CommonScenarios-100-10762: ActiveState EVENT_NETWORK_KPI_CHANGE score is invalid
01-01 22:43:59.189  2454  2454 I AICCTModule: AICurveModel: cct invalid = 2426.723
01-01 22:43:59.390  2454  2454 I AICCTModule: AICurveModel: cct invalid = 2426.723
01-01 22:43:59.581  2454  7667 D OplusSplitScreenManagerService: com.psyhackers.ashera supportsSplitScreen by forceResizable activity return:true
01-01 22:43:59.590  2454  2454 I AICCTModule: AICurveModel: cct invalid = 2426.723
01-01 22:43:59.658  1721  9019 I vendor.qti.bluetooth@1.0-ibs_handler: ProcessIbsCmd: Received IBS_WAKE_IND: 0xFD
01-01 22:43:59.658  1721  9019 D vendor.qti.bluetooth@1.0-ibs_handler: SerialClockVote: vote for UART CLK ON
01-01 22:43:59.659  1721  9019 D vendor.qti.bluetooth@1.0-wake_lock: Acquire wakelock is acquired 
01-01 22:43:59.660  1721  9019 I vendor.qti.bluetooth@1.0-ibs_handler: ProcessIbsCmd: Writing IBS_WAKE_ACK
01-01 22:43:59.662  7422  9026 E adv_data_processor: adv data modified, but len check fail or data invalid, stay intact
01-01 22:43:59.665 21304 23415 E yAF.CORE.BleAdvParser: afaf data is null
01-01 22:43:59.667 21304 23415 I yAF.APP.n: same device ignore statistic:DEBUG NOT PRINT.
01-01 22:43:59.667 21304 23415 I yAF.APP.ExpScannerImpl[scanTrack]: discoveryDevice, plugin device: {tag: *(13)9:02BLE_PLUGIN, name: DEBUG NOT PRINT., connectivity_name: DEBUG NOT PRINT., ADR: DEBUG NOT PRINT.}
01-01 22:43:59.667 21304 23415 I yAF.CORE.m: doDiscovery device: {tag: *(13)9:02BLE_PLUGIN, name: DEBUG NOT PRINT., connectivity_name: DEBUG NOT PRINT., ADR: DEBUG NOT PRINT.}
01-01 22:43:59.668 21304 23415 I yAF.CORE.m: setState, state not changed:DEVICE_PLUGIN, device: {tag: *(13)9:02BLE_PLUGIN, name: DEBUG NOT PRINT., connectivity_name: DEBUG NOT PRINT., ADR: DEBUG NOT PRINT.}
01-01 22:43:59.668 21304 23415 I yAF.APP.d: DeviceEvent STATE : DEVICE_PLUGIN
01-01 22:43:59.668 21304 23415 W yAF.APP.a: plugin scanResult ： DEBUG NOT PRINT.
01-01 22:43:59.668 21304 23415 W yAF.APP.a: plugin scanResult uuName： [0000fee7-0000-1000-8000-00805f9b34fb]
01-01 22:43:59.701  1721  9019 I vendor.qti.bluetooth@1.0-ibs_handler: ProcessIbsCmd: Received IBS_SLEEP_IND: 0xFE
01-01 22:43:59.701  1721  9019 D vendor.qti.bluetooth@1.0-ibs_handler: SerialClockVote: vote for UART CLK OFF
01-01 22:43:59.789  2454  2454 I AICCTModule: AICurveModel: cct invalid = 2426.723
01-01 22:43:59.852  1721  8662 D vendor.qti.bluetooth@1.0-wake_lock: Release wakelock is released 
01-01 22:43:59.989  2454  2454 I AICCTModule: AICurveModel: cct invalid = 2401.4194
01-01 22:44:00.001  2454  4134 V AlarmManager: sending alarm Alarm{ac23944 type 3 origWhen 1998421 whenElapsed 1998421 android} uid 1000 whenElapsed 1998421 windowLength 0 maxWhenElapsed 1998421 repeatInterval 0 action null component null tag TIME_TICK flags 0x9 procName system_server
01-01 22:44:00.009  7612  7612 D SubsysBroadcastManager: onReceive action:android.intent.action.TIME_TICK
01-01 22:44:00.012 15228 15273 D PhoneScreenOnTime: affairType:231
01-01 22:44:00.021 15228 15273 D PhoneUsageTime: affairType:231
01-01 22:44:00.027  6671  6671 I SystemUi--Keyguard: KeyguardUtils-->density is 0 sInitialDisplayDensity:480
01-01 22:44:00.033  2454  8086 E OplusCustomizeRestrictionManagerService: isBiometricDisabled start
01-01 22:44:00.062  6671  6671 I SystemUi--Keyguard: KeyguardUtils-->density is 0 sInitialDisplayDensity:480
01-01 22:44:00.172  7584  8288 D CommonScenarios-100-10762: transportLayerQosChange TransportLayerData{link_index=21, uid=10762, uplink_srtt=0, uplink_packets=0, uplink_retrans_packets=0, uplink_retrans_rate=0, downlink_srtt=0, downlink_packets=0, downlink_retrans_packets=0, downlink_retrans_rate=0, downlink_rate=0, uplink_udp_packets=0, downlink_udp_packets=0, uplink_tcp_rate=0, uplink_udp_rate=0, downlink_tcp_rate=0, downlink_udp_rate=0}
01-01 22:44:00.173  7584  8288 D CommonScenarios-100-10762: ActiveState process message 2
01-01 22:44:00.173  7584  8288 D CommonScenarios-100-10762: ActiveState EVENT_NETWORK_KPI_CHANGE
01-01 22:44:00.173  7584  8288 D CommonScenarios-100-10762: transport layer data is invalid
01-01 22:44:00.173  7584  8288 D CommonScenarios-100-10762: ActiveState EVENT_NETWORK_KPI_CHANGE score is invalid
01-01 22:44:00.189  1749 17275 I sensors-hal: handle_sns_std_sensor_event:177, rgb sample: cct_avg:2343, red_raw:8, green_raw:2, blue_raw:2, clear_raw:9, wide_raw:0
01-01 22:44:00.189  1749 17275 I sensors-hal: handle_sns_std_sensor_event:179, rgb sample: cur_cct:2067, calc_ir:0, lux:0, again:2204, atime:0, ts=1998604355398
01-01 22:44:00.189  2454  2454 I AICCTModule: AICurveModel: cct invalid = 2343.191
01-01 22:44:00.191  2454  2454 I AICCTModule: SensorFilter: Enter low light due to lux low mean, ave = 0.81034005 luxQueue=[1.5684, 0.2614, 1.4377002, 0.5228, 0.5228, 0.6535, 0.2614, 1.1762999, 0.91489995, 0.7842]
01-01 22:44:00.267  8562 24911 I FusedLocation: (REDACTED) location delivery to %s blocked - too close
01-01 22:44:00.273  2454  8086 D LocationManagerService: incoming location from: fused
01-01 22:44:00.273  2454  8086 D LocationManagerService: incoming location from: fused
01-01 22:44:00.281  8562 24911 I FusedLocation: (REDACTED) location delivery to %s blocked - too close
01-01 22:44:00.283  8562 24911 I FusedLocation: (REDACTED) location delivery to %s blocked - too close
01-01 22:44:00.317  8562  8562 D BoundBrokerSvc: onRebind: Intent { act=com.google.android.gms.auth.aang.events.services.START dat=chimera-action:/... cmp=com.google.android.gms/.chimera.PersistentApiService mCallingUid=10104 }
01-01 22:44:00.338  7539  7539 D OplusTelephonyController: onSignalStrengthChanged: SignalStrength=SignalStrength:{mCdma=CellSignalStrengthCdma: cdmaDbm=2147483647 cdmaEcio=2147483647 evdoDbm=2147483647 evdoEcio=2147483647 evdoSnr=2147483647 level=0,mGsm=CellSignalStrengthGsm: rssi=2147483647 ber=2147483647 mTa=2147483647 mLevel=0,mWcdma=CellSignalStrengthWcdma: ss=-85 ber=2147483647 rscp=-88 ecno=-8 level=3,mTdscdma=CellSignalStrengthTdscdma: rssi=2147483647 ber=2147483647 rscp=2147483647 level=0,mLte=CellSignalStrengthLte: rssi=2147483647 rsrp=2147483647 rsrq=2147483647 rssnr=2147483647 cqiTableIndex=2147483647 cqi=2147483647 ta=2147483647 level=0 parametersUseForLevel=0,mNr=CellSignalStrengthNr:{ csiRsrp = 2147483647 csiRsrq = 2147483647 csiCqiTableIndex = 2147483647 csiCqiReport = [] ssRsrp = 2147483647 ssRsrq = 2147483647 ssSinr = 2147483647 level = 0 parametersUseForLevel = 0 timingAdvance = 2147483647 },primary=CellSignalStrengthWcdma}
01-01 22:44:00.346  2454  7594 I OplusHansManager : unfreeze uid: 10808 com.instander.android pids: [18355] reason: AsyncBinder scene: LcdOn
01-01 22:44:00.346  2454  7592 I OplusHansManager : uid=10808, pkg=com.instander.android F exit(), F stay=4, reason=AsyncBinder
01-01 22:44:00.349  2454  7594 I OplusHansManager : unfreeze uid: 10288 com.staircase3.opensignal pids: [3992] reason: AsyncBinder scene: LcdOn
01-01 22:44:00.351  2454  7592 I OplusHansManager : uid=10288, pkg=com.staircase3.opensignal F exit(), F stay=4, reason=AsyncBinder
01-01 22:44:00.356  7539  7562 I LocationAccessPolicy: com.staircase3.opensignal is aware of fine but the app-ops permission is specifically denied.
01-01 22:44:00.358  7539  7562 W TelephonyPermissions: reportAccessDeniedToReadIdentifiers:com.staircase3.opensignal:getAllSubInfoList:1
01-01 22:44:00.363  8562 14902 I TFLite-in-PlayServices: Created interpreter.
01-01 22:44:00.372  8562 14902 I TFLite-in-PlayServices: Created interpreter.
01-01 22:44:00.376  8562 14902 I SemanticLocation: (REDACTED) [Inferrer] %s%s
01-01 22:44:00.388  2454  2454 I AICCTModule: AICurveModel: cct invalid = 2332.8257
01-01 22:44:00.427  8562 14902 I TFLite-in-PlayServices: Created interpreter.
01-01 22:44:00.431  8562 14902 I TFLite-in-PlayServices: Created interpreter.
01-01 22:44:00.434  8562 14902 I SemanticLocation: (REDACTED) [Inferrer] %s%s
01-01 22:44:00.484  8562 14902 I TFLite-in-PlayServices: Created interpreter.
01-01 22:44:00.490  8562 14902 I TFLite-in-PlayServices: Created interpreter.
01-01 22:44:00.492  8562 14902 I SemanticLocation: (REDACTED) [Inferrer] %s%s
01-01 22:44:00.589  2454  2454 I AICCTModule: AICurveModel: cct invalid = 2274.5974
01-01 22:44:00.593  2454  2454 I AICCTModule: SensorFilter: findSecondNearestValue, cct = 3000.0
01-01 22:44:00.593  2454  2454 I AICCTModule: SensorFilter: findSecondNearestValue, nearestMaxLux:2500.0
01-01 22:44:00.593  2454  2454 I AICCTModule: SensorFilter: findSecondNearestValue, secondNearestLux:2500.0
01-01 22:44:00.593  2454  2454 I AICCTModule: SensorFilter: updateCCT fixed cct=3000.0 luxQueue=[1.5684] cctQueue=[2500.0, 2500.0, 2500.0, 2500.0, 2500.0, 2500.0, 2500.0, 2500.0, 2500.0, 2500.0]
01-01 22:44:00.594  2454  9054 D AICCTModule: AICurveModel: handleMessage MSG_SENSOR_CHANGED, mSensorValue:3000.0
01-01 22:44:00.594  2454  9054 I AICCTModule: AICurveModel: findPointByX x:10.877226, rightPoint:Point:(10.879999, 5329.0, 5329.0)
01-01 22:44:00.594  2454  9054 I AICCTModule: AICurveModel: StablePoints has no dragSplineLine
01-01 22:44:00.594  2454  9054 I AICCTModule: AICurveModel: StablePoints y1Left:5329.0, y2Left:0.0, leftY:5329.0
01-01 22:44:00.595  2454  9054 I AICCTModule: AICurveModel: getNextPoint isLargeChange, 3003.0386, 5329.0
01-01 22:44:00.595  2454  9054 I AICCTModule: AICurveModel: handleUpdateCCT cct change from:(3003.038574,5329.000000)->(3003.038574,5329.000000),curPoint(3003.038574,5329.000000),stablePoint=LeftLarge(2500.0,5329.0)-RightLarge(2500.0,5329.0),LeftSmall(2500.0,5329.0)-RightSmall(2500.0,5329.0),TLSmall(2500.0,5329.0)-TRSmall(2500.0,5329.0)
01-01 22:44:00.595  2454  9054 I AICCTModule: AICurveModel: onTargetCCTChange cct change to 5329.0
01-01 22:44:00.790  2454  2454 I AICCTModule: AICurveModel: cct invalid = 2315.144
01-01 22:44:00.988  2454  2454 I AICCTModule: AICurveModel: cct invalid = 2366.0557
01-01 22:44:01.190  2454  2454 I AICCTModule: AICurveModel: cct invalid = 2406.602
01-01 22:44:01.196  7584  8288 D CommonScenarios-100-10762: transportLayerQosChange TransportLayerData{link_index=21, uid=10762, uplink_srtt=0, uplink_packets=0, uplink_retrans_packets=0, uplink_retrans_rate=0, downlink_srtt=0, downlink_packets=0, downlink_retrans_packets=0, downlink_retrans_rate=0, downlink_rate=0, uplink_udp_packets=0, downlink_udp_packets=0, uplink_tcp_rate=0, uplink_udp_rate=0, downlink_tcp_rate=0, downlink_udp_rate=0}
01-01 22:44:01.196  7584  8288 D CommonScenarios-100-10762: ActiveState process message 2
01-01 22:44:01.196  7584  8288 D CommonScenarios-100-10762: ActiveState EVENT_NETWORK_KPI_CHANGE
01-01 22:44:01.196  7584  8288 D CommonScenarios-100-10762: transport layer data is invalid
01-01 22:44:01.196  7584  8288 D CommonScenarios-100-10762: ActiveState EVENT_NETWORK_KPI_CHANGE score is invalid
01-01 22:44:01.324  8562  8562 D BoundBrokerSvc: onRebind: Intent { act=com.google.android.gms.libs.gmscorelogger.service.START dat=chimera-action:/... cmp=com.google.android.gms/.chimera.PersistentDirectBootAwareApiService mCallingUid=10104 }
01-01 22:44:01.390  2454  2454 I AICCTModule: AICurveModel: cct invalid = 2406.602
01-01 22:44:01.420  3022  3040 I theia_kevent: TheiaKeventThread recv type=3, tag=CriticalLog, event_id=Theia, payload:event_id: 1283. loginfo: 2. pid: 27252. extrainfo: init process block for more than 30s, block_count is 1, len=106
01-01 22:44:01.421  3022  3040 D theia_kevent: TheiaKeventThread hook recv
01-01 22:44:01.421  3022  3040 I oplus_theia: TheiaRecvKeventFunc called
01-01 22:44:01.421  3022  3040 I oplus_theia: oplus_theia handleKernelSendTheiaEvent
01-01 22:44:01.421  3022  3040 I oplus_theia: oplus_theia handleKernelSendEvent got message:event_id: 1283. loginfo: 2. pid: 27252. extrainfo: init process block for more than 30s, block_count is 1
01-01 22:44:01.421  3022  3040 I oplus_theia: oplus_theia kernelSendTheiaEvent key-value ret = 2
01-01 22:44:01.421  3022  3040 I oplus_theia: oplus_theia handleKernelSendEvent got data, key:event_id: value:1283
01-01 22:44:01.421  3022  3040 I oplus_theia: oplus_theia kernelSendTheiaEvent key-value ret = 2
01-01 22:44:01.421  3022  3040 I oplus_theia: oplus_theia handleKernelSendEvent got data, key:loginfo: value:2
01-01 22:44:01.421  3022  3040 I oplus_theia: oplus_theia kernelSendTheiaEvent key-value ret = 2
01-01 22:44:01.421  3022  3040 I oplus_theia: oplus_theia handleKernelSendEvent got data, key:pid: value:27252
01-01 22:44:01.421  3022  3040 I oplus_theia: oplus_theia kernelSendTheiaEvent key-value ret = 2
01-01 22:44:01.421  3022  3040 I oplus_theia: oplus_theia handleKernelSendEvent got data, key:extrainfo: value:init
01-01 22:44:01.421  3022  3040 I TheiaBinder: [generateTheiaTimestamp]: generateTheiaTimestamp start.
01-01 22:44:01.421  3022  3040 I TheiaBinder: [generateTheiaTimestamp]: 2026-01-01 22:44:01 421.
01-01 22:44:01.421  3022  3040 I TheiaBinder: buildNewTheiaEvent eventId: 0x503 is Disable! value: 0
01-01 22:44:01.421  3022  3040 D theia_kevent: TheiaKeventThread hook ret=1
01-01 22:44:01.421  3022  3040 I theia_kevent: TheiaKeventThread recvKevent
01-01 22:44:01.590  2454  2454 I AICCTModule: AICurveModel: cct invalid = 2348.3738
01-01 22:44:01.743  2454  4290 D OplusSplitScreenManagerService: com.psyhackers.ashera supportsSplitScreen by forceResizable activity return:true
01-01 22:44:01.747  2454  4290 D OplusSplitScreenManagerService: com.psyhackers.ashera supportsSplitScreen by forceResizable activity return:true
01-01 22:44:01.788  2454  2454 I AICCTModule: AICurveModel: cct invalid = 2333.7405
01-01 22:44:01.789  2454  3719 D OplusSmartBrightnessController: handleMessage MSG_LUX_CHANGED, mLux:1.0 luxQueue=[1.0, 1.0, 1.0, 1.0, 1.0, 1.0]
01-01 22:44:01.789  2454  3719 D OplusSmartBrightnessController: in darkest, historyStandardDiviation = 0.14362696, list = [1.0,0.6953212,1.0,], set interim lux from 1.0->1.0
01-01 22:44:01.856  2454  7592 I OplusHansManager : uid=10808, pkg=com.instander.android can not transition from M to F. reason: AsyncBinder
01-01 22:44:01.863  2454  7592 I OplusHansManager : uid=10288, pkg=com.staircase3.opensignal can not transition from M to F. reason: AsyncBinder
01-01 22:44:01.990  2454  2454 I AICCTModule: AICurveModel: cct invalid = 2333.7405
01-01 22:44:02.187  1749 17275 I sensors-hal: handle_sns_std_sensor_event:177, rgb sample: cct_avg:2300, red_raw:8, green_raw:3, blue_raw:2, clear_raw:10, wide_raw:0
01-01 22:44:02.188  1749 17275 I sensors-hal: handle_sns_std_sensor_event:179, rgb sample: cur_cct:2067, calc_ir:0, lux:1, again:2204, atime:0, ts=2000604355085
01-01 22:44:02.188  2454  2454 I AICCTModule: AICurveModel: cct invalid = 2300.8157
01-01 22:44:02.190  2454  2454 I AICCTModule: SensorFilter: Enter low light due to lux low mean, ave = 1.1370901 luxQueue=[1.5684, 0.7842, 0.5228, 1.4377002, 1.0456, 1.1762999, 1.1762999, 0.91489995, 1.5684, 1.1762999]
01-01 22:44:02.194  6671  6671 I SystemUi--Keyguard: KeyguardUtils-->density is 0 sInitialDisplayDensity:480
01-01 22:44:02.221  7584  8288 D CommonScenarios-100-10762: transportLayerQosChange TransportLayerData{link_index=21, uid=10762, uplink_srtt=0, uplink_packets=0, uplink_retrans_packets=0, uplink_retrans_rate=0, downlink_srtt=0, downlink_packets=0, downlink_retrans_packets=0, downlink_retrans_rate=0, downlink_rate=0, uplink_udp_packets=0, downlink_udp_packets=0, uplink_tcp_rate=0, uplink_udp_rate=0, downlink_tcp_rate=0, downlink_udp_rate=0}
01-01 22:44:02.221  7584  8288 D CommonScenarios-100-10762: ActiveState process message 2
01-01 22:44:02.221  7584  8288 D CommonScenarios-100-10762: ActiveState EVENT_NETWORK_KPI_CHANGE
01-01 22:44:02.221  7584  8288 D CommonScenarios-100-10762: transport layer data is invalid
01-01 22:44:02.221  7584  8288 D CommonScenarios-100-10762: ActiveState EVENT_NETWORK_KPI_CHANGE score is invalid
01-01 22:44:02.388  2454  2454 I AICCTModule: AICurveModel: cct invalid = 2300.8157
01-01 22:44:02.590  2454  2454 I AICCTModule: AICurveModel: cct invalid = 2351.7273
01-01 22:44:02.594  2454  2454 I AICCTModule: SensorFilter: findSecondNearestValue, cct = 3000.0
01-01 22:44:02.594  2454  2454 I AICCTModule: SensorFilter: findSecondNearestValue, nearestMaxLux:2500.0
01-01 22:44:02.594  2454  2454 I AICCTModule: SensorFilter: findSecondNearestValue, secondNearestLux:2500.0
01-01 22:44:02.594  2454  2454 I AICCTModule: SensorFilter: updateCCT fixed cct=3000.0 luxQueue=[1.5684] cctQueue=[2500.0, 2500.0, 2500.0, 2500.0, 2500.0, 2500.0, 2500.0, 2500.0, 2500.0, 2500.0]
01-01 22:44:02.595  2454  9054 D AICCTModule: AICurveModel: handleMessage MSG_SENSOR_CHANGED, mSensorValue:3000.0
01-01 22:44:02.596  2454  9054 I AICCTModule: AICurveModel: findPointByX x:10.877226, rightPoint:Point:(10.879999, 5329.0, 5329.0)
01-01 22:44:02.596  2454  9054 I AICCTModule: AICurveModel: StablePoints has no dragSplineLine
01-01 22:44:02.596  2454  9054 I AICCTModule: AICurveModel: StablePoints y1Left:5329.0, y2Left:0.0, leftY:5329.0
01-01 22:44:02.596  2454  9054 I AICCTModule: AICurveModel: getNextPoint isLargeChange, 3003.0386, 5329.0
01-01 22:44:02.596  2454  9054 I AICCTModule: AICurveModel: handleUpdateCCT cct change from:(3003.038574,5329.000000)->(3003.038574,5329.000000),curPoint(3003.038574,5329.000000),stablePoint=LeftLarge(2500.0,5329.0)-RightLarge(2500.0,5329.0),LeftSmall(2500.0,5329.0)-RightSmall(2500.0,5329.0),TLSmall(2500.0,5329.0)-TRSmall(2500.0,5329.0)
01-01 22:44:02.596  2454  9054 I AICCTModule: AICurveModel: onTargetCCTChange cct change to 5329.0
01-01 22:44:02.790  2454  2454 I AICCTModule: AICurveModel: cct invalid = 2351.7273
01-01 22:44:02.898  7539  7539 D OplusTelephonyController: onSignalStrengthChanged: SignalStrength=SignalStrength:{mCdma=CellSignalStrengthCdma: cdmaDbm=2147483647 cdmaEcio=2147483647 evdoDbm=2147483647 evdoEcio=2147483647 evdoSnr=2147483647 level=0,mGsm=CellSignalStrengthGsm: rssi=2147483647 ber=2147483647 mTa=2147483647 mLevel=0,mWcdma=CellSignalStrengthWcdma: ss=-83 ber=2147483647 rscp=-84 ecno=-10 level=3,mTdscdma=CellSignalStrengthTdscdma: rssi=2147483647 ber=2147483647 rscp=2147483647 level=0,mLte=CellSignalStrengthLte: rssi=2147483647 rsrp=2147483647 rsrq=2147483647 rssnr=2147483647 cqiTableIndex=2147483647 cqi=2147483647 ta=2147483647 level=0 parametersUseForLevel=0,mNr=CellSignalStrengthNr:{ csiRsrp = 2147483647 csiRsrq = 2147483647 csiCqiTableIndex = 2147483647 csiCqiReport = [] ssRsrp = 2147483647 ssRsrq = 2147483647 ssSinr = 2147483647 level = 0 parametersUseForLevel = 0 timingAdvance = 2147483647 },primary=CellSignalStrengthWcdma}
01-01 22:44:02.914  7539  8827 I LocationAccessPolicy: com.staircase3.opensignal is aware of fine but the app-ops permission is specifically denied.
01-01 22:44:02.918  7539  8827 W TelephonyPermissions: reportAccessDeniedToReadIdentifiers:com.staircase3.opensignal:getAllSubInfoList:1
01-01 22:44:02.989  2454  2454 I AICCTModule: AICurveModel: cct invalid = 2369.4092
01-01 22:44:03.190  2454  2454 I AICCTModule: AICurveModel: cct invalid = 2369.4092
01-01 22:44:03.244  7584  8288 D CommonScenarios-100-10762: transportLayerQosChange TransportLayerData{link_index=21, uid=10762, uplink_srtt=0, uplink_packets=0, uplink_retrans_packets=0, uplink_retrans_rate=0, downlink_srtt=0, downlink_packets=0, downlink_retrans_packets=0, downlink_retrans_rate=0, downlink_rate=0, uplink_udp_packets=0, downlink_udp_packets=0, uplink_tcp_rate=0, uplink_udp_rate=0, downlink_tcp_rate=0, downlink_udp_rate=0}
01-01 22:44:03.245  7584  8288 D CommonScenarios-100-10762: ActiveState process message 2
01-01 22:44:03.245  7584  8288 D CommonScenarios-100-10762: ActiveState EVENT_NETWORK_KPI_CHANGE
01-01 22:44:03.245  7584  8288 D CommonScenarios-100-10762: transport layer data is invalid
01-01 22:44:03.245  7584  8288 D CommonScenarios-100-10762: ActiveState EVENT_NETWORK_KPI_CHANGE score is invalid
01-01 22:44:03.370  2454  7592 I OplusHansManager : uid=10808, pkg=com.instander.android F enter(), M stay=3
01-01 22:44:03.374  2454  7592 I OplusHansManager : freeze uid: 10808 com.instander.android pids: [18355] scene: LcdOn
01-01 22:44:03.376 15595 15597 D IHansComunication: HANS sendMessageToKernel: threadId = 512721992880, netLinkSetup = 1, type = PKG, targetUid = 10808, pkgCmd = ADD_ONE_UID
01-01 22:44:03.380  2454  7592 I OplusHansManager : uid=10288, pkg=com.staircase3.opensignal F enter(), M stay=3
01-01 22:44:03.382  2454  7592 I OplusHansManager : freeze uid: 10288 com.staircase3.opensignal pids: [3992] scene: LcdOn
01-01 22:44:03.383 15595 15597 D IHansComunication: HANS sendMessageToKernel: threadId = 512721992880, netLinkSetup = 1, type = PKG, targetUid = 10288, pkgCmd = ADD_ONE_UID
01-01 22:44:03.388  2454  2454 I AICCTModule: AICurveModel: cct invalid = 2369.4092
01-01 22:44:03.591  2454  2454 I AICCTModule: AICurveModel: cct invalid = 2369.4092
01-01 22:44:03.788  2454  2454 I AICCTModule: AICurveModel: cct invalid = 2369.4092
01-01 22:44:03.989  2454  2454 I AICCTModule: AICurveModel: cct invalid = 2369.4092
01-01 22:44:04.189  1749 17275 I sensors-hal: handle_sns_std_sensor_event:177, rgb sample: cct_avg:2382, red_raw:9, green_raw:4, blue_raw:4, clear_raw:10, wide_raw:0
01-01 22:44:04.190  1749 17275 I sensors-hal: handle_sns_std_sensor_event:179, rgb sample: cur_cct:2782, calc_ir:0, lux:0, again:2204, atime:0, ts=2002604354721
01-01 22:44:04.190  2454  2454 I AICCTModule: AICurveModel: cct invalid = 2382.6003
01-01 22:44:04.193  2454  2454 I AICCTModule: SensorFilter: Enter low light due to lux low mean, ave = 1.0194601 luxQueue=[1.5684, 1.307, 1.1762999, 1.4377002, 1.6991, 0.5228, 0.5228, 1.4377002, 0.2614, 0.2614]
