01-01 22:43:41.375  2454  7592 I OplusHansManager : uid=10808, pkg=com.instander.android can not transition from M to F. reason: AsyncBinder
01-01 22:43:41.387  2454  7592 I OplusHansManager : uid=10288, pkg=com.staircase3.opensignal can not transition from M to F. reason: AsyncBinder
01-01 22:43:41.389  2454  2454 I AICCTModule: AICurveModel: cct invalid = 2424.9348
01-01 22:43:41.589  2454  2454 I AICCTModule: AICurveModel: cct invalid = 2461.2134
01-01 22:43:41.634  2081  2081 I OplusPerfCount: The num of client composition of  in last 60004 ms is: 17
01-01 22:43:41.634  2081  2081 I OplusPerfCount: The num of blur fliter in last 60004 ms is: 255
01-01 22:43:41.635  2081  2081 I OplusPerfCount: The layer number in last 60004ms is: 5 layer, 3627 time, 
01-01 22:43:41.636 21905 14069 D ShellSubscriberWorkerThread: the first 8 bytes empty, and RestData length > 8 
01-01 22:43:41.740  7584  8288 D CommonScenarios-100-10762: transportLayerQosChange TransportLayerData{link_index=21, uid=10762, uplink_srtt=0, uplink_packets=0, uplink_retrans_packets=0, uplink_retrans_rate=0, downlink_srtt=0, downlink_packets=0, downlink_retrans_packets=0, downlink_retrans_rate=0, downlink_rate=0, uplink_udp_packets=0, downlink_udp_packets=0, uplink_tcp_rate=0, uplink_udp_rate=0, downlink_tcp_rate=0, downlink_udp_rate=0}
01-01 22:43:41.740  7584  8288 D CommonScenarios-100-10762: ActiveState process message 2
01-01 22:43:41.740  7584  8288 D CommonScenarios-100-10762: ActiveState EVENT_NETWORK_KPI_CHANGE
01-01 22:43:41.740  7584  8288 D CommonScenarios-100-10762: transport layer data is invalid
01-01 22:43:41.740  7584  8288 D CommonScenarios-100-10762: ActiveState EVENT_NETWORK_KPI_CHANGE score is invalid
01-01 22:43:41.789  2454  2454 I AICCTModule: AICurveModel: cct invalid = 2474.4043
01-01 22:43:42.169  6671  6671 I SystemUi--Keyguard: KeyguardUtils-->density is 0 sInitialDisplayDensity:480
01-01 22:43:42.188  1749 17275 I sensors-hal: handle_sns_std_sensor_event:177, rgb sample: cct_avg:2538, red_raw:8, green_raw:4, blue_raw:2, clear_raw:10, wide_raw:0
01-01 22:43:42.188  1749 17275 I sensors-hal: handle_sns_std_sensor_event:179, rgb sample: cur_cct:1635, calc_ir:0, lux:1, again:2204, atime:0, ts=1980604358002
01-01 22:43:42.190  2454  2454 I AICCTModule: SensorFilter: Enter low light due to lux low mean, ave = 0.9933201 luxQueue=[1.307, 0.2614, 1.6991, 0.5228, 1.4377002, 1.0456, 1.4377002, 0.2614, 0.2614, 1.6991]
01-01 22:43:42.590  2454  2454 I AICCTModule: AICurveModel: cct invalid = 2479.5872
01-01 22:43:42.595  2454  2454 I AICCTModule: SensorFilter: findSecondNearestValue, cct = 3000.0
01-01 22:43:42.595  2454  2454 I AICCTModule: SensorFilter: findSecondNearestValue, nearestMaxLux:2555.3743
01-01 22:43:42.595  2454  2454 I AICCTModule: SensorFilter: findSecondNearestValue, secondNearestLux:2555.3743
01-01 22:43:42.596  2454  2454 I AICCTModule: SensorFilter: updateCCT fixed cct=3000.0 luxQueue=[1.1762999] cctQueue=[2555.3743, 2555.3743, 2500.0, 2500.0, 2500.0, 2500.0, 2538.5073, 2538.5073, 2543.69, 2500.0]
01-01 22:43:42.597  2454  9054 D AICCTModule: AICurveModel: handleMessage MSG_SENSOR_CHANGED, mSensorValue:3000.0
01-01 22:43:42.597  2454  9054 I AICCTModule: AICurveModel: findPointByX x:10.877226, rightPoint:Point:(10.879999, 5329.0, 5329.0)
01-01 22:43:42.597  2454  9054 I AICCTModule: AICurveModel: StablePoints has no dragSplineLine
01-01 22:43:42.598  2454  9054 I AICCTModule: AICurveModel: StablePoints y1Left:5329.0, y2Left:0.0, leftY:5329.0
01-01 22:43:42.598  2454  9054 I AICCTModule: AICurveModel: getNextPoint isLargeChange, 3003.0386, 5329.0
01-01 22:43:42.598  2454  9054 I AICCTModule: AICurveModel: handleUpdateCCT cct change from:(3003.038574,5329.000000)->(3003.038574,5329.000000),curPoint(3003.038574,5329.000000),stablePoint=LeftLarge(2500.0,5329.0)-RightLarge(2500.0,5329.0),LeftSmall(2500.0,5329.0)-RightSmall(2500.0,5329.0),TLSmall(2500.0,5329.0)-TRSmall(2500.0,5329.0)
01-01 22:43:42.598  2454  9054 I AICCTModule: AICurveModel: onTargetCCTChange cct change to 5329.0
01-01 22:43:42.694 21905  5169 D ScreenStatusProducer: Current queue status: isIdle = true, isPolling = true
01-01 22:43:42.764  7584  8288 D CommonScenarios-100-10762: transportLayerQosChange TransportLayerData{link_index=21, uid=10762, uplink_srtt=0, uplink_packets=0, uplink_retrans_packets=0, uplink_retrans_rate=0, downlink_srtt=0, downlink_packets=0, downlink_retrans_packets=0, downlink_retrans_rate=0, downlink_rate=0, uplink_udp_packets=0, downlink_udp_packets=0, uplink_tcp_rate=0, uplink_udp_rate=0, downlink_tcp_rate=0, downlink_udp_rate=0}
01-01 22:43:42.764  7584  8288 D CommonScenarios-100-10762: ActiveState process message 2
01-01 22:43:42.764  7584  8288 D CommonScenarios-100-10762: ActiveState EVENT_NETWORK_KPI_CHANGE
01-01 22:43:42.764  7584  8288 D CommonScenarios-100-10762: transport layer data is invalid
01-01 22:43:42.764  7584  8288 D CommonScenarios-100-10762: ActiveState EVENT_NETWORK_KPI_CHANGE score is invalid
01-01 22:43:42.790  2454  2454 I AICCTModule: AICurveModel: cct invalid = 2439.0405
01-01 22:43:42.893  2454  7592 I OplusHansManager : uid=10808, pkg=com.instander.android F enter(), M stay=3
01-01 22:43:42.899  2454  7592 I OplusHansManager : freeze uid: 10808 com.instander.android pids: [18355] scene: LcdOn
01-01 22:43:42.900 15595 15597 D IHansComunication: HANS sendMessageToKernel: threadId = 512721992880, netLinkSetup = 1, type = PKG, targetUid = 10808, pkgCmd = ADD_ONE_UID
01-01 22:43:42.910  2454  7592 I OplusHansManager : uid=10288, pkg=com.staircase3.opensignal F enter(), M stay=3
01-01 22:43:42.913  2454  7592 I OplusHansManager : freeze uid: 10288 com.staircase3.opensignal pids: [3992] scene: LcdOn
01-01 22:43:42.914 15595 15597 D IHansComunication: HANS sendMessageToKernel: threadId = 512721992880, netLinkSetup = 1, type = PKG, targetUid = 10288, pkgCmd = ADD_ONE_UID
01-01 22:43:42.989  2454  2454 I AICCTModule: AICurveModel: cct invalid = 2430.8503
01-01 22:43:42.991  2454  3719 D OplusSmartBrightnessController: handleMessage MSG_LUX_CHANGED, mLux:1.0 luxQueue=[1.0, 1.0, 1.0, 1.0, 1.0]
01-01 22:43:42.991  2454  3719 D OplusSmartBrightnessController: in darkest, historyStandardDiviation = 0.12045159, list = [1.0,0.7444836,1.0,], set interim lux from 1.0->1.0
01-01 22:43:43.189  2454  2454 I AICCTModule: AICurveModel: cct invalid = 2430.8503
01-01 22:43:43.389  2454  2454 I AICCTModule: AICurveModel: cct invalid = 2416.2168
01-01 22:43:43.475  2454  4239 W ContextImpl: Calling a method in the system process without a qualified user: android.app.ContextImpl.sendBroadcast:1232 com.android.server.job.controllers.OplusCpuController.notifyHighCpuEventForApp:386 com.android.server.job.controllers.OplusCpuController.handleCpuUpdate:332 com.android.server.job.controllers.OplusCpuController.-$$Nest$mhandleCpuUpdate:0 com.android.server.job.controllers.OplusCpuController$CpuTrackerHandler.handleMessage:256 
01-01 22:43:43.590  2454  2454 I AICCTModule: AICurveModel: cct invalid = 2416.2168
01-01 22:43:43.633  2454  4290 D OplusSplitScreenManagerService: com.psyhackers.ashera supportsSplitScreen by forceResizable activity return:true
01-01 22:43:43.639  2454  4290 D OplusSplitScreenManagerService: com.psyhackers.ashera supportsSplitScreen by forceResizable activity return:true
01-01 22:43:43.789  7584  8288 D CommonScenarios-100-10762: transportLayerQosChange TransportLayerData{link_index=21, uid=10762, uplink_srtt=0, uplink_packets=0, uplink_retrans_packets=0, uplink_retrans_rate=0, downlink_srtt=0, downlink_packets=0, downlink_retrans_packets=0, downlink_retrans_rate=0, downlink_rate=0, uplink_udp_packets=0, downlink_udp_packets=0, uplink_tcp_rate=0, uplink_udp_rate=0, downlink_tcp_rate=0, downlink_udp_rate=0}
01-01 22:43:43.789  7584  8288 D CommonScenarios-100-10762: ActiveState process message 2
01-01 22:43:43.789  7584  8288 D CommonScenarios-100-10762: ActiveState EVENT_NETWORK_KPI_CHANGE
01-01 22:43:43.789  7584  8288 D CommonScenarios-100-10762: transport layer data is invalid
01-01 22:43:43.789  7584  8288 D CommonScenarios-100-10762: ActiveState EVENT_NETWORK_KPI_CHANGE score is invalid
01-01 22:43:43.790  2454  2454 I AICCTModule: AICurveModel: cct invalid = 2416.2168
01-01 22:43:43.902 15595 15597 D IHansComunication: HANS sendMessageToKernel: threadId = 512721992880, netLinkSetup = 1, type = FROZEN_TRANS, targetUid = 10808, pkgCmd = PKG_CMD_MAX
01-01 22:43:43.916 15595 15597 D IHansComunication: HANS sendMessageToKernel: threadId = 512721992880, netLinkSetup = 1, type = FROZEN_TRANS, targetUid = 10288, pkgCmd = PKG_CMD_MAX
01-01 22:43:43.988  2454  2454 I AICCTModule: AICurveModel: cct invalid = 2452.4954
01-01 22:43:44.188  1749 17275 I sensors-hal: handle_sns_std_sensor_event:177, rgb sample: cct_avg:2503, red_raw:8, green_raw:4, blue_raw:4, clear_raw:12, wide_raw:0
01-01 22:43:44.188  1749 17275 I sensors-hal: handle_sns_std_sensor_event:179, rgb sample: cur_cct:2650, calc_ir:0, lux:1, again:2204, atime:0, ts=1982604357585
01-01 22:43:44.194  2454  2454 I AICCTModule: SensorFilter: Enter low light due to lux low mean, ave = 1.22858 luxQueue=[1.1762999, 1.0456, 1.4377002, 1.307, 0.5228, 1.4377002, 1.6991, 1.6991, 0.6535, 1.307]
01-01 22:43:44.565  2454  7667 D OplusSplitScreenManagerService: com.psyhackers.ashera supportsSplitScreen by forceResizable activity return:true
01-01 22:43:44.590  2454  2454 I AICCTModule: SensorFilter: findSecondNearestValue, cct = 3000.0
01-01 22:43:44.590  2454  2454 I AICCTModule: SensorFilter: findSecondNearestValue, nearestMaxLux:2518.0403
01-01 22:43:44.590  2454  2454 I AICCTModule: SensorFilter: findSecondNearestValue, secondNearestLux:2503.407
01-01 22:43:44.590  2454  2454 I AICCTModule: SensorFilter: updateCCT fixed cct=3000.0 luxQueue=[1.6991] cctQueue=[2500.0, 2500.0, 2500.0, 2500.0, 2500.0, 2500.0, 2500.0, 2503.407, 2503.407, 2518.0403]
01-01 22:43:44.592  2454  9054 D AICCTModule: AICurveModel: handleMessage MSG_SENSOR_CHANGED, mSensorValue:3000.0
01-01 22:43:44.592  2454  9054 I AICCTModule: AICurveModel: findPointByX x:10.877226, rightPoint:Point:(10.879999, 5329.0, 5329.0)
01-01 22:43:44.592  2454  9054 I AICCTModule: AICurveModel: StablePoints has no dragSplineLine
01-01 22:43:44.592  2454  9054 I AICCTModule: AICurveModel: StablePoints y1Left:5329.0, y2Left:0.0, leftY:5329.0
01-01 22:43:44.592  2454  9054 I AICCTModule: AICurveModel: getNextPoint isLargeChange, 3003.0386, 5329.0
01-01 22:43:44.592  2454  9054 I AICCTModule: AICurveModel: handleUpdateCCT cct change from:(3003.038574,5329.000000)->(3003.038574,5329.000000),curPoint(3003.038574,5329.000000),stablePoint=LeftLarge(2500.0,5329.0)-RightLarge(2500.0,5329.0),LeftSmall(2500.0,5329.0)-RightSmall(2500.0,5329.0),TLSmall(2500.0,5329.0)-TRSmall(2500.0,5329.0)
01-01 22:43:44.592  2454  9054 I AICCTModule: AICurveModel: onTargetCCTChange cct change to 5329.0
01-01 22:43:44.812  7584  8288 D CommonScenarios-100-10762: transportLayerQosChange TransportLayerData{link_index=21, uid=10762, uplink_srtt=0, uplink_packets=0, uplink_retrans_packets=0, uplink_retrans_rate=0, downlink_srtt=0, downlink_packets=0, downlink_retrans_packets=0, downlink_retrans_rate=0, downlink_rate=0, uplink_udp_packets=0, downlink_udp_packets=0, uplink_tcp_rate=0, uplink_udp_rate=0, downlink_tcp_rate=0, downlink_udp_rate=0}
01-01 22:43:44.812  7584  8288 D CommonScenarios-100-10762: ActiveState process message 2
01-01 22:43:44.812  7584  8288 D CommonScenarios-100-10762: ActiveState EVENT_NETWORK_KPI_CHANGE
01-01 22:43:44.812  7584  8288 D CommonScenarios-100-10762: transport layer data is invalid
01-01 22:43:44.812  7584  8288 D CommonScenarios-100-10762: ActiveState EVENT_NETWORK_KPI_CHANGE score is invalid
01-01 22:43:44.989  2454  2454 I AICCTModule: AICurveModel: cct invalid = 2440.7466
01-01 22:43:45.189  2454  2454 I AICCTModule: AICurveModel: cct invalid = 2440.7466
01-01 22:43:45.189  2454  3717 I OplusSmartBrightnessController: deltaLux = 0.2362374, scale = 1.4930067
01-01 22:43:45.192  2454  3719 D OplusSmartBrightnessController: handleMessage MSG_LUX_CHANGED, mLux:0.8417707 luxQueue=[0.0, 1.0, 1.0, 1.0, 0.0, 0.0, 1.0, 1.0, 1.0, 0.0, 1.0, 0.0]
01-01 22:43:45.192  2454  3719 D OplusSmartBrightnessController: in darkest, historyStandardDiviation = 0.10529848, list = [0.7444836,1.0,0.8417707,], set interim lux from 0.8417707->1.0
01-01 22:43:45.389  2454  2454 I AICCTModule: AICurveModel: cct invalid = 2491.6582
01-01 22:43:45.788  2454  2454 I AICCTModule: AICurveModel: cct invalid = 2497.1458
01-01 22:43:45.836  7584  8288 D CommonScenarios-100-10762: transportLayerQosChange TransportLayerData{link_index=21, uid=10762, uplink_srtt=0, uplink_packets=0, uplink_retrans_packets=0, uplink_retrans_rate=0, downlink_srtt=0, downlink_packets=0, downlink_retrans_packets=0, downlink_retrans_rate=0, downlink_rate=0, uplink_udp_packets=0, downlink_udp_packets=0, uplink_tcp_rate=0, uplink_udp_rate=0, downlink_tcp_rate=0, downlink_udp_rate=0}
01-01 22:43:45.837  7584  8288 D CommonScenarios-100-10762: ActiveState process message 2
01-01 22:43:45.837  7584  8288 D CommonScenarios-100-10762: ActiveState EVENT_NETWORK_KPI_CHANGE
01-01 22:43:45.837  7584  8288 D CommonScenarios-100-10762: transport layer data is invalid
01-01 22:43:45.837  7584  8288 D CommonScenarios-100-10762: ActiveState EVENT_NETWORK_KPI_CHANGE score is invalid
01-01 22:43:46.173  6671  6671 I SystemUi--Keyguard: KeyguardUtils-->density is 0 sInitialDisplayDensity:480
01-01 22:43:46.187  1749 17275 I sensors-hal: handle_sns_std_sensor_event:177, rgb sample: cct_avg:2499, red_raw:6, green_raw:4, blue_raw:2, clear_raw:10, wide_raw:0
01-01 22:43:46.187  1749 17275 I sensors-hal: handle_sns_std_sensor_event:179, rgb sample: cur_cct:2244, calc_ir:0, lux:1, again:2204, atime:0, ts=1984604357325
01-01 22:43:46.188  2454  2454 I AICCTModule: AICurveModel: cct invalid = 2499.0571
01-01 22:43:46.190  2454  2454 I AICCTModule: SensorFilter: Enter low light due to lux low mean, ave = 1.0717402 luxQueue=[1.6991, 1.4377002, 0.5228, 1.0456, 0.7842, 0.5228, 1.4377002, 1.4377002, 0.3921, 1.4377002]
01-01 22:43:46.389  2454  2454 I AICCTModule: AICurveModel: cct invalid = 2499.0571
01-01 22:43:46.589  2454  2454 I AICCTModule: AICurveModel: cct invalid = 2458.5105
01-01 22:43:46.593  2454  2454 I AICCTModule: SensorFilter: findSecondNearestValue, cct = 3000.0
01-01 22:43:46.593  2454  2454 I AICCTModule: SensorFilter: findSecondNearestValue, nearestMaxLux:2532.2046
01-01 22:43:46.593  2454  2454 I AICCTModule: SensorFilter: findSecondNearestValue, secondNearestLux:2524.9702
01-01 22:43:46.593  2454  2454 I AICCTModule: SensorFilter: updateCCT fixed cct=3000.0 luxQueue=[1.9605] cctQueue=[2504.849, 2500.0, 2500.0, 2500.0, 2532.2046, 2500.0, 2524.9702, 2500.0, 2500.0, 2500.0]
01-01 22:43:46.594  2454  9054 D AICCTModule: AICurveModel: handleMessage MSG_SENSOR_CHANGED, mSensorValue:3000.0
01-01 22:43:46.594  2454  9054 I AICCTModule: AICurveModel: findPointByX x:10.877226, rightPoint:Point:(10.879999, 5329.0, 5329.0)
01-01 22:43:46.595  2454  9054 I AICCTModule: AICurveModel: StablePoints has no dragSplineLine
01-01 22:43:46.595  2454  9054 I AICCTModule: AICurveModel: StablePoints y1Left:5329.0, y2Left:0.0, leftY:5329.0
01-01 22:43:46.595  2454  9054 I AICCTModule: AICurveModel: getNextPoint isLargeChange, 3003.0386, 5329.0
01-01 22:43:46.595  2454  9054 I AICCTModule: AICurveModel: handleUpdateCCT cct change from:(3003.038574,5329.000000)->(3003.038574,5329.000000),curPoint(3003.038574,5329.000000),stablePoint=LeftLarge(2500.0,5329.0)-RightLarge(2500.0,5329.0),LeftSmall(2500.0,5329.0)-RightSmall(2500.0,5329.0),TLSmall(2500.0,5329.0)-TRSmall(2500.0,5329.0)
01-01 22:43:46.595  2454  9054 I AICCTModule: AICurveModel: onTargetCCTChange cct change to 5329.0
01-01 22:43:46.662  2454  4290 D OplusSplitScreenManagerService: com.psyhackers.ashera supportsSplitScreen by forceResizable activity return:true
01-01 22:43:46.668  2454  4290 D OplusSplitScreenManagerService: com.psyhackers.ashera supportsSplitScreen by forceResizable activity return:true
01-01 22:43:46.721 21905 14069 D ShellSubscriberWorkerThread: the first 8 bytes empty, and RestData length > 8 
01-01 22:43:46.790  2454  2454 I AICCTModule: AICurveModel: cct invalid = 2458.5105
01-01 22:43:46.860  7584  8288 D CommonScenarios-100-10762: transportLayerQosChange TransportLayerData{link_index=21, uid=10762, uplink_srtt=0, uplink_packets=0, uplink_retrans_packets=0, uplink_retrans_rate=0, downlink_srtt=0, downlink_packets=0, downlink_retrans_packets=0, downlink_retrans_rate=0, downlink_rate=0, uplink_udp_packets=0, downlink_udp_packets=0, uplink_tcp_rate=0, uplink_udp_rate=0, downlink_tcp_rate=0, downlink_udp_rate=0}
01-01 22:43:46.861  7584  8288 D CommonScenarios-100-10762: ActiveState process message 2
01-01 22:43:46.861  7584  8288 D CommonScenarios-100-10762: ActiveState EVENT_NETWORK_KPI_CHANGE
01-01 22:43:46.861  7584  8288 D CommonScenarios-100-10762: transport layer data is invalid
01-01 22:43:46.861  7584  8288 D CommonScenarios-100-10762: ActiveState EVENT_NETWORK_KPI_CHANGE score is invalid
01-01 22:43:46.990  2454  2454 I AICCTModule: AICurveModel: cct invalid = 2478.936
01-01 22:43:46.992  2454  3719 D OplusSmartBrightnessController: handleMessage MSG_LUX_CHANGED, mLux:1.264911 luxQueue=[1.0, 2.0, 1.0, 1.0, 1.0]
01-01 22:43:46.992  2454  3719 D OplusSmartBrightnessController: in darkest, historyStandardDiviation = 0.1745668, list = [1.0,0.8417707,1.264911,], set interim lux from 1.264911->1.264911
01-01 22:43:47.190  2454  2454 I AICCTModule: AICurveModel: cct invalid = 2416.8179
01-01 22:43:47.389  2454  2454 I AICCTModule: AICurveModel: cct invalid = 2453.0962
01-01 22:43:47.543  7539  7539 D OplusTelephonyController: onSignalStrengthChanged: SignalStrength=SignalStrength:{mCdma=CellSignalStrengthCdma: cdmaDbm=2147483647 cdmaEcio=2147483647 evdoDbm=2147483647 evdoEcio=2147483647 evdoSnr=2147483647 level=0,mGsm=CellSignalStrengthGsm: rssi=2147483647 ber=2147483647 mTa=2147483647 mLevel=0,mWcdma=CellSignalStrengthWcdma: ss=-85 ber=2147483647 rscp=-87 ecno=-12 level=3,mTdscdma=CellSignalStrengthTdscdma: rssi=2147483647 ber=2147483647 rscp=2147483647 level=0,mLte=CellSignalStrengthLte: rssi=2147483647 rsrp=2147483647 rsrq=2147483647 rssnr=2147483647 cqiTableIndex=2147483647 cqi=2147483647 ta=2147483647 level=0 parametersUseForLevel=0,mNr=CellSignalStrengthNr:{ csiRsrp = 2147483647 csiRsrq = 2147483647 csiCqiTableIndex = 2147483647 csiCqiReport = [] ssRsrp = 2147483647 ssRsrq = 2147483647 ssSinr = 2147483647 level = 0 parametersUseForLevel = 0 timingAdvance = 2147483647 },primary=CellSignalStrengthWcdma}
01-01 22:43:47.551  2454  7594 I OplusHansManager : unfreeze uid: 10808 com.instander.android pids: [18355] reason: AsyncBinder scene: LcdOn
01-01 22:43:47.553  2454  7592 I OplusHansManager : uid=10808, pkg=com.instander.android F exit(), F stay=4, reason=AsyncBinder
01-01 22:43:47.554  2454  7594 I OplusHansManager : unfreeze uid: 10288 com.staircase3.opensignal pids: [3992] reason: AsyncBinder scene: LcdOn
01-01 22:43:47.554  2454  7592 I OplusHansManager : uid=10288, pkg=com.staircase3.opensignal F exit(), F stay=4, reason=AsyncBinder
01-01 22:43:47.568  7539  9110 I LocationAccessPolicy: com.staircase3.opensignal is aware of fine but the app-ops permission is specifically denied.
01-01 22:43:47.573  7539  9110 W TelephonyPermissions: reportAccessDeniedToReadIdentifiers:com.staircase3.opensignal:getAllSubInfoList:1
01-01 22:43:47.884  7584  8288 D CommonScenarios-100-10762: transportLayerQosChange TransportLayerData{link_index=21, uid=10762, uplink_srtt=0, uplink_packets=0, uplink_retrans_packets=0, uplink_retrans_rate=0, downlink_srtt=0, downlink_packets=0, downlink_retrans_packets=0, downlink_retrans_rate=0, downlink_rate=0, uplink_udp_packets=0, downlink_udp_packets=0, uplink_tcp_rate=0, uplink_udp_rate=0, downlink_tcp_rate=0, downlink_udp_rate=0}
01-01 22:43:47.885  7584  8288 D CommonScenarios-100-10762: ActiveState process message 2
01-01 22:43:47.885  7584  8288 D CommonScenarios-100-10762: ActiveState EVENT_NETWORK_KPI_CHANGE
01-01 22:43:47.885  7584  8288 D CommonScenarios-100-10762: transport layer data is invalid
01-01 22:43:47.885  7584  8288 D CommonScenarios-100-10762: ActiveState EVENT_NETWORK_KPI_CHANGE score is invalid
01-01 22:43:48.189  1749 17275 I sensors-hal: handle_sns_std_sensor_event:177, rgb sample: cct_avg:2511, red_raw:6, green_raw:2, blue_raw:2, clear_raw:10, wide_raw:0
01-01 22:43:48.189  1749 17275 I sensors-hal: handle_sns_std_sensor_event:179, rgb sample: cur_cct:2650, calc_ir:0, lux:0, again:2204, atime:0, ts=1986604357273
01-01 22:43:48.193  2454  2454 I AICCTModule: SensorFilter: Enter low light due to lux low mean, ave = 1.1240202 luxQueue=[1.9605, 1.4377002, 1.5684, 1.307, 0.6535, 1.4377002, 0.5228, 1.307, 0.5228, 0.5228]
01-01 22:43:48.388  2454  2454 I AICCTModule: AICurveModel: cct invalid = 2467.7292
01-01 22:43:48.589  2454  2454 I AICCTModule: AICurveModel: cct invalid = 2467.7292
01-01 22:43:48.592  2454  2454 I AICCTModule: SensorFilter: findSecondNearestValue, cct = 3000.0
01-01 22:43:48.592  2454  2454 I AICCTModule: SensorFilter: findSecondNearestValue, nearestMaxLux:2511.3245
01-01 22:43:48.592  2454  2454 I AICCTModule: SensorFilter: findSecondNearestValue, secondNearestLux:2511.3245
01-01 22:43:48.592  2454  2454 I AICCTModule: SensorFilter: updateCCT fixed cct=3000.0 luxQueue=[1.5684] cctQueue=[2500.0, 2500.0, 2500.0, 2500.0, 2511.3245, 2511.3245, 2511.3245, 2511.3245, 2500.0, 2500.0]
01-01 22:43:48.593  2454  9054 D AICCTModule: AICurveModel: handleMessage MSG_SENSOR_CHANGED, mSensorValue:3000.0
01-01 22:43:48.593  2454  9054 I AICCTModule: AICurveModel: findPointByX x:10.877226, rightPoint:Point:(10.879999, 5329.0, 5329.0)
01-01 22:43:48.593  2454  9054 I AICCTModule: AICurveModel: StablePoints has no dragSplineLine
01-01 22:43:48.593  2454  9054 I AICCTModule: AICurveModel: StablePoints y1Left:5329.0, y2Left:0.0, leftY:5329.0
01-01 22:43:48.593  2454  9054 I AICCTModule: AICurveModel: getNextPoint isLargeChange, 3003.0386, 5329.0
01-01 22:43:48.594  2454  9054 I AICCTModule: AICurveModel: handleUpdateCCT cct change from:(3003.038574,5329.000000)->(3003.038574,5329.000000),curPoint(3003.038574,5329.000000),stablePoint=LeftLarge(2500.0,5329.0)-RightLarge(2500.0,5329.0),LeftSmall(2500.0,5329.0)-RightSmall(2500.0,5329.0),TLSmall(2500.0,5329.0)-TRSmall(2500.0,5329.0)
01-01 22:43:48.594  2454  9054 I AICCTModule: AICurveModel: onTargetCCTChange cct change to 5329.0
01-01 22:43:48.912  7584  8288 D CommonScenarios-100-10762: transportLayerQosChange TransportLayerData{link_index=21, uid=10762, uplink_srtt=0, uplink_packets=0, uplink_retrans_packets=0, uplink_retrans_rate=0, downlink_srtt=0, downlink_packets=0, downlink_retrans_packets=0, downlink_retrans_rate=0, downlink_rate=0, uplink_udp_packets=0, downlink_udp_packets=0, uplink_tcp_rate=0, uplink_udp_rate=0, downlink_tcp_rate=0, downlink_udp_rate=0}
01-01 22:43:48.912  7584  8288 D CommonScenarios-100-10762: ActiveState process message 2
01-01 22:43:48.912  7584  8288 D CommonScenarios-100-10762: ActiveState EVENT_NETWORK_KPI_CHANGE
01-01 22:43:48.912  7584  8288 D CommonScenarios-100-10762: transport layer data is invalid
01-01 22:43:48.912  7584  8288 D CommonScenarios-100-10762: ActiveState EVENT_NETWORK_KPI_CHANGE score is invalid
01-01 22:43:49.014  2454  3717 I OplusSmartBrightnessController: deltaLux = 0.6875608, scale = 1.4714046
01-01 22:43:49.015  2454  3719 D OplusSmartBrightnessController: handleMessage MSG_LUX_CHANGED, mLux:0.7976291 luxQueue=[0.0, 1.0, 0.0, 1.0, 0.0, 0.0, 0.0, 1.0, 0.0, 1.0, 0.0, 0.0]
01-01 22:43:49.015  2454  3719 D OplusSmartBrightnessController: in darkest, historyStandardDiviation = 0.2106468, list = [0.8417707,1.264911,0.7976291,], set interim lux from 0.7976291->1.0
01-01 22:43:49.058  2454  7592 I OplusHansManager : uid=10808, pkg=com.instander.android can not transition from M to F. reason: AsyncBinder
01-01 22:43:49.062  2454  7592 I OplusHansManager : uid=10288, pkg=com.staircase3.opensignal can not transition from M to F. reason: AsyncBinder
01-01 22:43:49.189  2454  2454 I AICCTModule: AICurveModel: cct invalid = 2447.3037
01-01 22:43:49.390  2454  2454 I AICCTModule: AICurveModel: cct invalid = 2451.1938
01-01 22:43:49.570  2454  8086 D OplusSplitScreenManagerService: com.psyhackers.ashera supportsSplitScreen by forceResizable activity return:true
01-01 22:43:49.592  2454  2454 I AICCTModule: AICurveModel: cct invalid = 2425.2808
01-01 22:43:49.689  2454  4290 D OplusSplitScreenManagerService: com.psyhackers.ashera supportsSplitScreen by forceResizable activity return:true
01-01 22:43:49.694  2454  4290 D OplusSplitScreenManagerService: com.psyhackers.ashera supportsSplitScreen by forceResizable activity return:true
01-01 22:43:49.791  2454  2454 I AICCTModule: AICurveModel: cct invalid = 2425.2808
01-01 22:43:49.932  7584  8288 D CommonScenarios-100-10762: transportLayerQosChange TransportLayerData{link_index=21, uid=10762, uplink_srtt=0, uplink_packets=0, uplink_retrans_packets=0, uplink_retrans_rate=0, downlink_srtt=0, downlink_packets=0, downlink_retrans_packets=0, downlink_retrans_rate=0, downlink_rate=0, uplink_udp_packets=0, downlink_udp_packets=0, uplink_tcp_rate=0, uplink_udp_rate=0, downlink_tcp_rate=0, downlink_udp_rate=0}
01-01 22:43:49.932  7584  8288 D CommonScenarios-100-10762: ActiveState process message 2
01-01 22:43:49.932  7584  8288 D CommonScenarios-100-10762: ActiveState EVENT_NETWORK_KPI_CHANGE
01-01 22:43:49.932  7584  8288 D CommonScenarios-100-10762: transport layer data is invalid
01-01 22:43:49.932  7584  8288 D CommonScenarios-100-10762: ActiveState EVENT_NETWORK_KPI_CHANGE score is invalid
01-01 22:43:49.990  2454  2454 I AICCTModule: AICurveModel: cct invalid = 2425.2808
01-01 22:43:50.178  6671  6671 I SystemUi--Keyguard: KeyguardUtils-->density is 0 sInitialDisplayDensity:480
01-01 22:43:50.189  1749 17275 I sensors-hal: handle_sns_std_sensor_event:177, rgb sample: cct_avg:2425, red_raw:8, green_raw:4, blue_raw:4, clear_raw:10, wide_raw:0
01-01 22:43:50.189  1749 17275 I sensors-hal: handle_sns_std_sensor_event:179, rgb sample: cur_cct:2936, calc_ir:0, lux:0, again:2204, atime:0, ts=1988604356387
01-01 22:43:50.189  2454  2454 I AICCTModule: AICurveModel: cct invalid = 2425.2808
01-01 22:43:50.191  2454  2454 I AICCTModule: SensorFilter: Enter low light due to lux low mean, ave = 1.09788 luxQueue=[1.5684, 0.2614, 1.307, 0.6535, 1.4377002, 0.7842, 1.5684, 1.4377002, 1.6991, 0.2614]
01-01 22:43:50.389  2454  2454 I AICCTModule: AICurveModel: cct invalid = 2384.7341
01-01 22:43:50.572  2454  7592 I OplusHansManager : uid=10808, pkg=com.instander.android F enter(), M stay=3
01-01 22:43:50.577  2454  7592 I OplusHansManager : freeze uid: 10808 com.instander.android pids: [18355] scene: LcdOn
01-01 22:43:50.579 15595 15597 D IHansComunication: HANS sendMessageToKernel: threadId = 512721992880, netLinkSetup = 1, type = PKG, targetUid = 10808, pkgCmd = ADD_ONE_UID
01-01 22:43:50.583  2454  7592 I OplusHansManager : uid=10288, pkg=com.staircase3.opensignal F enter(), M stay=3
01-01 22:43:50.586  2454  7592 I OplusHansManager : freeze uid: 10288 com.staircase3.opensignal pids: [3992] scene: LcdOn
01-01 22:43:50.587 15595 15597 D IHansComunication: HANS sendMessageToKernel: threadId = 512721992880, netLinkSetup = 1, type = PKG, targetUid = 10288, pkgCmd = ADD_ONE_UID
01-01 22:43:50.588  2454  2454 I AICCTModule: AICurveModel: cct invalid = 2370.101
01-01 22:43:50.590  2454  2454 I AICCTModule: SensorFilter: findSecondNearestValue, cct = 3000.0
01-01 22:43:50.590  2454  2454 I AICCTModule: SensorFilter: findSecondNearestValue, nearestMaxLux:2508.276
01-01 22:43:50.590  2454  2454 I AICCTModule: SensorFilter: findSecondNearestValue, secondNearestLux:2508.276
01-01 22:43:50.590  2454  2454 I AICCTModule: SensorFilter: updateCCT fixed cct=3000.0 luxQueue=[1.4377002] cctQueue=[2508.276, 2508.276, 2500.0, 2500.0, 2500.0, 2500.0, 2500.0, 2500.0, 2500.0, 2500.0]
01-01 22:43:50.590  2454  9054 D AICCTModule: AICurveModel: handleMessage MSG_SENSOR_CHANGED, mSensorValue:3000.0
01-01 22:43:50.591  2454  9054 I AICCTModule: AICurveModel: findPointByX x:10.877226, rightPoint:Point:(10.879999, 5329.0, 5329.0)
01-01 22:43:50.591  2454  9054 I AICCTModule: AICurveModel: StablePoints has no dragSplineLine
01-01 22:43:50.591  2454  9054 I AICCTModule: AICurveModel: StablePoints y1Left:5329.0, y2Left:0.0, leftY:5329.0
01-01 22:43:50.591  2454  9054 I AICCTModule: AICurveModel: getNextPoint isLargeChange, 3003.0386, 5329.0
01-01 22:43:50.591  2454  9054 I AICCTModule: AICurveModel: handleUpdateCCT cct change from:(3003.038574,5329.000000)->(3003.038574,5329.000000),curPoint(3003.038574,5329.000000),stablePoint=LeftLarge(2500.0,5329.0)-RightLarge(2500.0,5329.0),LeftSmall(2500.0,5329.0)-RightSmall(2500.0,5329.0),TLSmall(2500.0,5329.0)-TRSmall(2500.0,5329.0)
01-01 22:43:50.591  2454  9054 I AICCTModule: AICurveModel: onTargetCCTChange cct change to 5329.0
01-01 22:43:50.789  2454  2454 I AICCTModule: AICurveModel: cct invalid = 2370.101
01-01 22:43:50.956  7584  8288 D CommonScenarios-100-10762: transportLayerQosChange TransportLayerData{link_index=21, uid=10762, uplink_srtt=0, uplink_packets=0, uplink_retrans_packets=0, uplink_retrans_rate=0, downlink_srtt=0, downlink_packets=0, downlink_retrans_packets=0, downlink_retrans_rate=0, downlink_rate=0, uplink_udp_packets=0, downlink_udp_packets=0, uplink_tcp_rate=0, uplink_udp_rate=0, downlink_tcp_rate=0, downlink_udp_rate=0}
01-01 22:43:50.956  7584  8288 D CommonScenarios-100-10762: ActiveState process message 2
01-01 22:43:50.956  7584  8288 D CommonScenarios-100-10762: ActiveState EVENT_NETWORK_KPI_CHANGE
01-01 22:43:50.956  7584  8288 D CommonScenarios-100-10762: transport layer data is invalid
01-01 22:43:50.956  7584  8288 D CommonScenarios-100-10762: ActiveState EVENT_NETWORK_KPI_CHANGE score is invalid
01-01 22:43:50.989  2454  2454 I AICCTModule: AICurveModel: cct invalid = 2305.9983
01-01 22:43:51.189  2454  2454 I AICCTModule: AICurveModel: cct invalid = 2247.77
01-01 22:43:51.389  2454  2454 I AICCTModule: AICurveModel: cct invalid = 2288.3162
01-01 22:43:51.580 15595 15597 D IHansComunication: HANS sendMessageToKernel: threadId = 512721992880, netLinkSetup = 1, type = FROZEN_TRANS, targetUid = 10808, pkgCmd = PKG_CMD_MAX
01-01 22:43:51.586 15595 15597 D IHansComunication: HANS sendMessageToKernel: threadId = 512721992880, netLinkSetup = 1, type = FROZEN_TRANS, targetUid = 10288, pkgCmd = PKG_CMD_MAX
01-01 22:43:51.588  2454  2454 I AICCTModule: AICurveModel: cct invalid = 2270.6343
01-01 22:43:51.793  2454  2454 I AICCTModule: AICurveModel: cct invalid = 2328.8628
01-01 22:43:51.980  7584  8288 D CommonScenarios-100-10762: transportLayerQosChange TransportLayerData{link_index=21, uid=10762, uplink_srtt=0, uplink_packets=0, uplink_retrans_packets=0, uplink_retrans_rate=0, downlink_srtt=0, downlink_packets=0, downlink_retrans_packets=0, downlink_retrans_rate=0, downlink_rate=0, uplink_udp_packets=0, downlink_udp_packets=0, uplink_tcp_rate=0, uplink_udp_rate=0, downlink_tcp_rate=0, downlink_udp_rate=0}
01-01 22:43:51.980  7584  8288 D CommonScenarios-100-10762: ActiveState process message 2
01-01 22:43:51.980  7584  8288 D CommonScenarios-100-10762: ActiveState EVENT_NETWORK_KPI_CHANGE
01-01 22:43:51.980  7584  8288 D CommonScenarios-100-10762: transport layer data is invalid
01-01 22:43:51.980  7584  8288 D CommonScenarios-100-10762: ActiveState EVENT_NETWORK_KPI_CHANGE score is invalid
01-01 22:43:51.988  2454  2454 I AICCTModule: AICurveModel: cct invalid = 2369.4092
01-01 22:43:52.187  1749 17275 I sensors-hal: handle_sns_std_sensor_event:177, rgb sample: cct_avg:2328, red_raw:6, green_raw:4, blue_raw:2, clear_raw:10, wide_raw:0
01-01 22:43:52.187  1749 17275 I sensors-hal: handle_sns_std_sensor_event:179, rgb sample: cur_cct:2244, calc_ir:0, lux:1, again:2204, atime:0, ts=1990604356335
01-01 22:43:52.188  2454  2454 I AICCTModule: AICurveModel: cct invalid = 2328.8628
01-01 22:43:52.190  2454  2454 I AICCTModule: SensorFilter: Enter low light due to lux low mean, ave = 1.0978801 luxQueue=[1.4377002, 0.6535, 0.7842, 1.0456, 1.5684, 1.4377002, 1.5684, 0.5228, 0.5228, 1.4377002]
01-01 22:43:52.389  2454  2454 I AICCTModule: AICurveModel: cct invalid = 2328.8628
01-01 22:43:52.589  2454  2454 I AICCTModule: AICurveModel: cct invalid = 2328.8628
01-01 22:43:52.593  2454  2454 I AICCTModule: SensorFilter: findSecondNearestValue, cct = 3000.0
01-01 22:43:52.593  2454  2454 I AICCTModule: SensorFilter: findSecondNearestValue, nearestMaxLux:2500.0
01-01 22:43:52.593  2454  2454 I AICCTModule: SensorFilter: findSecondNearestValue, secondNearestLux:2500.0
01-01 22:43:52.594  2454  2454 I AICCTModule: SensorFilter: updateCCT fixed cct=3000.0 luxQueue=[1.4377002] cctQueue=[2500.0, 2500.0, 2500.0, 2500.0, 2500.0, 2500.0, 2500.0, 2500.0, 2500.0, 2500.0]
01-01 22:43:52.594  2454  9054 D AICCTModule: AICurveModel: handleMessage MSG_SENSOR_CHANGED, mSensorValue:3000.0
01-01 22:43:52.595  2454  9054 I AICCTModule: AICurveModel: findPointByX x:10.877226, rightPoint:Point:(10.879999, 5329.0, 5329.0)
01-01 22:43:52.595  2454  9054 I AICCTModule: AICurveModel: StablePoints has no dragSplineLine
01-01 22:43:52.595  2454  9054 I AICCTModule: AICurveModel: StablePoints y1Left:5329.0, y2Left:0.0, leftY:5329.0
01-01 22:43:52.596  2454  9054 I AICCTModule: AICurveModel: getNextPoint isLargeChange, 3003.0386, 5329.0
01-01 22:43:52.596  2454  9054 I AICCTModule: AICurveModel: handleUpdateCCT cct change from:(3003.038574,5329.000000)->(3003.038574,5329.000000),curPoint(3003.038574,5329.000000),stablePoint=LeftLarge(2500.0,5329.0)-RightLarge(2500.0,5329.0),LeftSmall(2500.0,5329.0)-RightSmall(2500.0,5329.0),TLSmall(2500.0,5329.0)-TRSmall(2500.0,5329.0)
01-01 22:43:52.596  2454  9054 I AICCTModule: AICurveModel: onTargetCCTChange cct change to 5329.0
01-01 22:43:52.659  7539  7539 D OplusTelephonyController: onSignalStrengthChanged: SignalStrength=SignalStrength:{mCdma=CellSignalStrengthCdma: cdmaDbm=2147483647 cdmaEcio=2147483647 evdoDbm=2147483647 evdoEcio=2147483647 evdoSnr=2147483647 level=0,mGsm=CellSignalStrengthGsm: rssi=2147483647 ber=2147483647 mTa=2147483647 mLevel=0,mWcdma=CellSignalStrengthWcdma: ss=-83 ber=2147483647 rscp=-86 ecno=-14 level=3,mTdscdma=CellSignalStrengthTdscdma: rssi=2147483647 ber=2147483647 rscp=2147483647 level=0,mLte=CellSignalStrengthLte: rssi=2147483647 rsrp=2147483647 rsrq=2147483647 rssnr=2147483647 cqiTableIndex=2147483647 cqi=2147483647 ta=2147483647 level=0 parametersUseForLevel=0,mNr=CellSignalStrengthNr:{ csiRsrp = 2147483647 csiRsrq = 2147483647 csiCqiTableIndex = 2147483647 csiCqiReport = [] ssRsrp = 2147483647 ssRsrq = 2147483647 ssSinr = 2147483647 level = 0 parametersUseForLevel = 0 timingAdvance = 2147483647 },primary=CellSignalStrengthWcdma}
01-01 22:43:52.664  2454  7594 I OplusHansManager : unfreeze uid: 10808 com.instander.android pids: [18355] reason: AsyncBinder scene: LcdOn
01-01 22:43:52.665  2454  7592 I OplusHansManager : uid=10808, pkg=com.instander.android F exit(), F stay=2, reason=AsyncBinder
01-01 22:43:52.667  2454  7594 I OplusHansManager : unfreeze uid: 10288 com.staircase3.opensignal pids: [3992] reason: AsyncBinder scene: LcdOn
01-01 22:43:52.668  2454  7592 I OplusHansManager : uid=10288, pkg=com.staircase3.opensignal F exit(), F stay=2, reason=AsyncBinder
01-01 22:43:52.677  7539  9110 I LocationAccessPolicy: com.staircase3.opensignal is aware of fine but the app-ops permission is specifically denied.
01-01 22:43:52.681  7539  9110 W TelephonyPermissions: reportAccessDeniedToReadIdentifiers:com.staircase3.opensignal:getAllSubInfoList:1
01-01 22:43:52.693  2454  4290 D OplusSplitScreenManagerService: com.psyhackers.ashera supportsSplitScreen by forceResizable activity return:true
01-01 22:43:52.697  2454  4290 D OplusSplitScreenManagerService: com.psyhackers.ashera supportsSplitScreen by forceResizable activity return:true
01-01 22:43:52.796  2454  2454 I AICCTModule: AICurveModel: cct invalid = 2292.5842
01-01 22:43:52.989  2454  2454 I AICCTModule: AICurveModel: cct invalid = 2350.8125
01-01 22:43:52.990  2454  3719 D OplusSmartBrightnessController: handleMessage MSG_LUX_CHANGED, mLux:1.0 luxQueue=[1.0, 1.0, 1.0, 1.0, 1.0]
01-01 22:43:52.990  2454  3719 D OplusSmartBrightnessController: in darkest, historyStandardDiviation = 0.19133572, list = [1.264911,0.7976291,1.0,], set interim lux from 1.0->1.0
01-01 22:43:53.004  7584  8288 D CommonScenarios-100-10762: transportLayerQosChange TransportLayerData{link_index=21, uid=10762, uplink_srtt=0, uplink_packets=0, uplink_retrans_packets=0, uplink_retrans_rate=0, downlink_srtt=0, downlink_packets=0, downlink_retrans_packets=0, downlink_retrans_rate=0, downlink_rate=0, uplink_udp_packets=0, downlink_udp_packets=0, uplink_tcp_rate=0, uplink_udp_rate=0, downlink_tcp_rate=0, downlink_udp_rate=0}
01-01 22:43:53.004  7584  8288 D CommonScenarios-100-10762: ActiveState process message 2
01-01 22:43:53.004  7584  8288 D CommonScenarios-100-10762: ActiveState EVENT_NETWORK_KPI_CHANGE
01-01 22:43:53.004  7584  8288 D CommonScenarios-100-10762: transport layer data is invalid
01-01 22:43:53.004  7584  8288 D CommonScenarios-100-10762: ActiveState EVENT_NETWORK_KPI_CHANGE score is invalid
01-01 22:43:53.189  2454  2454 I AICCTModule: AICurveModel: cct invalid = 2387.091
01-01 22:43:53.389  2454  2454 I AICCTModule: AICurveModel: cct invalid = 2404.773
01-01 22:43:53.590  2454  2454 I AICCTModule: AICurveModel: cct invalid = 2353.861
01-01 22:43:53.790  2454  2454 I AICCTModule: AICurveModel: cct invalid = 2371.543
01-01 22:43:53.990  2454  2454 I AICCTModule: AICurveModel: cct invalid = 2371.543
01-01 22:43:54.029  7584  8288 D CommonScenarios-100-10762: transportLayerQosChange TransportLayerData{link_index=21, uid=10762, uplink_srtt=0, uplink_packets=0, uplink_retrans_packets=0, uplink_retrans_rate=0, downlink_srtt=0, downlink_packets=0, downlink_retrans_packets=0, downlink_retrans_rate=0, downlink_rate=0, uplink_udp_packets=0, downlink_udp_packets=0, uplink_tcp_rate=0, uplink_udp_rate=0, downlink_tcp_rate=0, downlink_udp_rate=0}
01-01 22:43:54.030  7584  8288 D CommonScenarios-100-10762: ActiveState process message 2
01-01 22:43:54.030  7584  8288 D CommonScenarios-100-10762: ActiveState EVENT_NETWORK_KPI_CHANGE
01-01 22:43:54.030  7584  8288 D CommonScenarios-100-10762: transport layer data is invalid
01-01 22:43:54.030  7584  8288 D CommonScenarios-100-10762: ActiveState EVENT_NETWORK_KPI_CHANGE score is invalid
01-01 22:43:54.169  2454  7592 I OplusHansManager : uid=10808, pkg=com.instander.android can not transition from M to F. reason: AsyncBinder
01-01 22:43:54.173  2454  7592 I OplusHansManager : uid=10288, pkg=com.staircase3.opensignal can not transition from M to F. reason: AsyncBinder
01-01 22:43:54.183  6671  6671 I SystemUi--Keyguard: KeyguardUtils-->density is 0 sInitialDisplayDensity:480
01-01 22:43:54.188  1749 17275 I sensors-hal: handle_sns_std_sensor_event:177, rgb sample: cct_avg:2371, red_raw:8, green_raw:5, blue_raw:2, clear_raw:10, wide_raw:0
01-01 22:43:54.188  1749 17275 I sensors-hal: handle_sns_std_sensor_event:179, rgb sample: cur_cct:1635, calc_ir:0, lux:2, again:2204, atime:0, ts=1992604355762
01-01 22:43:54.188  2454  2454 I AICCTModule: AICurveModel: cct invalid = 2371.543
01-01 22:43:54.191  2454  2454 I AICCTModule: SensorFilter: Enter low light due to lux low mean, ave = 1.3723501 luxQueue=[1.4377002, 1.4377002, 1.5684, 1.307, 0.6535, 1.4377002, 1.4377002, 0.6535, 1.6991, 2.0912]
01-01 22:43:54.390  2454  2454 I AICCTModule: AICurveModel: cct invalid = 2371.543
01-01 22:43:54.576  2454  7477 D OplusSplitScreenManagerService: com.psyhackers.ashera supportsSplitScreen by forceResizable activity return:true
01-01 22:43:54.589  2454  2454 I AICCTModule: AICurveModel: cct invalid = 2356.9097
01-01 22:43:54.591  2454  2454 I AICCTModule: SensorFilter: findSecondNearestValue, cct = 3000.0
01-01 22:43:54.591  2454  2454 I AICCTModule: SensorFilter: findSecondNearestValue, nearestMaxLux:2500.0
01-01 22:43:54.591  2454  2454 I AICCTModule: SensorFilter: findSecondNearestValue, secondNearestLux:2500.0
01-01 22:43:54.591  2454  2454 I AICCTModule: SensorFilter: updateCCT fixed cct=3000.0 luxQueue=[0.2614] cctQueue=[2500.0, 2500.0, 2500.0, 2500.0, 2500.0, 2500.0, 2500.0, 2500.0, 2500.0, 2500.0]
01-01 22:43:54.592  2454  9054 D AICCTModule: AICurveModel: handleMessage MSG_SENSOR_CHANGED, mSensorValue:3000.0
01-01 22:43:54.592  2454  9054 I AICCTModule: AICurveModel: findPointByX x:10.877226, rightPoint:Point:(10.879999, 5329.0, 5329.0)
01-01 22:43:54.592  2454  9054 I AICCTModule: AICurveModel: StablePoints has no dragSplineLine
01-01 22:43:54.592  2454  9054 I AICCTModule: AICurveModel: StablePoints y1Left:5329.0, y2Left:0.0, leftY:5329.0
01-01 22:43:54.592  2454  9054 I AICCTModule: AICurveModel: getNextPoint isLargeChange, 3003.0386, 5329.0
01-01 22:43:54.593  2454  9054 I AICCTModule: AICurveModel: handleUpdateCCT cct change from:(3003.038574,5329.000000)->(3003.038574,5329.000000),curPoint(3003.038574,5329.000000),stablePoint=LeftLarge(2500.0,5329.0)-RightLarge(2500.0,5329.0),LeftSmall(2500.0,5329.0)-RightSmall(2500.0,5329.0),TLSmall(2500.0,5329.0)-TRSmall(2500.0,5329.0)
01-01 22:43:54.593  2454  9054 I AICCTModule: AICurveModel: onTargetCCTChange cct change to 5329.0
01-01 22:43:54.725  2454 21202 D UsageStatsService: User[0] type=0 b=1767318017355 e=1767318234725 cb=1767234897111 ce=1767318183833 disk=0 all=1
01-01 22:43:54.789  2454  2454 I AICCTModule: AICurveModel: cct invalid = 2305.998
01-01 22:43:54.990  2454  2454 I AICCTModule: AICurveModel: cct invalid = 2346.5444
01-01 22:43:55.052  7584  8288 D CommonScenarios-100-10762: transportLayerQosChange TransportLayerData{link_index=21, uid=10762, uplink_srtt=0, uplink_packets=0, uplink_retrans_packets=0, uplink_retrans_rate=0, downlink_srtt=0, downlink_packets=0, downlink_retrans_packets=0, downlink_retrans_rate=0, downlink_rate=0, uplink_udp_packets=0, downlink_udp_packets=0, uplink_tcp_rate=0, uplink_udp_rate=0, downlink_tcp_rate=0, downlink_udp_rate=0}
01-01 22:43:55.053  7584  8288 D CommonScenarios-100-10762: ActiveState process message 2
01-01 22:43:55.053  7584  8288 D CommonScenarios-100-10762: ActiveState EVENT_NETWORK_KPI_CHANGE
01-01 22:43:55.053  7584  8288 D CommonScenarios-100-10762: transport layer data is invalid
01-01 22:43:55.053  7584  8288 D CommonScenarios-100-10762: ActiveState EVENT_NETWORK_KPI_CHANGE score is invalid
01-01 22:43:55.188  2454  2454 I AICCTModule: AICurveModel: cct invalid = 2346.5444
01-01 22:43:55.225  7539  7539 D OplusTelephonyController: onSignalStrengthChanged: SignalStrength=SignalStrength:{mCdma=CellSignalStrengthCdma: cdmaDbm=2147483647 cdmaEcio=2147483647 evdoDbm=2147483647 evdoEcio=2147483647 evdoSnr=2147483647 level=0,mGsm=CellSignalStrengthGsm: rssi=2147483647 ber=2147483647 mTa=2147483647 mLevel=0,mWcdma=CellSignalStrengthWcdma: ss=-85 ber=2147483647 rscp=-84 ecno=-6 level=3,mTdscdma=CellSignalStrengthTdscdma: rssi=2147483647 ber=2147483647 rscp=2147483647 level=0,mLte=CellSignalStrengthLte: rssi=2147483647 rsrp=2147483647 rsrq=2147483647 rssnr=2147483647 cqiTableIndex=2147483647 cqi=2147483647 ta=2147483647 level=0 parametersUseForLevel=0,mNr=CellSignalStrengthNr:{ csiRsrp = 2147483647 csiRsrq = 2147483647 csiCqiTableIndex = 2147483647 csiCqiReport = [] ssRsrp = 2147483647 ssRsrq = 2147483647 ssSinr = 2147483647 level = 0 parametersUseForLevel = 0 timingAdvance = 2147483647 },primary=CellSignalStrengthWcdma}
01-01 22:43:55.238  7539  8553 I LocationAccessPolicy: com.staircase3.opensignal is aware of fine but the app-ops permission is specifically denied.
01-01 22:43:55.241  7539  8553 W TelephonyPermissions: reportAccessDeniedToReadIdentifiers:com.staircase3.opensignal:getAllSubInfoList:1
01-01 22:43:55.388  2454  2454 I AICCTModule: AICurveModel: cct invalid = 2346.5444
01-01 22:43:55.589  2454  2454 I AICCTModule: AICurveModel: cct invalid = 2372.4578
01-01 22:43:55.681  2454  7592 I OplusHansManager : uid=10808, pkg=com.instander.android F enter(), M stay=3
01-01 22:43:55.687  2454  7592 I OplusHansManager : freeze uid: 10808 com.instander.android pids: [18355] scene: LcdOn
01-01 22:43:55.688 15595 15597 D IHansComunication: HANS sendMessageToKernel: threadId = 512721992880, netLinkSetup = 1, type = PKG, targetUid = 10808, pkgCmd = ADD_ONE_UID
01-01 22:43:55.690  2454  7592 I OplusHansManager : uid=10288, pkg=com.staircase3.opensignal F enter(), M stay=3
01-01 22:43:55.693  2454  7592 I OplusHansManager : freeze uid: 10288 com.staircase3.opensignal pids: [3992] scene: LcdOn
01-01 22:43:55.693 15595 15597 D IHansComunication: HANS sendMessageToKernel: threadId = 512721992880, netLinkSetup = 1, type = PKG, targetUid = 10288, pkgCmd = ADD_ONE_UID
01-01 22:43:55.710  2454  4290 D OplusSplitScreenManagerService: com.psyhackers.ashera supportsSplitScreen by forceResizable activity return:true
01-01 22:43:55.714  2454  4290 D OplusSplitScreenManagerService: com.psyhackers.ashera supportsSplitScreen by forceResizable activity return:true
01-01 22:43:55.789  2454  2454 I AICCTModule: AICurveModel: cct invalid = 2372.4578
01-01 22:43:55.989  2454  2454 I AICCTModule: AICurveModel: cct invalid = 2365.141
01-01 22:43:56.076  7584  8288 D CommonScenarios-100-10762: transportLayerQosChange TransportLayerData{link_index=21, uid=10762, uplink_srtt=0, uplink_packets=0, uplink_retrans_packets=0, uplink_retrans_rate=0, downlink_srtt=0, downlink_packets=0, downlink_retrans_packets=0, downlink_retrans_rate=0, downlink_rate=0, uplink_udp_packets=0, downlink_udp_packets=0, uplink_tcp_rate=0, uplink_udp_rate=0, downlink_tcp_rate=0, downlink_udp_rate=0}
01-01 22:43:56.076  7584  8288 D CommonScenarios-100-10762: ActiveState process message 2
01-01 22:43:56.076  7584  8288 D CommonScenarios-100-10762: ActiveState EVENT_NETWORK_KPI_CHANGE
01-01 22:43:56.076  7584  8288 D CommonScenarios-100-10762: transport layer data is invalid
01-01 22:43:56.077  7584  8288 D CommonScenarios-100-10762: ActiveState EVENT_NETWORK_KPI_CHANGE score is invalid
01-01 22:43:56.188  1749 17275 I sensors-hal: handle_sns_std_sensor_event:177, rgb sample: cct_avg:2314, red_raw:7, green_raw:2, blue_raw:2, clear_raw:9, wide_raw:0
01-01 22:43:56.188  1749 17275 I sensors-hal: handle_sns_std_sensor_event:179, rgb sample: cur_cct:2141, calc_ir:0, lux:0, again:2204, atime:0, ts=1994604355346
01-01 22:43:56.189  2454  2454 I AICCTModule: AICurveModel: cct invalid = 2314.2295
01-01 22:43:56.192  2454  2454 I AICCTModule: SensorFilter: Enter low light due to lux low mean, ave = 0.73192006 luxQueue=[0.2614, 0.6535, 0.7842, 0.5228, 0.3921, 0.2614, 1.4377002, 1.1762999, 1.1762999, 0.6535]
01-01 22:43:56.388  2454  2454 I AICCTModule: AICurveModel: cct invalid = 2277.951
01-01 22:43:56.389  2454  3717 I OplusSmartBrightnessController: deltaLux = 0.4452998, scale = 1.4615384
01-01 22:43:56.391  2454  3719 D OplusSmartBrightnessController: handleMessage MSG_LUX_CHANGED, mLux:0.6953212 luxQueue=[0.0, 0.0, 0.0, 0.0, 0.0, 0.0, 0.0, 1.0, 1.0, 1.0, 1.0, 0.0, 0.0]
01-01 22:43:56.392  2454  3719 D OplusSmartBrightnessController: in darkest, historyStandardDiviation = 0.12660088, list = [0.7976291,1.0,0.6953212,], set interim lux from 0.6953212->1.0
01-01 22:43:56.590  2454  2454 I AICCTModule: AICurveModel: cct invalid = 2277.951
01-01 22:43:56.593  2454  2454 I AICCTModule: SensorFilter: findSecondNearestValue, cct = 3000.0
01-01 22:43:56.594  2454  2454 I AICCTModule: SensorFilter: findSecondNearestValue, nearestMaxLux:2500.0
01-01 22:43:56.594  2454  2454 I AICCTModule: SensorFilter: findSecondNearestValue, secondNearestLux:2500.0
01-01 22:43:56.594  2454  2454 I AICCTModule: SensorFilter: updateCCT fixed cct=3000.0 luxQueue=[0.6535] cctQueue=[2500.0, 2500.0, 2500.0, 2500.0, 2500.0, 2500.0, 2500.0, 2500.0, 2500.0, 2500.0]
01-01 22:43:56.596  2454  9054 D AICCTModule: AICurveModel: handleMessage MSG_SENSOR_CHANGED, mSensorValue:3000.0
01-01 22:43:56.597  2454  9054 I AICCTModule: AICurveModel: findPointByX x:10.877226, rightPoint:Point:(10.879999, 5329.0, 5329.0)
01-01 22:43:56.597  2454  9054 I AICCTModule: AICurveModel: StablePoints has no dragSplineLine
01-01 22:43:56.597  2454  9054 I AICCTModule: AICurveModel: StablePoints y1Left:5329.0, y2Left:0.0, leftY:5329.0
01-01 22:43:56.597  2454  9054 I AICCTModule: AICurveModel: getNextPoint isLargeChange, 3003.0386, 5329.0
01-01 22:43:56.597  2454  9054 I AICCTModule: AICurveModel: handleUpdateCCT cct change from:(3003.038574,5329.000000)->(3003.038574,5329.000000),curPoint(3003.038574,5329.000000),stablePoint=LeftLarge(2500.0,5329.0)-RightLarge(2500.0,5329.0),LeftSmall(2500.0,5329.0)-RightSmall(2500.0,5329.0),TLSmall(2500.0,5329.0)-TRSmall(2500.0,5329.0)
01-01 22:43:56.598  2454  9054 I AICCTModule: AICurveModel: onTargetCCTChange cct change to 5329.0
01-01 22:43:56.689 15595 15597 D IHansComunication: HANS sendMessageToKernel: threadId = 512721992880, netLinkSetup = 1, type = FROZEN_TRANS, targetUid = 10808, pkgCmd = PKG_CMD_MAX
01-01 22:43:56.692 15595 15597 D IHansComunication: HANS sendMessageToKernel: threadId = 512721992880, netLinkSetup = 1, type = FROZEN_TRANS, targetUid = 10288, pkgCmd = PKG_CMD_MAX
01-01 22:43:56.791  2454  2454 I AICCTModule: AICurveModel: cct invalid = 2267.5857
01-01 22:43:56.989  2454  2454 I AICCTModule: AICurveModel: cct invalid = 2267.5857
01-01 22:43:57.046 31805 31839 I stagram.android: Method exceeds compiler instruction limit: 22336 in java.lang.Object X.6KD.A04(int, int, X.6KG, X.6KE)
