01-01 22:42:58.647 25632  5264 W System.err: 	at java.lang.Thread.run(Thread.java:1012)
01-01 22:42:58.647 25632 27106 W System.err: java.lang.InterruptedException
01-01 22:42:58.647 25632 27106 W System.err: 	at java.util.concurrent.locks.AbstractQueuedSynchronizer$ConditionObject.await(AbstractQueuedSynchronizer.java:1638)
01-01 22:42:58.648 25632 27106 W System.err: 	at java.util.concurrent.LinkedBlockingQueue.take(LinkedBlockingQueue.java:435)
01-01 22:42:58.648 25632 27106 W System.err: 	at edili.or5$a.run(Scanner.java:54)
01-01 22:42:58.648 25632 27106 W System.err: 	at java.util.concurrent.ThreadPoolExecutor.runWorker(ThreadPoolExecutor.java:1145)
01-01 22:42:58.648 25632 27106 W System.err: 	at java.util.concurrent.ThreadPoolExecutor$Worker.run(ThreadPoolExecutor.java:644)
01-01 22:42:58.648 25632 27106 W System.err: 	at java.lang.Thread.run(Thread.java:1012)
01-01 22:42:58.648 25632  5263 W System.err: java.lang.InterruptedException
01-01 22:42:58.648 25632  5263 W System.err: 	at java.util.concurrent.locks.AbstractQueuedSynchronizer$ConditionObject.await(AbstractQueuedSynchronizer.java:1638)
01-01 22:42:58.648 25632  5263 W System.err: 	at java.util.concurrent.LinkedBlockingQueue.take(LinkedBlockingQueue.java:435)
01-01 22:42:58.648 25632  5263 W System.err: 	at edili.or5$a.run(Scanner.java:54)
01-01 22:42:58.648 25632  5263 W System.err: 	at java.util.concurrent.ThreadPoolExecutor.runWorker(ThreadPoolExecutor.java:1145)
01-01 22:42:58.648 25632  5263 W System.err: 	at java.util.concurrent.ThreadPoolExecutor$Worker.run(ThreadPoolExecutor.java:644)
01-01 22:42:58.648 25632  5263 W System.err: 	at java.lang.Thread.run(Thread.java:1012)
01-01 22:42:58.648 25632  5266 W System.err: java.lang.InterruptedException
01-01 22:42:58.648 25632  5266 W System.err: 	at java.util.concurrent.locks.AbstractQueuedSynchronizer$ConditionObject.await(AbstractQueuedSynchronizer.java:1638)
01-01 22:42:58.648 25632  5266 W System.err: 	at java.util.concurrent.LinkedBlockingQueue.take(LinkedBlockingQueue.java:435)
01-01 22:42:58.648 25632  5266 W System.err: 	at edili.or5$a.run(Scanner.java:54)
01-01 22:42:58.648 25632  5266 W System.err: 	at java.util.concurrent.ThreadPoolExecutor.runWorker(ThreadPoolExecutor.java:1145)
01-01 22:42:58.649 25632  5266 W System.err: 	at java.util.concurrent.ThreadPoolExecutor$Worker.run(ThreadPoolExecutor.java:644)
01-01 22:42:58.649 25632  5266 W System.err: 	at java.lang.Thread.run(Thread.java:1012)
01-01 22:42:58.732  7584  8288 D CommonScenarios-100-10762: transportLayerQosChange TransportLayerData{link_index=21, uid=10762, uplink_srtt=0, uplink_packets=0, uplink_retrans_packets=0, uplink_retrans_rate=0, downlink_srtt=0, downlink_packets=0, downlink_retrans_packets=0, downlink_retrans_rate=0, downlink_rate=0, uplink_udp_packets=0, downlink_udp_packets=0, uplink_tcp_rate=0, uplink_udp_rate=0, downlink_tcp_rate=0, downlink_udp_rate=0}
01-01 22:42:58.732  7584  8288 D CommonScenarios-100-10762: ActiveState process message 2
01-01 22:42:58.732  7584  8288 D CommonScenarios-100-10762: ActiveState EVENT_NETWORK_KPI_CHANGE
01-01 22:42:58.732  7584  8288 D CommonScenarios-100-10762: transport layer data is invalid
01-01 22:42:58.732  7584  8288 D CommonScenarios-100-10762: ActiveState EVENT_NETWORK_KPI_CHANGE score is invalid
01-01 22:42:58.788  2454  2454 I AICCTModule: AICurveModel: cct invalid = 2394.2488
01-01 22:42:58.894  7539  7539 D OplusTelephonyController: onSignalStrengthChanged: SignalStrength=SignalStrength:{mCdma=CellSignalStrengthCdma: cdmaDbm=2147483647 cdmaEcio=2147483647 evdoDbm=2147483647 evdoEcio=2147483647 evdoSnr=2147483647 level=0,mGsm=CellSignalStrengthGsm: rssi=2147483647 ber=2147483647 mTa=2147483647 mLevel=0,mWcdma=CellSignalStrengthWcdma: ss=-83 ber=2147483647 rscp=-82 ecno=-10 level=3,mTdscdma=CellSignalStrengthTdscdma: rssi=2147483647 ber=2147483647 rscp=2147483647 level=0,mLte=CellSignalStrengthLte: rssi=2147483647 rsrp=2147483647 rsrq=2147483647 rssnr=2147483647 cqiTableIndex=2147483647 cqi=2147483647 ta=2147483647 level=0 parametersUseForLevel=0,mNr=CellSignalStrengthNr:{ csiRsrp = 2147483647 csiRsrq = 2147483647 csiCqiTableIndex = 2147483647 csiCqiReport = [] ssRsrp = 2147483647 ssRsrq = 2147483647 ssSinr = 2147483647 level = 0 parametersUseForLevel = 0 timingAdvance = 2147483647 },primary=CellSignalStrengthWcdma}
01-01 22:42:58.899  2454  7594 I OplusHansManager : unfreeze uid: 10288 com.staircase3.opensignal pids: [3992] reason: AsyncBinder scene: LcdOn
01-01 22:42:58.899  2454  7592 I OplusHansManager : uid=10288, pkg=com.staircase3.opensignal F exit(), F stay=7, reason=AsyncBinder
01-01 22:42:58.908  7539  8729 I LocationAccessPolicy: com.staircase3.opensignal is aware of fine but the app-ops permission is specifically denied.
01-01 22:42:58.913  7539  8729 W TelephonyPermissions: reportAccessDeniedToReadIdentifiers:com.staircase3.opensignal:getAllSubInfoList:1
01-01 22:42:58.990  2454  2454 I AICCTModule: AICurveModel: cct invalid = 2394.2488
01-01 22:42:59.189  2454  2454 I AICCTModule: AICurveModel: cct invalid = 2333.2766
01-01 22:42:59.316  1721  9019 I vendor.qti.bluetooth@1.0-ibs_handler: ProcessIbsCmd: Received IBS_WAKE_IND: 0xFD
01-01 22:42:59.316  1721  9019 D vendor.qti.bluetooth@1.0-ibs_handler: SerialClockVote: vote for UART CLK ON
01-01 22:42:59.317  1721  9019 D vendor.qti.bluetooth@1.0-wake_lock: Acquire wakelock is acquired 
01-01 22:42:59.317  1721  9019 I vendor.qti.bluetooth@1.0-ibs_handler: ProcessIbsCmd: Writing IBS_WAKE_ACK
01-01 22:42:59.322  7422  9026 E adv_data_processor: adv data modified, but len check fail or data invalid, stay intact
01-01 22:42:59.327 21304 23415 E yAF.CORE.BleAdvParser: afaf data is null
01-01 22:42:59.327 21304 23415 I yAF.APP.n: same device ignore statistic:DEBUG NOT PRINT.
01-01 22:42:59.328 21304 23415 I yAF.APP.ExpScannerImpl[scanTrack]: discoveryDevice, plugin device: {tag: *(13)9:02BLE_PLUGIN, name: DEBUG NOT PRINT., connectivity_name: DEBUG NOT PRINT., ADR: DEBUG NOT PRINT.}
01-01 22:42:59.328 21304 23415 I yAF.CORE.m: doDiscovery device: {tag: *(13)9:02BLE_PLUGIN, name: DEBUG NOT PRINT., connectivity_name: DEBUG NOT PRINT., ADR: DEBUG NOT PRINT.}
01-01 22:42:59.328 21304 23415 I yAF.CORE.m: setState, state not changed:DEVICE_PLUGIN, device: {tag: *(13)9:02BLE_PLUGIN, name: DEBUG NOT PRINT., connectivity_name: DEBUG NOT PRINT., ADR: DEBUG NOT PRINT.}
01-01 22:42:59.328 21304 23415 I yAF.APP.d: DeviceEvent STATE : DEVICE_PLUGIN
01-01 22:42:59.329 21304 23415 W yAF.APP.a: plugin scanResult ： DEBUG NOT PRINT.
01-01 22:42:59.329 21304 23415 W yAF.APP.a: plugin scanResult uuName： [0000fee7-0000-1000-8000-00805f9b34fb]
01-01 22:42:59.359  1721  9019 I vendor.qti.bluetooth@1.0-ibs_handler: ProcessIbsCmd: Received IBS_SLEEP_IND: 0xFE
01-01 22:42:59.359  1721  9019 D vendor.qti.bluetooth@1.0-ibs_handler: SerialClockVote: vote for UART CLK OFF
01-01 22:42:59.390  2454  2454 I AICCTModule: AICurveModel: cct invalid = 2282.3647
01-01 22:42:59.509  1721  8662 D vendor.qti.bluetooth@1.0-wake_lock: Release wakelock is released 
01-01 22:42:59.529  2454  7356 D OplusSplitScreenManagerService: com.psyhackers.ashera supportsSplitScreen by forceResizable activity return:true
01-01 22:42:59.588  2454  2454 I AICCTModule: AICurveModel: cct invalid = 2282.3647
01-01 22:42:59.756  7584  8288 D CommonScenarios-100-10762: transportLayerQosChange TransportLayerData{link_index=21, uid=10762, uplink_srtt=0, uplink_packets=0, uplink_retrans_packets=0, uplink_retrans_rate=0, downlink_srtt=0, downlink_packets=0, downlink_retrans_packets=0, downlink_retrans_rate=0, downlink_rate=0, uplink_udp_packets=0, downlink_udp_packets=0, uplink_tcp_rate=0, uplink_udp_rate=0, downlink_tcp_rate=0, downlink_udp_rate=0}
01-01 22:42:59.756  7584  8288 D CommonScenarios-100-10762: ActiveState process message 2
01-01 22:42:59.756  7584  8288 D CommonScenarios-100-10762: ActiveState EVENT_NETWORK_KPI_CHANGE
01-01 22:42:59.756  7584  8288 D CommonScenarios-100-10762: transport layer data is invalid
01-01 22:42:59.756  7584  8288 D CommonScenarios-100-10762: ActiveState EVENT_NETWORK_KPI_CHANGE score is invalid
01-01 22:42:59.789  2454  2454 I AICCTModule: AICurveModel: cct invalid = 2282.3647
01-01 22:42:59.988  2454  2454 I AICCTModule: AICurveModel: cct invalid = 2231.4531
01-01 22:43:00.001  2454  4134 V AlarmManager: sending alarm Alarm{9eb37df type 3 origWhen 1938421 whenElapsed 1938421 android} uid 1000 whenElapsed 1938421 windowLength 0 maxWhenElapsed 1938421 repeatInterval 0 action null component null tag TIME_TICK flags 0x9 procName system_server
01-01 22:43:00.003  2454  7592 I OplusHansManager : uid=10294, pkg=com.rs.explorer.filemanager can not transition from M to F. reason: AsyncBinder
01-01 22:43:00.006  2454  7592 I OplusHansManager : uid=10808, pkg=com.instander.android can not transition from M to F. reason: AsyncBinder
01-01 22:43:00.010 15228 15273 D PhoneScreenOnTime: affairType:231
01-01 22:43:00.011  7612  7612 D SubsysBroadcastManager: onReceive action:android.intent.action.TIME_TICK
01-01 22:43:00.018 15228 15273 D PhoneUsageTime: affairType:231
01-01 22:43:00.026  6671  6671 I SystemUi--Keyguard: KeyguardUtils-->density is 0 sInitialDisplayDensity:480
01-01 22:43:00.037  6671  6671 I SystemUi--Keyguard: KeyguardUtils-->density is 0 sInitialDisplayDensity:480
01-01 22:43:00.040  2454  7667 E OplusCustomizeRestrictionManagerService: isBiometricDisabled start
01-01 22:43:00.051  6671  6671 I SystemUi--Keyguard: KeyguardUtils-->density is 0 sInitialDisplayDensity:480
01-01 22:43:00.188  1749 17275 I sensors-hal: handle_sns_std_sensor_event:177, rgb sample: cct_avg:2231, red_raw:7, green_raw:4, blue_raw:3, clear_raw:8, wide_raw:0
01-01 22:43:00.188  1749 17275 I sensors-hal: handle_sns_std_sensor_event:179, rgb sample: cur_cct:2029, calc_ir:0, lux:0, again:2204, atime:0, ts=1938604363599
01-01 22:43:00.189  2454  2454 I AICCTModule: AICurveModel: cct invalid = 2231.4531
01-01 22:43:00.191  2454  2454 I AICCTModule: SensorFilter: Enter low light due to lux low mean, ave = 1.0717399 luxQueue=[1.1762999, 0.91489995, 0.6535, 1.6991, 1.5684, 1.0456, 1.6991, 0.91489995, 0.7842, 0.2614]
01-01 22:43:00.390  2454  2454 I AICCTModule: AICurveModel: cct invalid = 2271.9995
01-01 22:43:00.403  2454  7592 I OplusHansManager : uid=10288, pkg=com.staircase3.opensignal can not transition from M to F. reason: AsyncBinder
01-01 22:43:00.589  2454  2454 I AICCTModule: AICurveModel: cct invalid = 2200.6624
01-01 22:43:00.593  2454  2454 I AICCTModule: SensorFilter: findSecondNearestValue, cct = 3000.0
01-01 22:43:00.593  2454  2454 I AICCTModule: SensorFilter: findSecondNearestValue, nearestMaxLux:2500.0
01-01 22:43:00.593  2454  2454 I AICCTModule: SensorFilter: findSecondNearestValue, secondNearestLux:2500.0
01-01 22:43:00.594  2454  2454 I AICCTModule: SensorFilter: updateCCT fixed cct=3000.0 luxQueue=[0.5228] cctQueue=[2500.0, 2500.0, 2500.0, 2500.0, 2500.0, 2500.0, 2500.0, 2500.0, 2500.0, 2500.0]
01-01 22:43:00.594  2454  9054 D AICCTModule: AICurveModel: handleMessage MSG_SENSOR_CHANGED, mSensorValue:3000.0
01-01 22:43:00.595  2454  9054 I AICCTModule: AICurveModel: findPointByX x:10.877226, rightPoint:Point:(10.879999, 5329.0, 5329.0)
01-01 22:43:00.595  2454  9054 I AICCTModule: AICurveModel: StablePoints has no dragSplineLine
01-01 22:43:00.595  2454  9054 I AICCTModule: AICurveModel: StablePoints y1Left:5329.0, y2Left:0.0, leftY:5329.0
01-01 22:43:00.595  2454  9054 I AICCTModule: AICurveModel: getNextPoint isLargeChange, 3003.0386, 5329.0
01-01 22:43:00.596  2454  9054 I AICCTModule: AICurveModel: handleUpdateCCT cct change from:(3003.038574,5329.000000)->(3003.038574,5329.000000),curPoint(3003.038574,5329.000000),stablePoint=LeftLarge(2500.0,5329.0)-RightLarge(2500.0,5329.0),LeftSmall(2500.0,5329.0)-RightSmall(2500.0,5329.0),TLSmall(2500.0,5329.0)-TRSmall(2500.0,5329.0)
01-01 22:43:00.596  2454  9054 I AICCTModule: AICurveModel: onTargetCCTChange cct change to 5329.0
01-01 22:43:00.780  7584  8288 D CommonScenarios-100-10762: transportLayerQosChange TransportLayerData{link_index=21, uid=10762, uplink_srtt=0, uplink_packets=0, uplink_retrans_packets=0, uplink_retrans_rate=0, downlink_srtt=0, downlink_packets=0, downlink_retrans_packets=0, downlink_retrans_rate=0, downlink_rate=0, uplink_udp_packets=0, downlink_udp_packets=0, uplink_tcp_rate=0, uplink_udp_rate=0, downlink_tcp_rate=0, downlink_udp_rate=0}
01-01 22:43:00.780  7584  8288 D CommonScenarios-100-10762: ActiveState process message 2
01-01 22:43:00.780  7584  8288 D CommonScenarios-100-10762: ActiveState EVENT_NETWORK_KPI_CHANGE
01-01 22:43:00.780  7584  8288 D CommonScenarios-100-10762: transport layer data is invalid
01-01 22:43:00.780  7584  8288 D CommonScenarios-100-10762: ActiveState EVENT_NETWORK_KPI_CHANGE score is invalid
01-01 22:43:00.788  2454  2454 I AICCTModule: AICurveModel: cct invalid = 2200.6624
01-01 22:43:00.991  2454  2454 I AICCTModule: AICurveModel: cct invalid = 2200.6624
01-01 22:43:01.113  2454  4290 D OplusSplitScreenManagerService: com.psyhackers.ashera supportsSplitScreen by forceResizable activity return:true
01-01 22:43:01.118  2454  4290 D OplusSplitScreenManagerService: com.psyhackers.ashera supportsSplitScreen by forceResizable activity return:true
01-01 22:43:01.192  2454  2454 I AICCTModule: AICurveModel: cct invalid = 2211.8691
01-01 22:43:01.391  2454  2454 I AICCTModule: AICurveModel: cct invalid = 2222.2344
01-01 22:43:01.392  8562  8562 D BoundBrokerSvc: onUnbind: Intent { act=com.google.android.gms.libs.gmscorelogger.service.START dat=chimera-action:/... cmp=com.google.android.gms/.chimera.PersistentDirectBootAwareApiService mCallingUid=10104 }
01-01 22:43:01.461  7539  7539 D OplusTelephonyController: onSignalStrengthChanged: SignalStrength=SignalStrength:{mCdma=CellSignalStrengthCdma: cdmaDbm=2147483647 cdmaEcio=2147483647 evdoDbm=2147483647 evdoEcio=2147483647 evdoSnr=2147483647 level=0,mGsm=CellSignalStrengthGsm: rssi=2147483647 ber=2147483647 mTa=2147483647 mLevel=0,mWcdma=CellSignalStrengthWcdma: ss=-83 ber=2147483647 rscp=-82 ecno=-11 level=3,mTdscdma=CellSignalStrengthTdscdma: rssi=2147483647 ber=2147483647 rscp=2147483647 level=0,mLte=CellSignalStrengthLte: rssi=2147483647 rsrp=2147483647 rsrq=2147483647 rssnr=2147483647 cqiTableIndex=2147483647 cqi=2147483647 ta=2147483647 level=0 parametersUseForLevel=0,mNr=CellSignalStrengthNr:{ csiRsrp = 2147483647 csiRsrq = 2147483647 csiCqiTableIndex = 2147483647 csiCqiReport = [] ssRsrp = 2147483647 ssRsrq = 2147483647 ssSinr = 2147483647 level = 0 parametersUseForLevel = 0 timingAdvance = 2147483647 },primary=CellSignalStrengthWcdma}
01-01 22:43:01.475  7539  7562 I LocationAccessPolicy: com.staircase3.opensignal is aware of fine but the app-ops permission is specifically denied.
01-01 22:43:01.480  7539  7562 W TelephonyPermissions: reportAccessDeniedToReadIdentifiers:com.staircase3.opensignal:getAllSubInfoList:1
01-01 22:43:01.518  2454  7592 I OplusHansManager : uid=10294, pkg=com.rs.explorer.filemanager F enter(), M stay=3
01-01 22:43:01.528  2454  7592 I OplusHansManager : freeze uid: 10294 com.rs.explorer.filemanager pids: [25632, 26891] IsolatedUid: [99003] scene: LcdOn
01-01 22:43:01.530 15595 30073 D IHansComunication: HANS sendMessageToKernel: threadId = 512721992880, netLinkSetup = 1, type = PKG, targetUid = 10294, pkgCmd = ADD_ONE_UID
01-01 22:43:01.534  2454  7592 I OplusHansManager : uid=10808, pkg=com.instander.android F enter(), M stay=3
01-01 22:43:01.538  2454  7592 I OplusHansManager : freeze uid: 10808 com.instander.android pids: [18355] scene: LcdOn
01-01 22:43:01.539 15595 30073 D IHansComunication: HANS sendMessageToKernel: threadId = 512721992880, netLinkSetup = 1, type = PKG, targetUid = 10808, pkgCmd = ADD_ONE_UID
01-01 22:43:01.589  2454  2454 I AICCTModule: AICurveModel: cct invalid = 2222.2344
01-01 22:43:01.790  2454  2454 I AICCTModule: AICurveModel: cct invalid = 2222.2344
01-01 22:43:01.804  7584  8288 D CommonScenarios-100-10762: transportLayerQosChange TransportLayerData{link_index=21, uid=10762, uplink_srtt=0, uplink_packets=0, uplink_retrans_packets=0, uplink_retrans_rate=0, downlink_srtt=0, downlink_packets=0, downlink_retrans_packets=0, downlink_retrans_rate=0, downlink_rate=0, uplink_udp_packets=0, downlink_udp_packets=0, uplink_tcp_rate=0, uplink_udp_rate=0, downlink_tcp_rate=0, downlink_udp_rate=0}
01-01 22:43:01.804  7584  8288 D CommonScenarios-100-10762: ActiveState process message 2
01-01 22:43:01.804  7584  8288 D CommonScenarios-100-10762: ActiveState EVENT_NETWORK_KPI_CHANGE
01-01 22:43:01.804  7584  8288 D CommonScenarios-100-10762: transport layer data is invalid
01-01 22:43:01.804  7584  8288 D CommonScenarios-100-10762: ActiveState EVENT_NETWORK_KPI_CHANGE score is invalid
01-01 22:43:01.915  2454  7592 I OplusHansManager : uid=10288, pkg=com.staircase3.opensignal F enter(), M stay=3
01-01 22:43:01.918  2454  7592 I OplusHansManager : freeze uid: 10288 com.staircase3.opensignal pids: [3992] scene: LcdOn
01-01 22:43:01.920 15595 30073 D IHansComunication: HANS sendMessageToKernel: threadId = 512721992880, netLinkSetup = 1, type = PKG, targetUid = 10288, pkgCmd = ADD_ONE_UID
01-01 22:43:01.988  2454  2454 I AICCTModule: AICurveModel: cct invalid = 2222.2344
01-01 22:43:02.110  6671  6671 I SystemUi--Keyguard: KeyguardUtils-->density is 0 sInitialDisplayDensity:480
01-01 22:43:02.189  1749 17275 I sensors-hal: handle_sns_std_sensor_event:177, rgb sample: cct_avg:2211, red_raw:7, green_raw:5, blue_raw:2, clear_raw:11, wide_raw:0
01-01 22:43:02.189  1749 17275 I sensors-hal: handle_sns_std_sensor_event:179, rgb sample: cur_cct:2141, calc_ir:0, lux:1, again:2204, atime:0, ts=1940604241932
01-01 22:43:02.190  2454  2454 I AICCTModule: AICurveModel: cct invalid = 2211.8691
01-01 22:43:02.193  2454  2454 I AICCTModule: SensorFilter: Enter low light due to lux low mean, ave = 1.05867 luxQueue=[0.5228, 1.4377002, 0.2614, 1.6991, 0.7842, 1.4377002, 0.5228, 0.6535, 1.4377002, 1.8297999]
01-01 22:43:02.390  2454  2454 I AICCTModule: AICurveModel: cct invalid = 2204.5525
01-01 22:43:02.530 15595 30073 D IHansComunication: HANS sendMessageToKernel: threadId = 512721992880, netLinkSetup = 1, type = FROZEN_TRANS, targetUid = 10294, pkgCmd = PKG_CMD_MAX
01-01 22:43:02.539 15595 30073 D IHansComunication: HANS sendMessageToKernel: threadId = 512721992880, netLinkSetup = 1, type = FROZEN_TRANS, targetUid = 10808, pkgCmd = PKG_CMD_MAX
01-01 22:43:02.589  2454  2454 I AICCTModule: AICurveModel: cct invalid = 2204.5525
01-01 22:43:02.591  2454  2454 I AICCTModule: SensorFilter: findSecondNearestValue, cct = 3000.0
01-01 22:43:02.591  2454  2454 I AICCTModule: SensorFilter: findSecondNearestValue, nearestMaxLux:2500.0
01-01 22:43:02.591  2454  2454 I AICCTModule: SensorFilter: findSecondNearestValue, secondNearestLux:2500.0
01-01 22:43:02.591  2454  2454 I AICCTModule: SensorFilter: updateCCT fixed cct=3000.0 luxQueue=[1.5684] cctQueue=[2500.0, 2500.0, 2500.0, 2500.0, 2500.0, 2500.0, 2500.0, 2500.0, 2500.0, 2500.0]
01-01 22:43:02.592  2454  9054 D AICCTModule: AICurveModel: handleMessage MSG_SENSOR_CHANGED, mSensorValue:3000.0
01-01 22:43:02.593  2454  9054 I AICCTModule: AICurveModel: findPointByX x:10.877226, rightPoint:Point:(10.879999, 5329.0, 5329.0)
01-01 22:43:02.593  2454  9054 I AICCTModule: AICurveModel: StablePoints has no dragSplineLine
01-01 22:43:02.593  2454  9054 I AICCTModule: AICurveModel: StablePoints y1Left:5329.0, y2Left:0.0, leftY:5329.0
01-01 22:43:02.593  2454  9054 I AICCTModule: AICurveModel: getNextPoint isLargeChange, 3003.0386, 5329.0
01-01 22:43:02.593  2454  9054 I AICCTModule: AICurveModel: handleUpdateCCT cct change from:(3003.038574,5329.000000)->(3003.038574,5329.000000),curPoint(3003.038574,5329.000000),stablePoint=LeftLarge(2500.0,5329.0)-RightLarge(2500.0,5329.0),LeftSmall(2500.0,5329.0)-RightSmall(2500.0,5329.0),TLSmall(2500.0,5329.0)-TRSmall(2500.0,5329.0)
01-01 22:43:02.593  2454  9054 I AICCTModule: AICurveModel: onTargetCCTChange cct change to 5329.0
01-01 22:43:02.789  2454  2454 I AICCTModule: AICurveModel: cct invalid = 2204.5525
01-01 22:43:02.828  7584  8288 D CommonScenarios-100-10762: transportLayerQosChange TransportLayerData{link_index=21, uid=10762, uplink_srtt=0, uplink_packets=0, uplink_retrans_packets=0, uplink_retrans_rate=0, downlink_srtt=0, downlink_packets=0, downlink_retrans_packets=0, downlink_retrans_rate=0, downlink_rate=0, uplink_udp_packets=0, downlink_udp_packets=0, uplink_tcp_rate=0, uplink_udp_rate=0, downlink_tcp_rate=0, downlink_udp_rate=0}
01-01 22:43:02.829  7584  8288 D CommonScenarios-100-10762: ActiveState process message 2
01-01 22:43:02.829  7584  8288 D CommonScenarios-100-10762: ActiveState EVENT_NETWORK_KPI_CHANGE
01-01 22:43:02.829  7584  8288 D CommonScenarios-100-10762: transport layer data is invalid
01-01 22:43:02.829  7584  8288 D CommonScenarios-100-10762: ActiveState EVENT_NETWORK_KPI_CHANGE score is invalid
01-01 22:43:02.920 15595 30073 D IHansComunication: HANS sendMessageToKernel: threadId = 512721992880, netLinkSetup = 1, type = FROZEN_TRANS, targetUid = 10288, pkgCmd = PKG_CMD_MAX
01-01 22:43:02.990  2454  2454 I AICCTModule: AICurveModel: cct invalid = 2204.5525
01-01 22:43:03.190  2454  2454 I AICCTModule: AICurveModel: cct invalid = 2204.5525
01-01 22:43:03.268  2454  4134 V AlarmManager: sending alarm Alarm{d406e1d type 3 origWhen 1842844 whenElapsed 1842855 android} uid 1000 whenElapsed 1842855 windowLength 1350000 maxWhenElapsed 3192855 repeatInterval 1800000 action com.android.server.action.NETWORK_STATS_POLL component null flags 0x8 procName system_server
01-01 22:43:03.274  2454  4134 V AlarmManager: sending alarm Alarm{de0b263 type 3 origWhen 1848753 whenElapsed 1848753 com.oplus.nhs} uid 1001 whenElapsed 1848753 windowLength 225000 maxWhenElapsed 2073753 repeatInterval 300000 action oplus.intent.action.INTERNAL_LOOP_UPDATE_ACTIVITYINFO_ALARM component ComponentInfo{com.oplus.nhs/com.oplus.nhs.pwr.ModemAci.ModemAciAlarmReceiver} flags 0x8 procName com.oplus.nhs
01-01 22:43:03.276  2454  4134 V AlarmManager: sending alarm Alarm{a984e60 type 3 origWhen 1885192 whenElapsed 1885192 android} uid 1000 whenElapsed 1885192 windowLength 56494 maxWhenElapsed 1941686 repeatInterval 0 action null component null tag *job.delay* flags 0x0 procName system_server
01-01 22:43:03.281  7589  7589 D ModemAciService: onReceive oplus.intent.action.INTERNAL_LOOP_UPDATE_ACTIVITYINFO_ALARM
01-01 22:43:03.283  7589  8143 I ModemAciService: handleMessage:12
01-01 22:43:03.283  1534  1794 E TetherController: property_get sys.radio.data.modem_share_flag return 0, 1!
01-01 22:43:03.283  7589  8143 I ModemAciService: handleMessage:14
01-01 22:43:03.293  7612  7612 D RadioMessenger: handleMessage Request msgid 2220
01-01 22:43:03.293  7612  7612 D RadioMessenger: handleSetSyncWithAp: -1, syncFlag: 1
01-01 22:43:03.293  7612  7612 D QtiRadioService: setSyncWithAp
01-01 22:43:03.293  3292  3318 D RadioService: setSyncWithAp with instance 0
01-01 22:43:03.293  3292  3318 D VendorService: VendorService::setSyncWithAp
01-01 22:43:03.293  3292  3322 D QmiVsClient: setSyncWithAp - enter
01-01 22:43:03.294  3292  3322 E QmiVsClient: sendAsyncRequest QMI_VS_SET_SYNC_WITH_AP_REQ_MSG_V01 ret 0
01-01 22:43:03.294  3292  3382 D QmiClient: qmiServiceEventCallback recv msg id 1085
01-01 22:43:03.294  3292  3382 D QmiVsClient: enter - onQmiServiceEventCallback msgId 1085
01-01 22:43:03.294  3292  3382 D QmiVsClientEvent: qmiVsClientNotifyNecEvent - RADIO_EVENT_NEC_IND
01-01 22:43:03.294  3292  3322 D VsProxy : handleMessage msg is 2403
01-01 22:43:03.294  3292  3322 D VsProxy : handleNecInd for instance 0
01-01 22:43:03.294  3292  3322 D VsProxy : handleMessage msg is 4001
01-01 22:43:03.294  3292  3322 D RadioProxy: setSyncWithAp : response cb for instance 0
01-01 22:43:03.295  3292  3292 D RadioServiceResponse: RadioServiceResponse::setSyncWithApResponse
01-01 22:43:03.295  7612  8057 D SubsysRadioResponse: setSyncWithApResponse info.error = 0
01-01 22:43:03.295  7612  8057 D RadioProxyJ: [PHONE0][108]< setSyncWithApResponse 
01-01 22:43:03.296  7612  7989 D SubsysRadioIndication: radioNecInd 
01-01 22:43:03.296  7612  7612 D RadioMessenger: handleMessage Response msgid 210
01-01 22:43:03.297  7584  8291 D SubsysCallManager: handleMessage what:102
01-01 22:43:03.297  2454  4187 V NetworkPolicy: updateNetworkEnabledNL() return
01-01 22:43:03.297  2454  4187 V NetworkPolicy: updateNotificationsNL not process
01-01 22:43:03.297  7584  8291 D SubsysCallManager: parseMdmInfoData len:392
01-01 22:43:03.297  7584  8291 D SubsysCallManager: onMdmEvent moduleId:6,eventId:4
01-01 22:43:03.297  7584  8291 D ModemDataAnalysis: phoneId = 0, moduleId = 6, onEvent...4, version = 0, size:380
01-01 22:43:03.297  7584  8291 D ModemDataAnalysis: isCallNeedsEventId needs = false
01-01 22:43:03.298  7589  8143 I ModemAciService: handleMessage:5
01-01 22:43:03.299  7589  8143 I ModemAciService: sendSettleObj2Statsd over!
01-01 22:43:03.300  2454  4004 D CompatibilityChangeReporter: Compat change id reported: 135634846; UID 10469; state: DISABLED
01-01 22:43:03.300  2454  4004 D CompatibilityChangeReporter: Compat change id reported: 177438394; UID 10469; state: DISABLED
01-01 22:43:03.300  2454  4004 D CompatibilityChangeReporter: Compat change id reported: 135772972; UID 10469; state: DISABLED
01-01 22:43:03.300  2454  4004 D CompatibilityChangeReporter: Compat change id reported: 135754954; UID 10469; state: ENABLED
01-01 22:43:03.302  7589  8143 I ModemAciService: UMF LO,DC: OplusModemActivityInfo{ date=01-01 22:43:03.298 modemPowermA[]=[11.60,11.60,11.60] sleepTimeMs=105159 idleTimeMs=1512 rxTimeMs=4853 5gRxTimeMs=0 txTimeMs[]=[0, 0, 0, 0, 0] 5gTxTimeMsSIM1=[0, 0, 0, 0, 0, 0, 0, 0] 5gTxTimeMsSIM2=[0, 0, 0, 0, 0, 0, 0, 0] 5gTxTimeSum[]=[0, 0] techTimeMs[]=[0, 0, 4853, 0, 359, 0, 0, 0, 0] rrcConn10sC[]=[0, 0] rrcConn20sC[]=[0, 0] rrcConnMore20sC[]=[0, 0] rrcConnC[]=[0, 0] csChangedC[]=[0, 0] psChangedC[]=[0, 0] iRatC[]=[0, 0] cellUpdateC[]=[0, 0] nwSrchC[]=[0, 0] nwSrchT[]=[0, 0] lteRrcConnT[]=[0, 0] psRegT[]=[0, 0] csRegT[]=[112, 0] psNoRegT[]=[112, 112] csNoRegT[]=[0, 112] sigGrid0T[]=[0, 0] endcActT[]=[0, 0] saActT[]=[0, 0] gpsTimeMs=3102 wlanTimeMs=0 regReqFbC[]=[0, 0] regReqTransAcqDbC[]=[0, 0] saRrcConn10sC[]=[0, 0] saRrcConn20sC[]=[0, 0] saRrcConnMore20sC[]=[0, 0] saRrcConnC[]=[0, 0] lteHoC[]=[0, 0] saHoC[]=[0, 0] saRrcConnT[]=[0, 0] sensorStationaryC=0 sensorStationaryT=0 modemStationaryC=0 modemStationaryT=0}
01-01 22:43:03.303  7589  7589 D PowerMitigationService: checkAbnormalState SALTEPINGPONG isAbnormalState=[0, 0] isRestrainState=[0, 0] SAACTIVEHIGH isAbnormalState=[0, 0] isRestrainState=[0, 0] NOSIMLOWSLEEPRATIO isAbnormalState=[0] isRestrainState=[0] FREQUENTMODEMDATA isAbnormalState=[0, 0] isRestrainState=[0, 0] 5GRXACTIVEHIGH isAbnormalState=[0, 0] isRestrainState=[0, 0] IDLERATIOHIGH isAbnormalState=[0, 0] isRestrainState=[0, 0] 
01-01 22:43:03.303  7589  7589 D PowerMitigationService: handleMessage: { when=-1ms what=10 target=w0.b$b }
01-01 22:43:03.305  7589  8143 E PowerMitigationService: onPowerKpiChanged():SettleObj{ what=LO date=01-01 22:43:03.302 duration=1049 screenOnRatio=0 screenOffRatio=0 power=0 current=0 networkType=null dataNetworkType=0 signalStrength=0 aodState=0 softAp=false charge=false simCount=0 defaultPhone=0 apssSleepC=0 apssSleepRatio=0 mpssSleepC=0 mpssSleepRatio=0 vminSleepC=0 vminSleepRatio=0 vlowSleepC=0 vlowSleepRatio=0 modemPowermA[]=[14.92,14.92,14.92] sleepRatio=91.46 idleRatio=0.61 rxRatio=7.93 5gRxRatio=0 txSumRatio=0 txRatio[]=[0,0,0,0,0] 5gTxRatioSIM1=[0,0,0,0,0,0,0,0] 5gTxRatioSIM2=[0,0,0,0,0,0,0,0] techRatio[]=[0,0,7.93,0,0.79,0,0,0,0]5gTxSumRatio=0 rrcConn10sC[]=[0, 0] rrcConn20sC[]=[0, 0] rrcConnMore20sC[]=[0, 0] rrcConnC[]=[0, 0] csChangedC[]=[0, 0] psChangedC[]=[0, 0] nwSrchC[]=[0, 0] nwSrchRatio[]=[0,0] lteRrcConnRatio[]=[0,0] psRegRatio[]=[0,0] csRegRatio[]=[99.96,0] psNoRegRatio[]=[99.96,99.96] csNoRegRatio[]=[0,99.96] sigGrid0Ratio[]=[0,0] endcActRatio[]=[0,0] saActRatio[]=[0,0] gpsRatio=0.30 wlanRatio=0 qrtrWakeupC={} allWakeupC={} appInWakeupC={} appOutWakeupC={} appWakeupRatio={} appTrafficC={} regReqFbC=[0, 0] regReqTransAcqDbC=[0, 0] saRrcConn10sC[]=[0, 0] saRrcConn20sC[]=[0, 0] saRrcConnMore20sC[]=[0, 0] saRrcConnC[]=[0, 0] lteHoC[]=[0, 0] saHoC[]=[0, 0] saRrcConnRatio[]=[0,0] lteBandRatiosim0[]=[0,0,0,0,0,0,0,0,0] lteBandRatiosim1[]=[0,0,0,0,0,0,0,0,0] nrBandRatiosim0[]=[0,0,0,0,0,0,0,0] nrBandRatiosim1[]=[0,0,0,0,0,0,0,0] sensorStationaryC=0 sensorStationaryT=0 modemStationaryC=0 modemStationaryT=0 cellUpdateC[]=[4, 0] iRatC[]=[0, 0]}
01-01 22:43:03.308  2454  4004 D CompatibilityChangeReporter: Compat change id reported: 135634846; UID 10313; state: DISABLED
01-01 22:43:03.308  2454  4004 D CompatibilityChangeReporter: Compat change id reported: 177438394; UID 10313; state: DISABLED
01-01 22:43:03.308  2454  4004 D CompatibilityChangeReporter: Compat change id reported: 135772972; UID 10313; state: DISABLED
01-01 22:43:03.308  2454  4004 D CompatibilityChangeReporter: Compat change id reported: 135754954; UID 10313; state: ENABLED
01-01 22:43:03.308  1536  1536 D Zygote  : Forked child process 15581
01-01 22:43:03.308  2454  3683 I ActivityManager: Start proc 15581:com.miclaro.app/u0a469 for service {com.miclaro.app/androidx.work.impl.background.systemjob.SystemJobService}
01-01 22:43:03.311  7584  8288 D TrafficAlert: onReceive: actioncom.android.server.action.NETWORK_STATS_UPDATED
01-01 22:43:03.316  1536  1536 D Zygote  : Forked child process 15583
01-01 22:43:03.316  2454  3683 I ActivityManager: Start proc 15583:com.krealo.tenpo/u0a313 for service {com.krealo.tenpo/androidx.work.impl.background.systemjob.SystemJobService}
01-01 22:43:03.318  7584  8288 V MonthTrafficAlert: getWarningNotification subId:1 numWarningNotificaion:0
01-01 22:43:03.318  7584  8288 V TrafficAlert: getLimitNotification subId:1 ,numLimitNotificaion:0
01-01 22:43:03.390  1537  1537 I zygiskd64:  - Sending companion fd socket of module "zygisk_lsposed"
01-01 22:43:03.390  2469  2469 I zygiskd-companion64: New companion request.
01-01 22:43:03.390  2469  2469 I zygiskd-companion64:  - Module name: zygisk_lsposed
01-01 22:43:03.390  2469  2469 I zygiskd-companion64:  - Client fd: 6
01-01 22:43:03.388  2454  2454 I AICCTModule: AICurveModel: cct invalid = 2204.5525
01-01 22:43:03.390  1537  1537 I zygiskd64:  - Sending companion fd socket of module "zygisk_lsposed"
01-01 22:43:03.390  2469  2469 I zygiskd-companion64: New companion request.
01-01 22:43:03.390  2469  2469 I zygiskd-companion64:  - Module name: zygisk_lsposed
01-01 22:43:03.390  2469  2469 I zygiskd-companion64:  - Client fd: 8
01-01 22:43:03.407  1537  1537 I zygiskd64:  - Sending companion fd socket of module "zygisk-assistant"
01-01 22:43:03.407  7941  7941 I zygiskd-companion64: New companion request.
01-01 22:43:03.407  7941  7941 I zygiskd-companion64:  - Module name: zygisk-assistant
01-01 22:43:03.407  7941  7941 I zygiskd-companion64:  - Client fd: 6
01-01 22:43:03.408 15581 15581 I COPGModule: Module loaded
01-01 22:43:03.408 15581 15581 I COPGModule: [CONFIG] Loading config...
01-01 22:43:03.408  1537  1537 I zygiskd64:  - Sending companion fd socket of module "zygisk-assistant"
01-01 22:43:03.408 15581 15581 I COPGModule: [CONFIG] Loaded: 15 devices, 2 cpu_only, 4 blacklist
01-01 22:43:03.408  7941  7941 I zygiskd-companion64: New companion request.
01-01 22:43:03.408  7941  7941 I zygiskd-companion64:  - Module name: zygisk-assistant
01-01 22:43:03.408  7941  7941 I zygiskd-companion64:  - Client fd: 7
01-01 22:43:03.408 15581 15581 I COPGModule: [PKG] Processing: com.miclaro.app
01-01 22:43:03.408 15581 15581 I COPGModule: com.miclaro.app: Not in config, closing
01-01 22:43:03.409 15583 15583 I COPGModule: Module loaded
01-01 22:43:03.409 15583 15583 I COPGModule: [CONFIG] Loading config...
01-01 22:43:03.409 15583 15583 I COPGModule: [CONFIG] Loaded: 15 devices, 2 cpu_only, 4 blacklist
01-01 22:43:03.409 15583 15583 I COPGModule: [PKG] Processing: com.krealo.tenpo
01-01 22:43:03.409 15583 15583 I COPGModule: com.krealo.tenpo: Not in config, closing
01-01 22:43:03.428  7941 15610 I zygiskd-companion64:  - Client fd changed after module entry
01-01 22:43:03.434  7941 15609 I zygiskd-companion64:  - Client fd changed after module entry
01-01 22:43:03.441 15583 15583 E om.krealo.tenpo: Unknown bits set in runtime_flags: 0x40000000
01-01 22:43:03.441 15583 15583 I om.krealo.tenpo: Using CollectorTypeCC GC.
01-01 22:43:03.441 15581 15581 E com.miclaro.app: Unknown bits set in runtime_flags: 0x40000000
01-01 22:43:03.442 15581 15581 I com.miclaro.app: Using CollectorTypeCC GC.
01-01 22:43:03.445 15581 15581 E com.miclaro.app: Not starting debugger since process cannot load the jdwp agent.
01-01 22:43:03.445 15583 15583 E om.krealo.tenpo: Not starting debugger since process cannot load the jdwp agent.
01-01 22:43:03.454 15583 15583 D OplusActivityThreadExtImpl: java.lang.NoSuchMethodException: dalvik.system.VMRuntime.SupressionGC [int, int]
01-01 22:43:03.454 15581 15581 D OplusActivityThreadExtImpl: java.lang.NoSuchMethodException: dalvik.system.VMRuntime.SupressionGC [int, int]
01-01 22:43:03.454 15581 15581 W libc    : Access denied finding property "persist.vendor.sys.activitylog"
01-01 22:43:03.454 15583 15583 W libc    : Access denied finding property "persist.vendor.sys.activitylog"
01-01 22:43:03.455 15583 15583 I OneTrace: Mark active for pid=15583? true
01-01 22:43:03.455 15581 15581 I OneTrace: Mark active for pid=15581? true
01-01 22:43:03.455 15581 15581 D cutils-dev: otrace_set_tracing_enabled? true tag:0
01-01 22:43:03.455 15583 15583 D cutils-dev: otrace_set_tracing_enabled? true tag:0
01-01 22:43:03.455 15581 15581 D cutils-dev: properties changed in otrace_seq_number_changed!
01-01 22:43:03.455 15583 15583 D cutils-dev: properties changed in otrace_seq_number_changed!
01-01 22:43:03.459  2454  7356 D CompatibilityChangeReporter: Compat change id reported: 168419799; UID 10313; state: DISABLED
01-01 22:43:03.459  2454  7356 D CompatibilityChangeReporter: Compat change id reported: 273564678; UID 10313; state: DISABLED
01-01 22:43:03.459  2454  7356 D ActivityTaskManagerServiceExtImpl: preBindApplication record is null
01-01 22:43:03.459  2454  7356 D RGBNormalizeServer: OplusRGBNormalize feature enabled ? false
01-01 22:43:03.460  2454  7356 D ResourcesManagerCache: For package com.krealo.tenpo we got cacheList [null] appInfoExt is null ? false hasFeature ? false
01-01 22:43:03.462  2454  7841 I OplusHansManager : onUidActive(), uid=10313, pkgName=com.krealo.tenpo, can enter SM
01-01 22:43:03.463  2454  4004 D CompatibilityChangeReporter: Compat change id reported: 265195908; UID 10313; state: ENABLED
01-01 22:43:03.465  2454  4317 D OplusSplitScreenManagerService: com.psyhackers.ashera supportsSplitScreen by forceResizable activity return:true
01-01 22:43:03.465  2454  7667 D CompatibilityChangeReporter: Compat change id reported: 168419799; UID 10469; state: DISABLED
01-01 22:43:03.465  2454  7667 D CompatibilityChangeReporter: Compat change id reported: 273564678; UID 10469; state: DISABLED
01-01 22:43:03.466  2454  7667 D ActivityTaskManagerServiceExtImpl: preBindApplication record is null
01-01 22:43:03.466  2454  7667 D RGBNormalizeServer: OplusRGBNormalize feature enabled ? false
01-01 22:43:03.466  2454  7667 D ResourcesManagerCache: For package com.miclaro.app we got cacheList [null] appInfoExt is null ? false hasFeature ? false
01-01 22:43:03.466  2454  7841 I OplusHansManager : onUidActive() update stay time, uid=10313, pkgName=com.krealo.tenpo, U stay=1248
01-01 22:43:03.466  2454  7592 I OplusHansManager : uid=10313, pkg=com.krealo.tenpo enter SM
01-01 22:43:03.466  2454  7592 I OplusHansManager : uid=10313, pkg=com.krealo.tenpo R enter(), D stay=0
01-01 22:43:03.467 15583 15583 D OplusActivityManager: get AMS extension: android.os.BinderProxy@f7ba83
01-01 22:43:03.468  2454  7841 I OplusHansManager : onUidActive(), uid=10469, pkgName=com.miclaro.app, can enter SM
01-01 22:43:03.468  2454  7841 I OplusHansManager : onUidActive() update stay time, uid=10469, pkgName=com.miclaro.app, U stay=901
01-01 22:43:03.468  2454  4004 D CompatibilityChangeReporter: Compat change id reported: 265195908; UID 10469; state: ENABLED
01-01 22:43:03.468  2454  7592 I OplusHansManager : uid=10469, pkg=com.miclaro.app enter SM
01-01 22:43:03.468  2454  7592 I OplusHansManager : uid=10469, pkg=com.miclaro.app R enter(), D stay=0
01-01 22:43:03.468  2454  4317 D OplusSplitScreenManagerService: com.psyhackers.ashera supportsSplitScreen by forceResizable activity return:true
01-01 22:43:03.469 15583 15665 D OplusAppHeapManager: java.lang.NoSuchMethodException: dalvik.system.VMRuntime.updateProcessValue [int, int, int]
01-01 22:43:03.469 15583 15665 D CompatibilityInfo: setOverrideInvertedScale  1.0 to 1.0
01-01 22:43:03.470 15583 15583 D callGcSupression: java.lang.NullPointerException: Attempt to invoke virtual method 'java.lang.Object java.lang.reflect.Method.invoke(java.lang.Object, java.lang.Object[])' on a null object reference
01-01 22:43:03.470 15583 15583 D CompatibilityChangeReporter: Compat change id reported: 171979766; UID 10313; state: ENABLED
01-01 22:43:03.470  2454  3660 D OplusInterceptLockScreenWindow: starting IOplusLockScreenCallbacks service...
01-01 22:43:03.471 15581 15666 D OplusAppHeapManager: java.lang.NoSuchMethodException: dalvik.system.VMRuntime.updateProcessValue [int, int, int]
01-01 22:43:03.472 15581 15666 D CompatibilityInfo: setOverrideInvertedScale  1.0 to 1.0
01-01 22:43:03.473 15581 15581 D OplusActivityManager: get AMS extension: android.os.BinderProxy@f7ba83
01-01 22:43:03.475 15583 15583 I OplusFeatureCache: Milliseconds spent on init(): 4
01-01 22:43:03.475 15583 15583 D CompactWindowAppManager: initCompactApplicationInfo CompactMode: , NormalMode: 
01-01 22:43:03.475 15581 15581 D callGcSupression: java.lang.NullPointerException: Attempt to invoke virtual method 'java.lang.Object java.lang.reflect.Method.invoke(java.lang.Object, java.lang.Object[])' on a null object reference
01-01 22:43:03.476 15581 15581 D CompatibilityChangeReporter: Compat change id reported: 171979766; UID 10469; state: ENABLED
01-01 22:43:03.476  2454  7667 D CompatibilityChangeReporter: Compat change id reported: 170503758; UID 10313; state: ENABLED
01-01 22:43:03.477 15583 15583 D OplusScrollToTopManager: setIsInWhiteList false
01-01 22:43:03.477 15583 15583 D OplusViewDebugManager: OplusViewDebugManager Constructor android.view.debug.OplusViewDebugManager@5717bdf [mHasViewDebugProperty true] [mHasMsgDebugProperty false] [DEBUG false] [EXTRAINFOENABLE false] [LIGHT_OS false]
01-01 22:43:03.477 15583 15583 D CompatibilityChangeReporter: Compat change id reported: 242716250; UID 10313; state: ENABLED
01-01 22:43:03.480 15583 15583 W libc    : Access denied finding property "ro.odm.prev.product.name"
01-01 22:43:03.480 15581 15581 I OplusFeatureCache: Milliseconds spent on init(): 4
01-01 22:43:03.480 15581 15581 D CompactWindowAppManager: initCompactApplicationInfo CompactMode: , NormalMode: 
01-01 22:43:03.481  2454  7667 D CompatibilityChangeReporter: Compat change id reported: 170503758; UID 10469; state: ENABLED
01-01 22:43:03.481 15581 15581 D OplusScrollToTopManager: setIsInWhiteList false
01-01 22:43:03.482 15581 15581 D OplusViewDebugManager: OplusViewDebugManager Constructor android.view.debug.OplusViewDebugManager@5717bdf [mHasViewDebugProperty true] [mHasMsgDebugProperty false] [DEBUG false] [EXTRAINFOENABLE false] [LIGHT_OS false]
01-01 22:43:03.482 15581 15581 D CompatibilityChangeReporter: Compat change id reported: 242716250; UID 10469; state: ENABLED
01-01 22:43:03.484 15581 15581 W libc    : Access denied finding property "ro.odm.prev.product.name"
01-01 22:43:03.485 15583 15583 D nativeloader: Configuring clns-4 for other apk /system/framework/org.apache.http.legacy.jar. target_sdk_version=35, uses_libraries=ALL, library_path=/data/app/~~neVlo0uWT0MDH1JxuIirpw==/com.krealo.tenpo-O_NC0Qp3Gfs8DLGQdnStVg==/lib/arm64:/data/app/~~neVlo0uWT0MDH1JxuIirpw==/com.krealo.tenpo-O_NC0Qp3Gfs8DLGQdnStVg==/base.apk!/lib/arm64-v8a:/data/app/~~neVlo0uWT0MDH1JxuIirpw==/com.krealo.tenpo-O_NC0Qp3Gfs8DLGQdnStVg==/split_config.arm64_v8a.apk!/lib/arm64-v8a:/data/app/~~neVlo0uWT0MDH1JxuIirpw==/com.krealo.tenpo-O_NC0Qp3Gfs8DLGQdnStVg==/split_config.en.apk!/lib/arm64-v8a:/data/app/~~neVlo0uWT0MDH1JxuIirpw==/com.krealo.tenpo-O_NC0Qp3Gfs8DLGQdnStVg==/split_config.es.apk!/lib/arm64-v8a:/data/app/~~neVlo0uWT0MDH1JxuIirpw==/com.krealo.tenpo-O_NC0Qp3Gfs8DLGQdnStVg==/split_config.xxhdpi.apk!/lib/arm64-v8a, permitted_path=/data:/mnt/expand:/data/user/0/com.krealo.tenpo
01-01 22:43:03.485 15583 15583 D nativeloader: Extending system_exposed_libraries: libbinauralrenderer_wrapper.qti.so:libhoaeffects.qti.so:libSloganJni.oplus.so:libsuperNight.oplus.so:libAPSClient-cmd-jni-extension.oplus.so:libupdateprof.qti.so:libQOC.qti.so:libthermalclient.qti.so:libqape.qti.so:libqesdk_ndk_platform.qti.so:liblistenjni.qti.so
01-01 22:43:03.489 15583 15583 D nativeloader: Configuring clns-5 for other apk /system_ext/framework/androidx.window.extensions.jar. target_sdk_version=35, uses_libraries=ALL, library_path=/data/app/~~neVlo0uWT0MDH1JxuIirpw==/com.krealo.tenpo-O_NC0Qp3Gfs8DLGQdnStVg==/lib/arm64:/data/app/~~neVlo0uWT0MDH1JxuIirpw==/com.krealo.tenpo-O_NC0Qp3Gfs8DLGQdnStVg==/base.apk!/lib/arm64-v8a:/data/app/~~neVlo0uWT0MDH1JxuIirpw==/com.krealo.tenpo-O_NC0Qp3Gfs8DLGQdnStVg==/split_config.arm64_v8a.apk!/lib/arm64-v8a:/data/app/~~neVlo0uWT0MDH1JxuIirpw==/com.krealo.tenpo-O_NC0Qp3Gfs8DLGQdnStVg==/split_config.en.apk!/lib/arm64-v8a:/data/app/~~neVlo0uWT0MDH1JxuIirpw==/com.krealo.tenpo-O_NC0Qp3Gfs8DLGQdnStVg==/split_config.es.apk!/lib/arm64-v8a:/data/app/~~neVlo0uWT0MDH1JxuIirpw==/com.krealo.tenpo-O_NC0Qp3Gfs8DLGQdnStVg==/split_config.xxhdpi.apk!/lib/arm64-v8a, permitted_path=/data:/mnt/expand:/data/user/0/com.krealo.tenpo
01-01 22:43:03.489 15583 15583 D nativeloader: Extending system_exposed_libraries: libbinauralrenderer_wrapper.qti.so:libhoaeffects.qti.so:libSloganJni.oplus.so:libsuperNight.oplus.so:libAPSClient-cmd-jni-extension.oplus.so:libupdateprof.qti.so:libQOC.qti.so:libthermalclient.qti.so:libqape.qti.so:libqesdk_ndk_platform.qti.so:liblistenjni.qti.so
01-01 22:43:03.490 15581 15581 D nativeloader: Configuring clns-4 for other apk /system/framework/org.apache.http.legacy.jar. target_sdk_version=35, uses_libraries=ALL, library_path=/data/app/~~3k3Z72WAu8HSvepN9s9KJg==/com.miclaro.app-3Q85JUF3sg0aXeSDWOk4JQ==/lib/arm64:/data/app/~~3k3Z72WAu8HSvepN9s9KJg==/com.miclaro.app-3Q85JUF3sg0aXeSDWOk4JQ==/base.apk!/lib/arm64-v8a:/data/app/~~3k3Z72WAu8HSvepN9s9KJg==/com.miclaro.app-3Q85JUF3sg0aXeSDWOk4JQ==/split_config.arm64_v8a.apk!/lib/arm64-v8a:/data/app/~~3k3Z72WAu8HSvepN9s9KJg==/com.miclaro.app-3Q85JUF3sg0aXeSDWOk4JQ==/split_config.es.apk!/lib/arm64-v8a:/data/app/~~3k3Z72WAu8HSvepN9s9KJg==/com.miclaro.app-3Q85JUF3sg0aXeSDWOk4JQ==/split_config.xxhdpi.apk!/lib/arm64-v8a, permitted_path=/data:/mnt/expand:/data/user/0/com.miclaro.app
01-01 22:43:03.490 15581 15581 D nativeloader: Extending system_exposed_libraries: libbinauralrenderer_wrapper.qti.so:libhoaeffects.qti.so:libSloganJni.oplus.so:libsuperNight.oplus.so:libAPSClient-cmd-jni-extension.oplus.so:libupdateprof.qti.so:libQOC.qti.so:libthermalclient.qti.so:libqape.qti.so:libqesdk_ndk_platform.qti.so:liblistenjni.qti.so
01-01 22:43:03.492 15583 15583 D nativeloader: Configuring clns-6 for other apk /system_ext/framework/androidx.window.sidecar.jar. target_sdk_version=35, uses_libraries=ALL, library_path=/data/app/~~neVlo0uWT0MDH1JxuIirpw==/com.krealo.tenpo-O_NC0Qp3Gfs8DLGQdnStVg==/lib/arm64:/data/app/~~neVlo0uWT0MDH1JxuIirpw==/com.krealo.tenpo-O_NC0Qp3Gfs8DLGQdnStVg==/base.apk!/lib/arm64-v8a:/data/app/~~neVlo0uWT0MDH1JxuIirpw==/com.krealo.tenpo-O_NC0Qp3Gfs8DLGQdnStVg==/split_config.arm64_v8a.apk!/lib/arm64-v8a:/data/app/~~neVlo0uWT0MDH1JxuIirpw==/com.krealo.tenpo-O_NC0Qp3Gfs8DLGQdnStVg==/split_config.en.apk!/lib/arm64-v8a:/data/app/~~neVlo0uWT0MDH1JxuIirpw==/com.krealo.tenpo-O_NC0Qp3Gfs8DLGQdnStVg==/split_config.es.apk!/lib/arm64-v8a:/data/app/~~neVlo0uWT0MDH1JxuIirpw==/com.krealo.tenpo-O_NC0Qp3Gfs8DLGQdnStVg==/split_config.xxhdpi.apk!/lib/arm64-v8a, permitted_path=/data:/mnt/expand:/data/user/0/com.krealo.tenpo
01-01 22:43:03.492 15583 15583 D nativeloader: Extending system_exposed_libraries: libbinauralrenderer_wrapper.qti.so:libhoaeffects.qti.so:libSloganJni.oplus.so:libsuperNight.oplus.so:libAPSClient-cmd-jni-extension.oplus.so:libupdateprof.qti.so:libQOC.qti.so:libthermalclient.qti.so:libqape.qti.so:libqesdk_ndk_platform.qti.so:liblistenjni.qti.so
01-01 22:43:03.493 15581 15581 D nativeloader: Configuring clns-5 for other apk /system_ext/framework/androidx.window.extensions.jar. target_sdk_version=35, uses_libraries=ALL, library_path=/data/app/~~3k3Z72WAu8HSvepN9s9KJg==/com.miclaro.app-3Q85JUF3sg0aXeSDWOk4JQ==/lib/arm64:/data/app/~~3k3Z72WAu8HSvepN9s9KJg==/com.miclaro.app-3Q85JUF3sg0aXeSDWOk4JQ==/base.apk!/lib/arm64-v8a:/data/app/~~3k3Z72WAu8HSvepN9s9KJg==/com.miclaro.app-3Q85JUF3sg0aXeSDWOk4JQ==/split_config.arm64_v8a.apk!/lib/arm64-v8a:/data/app/~~3k3Z72WAu8HSvepN9s9KJg==/com.miclaro.app-3Q85JUF3sg0aXeSDWOk4JQ==/split_config.es.apk!/lib/arm64-v8a:/data/app/~~3k3Z72WAu8HSvepN9s9KJg==/com.miclaro.app-3Q85JUF3sg0aXeSDWOk4JQ==/split_config.xxhdpi.apk!/lib/arm64-v8a, permitted_path=/data:/mnt/expand:/data/user/0/com.miclaro.app
01-01 22:43:03.493 15581 15581 D nativeloader: Extending system_exposed_libraries: libbinauralrenderer_wrapper.qti.so:libhoaeffects.qti.so:libSloganJni.oplus.so:libsuperNight.oplus.so:libAPSClient-cmd-jni-extension.oplus.so:libupdateprof.qti.so:libQOC.qti.so:libthermalclient.qti.so:libqape.qti.so:libqesdk_ndk_platform.qti.so:liblistenjni.qti.so
01-01 22:43:03.496 15581 15581 D nativeloader: Configuring clns-6 for other apk /system_ext/framework/androidx.window.sidecar.jar. target_sdk_version=35, uses_libraries=ALL, library_path=/data/app/~~3k3Z72WAu8HSvepN9s9KJg==/com.miclaro.app-3Q85JUF3sg0aXeSDWOk4JQ==/lib/arm64:/data/app/~~3k3Z72WAu8HSvepN9s9KJg==/com.miclaro.app-3Q85JUF3sg0aXeSDWOk4JQ==/base.apk!/lib/arm64-v8a:/data/app/~~3k3Z72WAu8HSvepN9s9KJg==/com.miclaro.app-3Q85JUF3sg0aXeSDWOk4JQ==/split_config.arm64_v8a.apk!/lib/arm64-v8a:/data/app/~~3k3Z72WAu8HSvepN9s9KJg==/com.miclaro.app-3Q85JUF3sg0aXeSDWOk4JQ==/split_config.es.apk!/lib/arm64-v8a:/data/app/~~3k3Z72WAu8HSvepN9s9KJg==/com.miclaro.app-3Q85JUF3sg0aXeSDWOk4JQ==/split_config.xxhdpi.apk!/lib/arm64-v8a, permitted_path=/data:/mnt/expand:/data/user/0/com.miclaro.app
01-01 22:43:03.496 15581 15581 D nativeloader: Extending system_exposed_libraries: libbinauralrenderer_wrapper.qti.so:libhoaeffects.qti.so:libSloganJni.oplus.so:libsuperNight.oplus.so:libAPSClient-cmd-jni-extension.oplus.so:libupdateprof.qti.so:libQOC.qti.so:libthermalclient.qti.so:libqape.qti.so:libqesdk_ndk_platform.qti.so:liblistenjni.qti.so
01-01 22:43:03.557 15581 15581 W ziparchive: Unable to open '/data/app/~~3k3Z72WAu8HSvepN9s9KJg==/com.miclaro.app-3Q85JUF3sg0aXeSDWOk4JQ==/split_config.arm64_v8a.dm': No such file or directory
01-01 22:43:03.557 15581 15581 W ziparchive: Unable to open '/data/app/~~3k3Z72WAu8HSvepN9s9KJg==/com.miclaro.app-3Q85JUF3sg0aXeSDWOk4JQ==/split_config.arm64_v8a.dm': No such file or directory
01-01 22:43:03.557 15581 15581 W com.miclaro.app: Entry not found
01-01 22:43:03.558 15581 15581 W ziparchive: Unable to open '/data/app/~~3k3Z72WAu8HSvepN9s9KJg==/com.miclaro.app-3Q85JUF3sg0aXeSDWOk4JQ==/split_config.es.dm': No such file or directory
01-01 22:43:03.558 15581 15581 W ziparchive: Unable to open '/data/app/~~3k3Z72WAu8HSvepN9s9KJg==/com.miclaro.app-3Q85JUF3sg0aXeSDWOk4JQ==/split_config.es.dm': No such file or directory
01-01 22:43:03.558 15581 15581 W com.miclaro.app: Entry not found
01-01 22:43:03.558 15581 15581 W ziparchive: Unable to open '/data/app/~~3k3Z72WAu8HSvepN9s9KJg==/com.miclaro.app-3Q85JUF3sg0aXeSDWOk4JQ==/split_config.xxhdpi.dm': No such file or directory
01-01 22:43:03.558 15581 15581 W ziparchive: Unable to open '/data/app/~~3k3Z72WAu8HSvepN9s9KJg==/com.miclaro.app-3Q85JUF3sg0aXeSDWOk4JQ==/split_config.xxhdpi.dm': No such file or directory
01-01 22:43:03.558 15581 15581 W com.miclaro.app: Entry not found
01-01 22:43:03.559 15581 15581 D nativeloader: Configuring clns-7 for other apk /data/app/~~3k3Z72WAu8HSvepN9s9KJg==/com.miclaro.app-3Q85JUF3sg0aXeSDWOk4JQ==/base.apk:/data/app/~~3k3Z72WAu8HSvepN9s9KJg==/com.miclaro.app-3Q85JUF3sg0aXeSDWOk4JQ==/split_config.arm64_v8a.apk:/data/app/~~3k3Z72WAu8HSvepN9s9KJg==/com.miclaro.app-3Q85JUF3sg0aXeSDWOk4JQ==/split_config.es.apk:/data/app/~~3k3Z72WAu8HSvepN9s9KJg==/com.miclaro.app-3Q85JUF3sg0aXeSDWOk4JQ==/split_config.xxhdpi.apk. target_sdk_version=35, uses_libraries=, library_path=/data/app/~~3k3Z72WAu8HSvepN9s9KJg==/com.miclaro.app-3Q85JUF3sg0aXeSDWOk4JQ==/lib/arm64:/data/app/~~3k3Z72WAu8HSvepN9s9KJg==/com.miclaro.app-3Q85JUF3sg0aXeSDWOk4JQ==/base.apk!/lib/arm64-v8a:/data/app/~~3k3Z72WAu8HSvepN9s9KJg==/com.miclaro.app-3Q85JUF3sg0aXeSDWOk4JQ==/split_config.arm64_v8a.apk!/lib/arm64-v8a:/data/app/~~3k3Z72WAu8HSvepN9s9KJg==/com.miclaro.app-3Q85JUF3sg0aXeSDWOk4JQ==/split_config.es.apk!/lib/arm64-v8a:/data/app/~~3k3Z72WAu8HSvepN9s9KJg==/com.miclaro.app-3Q85JUF3sg0aXeSDWOk4JQ==/split_config.xxhdpi.apk!/lib/arm64-v8a, per
01-01 22:43:03.577 15581 15581 V GraphicsEnvironment: Currently set values for:
01-01 22:43:03.577 15581 15581 V GraphicsEnvironment:   angle_gl_driver_selection_pkgs=[]
01-01 22:43:03.577 15581 15581 V GraphicsEnvironment:   angle_gl_driver_selection_values=[]
01-01 22:43:03.578 15581 15581 V GraphicsEnvironment: ANGLE GameManagerService for com.miclaro.app: false
01-01 22:43:03.578 15581 15581 V GraphicsEnvironment: com.miclaro.app is not listed in per-application setting
