01-06 10:42:06.636  2321  3572 I DisplayManagerServiceExtImpl: handle logical display changed logicalDisplay=id=0,stack=0,content=true,displayInfo{stack=0,type=1,id=0,uId=local:4630946950956839810,state=ON,pkg=null}
01-06 10:42:06.638  2321  5744 D OplusSplitScreenManagerService: com.android.settings supportsSplitScreen by forceResizable activity return:true
01-06 10:42:06.638  2321  5744 D OplusSplitScreenManagerService: com.android.settings supportsSplitScreen by forceResizable activity return:true
01-06 10:42:06.642  2321  5707 D OplusDisplayManagerServiceEnhance: OplusDisplayManagerServiceEnhance setSpecBrightness gear = 0 reason = com.android.settings@temperature@32@normal rate = -1
01-06 10:42:06.642  2321  3643 I OplusSmartBrightnessController: handleMessage MSG_TEMPERATURE_LIMIT_BRIGHTNESS_CHANGED.
01-06 10:42:06.642  2321  3643 D OplusFeatureTemperatureLimitBrightness: new parameter!ControlInfo:[ gear = 0 reason = com.android.settings@temperature@32@normal brightness = 10238 package = com.android.settings type = temperature temperature = 32 priority = normal rate = -1] HadDragPoint = false mode = 1
01-06 10:42:06.642  2321  3643 D OplusFeatureTemperatureLimitBrightness: isResetUpdate = false isNormalUpdate = true isSafetyRegulationsForceUpdate = false mLastBrightnessLimit = 10238
01-06 10:42:06.642  2321  3643 D OplusFeatureTemperatureLimitBrightness: mBrightnessLimit = 10238
01-06 10:42:06.642  2321  3641 D ColorAutomaticBrightnessController: MSG_UPDATE_BRIGHTNESS
01-06 10:42:06.643  2321  3641 D OplusSmartBrightnessController: force rate to be fast displayId[0]=123 -> 6400 boostMode=1
01-06 10:42:06.646  2321  4432 D VRR [OPlusRefreshRateService]:  setFrameRateTargetControl [ 0.0 , com.android.settings , false , com.oplus.battery ]
01-06 10:42:06.646  2321  4432 D VRR [OPlusExternalRefreshRateManager]:  [FRTC] FrameRate : 0 com.android.settings false com.oplus.battery 0 1000
01-06 10:42:06.647  2321  5744 I WindowManager: Window{9274cec u0 OnScreenFingerprintIcon} state from DRAW_PENDING to COMMIT_DRAW_PENDING; reason: finishDrawingLocked
01-06 10:42:06.649  2321  3573 I WindowManager: Window{9274cec u0 OnScreenFingerprintIcon} state from COMMIT_DRAW_PENDING to READY_TO_SHOW; reason: commitFinishDrawingLocked
01-06 10:42:06.649  2321  3573 I WindowManager: Window{9274cec u0 OnScreenFingerprintIcon} state from READY_TO_SHOW to HAS_DRAWN; reason: performShowLocked
01-06 10:42:06.650  2321  3573 D DisplayManagerService: performTraversalInternal pendingTraversal
01-06 10:42:06.650  2321  3573 D DisplayDevice: setLayerStackLocked id=local:4630946950956839810 token=android.os.BinderProxy@a02df0d stack=0->0
01-06 10:42:06.652  2321  5965 V WindowManager: Relayout Window{2f149a2 u0 OnScreenFingerprintPressedIcon}: viewVisibility=0, oldvis=8, req=192x192, vsysui=
01-06 10:42:06.652  2321  5965 I WindowManager: Window{2f149a2 u0 OnScreenFingerprintPressedIcon} state from NO_SURFACE to DRAW_PENDING; reason: resetDrawState
01-06 10:42:06.658  2321  5965 D DisplayManagerService: performTraversalInternal pendingTraversal
01-06 10:42:06.658  2321  5965 D DisplayDevice: setLayerStackLocked id=local:4630946950956839810 token=android.os.BinderProxy@a02df0d stack=0->0
01-06 10:42:06.660  9510  9510 D VRI[SubSettings]: relayoutWindow result, sizeChanged:false, surfaceControlChanged:true, transformHintChanged:false, mSurfaceSize:Point(1080, 2400), mLastSurfaceSize:Point(1080, 2400), mWidth:1080, mHeight:2400, requestedWidth:1080, requestedHeight:2400, transformHint:0, lastTransformHint:0, installOrientation:0, displayRotation:0, isSurfaceValid:false, attr.flag:-2122252032, useBlast:true, tmpFrames:ClientWindowFrames{frame=[0,0][1080,2400] display=[0,0][1080,2400] parentFrame=[0,0][0,0]}
01-06 10:42:06.661  2321  3572 I DisplayDeviceRepository: Display device changed: DisplayDeviceInfo{"Built-in Screen": uniqueId="local:4630946950956839810", 1080 x 2400, modeId 2, renderFrameRate 120.00001, defaultModeId 1, supportedModes [{id=1, width=1080, height=2400, fps=60.000004, alternativeRefreshRates=[120.00001], supportedHdrTypes=[2, 3, 4]}, {id=2, width=1080, height=2400, fps=120.00001, alternativeRefreshRates=[60.000004], supportedHdrTypes=[2, 3, 4]}], colorMode 0, supportedColorModes [0, 7, 9], hdrCapabilities HdrCapabilities{mSupportedHdrTypes=[2, 3, 4], mMaxLuminance=540.0, mMaxAverageLuminance=270.1, mMinLuminance=0.2}, allmSupported false, gameContentTypeSupported false, density 480, 391.885 x 403.708 dpi, appVsyncOff 1000000, presDeadline 13333333, cutout DisplayCutout{insets=Rect(0, 103 - 0, 0) waterfall=Insets{left=0, top=0, right=0, bottom=0} boundingRect={Bounds=[Rect(0, 0 - 0, 0), Rect(0, 0 - 165, 103), Rect(0, 0 - 0, 0), Rect(0, 0 - 0, 0)]} cutoutPathParserInfo={CutoutPathParserInfo{displayWidth=1080 displayHeight=2400 physicalDisplayWidth=1080 physicalDisplayHeight=2400 density={3.0} cutoutSpec={M -540,0 L -540,103 L -375,103 L -375,0 Z} rotation={0} scale={1.0} physicalPixelDisplaySizeRatio={1.0}}}}, touch INTERNAL, rotation 0, type INTERNAL, address {port=130, model=0x40446db75175f3}, deviceProductInfo DeviceProductInfo{name=, manufacturerPnpId=QCM, productId=1, modelYear=null, manufactureDate=ManufactureDate{week=27, year=2006}, connectionToSinkType=0}, state ON, committedState ON, frameRateOverride , brightnessMinimum 0.0, brightnessMaximum 1.0, brightnessDefault 4745.4004, hdrSdrRatio 1.0, backlightType 0, roundedCorners RoundedCorners{[RoundedCorner{position=TopLeft, radius=60, center=Point(60, 60)}, RoundedCorner{position=TopRight, radius=60, center=Point(1020, 60)}, RoundedCorner{position=BottomRight, radius=60, center=Point(1020, 2340)}, RoundedCorner{position=BottomLeft, radius=60, center=Point(60, 2340)}]}, FLAG_ALLOWED_TO_BE_DEFAULT_DISPLAY, FLAG_ROTATES_WITH_CONTENT, FLAG_SECURE, FLAG_SUPPORTS_PROTECTED_BUFFERS, FLAG_TRUSTED, installOrientation 0, displayShape DisplayShape{ spec=-1893857183 displayWidth=1080 displayHeight=2400 physicalPixelDisplaySizeRatio=1.0 rotation=0 offsetX=0 offsetY=0 scale=1.0}}
01-06 10:42:06.664  2321  5707 D OplusSplitScreenManagerService: com.android.settings supportsSplitScreen by forceResizable activity return:true
01-06 10:42:06.664  2321  5707 D OplusSplitScreenManagerService: com.android.settings supportsSplitScreen by forceResizable activity return:true
01-06 10:42:06.664  2321  5707 D OplusSplitScreenManagerService: com.android.launcher supportsSplitScreen by forceResizable activity return:true
01-06 10:42:06.664  2321  5707 D OplusSplitScreenManagerService: com.android.launcher supportsSplitScreen by forceResizable activity return:false
01-06 10:42:06.664  2321  5707 D OplusSplitScreenManagerService: com.whatsapp.w4b supportsSplitScreen by forceResizable activity return:true
01-06 10:42:06.664  2321  5707 D OplusSplitScreenManagerService: com.android.chrome supportsSplitScreen by forceResizable activity return:true
01-06 10:42:06.664  2321  5707 D OplusSplitScreenManagerService: com.android.chrome supportsSplitScreen by forceResizable activity return:true
01-06 10:42:06.665  2321  5707 D OplusSplitScreenManagerService: com.instagram.android supportsSplitScreen by forceResizable activity return:true
01-06 10:42:06.665  2321  5707 D OplusSplitScreenManagerService: jp.pokemon.pokemontcgp supportsSplitScreen by forceResizable activity return:true
01-06 10:42:06.666  2321  5707 D OplusSplitScreenManagerService: com.app.cq.ring supportsSplitScreen by forceResizable activity return:true
01-06 10:42:06.666  2321  5707 D OplusSplitScreenManagerService: com.goongames.DungeonsofDreadrock2 supportsSplitScreen by forceResizable activity return:true
01-06 10:42:06.667  2321  5707 D OplusSplitScreenManagerService: com.oneplus.gallery supportsSplitScreen by forceResizable activity return:true
01-06 10:42:06.667  2321  5707 D OplusSplitScreenManagerService: com.oneplus.gallery supportsSplitScreen by forceResizable activity return:true
01-06 10:42:06.668  2321  5707 D OplusSplitScreenManagerService: com.openai.chatgpt supportsSplitScreen by forceResizable activity return:true
01-06 10:42:06.670  2321  5707 E OplusCustomizeRestrictionManagerService: isBiometricDisabled start
01-06 10:42:06.672  2321  3642 D OplusAlarmAdjustment: MSG_SCREEN_ON, mScreenOnElapsed=170711618 ms
01-06 10:42:06.672  2321  3642 D OplusAlarmAdjustMap: removeAlignUid, uid=0, requester=0
01-06 10:42:06.676  2321  3572 D DisplayManagerService: Delivering display event: displayId=0, event=2
01-06 10:42:06.678  2321  3572 D DisplayManagerService: MSG_REQUEST_TRAVERSAL pendingCompleted=false
01-06 10:42:06.686  2321  3570 D OplusVFXScreenEffectFeature: notifySFCompatWindowStateChange entered false
01-06 10:42:06.686  2321  3570 D FlexibleWindowManager: physicalDisplayChangedForFlexibleWindow displayId 0, current display info 1080 x 2400, new display info 1080 x 2400
01-06 10:42:06.686  2321  3570 D FlexibleTaskController: onDisplayChanged displayId#0 ,cur:1080x2400 ,new:1080x2400
01-06 10:42:06.686  2321  3570 D FlexibleTaskController: onDisplayChanged displayId not support flexible.
01-06 10:42:06.686  2321  3570 D FlexibleWindowManager: physicalDisplayChangedForFlexibleWindow return for unsupported devices
01-06 10:42:06.686  2321  3570 D FSS_FoldScreenBlackCoverController: displayChangeToOn, dc:Display{#0 state=ON size=1080x2400 ROTATION_0}
01-06 10:42:06.690  2321  2321 I WallpaperManagerServiceExt: removeDisplayData. displayId = 0
01-06 10:42:06.698  2321  3231 I WindowManager: Window{2f149a2 u0 OnScreenFingerprintPressedIcon} state from DRAW_PENDING to COMMIT_DRAW_PENDING; reason: finishDrawingLocked
01-06 10:42:06.700  2321  5796 D ActivityTaskManager: Clearing startingData for token=null
01-06 10:42:06.712  2321  3573 I WindowManager: Window{2f149a2 u0 OnScreenFingerprintPressedIcon} state from COMMIT_DRAW_PENDING to READY_TO_SHOW; reason: commitFinishDrawingLocked
01-06 10:42:06.712  2321  3573 I WindowManager: Window{2f149a2 u0 OnScreenFingerprintPressedIcon} state from READY_TO_SHOW to HAS_DRAWN; reason: performShowLocked
01-06 10:42:06.719  2321  5867 W AppOps  : Noting op not finished: uid 10104 pkg com.google.android.gms code 79 startTime of in progress event=1767706863069
01-06 10:42:06.728  2321  3642 D AlarmWakeupCheck: SCREEN_ON: CntAlarmWakeup = 0
01-06 10:42:06.741  2321  5753 D OplusSplitScreenManagerService: com.android.settings supportsSplitScreen by forceResizable activity return:true
01-06 10:42:06.741  2321  5753 D OplusSplitScreenManagerService: com.android.settings supportsSplitScreen by forceResizable activity return:true
01-06 10:42:06.745  2321  5707 W AppOps  : Noting op not finished: uid 10104 pkg com.google.android.gms code 113 startTime of in progress event=1767706863069
01-06 10:42:06.754  2321  3231 I OplusAppSwitchManagerService: appswitch registerAppSwitchObserver pName = com@@heytap@@accessory observer = com.oplus.app.IOplusAppSwitchObserver$Stub$Proxy@f62668a config = OplusAppSwitchConfig = {  mConfigs = {1=[TOM@@NM@@wirelesssettings@@bluetooth@@DevicePickerActivity, TOM@@android@@internal@@app@@ChooserActivity, TOM@@NM@@melody@@TOMponent@@discovery@@DiscoveryDialogActivity, TOM@@heytap@@smarthome@@webview@@PolicyWebviewActivityHalfScreen, TOM@@heytap@@smarthome@@ipc@@halfcreen@@HalfScreenDeviceFindActivity], 2=[]} observerFingerPrint = 161479337}
01-06 10:42:06.765  2321  3231 I OplusAppSwitchStateDispatcher: registerAppSwitchObserver addDynamicListener OK, info = OplusAppSwitchRuleInfo = {  observer = com.oplus.app.IOplusAppSwitchObserver$Stub$Proxy@f62668a observerFingerPrint = 161479337} rule size =0
01-06 10:42:06.767  2321  3231 D OplusSplitScreenManagerService: com.android.settings supportsSplitScreen by forceResizable activity return:true
01-06 10:42:06.767  2321  3231 D OplusSplitScreenManagerService: com.android.settings supportsSplitScreen by forceResizable activity return:true
01-06 10:42:06.772  2321  3231 D OplusSplitScreenManagerService: com.android.settings supportsSplitScreen by forceResizable activity return:true
01-06 10:42:06.772  2321  3231 D OplusSplitScreenManagerService: com.android.settings supportsSplitScreen by forceResizable activity return:true
01-06 10:42:06.784  2321  5753 D OplusSplitScreenManagerService: com.android.settings supportsSplitScreen by forceResizable activity return:true
01-06 10:42:06.784  2321  5753 D OplusSplitScreenManagerService: com.android.settings supportsSplitScreen by forceResizable activity return:true
01-06 10:42:06.789  2321  4279 W AppOps  : Noting op not finished: uid 10104 pkg com.google.android.gms code 113 startTime of in progress event=1767706863069
01-06 10:42:06.789  2321  3231 D OplusSplitScreenManagerService: com.android.settings supportsSplitScreen by forceResizable activity return:true
01-06 10:42:06.789  2321  3231 D OplusSplitScreenManagerService: com.android.settings supportsSplitScreen by forceResizable activity return:true
01-06 10:42:06.792  2321  5808 D OplusSplitScreenManagerService: com.android.settings supportsSplitScreen by forceResizable activity return:true
01-06 10:42:06.792  2321  5808 D OplusSplitScreenManagerService: com.android.settings supportsSplitScreen by forceResizable activity return:true
01-06 10:42:06.804  2321  3230 D OplusSplitScreenManagerService: com.android.settings supportsSplitScreen by forceResizable activity return:true
01-06 10:42:06.804  2321  3230 D OplusSplitScreenManagerService: com.android.settings supportsSplitScreen by forceResizable activity return:true
01-06 10:42:06.804  2321  2321 D OplusFeatureBrightnessBarController: screen state:true
01-06 10:42:06.807  2321  5750 W AppOps  : Noting op not finished: uid 10104 pkg com.google.android.gms code 113 startTime of in progress event=1767706863069
01-06 10:42:06.831  2321  3230 W AppOps  : Noting op not finished: uid 10104 pkg com.google.android.gms code 113 startTime of in progress event=1767706863069
01-06 10:42:06.858  2321  4068 D OplusBatteryManager: getPsyBatteryRm: 2172
01-06 10:42:06.871  2321  5750 D OplusSplitScreenManagerService: com.android.settings supportsSplitScreen by forceResizable activity return:true
01-06 10:42:06.871  2321  5750 D OplusSplitScreenManagerService: com.android.settings supportsSplitScreen by forceResizable activity return:true
01-06 10:42:06.876  2321  3230 D OplusSplitScreenManagerService: com.android.settings supportsSplitScreen by forceResizable activity return:true
01-06 10:42:06.876  2321  3230 D OplusSplitScreenManagerService: com.android.settings supportsSplitScreen by forceResizable activity return:true
01-06 10:42:06.882  2321  3231 D OplusSplitScreenManagerService: com.android.settings supportsSplitScreen by forceResizable activity return:true
01-06 10:42:06.882  2321  3231 D OplusSplitScreenManagerService: com.android.settings supportsSplitScreen by forceResizable activity return:true
01-06 10:42:06.890  2321  3924 W OplusStorageManagerFeature: turn screenOn, maintPrepared:false
01-06 10:42:06.890  2321  3230 D OplusSplitScreenManagerService: com.android.settings supportsSplitScreen by forceResizable activity return:true
01-06 10:42:06.890  2321  3230 D OplusSplitScreenManagerService: com.android.settings supportsSplitScreen by forceResizable activity return:true
01-06 10:42:06.896  2321  3230 D OplusSplitScreenManagerService: com.android.settings supportsSplitScreen by forceResizable activity return:true
01-06 10:42:06.896  2321  3230 D OplusSplitScreenManagerService: com.android.settings supportsSplitScreen by forceResizable activity return:true
01-06 10:42:06.897  2321  4017 W JobScheduler.JobStatus: Exempted app com.android.vending considered buggy
01-06 10:42:06.897  2321  4017 W JobScheduler.JobStatus: Exempted app com.android.vending considered buggy
01-06 10:42:06.897  2321  4017 W JobScheduler.JobStatus: Exempted app com.android.vending considered buggy
01-06 10:42:06.897  2321  4017 W JobScheduler.JobStatus: Exempted app com.android.vending considered buggy
01-06 10:42:06.898  2321  4017 W JobScheduler.JobStatus: Exempted app com.android.vending considered buggy
01-06 10:42:06.898  2321  4017 W JobScheduler.JobStatus: Exempted app com.android.vending considered buggy
01-06 10:42:06.898  2321  4017 W JobScheduler.JobStatus: Exempted app com.android.vending considered buggy
01-06 10:42:06.901   803 21920 D vold    : idle maintenance stopped
01-06 10:42:06.906  2321  3231 D OplusSplitScreenManagerService: com.android.settings supportsSplitScreen by forceResizable activity return:true
01-06 10:42:06.906  2321  3231 D OplusSplitScreenManagerService: com.android.settings supportsSplitScreen by forceResizable activity return:true
01-06 10:42:06.909  2321  3230 D OplusSplitScreenManagerService: com.android.settings supportsSplitScreen by forceResizable activity return:true
01-06 10:42:06.909  2321  3230 D OplusSplitScreenManagerService: com.android.settings supportsSplitScreen by forceResizable activity return:true
01-06 10:42:06.912  2321  3231 D OplusSplitScreenManagerService: com.android.settings supportsSplitScreen by forceResizable activity return:true
01-06 10:42:06.912  2321  3231 D OplusSplitScreenManagerService: com.android.settings supportsSplitScreen by forceResizable activity return:true
01-06 10:42:06.915  2321  5796 D OplusSplitScreenManagerService: com.android.settings supportsSplitScreen by forceResizable activity return:true
01-06 10:42:06.915  2321  5796 D OplusSplitScreenManagerService: com.android.settings supportsSplitScreen by forceResizable activity return:true
01-06 10:42:06.918  2321  5796 D OplusSplitScreenManagerService: com.android.settings supportsSplitScreen by forceResizable activity return:true
01-06 10:42:06.918  2321  5796 D OplusSplitScreenManagerService: com.android.settings supportsSplitScreen by forceResizable activity return:true
01-06 10:42:06.926  2321  5316 D OplusSplitScreenManagerService: com.android.settings supportsSplitScreen by forceResizable activity return:true
01-06 10:42:06.926  2321  5316 D OplusSplitScreenManagerService: com.android.settings supportsSplitScreen by forceResizable activity return:true
01-06 10:42:06.930  2321  5316 D OplusSplitScreenManagerService: com.android.settings supportsSplitScreen by forceResizable activity return:true
01-06 10:42:06.930  2321  5316 D OplusSplitScreenManagerService: com.android.settings supportsSplitScreen by forceResizable activity return:true
01-06 10:42:06.933  2321  3230 D OplusSplitScreenManagerService: com.android.settings supportsSplitScreen by forceResizable activity return:true
01-06 10:42:06.933  2321  3230 D OplusSplitScreenManagerService: com.android.settings supportsSplitScreen by forceResizable activity return:true
01-06 10:42:06.935  2321  5316 D OplusSplitScreenManagerService: com.android.settings supportsSplitScreen by forceResizable activity return:true
01-06 10:42:06.935  2321  5316 D OplusSplitScreenManagerService: com.android.settings supportsSplitScreen by forceResizable activity return:true
01-06 10:42:06.936  2321  3230 D OplusSplitScreenManagerService: com.android.settings supportsSplitScreen by forceResizable activity return:true
01-06 10:42:06.936  2321  3230 D OplusSplitScreenManagerService: com.android.settings supportsSplitScreen by forceResizable activity return:true
01-06 10:42:07.160  2321  4030 D Biometrics/Fingerprint21/Fingerprint21ServiceProviderExtImpl: dispatchTouchDown
01-06 10:42:07.160  2321  4030 D Biometrics/Fingerprint/UdfpsHelperExtImpl: preShowUdfpsOverlay sensor:0 reason:8
01-06 10:42:07.161  2321  4030 D Biometrics/Fingerprint21/Fingerprint21ServiceProviderExtImpl: [handleOnPointerDown] dispatch to Auth
01-06 10:42:07.161  2321  4029 D PowerManagerService: userActivityNoUpdateLocked: groupId=0, eventTime=156082546, event=touch, flags=0x0, uid=1000
01-06 10:42:07.163  2321  4036 D HidlDisplayPanelFeature: setDisplayPanelFeatureValue +++, ID:28, value:1
01-06 10:42:07.163  2321  4036 D HidlDisplayPanelFeature: getDisplayPanelFeatureValue +++, featureID:211
01-06 10:42:07.164  2321  4036 D HidlDisplayPanelFeature: getDisplayPanelFeatureValue, ret = 0
01-06 10:42:07.164  2321  4036 I HidlDisplayPanelFeature: [4]
01-06 10:42:07.164  2321  4036 D HidlDisplayPanelFeature: getDisplayPanelFeatureValue ---, result = [4]
01-06 10:42:07.250  2321 10616 I ActivityManager: Process com.android.settings:background (pid 20224) has died: cch+35 CEM 
01-06 10:42:07.254  2321  4431 I ActivityManager: Process com.google.android.partnersetup (pid 21408) has died: cch+5 CEM 
01-06 10:42:07.255  2321  4431 W ActivityManager: Process 20002 does not match uid 10104 ignore setting hits oom adj
01-06 10:42:07.256  2321  9539 I ActivityManager: Process com.google.process.gapps (pid 21545) has died: cch+5 CEM 
01-06 10:42:07.257  2321  3570 D DisplayManagerService: Drop pending events for gone uid 10101
01-06 10:42:07.257  2321  4236 E OAPM    : activity preload is not enabled
01-06 10:42:07.259  2321  4406 I ActivityManager: Process com.google.process.gservices (pid 20002) has died: cch+5 CEM 
01-06 10:42:07.262  2321  4117 D OplusSplitScreenManagerService: com.android.settings supportsSplitScreen by forceResizable activity return:true
01-06 10:42:07.262  2321  4117 D OplusSplitScreenManagerService: com.android.settings supportsSplitScreen by forceResizable activity return:true
01-06 10:42:07.396  2321  3643 D OplusSmartBrightnessController: handleMessage MSG_LUX_CHANGED, mLux:172.0 luxQueue=[172.0, 172.0, 172.0, 172.0, 172.0]
01-06 10:42:07.397  2321  3643 I OplusSmartBrightnessController: Boost finished
01-06 10:42:07.397  2321  3643 D OplusSmartBrightnessController: updateBoostMode displayId[0]=0
01-06 10:42:07.429  2321  5292 D OplusSplitScreenManagerService: com.android.settings supportsSplitScreen by forceResizable activity return:true
01-06 10:42:07.429  2321  5292 D OplusSplitScreenManagerService: com.android.settings supportsSplitScreen by forceResizable activity return:true
01-06 10:42:07.458  2321  4030 V BiometricLogger: Acquired! Modality: 1, User: 0, IsCrypto: false, Action: 2, Client: 1, AcquiredInfo: 0, VendorCode: 0
01-06 10:42:07.458  2321  4030 V Biometrics/AcquisitionClient: Acquired: 0 0, shouldSend: true
01-06 10:42:07.458  2321  4030 D PowerManagerService: userActivityNoUpdateLocked: groupId=0, eventTime=156082843, event=touch, flags=0x0, uid=1000
01-06 10:42:07.460  2321  4029 D PowerManagerService: userActivityNoUpdateLocked: groupId=0, eventTime=156082845, event=touch, flags=0x0, uid=1000
01-06 10:42:07.461  2321  4030 V BiometricLogger: Authenticated! Modality: 1, User: 0, IsCrypto: false, Client: 1, RequireConfirmation: false, State: 3, Latency: -1, Lux: -1.0
01-06 10:42:07.462  2321  4036 D HidlDisplayPanelFeature: setDisplayPanelFeatureValue +++, ID:28, value:0
01-06 10:42:07.462  2321  4036 D HidlDisplayPanelFeature: getDisplayPanelFeatureValue +++, featureID:211
01-06 10:42:07.462  2321  4036 D HidlDisplayPanelFeature: getDisplayPanelFeatureValue, ret = 0
01-06 10:42:07.462  2321  4036 I HidlDisplayPanelFeature: [4]
01-06 10:42:07.462  2321  4036 D HidlDisplayPanelFeature: getDisplayPanelFeatureValue ---, result = [4]
01-06 10:42:07.463  2321 21935 V Biometrics/Fingerprint21/Fingerprint21ServiceProviderExtImpl: start notify Vold when fingerprint success
01-06 10:42:07.464  2321 21935 E StorageManagerService: unlockSensitiveKey fail!
01-06 10:42:07.465   803   821 I vold    : [sensitive file debug]fscrypt_export_sensitive_file_key start, user_id=0,sensitiveType=0,use_default=1
01-06 10:42:07.465   803   821 D vold    : Cannot find key for 0
01-06 10:42:07.465   803   821 I vold    : [sensitive file debug]lookup_sensitive_file_key,failed sensitiveType: 0,try to create!
01-06 10:42:07.465  2321 21935 I StorageManagerService: exportSensitveFileKey: success, sensitiveType:0,size=0
01-06 10:42:07.469  2321 21935 W Biometrics/Fingerprint21/Fingerprint21ServiceProviderExtImpl: Failed to unlock: Attempt to get length of null array
01-06 10:42:07.471  2321  4030 V ALSProbe: Enable ALS: 2905921
01-06 10:42:07.471  2321  4030 V Biometrics/AuthenticationClient: onAuthenticated(true), ID:-734677989, Owner: com.android.systemui, isBP: false, listener: com.android.server.biometrics.sensors.ClientMonitorCallbackConverter@e09807, requireConfirmation: false, user: 0, clientMonitor: {[364] com.android.server.biometrics.sensors.fingerprint.hidl.FingerprintAuthenticationClient, proto=3, owner=com.android.systemui, cookie=0, requestId=179, userId=0}
01-06 10:42:07.471  2321  4030 W Biometrics/AuthenticationClient: Allowing background authentication, this is allowed only for platform or test invocations
01-06 10:42:07.471  2321  4030 D BaseClientMonitor: marking operation as done: {[364] com.android.server.biometrics.sensors.fingerprint.hidl.FingerprintAuthenticationClient, proto=3, owner=com.android.systemui, cookie=0, requestId=179, userId=0}
01-06 10:42:07.472  2321  5292 D CommonDcsUploader: notifyMsgToCommonDcs, logTag: 20120fingerprint_auth_dcsmsg
01-06 10:42:07.472  2321  2321 V ALSProbe: Finishing next consumer
01-06 10:42:07.472  2321  2321 W BiometricFrameworkStatsLogger: found a negative latency : -1
01-06 10:42:07.476  2321  4030 D Biometrics/AuthenticationClient: Error adding auth token : 0
01-06 10:42:07.476  2321  4030 D BiometricStateCallback: Client finished, state updated to 0, client {[364] com.android.server.biometrics.sensors.fingerprint.hidl.FingerprintAuthenticationClient, proto=3, owner=com.android.systemui, cookie=0, requestId=179, userId=0}
01-06 10:42:07.476  2321  4030 D BiometricSchedulerOperation: [Finished / destroy]: {[364] com.android.server.biometrics.sensors.fingerprint.hidl.FingerprintAuthenticationClient, proto=3, owner=com.android.systemui, cookie=0, requestId=179, userId=0}
01-06 10:42:07.479  2321  4030 V ALSProbe: Disable ALS: 2905921
01-06 10:42:07.481  2321  4030 D Biometrics/Fingerprint/UdfpsHelperExtImpl: preHideUdfpsOverlay sensor:0
01-06 10:42:07.482  2321  4030 D BiometricScheduler/Fingerprint21: [Finishing] {[364] com.android.server.biometrics.sensors.fingerprint.hidl.FingerprintAuthenticationClient, proto=3, owner=com.android.systemui, cookie=0, requestId=179, userId=0}, success: true
01-06 10:42:07.482  2321  4030 D GestureAvailabilityTracker: Notifying gesture availability, active=true
01-06 10:42:07.482  2321  4030 D BiometricScheduler/Fingerprint21: No operations, returning to idle
01-06 10:42:07.482  2321  4030 D VRR [OPlusExternalRefreshRateManager]: setStatus with: 0
01-06 10:42:07.482  2321  4030 D VRR [OPlusExternalRefreshRateManager]: setStatus from 1 to 0
01-06 10:42:07.482  4230  4230 D FingerprintManager: Cancel fingerprint authentication requested for: 179
01-06 10:42:07.482  2321  4030 D VRR [OPlusSurfaceFlingerController]:  setMiscExclusiveMode : -1
01-06 10:42:07.482  2321  4030 D VRR [OPlusExternalRefreshRateManager]: setTouchIdleKeepHight enable: false
01-06 10:42:07.482  2321  5972 E OplusCustomizeRestrictionManagerService: isBiometricDisabled start
01-06 10:42:07.483  2321  5972 D Fingerprint21: cancelAuthentication, sensorId: 0
01-06 10:42:07.483  2321  5972 E Biometrics/Fingerprint21/Fingerprint21ServiceProviderExtImpl: Current client is null
01-06 10:42:07.483  2321  4030 D BiometricScheduler/Fingerprint21: cancelAuthenticationOrDetection, requestId: 179
01-06 10:42:07.504  2321  5753 D OplusTransitionController: requestStartTransition, requestInfo type: TO_BACK, remoteTransition: null, displayChange: null, transition: TransitionRecord{b9e9654 id=2140 type=TO_BACK flags=0x100}, caller: com.android.server.wm.TransitionControllerExtImpl.requestStartTransition:41 com.android.server.wm.TransitionController.requestStartTransition:738 com.android.server.wm.TransitionController.requestTransitionIfNeeded:681 com.android.server.wm.TransitionController.requestTransitionIfNeeded:615 com.android.server.wm.KeyguardController.keyguardGoingAway:303 
01-06 10:42:07.504  2321  5753 D ActivityTaskManager: Top Process State changed to PROCESS_STATE_TOP
01-06 10:42:07.504  4230  4357 V WindowManagerShell: Transition requested: android.os.BinderProxy@45d7d38 TransitionRequestInfo { type = TO_BACK, triggerTask = null, remoteTransition = null, displayChange = null }
01-06 10:42:07.505  2321  5753 D WindowManager:  setIsSleeping from  true to false this=Display{#0 state=ON size=1080x2400 ROTATION_0}
01-06 10:42:07.506  2321  5292 D PowerManagerService: userActivityNoUpdateLocked: groupId=0, eventTime=156082890, event=other, flags=0x0, uid=10211
01-06 10:42:07.506  2321  5753 D ActivityTaskManager: setVisibility(Token{6922c18 ActivityRecord{be2f18a u0 com.android.settings/.SubSettings t4703}}, visible=true) defer commitVisibility for transition collecting
01-06 10:42:07.507  4230 19888 D LinearmotorVibrator: vibrate: effect=WaveformEffect { 9459111, effectType=49, effectStrength=-1, effectLoop=false, ringtoneVibrateType=-1, isRingtoneCustomized=false, ringtoneFilePath=, strengthSettingEnabled=true, asynchronous=false, usageHint=0 }
01-06 10:42:07.507  2321  5738 I VibratorManagerServiceExtImpl: vibrate is uid=10211, pid=4230, opPkg=com.android.systemui, effect=Mono{mEffect=Composed{segments=[OplusVibrationEffectSegment{mEffectId=49, mEffectStrength=-1, mRingtonePath=''}], repeat=-1}}, attributes=VibrationAttributes: Usage=UNKNOWN Audio Usage= USAGE_UNKNOWN Flags=0, token=125716210
01-06 10:42:07.508  2321  5738 W VibrationScaler: Got unexpected vibration intensity: 2000
01-06 10:42:07.508  2321  5738 E VibrationScaler: No configured scaling level! (current=2000, default= 2)
01-06 10:42:07.509   832 22224 I keystore2: system/security/keystore2/src/authorization.rs:143 - on_lock_screen_event(r#UNLOCK, user_id=0, password.is_some()=false, unlocking_sids=Some([-4469548694759616812]))
01-06 10:42:07.509  2321  3876 D VibrationThread: Perform OplusPrebakedSegment{mWaveformId=4, mDuration=80, mEffectStrength=2000, mDefaultUsage=TOUCH} on vibrator 0
01-06 10:42:07.510  2321  5972 D LockSettingsService: [reportSuccessfulBiometricUnlock] isStrongBiometric = true, userId = 0
01-06 10:42:07.511  2321  5753 D ActivityTaskManager: NFW_setLastResumedActivityUncheckLocked:false r:ActivityRecord{be2f18a u0 com.android.settings/.SubSettings t4703} currentFocus:Window{cdc7a2a u0 NotificationShade}
01-06 10:42:07.513  2321  5753 D WindowManager: updateOrientation: mLastOrientation = SCREEN_ORIENTATION_PORTRAIT(1) newOrientation = SCREEN_ORIENTATION_PORTRAIT(1) forceUpdate = true LastOrientationSource = Window{2f149a2 u0 OnScreenFingerprintPressedIcon}
01-06 10:42:07.513  2321  5753 D WindowManager: rotation(ROTATION_0) no changed.
01-06 10:42:07.513  2321  5753 D OplusSplitScreenManagerService: com.android.settings supportsSplitScreen by forceResizable activity return:true
01-06 10:42:07.513  2321  5753 D OplusSplitScreenManagerService: com.android.settings supportsSplitScreen by forceResizable activity return:true
01-06 10:42:07.513  2321  5753 I TaskOrganizerController: onTaskInfoChanged taskid 4703 config { mBounds=Rect(0, 0 - 1080, 2400) mAppBounds=Rect(0, 103 - 1080, 2268) mMaxBounds=Rect(0, 0 - 1080, 2400) mDisplayRotation=ROTATION_0 mWindowingMode=fullscreen mDisplayWindowingMode=fullscreen mActivityType=standard mAlwaysOnTop=undefined mRotation=ROTATION_0}
01-06 10:42:07.514  2321  5753 D FlexibleWindowManager: onFlexibleWindowTaskInfoChanged: mTaskId = 4703 oldIsTaskEmbedded = false   curIsTaskEmbedded = false  topActivity = ComponentInfo{com.android.settings/com.android.settings.SubSettings}
01-06 10:42:07.514  2321  5753 D OplusFlexibleWindowMinimizedManagerHelper: onTaskInfoChanged taskInfo:TaskInfo{userId=0 taskId=4703 displayId=0 isRunning=true baseIntent=Intent { act=android.settings.SETTINGS flg=0x14000000 cmp=com.android.settings/com.oplus.settings.feature.homepage.OplusSettingsHomepageActivity mCallingUid=10211 } baseActivity=ComponentInfo{com.android.settings/com.oplus.settings.feature.homepage.OplusSettingsHomepageActivity} topActivity=ComponentInfo{com.android.settings/com.android.settings.SubSettings} origActivity=null realActivity=ComponentInfo{com.android.settings/com.oplus.settings.feature.homepage.OplusSettingsHomepageActivity} numActivities=4 lastActiveTime=170712456 supportsSplitScreenMultiWindow=true supportsMultiWindow=true supportsPocketStudioMultiWindow=true isInFlexibleEmbedded = false uid = 1000 pid = 9510 resizeMode=1 isResizeable=true minWidth=-1 minHeight=-1 defaultMinSize=220 token=WCT{RemoteToken{a169b67 Task{e4f0695 #4703 type=standard A=1000:com.android.settings.root}}} topActivityType=1 pictureInPictureParams=null shouldDockBigOverlays=false launchIntoPipHostTaskId=-1 lastParentTaskIdBeforePip=-1 displayCutoutSafeInsets=Rect(0, 103 - 0, 0) topActivityInfo=ActivityInfo{9749ff5 com.android.settings.SubSettings} launchCookies=[] positionInParent=Point(0, 0) parentTaskId=-1 isFocused=true isVisible=false isVisibleRequested=true isSleeping=false topActivityInSizeCompat=false topActivityInOplusCompatMode=false topActivityEligibleForLetterboxEducation= false topActivityLetterboxed= false isFromDoubleTap= false topActivityLetterboxVerticalPosition= -1 topActivityLetterboxHorizontalPosition= -1 topActivityLetterboxWidth=-1 topActivityLetterboxHeight=-1 locusId=null displayAreaFeatureId=1 cameraCompatControlState=hidden locusId= null topActivityLetterboxInsets=Rect(0, 0 - 0, 0)} task:Task{e4f0695 #4703 type=standard A=1000:com.android.settings.root}
01-06 10:42:07.516  2321  3572 D OplusInterceptLockScreenWindow: starting IOplusLockScreenCallbacks service...
01-06 10:42:07.521  2321  5753 D TaskFragmentExtImpl: addColorModeOnResume resume=true pkg = com.android.settings
01-06 10:42:07.521  2321  5753 D OplusFeatureColorMode: ColorMode getColorMode =0
01-06 10:42:07.522  2321  5753 D ColorDisplayServiceExtImpl: getWCGVersion1App, packageName=com.android.settings, sSupportWCG1 = true, nRet = 0
01-06 10:42:07.522  2321  5753 D ActivityTaskManager: setVisibility(Token{6922c18 ActivityRecord{be2f18a u0 com.android.settings/.SubSettings t4703}}, visible=true) defer commitVisibility for transition collecting
01-06 10:42:07.524  2321  5753 D OplusStartingWindowManager: reviseWindowFlagsForStarting activityRecord =:ActivityRecord{be2f18a u0 com.android.settings/.SubSettings t4703}, RUS version:20240715
01-06 10:42:07.524  2321  5753 D ActivityTaskManager: validateStartingWindowTheme:  Pkg=com.android.settings, Translucent=false, Floating=false, ShowWallpaper=false, Disable=false, LaunchSource=1
01-06 10:42:07.525  2321  5753 W ActivityTaskManager: App already has a visible window, why would you want a starting window?
01-06 10:42:07.526  2321  5753 D WindowManager: BarWindow--setVisible: id=2, oldState=2, state=0 call: 
01-06 10:42:07.532  4230  6720 W VRI[OnScreenFingerprintIcon]: handleResized abandoned!
01-06 10:42:07.532  4230  5164 W VRI[ScreenDecorOverlayBottom]: handleResized abandoned!
01-06 10:42:07.532  4230  6720 W VRI[OnScreenFingerprintPressedIcon]: handleResized abandoned!
01-06 10:42:07.532  4230  5164 W VRI[ScreenDecorOverlay]: handleResized abandoned!
01-06 10:42:07.532  4230  4357 D ShellTaskOrganizer: dispatchTaskEventToClientIfNeed, eventType:2, taskInfo:TaskInfo{userId=0 taskId=4703 displayId=0 isRunning=true baseIntent=Intent { act=android.settings.SETTINGS flg=0x14000000 cmp=com.android.settings/com.oplus.settings.feature.homepage.OplusSettingsHomepageActivity mCallingUid=10211 } baseActivity=ComponentInfo{com.android.settings/com.oplus.settings.feature.homepage.OplusSettingsHomepageActivity} topActivity=ComponentInfo{com.android.settings/com.android.settings.SubSettings} origActivity=null realActivity=ComponentInfo{com.android.settings/com.oplus.settings.feature.homepage.OplusSettingsHomepageActivity} numActivities=4 lastActiveTime=170712456 supportsSplitScreenMultiWindow=true supportsMultiWindow=true supportsPocketStudioMultiWindow=true isInFlexibleEmbedded = false uid = 1000 pid = 9510 resizeMode=1 isResizeable=true minWidth=-1 minHeight=-1 defaultMinSize=220 token=WCT{android.window.IWindowContainerToken$Stub$Proxy@abbf002} topActivityType=1 pictureInPictureParams=null shouldDockBigOverlays=false launchIntoPipHostTaskId=-1 lastParentTaskIdBeforePip=-1 displayCutoutSafeInsets=Rect(0, 103 - 0, 0) topActivityInfo=ActivityInfo{8b1fd13 com.android.settings.SubSettings} launchCookies=[] positionInParent=Point(0, 0) parentTaskId=-1 isFocused=true isVisible=false isVisibleRequested=true isSleeping=false topActivityInSizeCompat=false topActivityInOplusCompatMode=false topActivityEligibleForLetterboxEducation= false topActivityLetterboxed= false isFromDoubleTap= false topActivityLetterboxVerticalPosition= -1 topActivityLetterboxHorizontalPosition= -1 topActivityLetterboxWidth=-1 topActivityLetterboxHeight=-1 locusId=null displayAreaFeatureId=1 cameraCompatControlState=hidden locusId= null topActivityLetterboxInsets=Rect(0, 0 - 0, 0)}, leash:null
01-06 10:42:07.533  2321  4331 D OplusSplitScreenManagerService: com.android.settings supportsSplitScreen by forceResizable activity return:true
01-06 10:42:07.533  2321  4331 D OplusSplitScreenManagerService: com.android.settings supportsSplitScreen by forceResizable activity return:true
01-06 10:42:07.533  2321  5292 D OplusSplitScreenManagerService: com.android.settings supportsSplitScreen by forceResizable activity return:true
01-06 10:42:07.533  2321  5292 D OplusSplitScreenManagerService: com.android.settings supportsSplitScreen by forceResizable activity return:true
01-06 10:42:07.540  4230  4230 W VRI[NotificationShade]: handleResized abandoned!
01-06 10:42:07.540  4230  4230 W VRI[StatusBar]: handleResized abandoned!
01-06 10:42:07.540  4230  4230 W VRI[NavigationBar_displayId_0]: handleResized abandoned!
01-06 10:42:07.542  9510  9510 D ActivityThread: ComponentInfo{com.android.settings/com.android.settings.SubSettings} checkFinished=false 2
01-06 10:42:07.543  2321  3573 I WindowManager: window surface saved sync finished
01-06 10:42:07.545  2321  3573 D OplusFlexibleActivityTransitionManager: fixTransitType type result:4, targets: [Task{e4f0695 #4703 type=standard A=1000:com.android.settings.root}, DefaultTaskDisplayArea@47845383]
01-06 10:42:07.546  2321  5753 W AdbDebuggingManager: Ignoring tag 'keyStore'. Not recognized.
01-06 10:42:07.546  2321  3573 D OplusSplitScreenManagerService: com.android.settings supportsSplitScreen by forceResizable activity return:true
01-06 10:42:07.546  2321  3573 D OplusSplitScreenManagerService: com.android.settings supportsSplitScreen by forceResizable activity return:true
01-06 10:42:07.546  2321  3573 D OplusTransitionController: onTransactionReady, syncId: 2140, 
01-06 10:42:07.546  2321  3573 D OplusTransitionController:  info: {id=2140 t=TO_BACK f=0x100 trk=0 r=[0@Point(0, 0)] c=[{WCT{RemoteToken{a169b67 Task{e4f0695 #4703 type=standard A=1000:com.android.settings.root}}} m=TO_FRONT f=NONE p=WCT{RemoteToken{177bdd7 DefaultTaskDisplayArea@47845383}} leash=Surface(name=Task=4703)/@0x7a3bd14 sb=Rect(0, 0 - 1080, 2400) eb=Rect(0, 0 - 1080, 2400) d=0},{WCT{RemoteToken{177bdd7 DefaultTaskDisplayArea@47845383}} m=TO_FRONT f=NONE leash=Surface(name=DefaultTaskDisplayArea)/@0x63a49ad sb=Rect(0, 0 - 1080, 2400) eb=Rect(0, 0 - 1080, 2400) d=0}]}, 
01-06 10:42:07.546  2321  3573 D OplusTransitionController:  targets : [Task{e4f0695 #4703 type=standard A=1000:com.android.settings.root}, DefaultTaskDisplayArea@47845383]
01-06 10:42:07.546  2321  3573 D OplusTransitionAnimationManager: mOpeningTasks add Task{e4f0695 #4703 type=standard A=1000:com.android.settings.root}
01-06 10:42:07.548  2321  3569 V WindowManager: Sent Transition #2140 createdAt=01-06 10:42:07.503 via request=TransitionRequestInfo { type = TO_BACK, triggerTask = null, remoteTransition = null, displayChange = null }
01-06 10:42:07.548  2321  3569 V WindowManager:     startWCT=WindowContainerTransaction { changes = {} hops = [] errorCallbackToken=null taskFragmentOrganizer=null }
01-06 10:42:07.548  2321  3569 V WindowManager:     info={id=2140 t=TO_BACK f=0x100 trk=0 r=[0@Point(0, 0)] c=[{WCT{RemoteToken{a169b67 Task{e4f0695 #4703 type=standard A=1000:com.android.settings.root}}} m=TO_FRONT f=NONE p=WCT{RemoteToken{177bdd7 DefaultTaskDisplayArea@47845383}} leash=Surface(name=Task=4703)/@0x7a3bd14 sb=Rect(0, 0 - 1080, 2400) eb=Rect(0, 0 - 1080, 2400) d=0},{WCT{RemoteToken{177bdd7 DefaultTaskDisplayArea@47845383}} m=TO_FRONT f=NONE leash=Surface(name=DefaultTaskDisplayArea)/@0x63a49ad sb=Rect(0, 0 - 1080, 2400) eb=Rect(0, 0 - 1080, 2400) d=0}]}
01-06 10:42:07.549  4230  4357 V WindowManagerShell: onTransitionReady android.os.BinderProxy@45d7d38: {id=2140 t=TO_BACK f=0x100 trk=0 r=[0@Point(0, 0)] c=[{WCT{android.window.IWindowContainerToken$Stub$Proxy@e1be081} m=TO_FRONT f=NONE p=WCT{android.window.IWindowContainerToken$Stub$Proxy@50c1526} leash=Surface(name=Task=4703)/@0x5237d5a sb=Rect(0, 0 - 1080, 2400) eb=Rect(0, 0 - 1080, 2400) d=0},{WCT{android.window.IWindowContainerToken$Stub$Proxy@5fac567} m=TO_FRONT f=NONE leash=Surface(name=DefaultTaskDisplayArea)/@0xde9fb8b sb=Rect(0, 0 - 1080, 2400) eb=Rect(0, 0 - 1080, 2400) d=0}]}
01-06 10:42:07.549  4230  4357 V WindowManagerShell: Playing animation for (#2140)android.os.BinderProxy@45d7d38@0
01-06 10:42:07.550  4230  4357 V WindowManagerShell:  try handler com.oplus.zoom.transition.ZoomTransitionController@c86a488
01-06 10:42:07.550  4230  4357 V WindowManagerShell:  try handler com.android.wm.shell.transition.DefaultMixedHandler@4a5ae21
01-06 10:42:07.550  4230  4357 V WindowManagerShell: start keyguard going-away transition, info = {id=2140 t=TO_BACK f=0x100 trk=0 r=[0@Point(0, 0)] c=[{WCT{android.window.IWindowContainerToken$Stub$Proxy@e1be081} m=TO_FRONT f=NONE p=WCT{android.window.IWindowContainerToken$Stub$Proxy@50c1526} leash=Surface(name=Task=4703)/@0x5237d5a sb=Rect(0, 0 - 1080, 2400) eb=Rect(0, 0 - 1080, 2400) d=0},{WCT{android.window.IWindowContainerToken$Stub$Proxy@5fac567} m=TO_FRONT f=NONE leash=Surface(name=DefaultTaskDisplayArea)/@0xde9fb8b sb=Rect(0, 0 - 1080, 2400) eb=Rect(0, 0 - 1080, 2400) d=0}]}
01-06 10:42:07.550  4230  4357 D KeyguardService: Starts IRemoteAnimationRunner: info={id=2140 t=TO_BACK f=0x100 trk=0 r=[0@Point(0, 0)] c=[{WCT{android.window.IWindowContainerToken$Stub$Proxy@e1be081} m=TO_FRONT f=NONE p=WCT{android.window.IWindowContainerToken$Stub$Proxy@50c1526} leash=Surface(name=Task=4703)/@0x5237d5a sb=Rect(0, 0 - 1080, 2400) eb=Rect(0, 0 - 1080, 2400) d=0},{WCT{android.window.IWindowContainerToken$Stub$Proxy@5fac567} m=TO_FRONT f=NONE leash=Surface(name=DefaultTaskDisplayArea)/@0xde9fb8b sb=Rect(0, 0 - 1080, 2400) eb=Rect(0, 0 - 1080, 2400) d=0}]}
01-06 10:42:07.552  9510  9510 I Quality : Skipped: false 1 cost 10.31375 refreshRate 8333333 bit true processName com.android.settings
01-06 10:42:07.553  4230  4357 V WindowManagerShell:  animated by com.android.wm.shell.transition.DefaultMixedHandler@4a5ae21
01-06 10:42:07.557  2321  3573 D OplusSplitScreenManagerService: com.android.settings supportsSplitScreen by forceResizable activity return:true
01-06 10:42:07.557  2321  3573 D OplusSplitScreenManagerService: com.android.settings supportsSplitScreen by forceResizable activity return:true
01-06 10:42:07.557  2321  3573 I TaskOrganizerController: onTaskInfoChanged taskid 4703 config { mBounds=Rect(0, 0 - 1080, 2400) mAppBounds=Rect(0, 103 - 1080, 2268) mMaxBounds=Rect(0, 0 - 1080, 2400) mDisplayRotation=ROTATION_0 mWindowingMode=fullscreen mDisplayWindowingMode=fullscreen mActivityType=standard mAlwaysOnTop=undefined mRotation=ROTATION_0}
01-06 10:42:07.558  2321  3573 D FlexibleWindowManager: onFlexibleWindowTaskInfoChanged: mTaskId = 4703 oldIsTaskEmbedded = false   curIsTaskEmbedded = false  topActivity = ComponentInfo{com.android.settings/com.android.settings.SubSettings}
01-06 10:42:07.558  2321  3573 D OplusFlexibleWindowMinimizedManagerHelper: onTaskInfoChanged taskInfo:TaskInfo{userId=0 taskId=4703 displayId=0 isRunning=true baseIntent=Intent { act=android.settings.SETTINGS flg=0x14000000 cmp=com.android.settings/com.oplus.settings.feature.homepage.OplusSettingsHomepageActivity mCallingUid=10211 } baseActivity=ComponentInfo{com.android.settings/com.oplus.settings.feature.homepage.OplusSettingsHomepageActivity} topActivity=ComponentInfo{com.android.settings/com.android.settings.SubSettings} origActivity=null realActivity=ComponentInfo{com.android.settings/com.oplus.settings.feature.homepage.OplusSettingsHomepageActivity} numActivities=4 lastActiveTime=170712456 supportsSplitScreenMultiWindow=true supportsMultiWindow=true supportsPocketStudioMultiWindow=true isInFlexibleEmbedded = false uid = 1000 pid = 9510 resizeMode=1 isResizeable=true minWidth=-1 minHeight=-1 defaultMinSize=220 token=WCT{RemoteToken{a169b67 Task{e4f0695 #4703 type=standard A=1000:com.android.settings.root}}} topActivityType=1 pictureInPictureParams=null shouldDockBigOverlays=false launchIntoPipHostTaskId=-1 lastParentTaskIdBeforePip=-1 displayCutoutSafeInsets=Rect(0, 103 - 0, 0) topActivityInfo=ActivityInfo{9749ff5 com.android.settings.SubSettings} launchCookies=[] positionInParent=Point(0, 0) parentTaskId=-1 isFocused=true isVisible=true isVisibleRequested=true isSleeping=false topActivityInSizeCompat=false topActivityInOplusCompatMode=false topActivityEligibleForLetterboxEducation= false topActivityLetterboxed= false isFromDoubleTap= false topActivityLetterboxVerticalPosition= -1 topActivityLetterboxHorizontalPosition= -1 topActivityLetterboxWidth=-1 topActivityLetterboxHeight=-1 locusId=null displayAreaFeatureId=1 cameraCompatControlState=hidden locusId= null topActivityLetterboxInsets=Rect(0, 0 - 0, 0)} task:Task{e4f0695 #4703 type=standard A=1000:com.android.settings.root}
01-06 10:42:07.559  4230  4357 D ShellTaskOrganizer: dispatchTaskEventToClientIfNeed, eventType:2, taskInfo:TaskInfo{userId=0 taskId=4703 displayId=0 isRunning=true baseIntent=Intent { act=android.settings.SETTINGS flg=0x14000000 cmp=com.android.settings/com.oplus.settings.feature.homepage.OplusSettingsHomepageActivity mCallingUid=10211 } baseActivity=ComponentInfo{com.android.settings/com.oplus.settings.feature.homepage.OplusSettingsHomepageActivity} topActivity=ComponentInfo{com.android.settings/com.android.settings.SubSettings} origActivity=null realActivity=ComponentInfo{com.android.settings/com.oplus.settings.feature.homepage.OplusSettingsHomepageActivity} numActivities=4 lastActiveTime=170712456 supportsSplitScreenMultiWindow=true supportsMultiWindow=true supportsPocketStudioMultiWindow=true isInFlexibleEmbedded = false uid = 1000 pid = 9510 resizeMode=1 isResizeable=true minWidth=-1 minHeight=-1 defaultMinSize=220 token=WCT{android.window.IWindowContainerToken$Stub$Proxy@4b79880} topActivityType=1 pictureInPictureParams=null shouldDockBigOverlays=false launchIntoPipHostTaskId=-1 lastParentTaskIdBeforePip=-1 displayCutoutSafeInsets=Rect(0, 103 - 0, 0) topActivityInfo=ActivityInfo{5a31eb9 com.android.settings.SubSettings} launchCookies=[] positionInParent=Point(0, 0) parentTaskId=-1 isFocused=true isVisible=true isVisibleRequested=true isSleeping=false topActivityInSizeCompat=false topActivityInOplusCompatMode=false topActivityEligibleForLetterboxEducation= false topActivityLetterboxed= false isFromDoubleTap= false topActivityLetterboxVerticalPosition= -1 topActivityLetterboxHorizontalPosition= -1 topActivityLetterboxWidth=-1 topActivityLetterboxHeight=-1 locusId=null displayAreaFeatureId=1 cameraCompatControlState=hidden locusId= null topActivityLetterboxInsets=Rect(0, 0 - 0, 0)}, leash:null
01-06 10:42:07.562  2321  5705 I StatusBarManagerService: disableLocked, what:0, pkg:com.android.systemui userId: 0 token:android.os.BinderProxy@f1c70d6 net1:0 net2:0
01-06 10:42:07.565  2321  5738 D WindowManagerServiceExtImpl: extractConfigInfoAndRealFlags rotation=0, screenDp=360, win=Window{b67bb60 u0 com.android.settings/com.android.settings.SubSettings}
01-06 10:42:07.565  2321  5738 V WindowManager: Relayout Window{b67bb60 u0 com.android.settings/com.android.settings.SubSettings}: viewVisibility=0, oldvis=8, req=1080x2400, vsysui=LAYOUT_STABLE LAYOUT_FULLSCREEN
01-06 10:42:07.565  2321  5738 I WindowManager: Window{b67bb60 u0 com.android.settings/com.android.settings.SubSettings} state from HAS_DRAWN to DRAW_PENDING; reason: resetDrawState
01-06 10:42:07.569  2321  5750 D OplusSplitScreenManagerService: com.android.settings supportsSplitScreen by forceResizable activity return:true
01-06 10:42:07.569  2321  5750 D OplusSplitScreenManagerService: com.android.settings supportsSplitScreen by forceResizable activity return:true
01-06 10:42:07.570  2321  5796 D OplusSplitScreenManagerService: com.android.settings supportsSplitScreen by forceResizable activity return:true
01-06 10:42:07.570  2321  5796 D OplusSplitScreenManagerService: com.android.settings supportsSplitScreen by forceResizable activity return:true
01-06 10:42:07.572  9510  9510 D VRI[SubSettings]: relayoutWindow result, sizeChanged:false, surfaceControlChanged:false, transformHintChanged:false, mSurfaceSize:Point(1080, 2400), mLastSurfaceSize:Point(1080, 2400), mWidth:1080, mHeight:2400, requestedWidth:1080, requestedHeight:2400, transformHint:0, lastTransformHint:0, installOrientation:0, displayRotation:0, isSurfaceValid:true, attr.flag:-2122252032, useBlast:true, tmpFrames:ClientWindowFrames{frame=[0,0][1080,2400] display=[0,0][1080,2400] parentFrame=[0,0][0,0]}
01-06 10:42:07.572  9510  9510 W VRI[SubSettings]: updateBlastSurfaceIfNeeded, surfaceSize:Point(1080, 2400), lastSurfaceSize:Point(1080, 2400), format:-1, blastBufferQueue:null
01-06 10:42:07.572  2321  5796 D OplusSplitScreenManagerService: com.android.settings supportsSplitScreen by forceResizable activity return:true
01-06 10:42:07.572  2321  5796 D OplusSplitScreenManagerService: com.android.settings supportsSplitScreen by forceResizable activity return:true
01-06 10:42:07.573  2321  5750 D OplusSplitScreenManagerService: com.android.settings supportsSplitScreen by forceResizable activity return:true
