01-06 10:42:05.716  2321  3572 D DisplayManagerService: Ignore redundant display event 0/4 to 10167/26765
01-06 10:42:05.729  2321  3572 D DisplayManagerService: Ignore redundant display event 0/4 to 10819/1124
01-06 10:42:05.729  2321  3641 D DisplayPowerController[0]: animateScreenStateChange animation in progress state:OFF
01-06 10:42:05.729  2321  3572 D DisplayManagerService: Ignore redundant display event 0/4 to 10106/9909
01-06 10:42:05.730  2321  3572 D DisplayManagerService: Ignore redundant display event 0/4 to 10818/18009
01-06 10:42:05.730  2321  3572 D DisplayManagerService: Ignore redundant display event 0/4 to 10287/18079
01-06 10:42:05.730  2321  3572 D DisplayManagerService: Ignore redundant display event 0/4 to 10363/19144
01-06 10:42:05.730  2321  3572 D DisplayManagerService: Ignore redundant display event 0/4 to 10314/23682
01-06 10:42:05.730  2321  3572 D DisplayManagerService: Ignore redundant display event 0/4 to 10330/25186
01-06 10:42:05.730  2321  3572 D DisplayManagerService: Ignore redundant display event 0/4 to 10167/26602
01-06 10:42:05.730  2321  3572 D DisplayManagerService: Ignore redundant display event 0/4 to 10167/26765
01-06 10:42:05.730  2321  3641 D DpcExtImpl[0]: onchange selfChange=false state=ON uri=content://settings/system/screen_brightness
01-06 10:42:05.731  2321  3572 D DisplayManagerService: Ignore redundant display event 0/4 to 10819/1124
01-06 10:42:05.731  2321  3572 D DisplayManagerService: Ignore redundant display event 0/4 to 10106/9909
01-06 10:42:05.731  2321  3572 D DisplayManagerService: Ignore redundant display event 0/4 to 10818/18009
01-06 10:42:05.731  2321  3572 D DisplayManagerService: Ignore redundant display event 0/4 to 10287/18079
01-06 10:42:05.731  2321  3572 D DisplayManagerService: Ignore redundant display event 0/4 to 10363/19144
01-06 10:42:05.731  2321  3572 D DisplayManagerService: Ignore redundant display event 0/4 to 10314/23682
01-06 10:42:05.731  2321  3572 D DisplayManagerService: Ignore redundant display event 0/4 to 10330/25186
01-06 10:42:05.731  2321  3641 D DisplayPowerState[0]: setColorFadeLevel: level=0.38327724
01-06 10:42:05.731  2321  3572 D DisplayManagerService: Ignore redundant display event 0/4 to 10167/26602
01-06 10:42:05.731  2321  3572 D DisplayManagerService: Ignore redundant display event 0/4 to 10167/26765
01-06 10:42:05.745  2321  3572 D DisplayManagerService: Ignore redundant display event 0/4 to 10819/1124
01-06 10:42:05.745  2321  3641 D DisplayPowerController[0]: animateScreenStateChange animation in progress state:OFF
01-06 10:42:05.746  2321  3572 D DisplayManagerService: Ignore redundant display event 0/4 to 10106/9909
01-06 10:42:05.746  2321  3572 D DisplayManagerService: Ignore redundant display event 0/4 to 10818/18009
01-06 10:42:05.746  2321  3572 D DisplayManagerService: Ignore redundant display event 0/4 to 10287/18079
01-06 10:42:05.746  2321  3572 D DisplayManagerService: Ignore redundant display event 0/4 to 10363/19144
01-06 10:42:05.746  2321  3572 D DisplayManagerService: Ignore redundant display event 0/4 to 10314/23682
01-06 10:42:05.746  2321  3572 D DisplayManagerService: Ignore redundant display event 0/4 to 10330/25186
01-06 10:42:05.746  2321  3572 D DisplayManagerService: Ignore redundant display event 0/4 to 10167/26602
01-06 10:42:05.746  2321  3572 D DisplayManagerService: Ignore redundant display event 0/4 to 10167/26765
01-06 10:42:05.746  2321  3572 D DisplayManagerService: Ignore redundant display event 0/4 to 10819/1124
01-06 10:42:05.746  2321  3641 D DpcExtImpl[0]: onchange selfChange=false state=ON uri=content://settings/system/screen_brightness
01-06 10:42:05.746  2321  3572 D DisplayManagerService: Ignore redundant display event 0/4 to 10106/9909
01-06 10:42:05.746  2321  3572 D DisplayManagerService: Ignore redundant display event 0/4 to 10818/18009
01-06 10:42:05.748  2321  3572 D DisplayManagerService: Ignore redundant display event 0/4 to 10287/18079
01-06 10:42:05.748  2321  3572 D DisplayManagerService: Ignore redundant display event 0/4 to 10363/19144
01-06 10:42:05.748  2321  3572 D DisplayManagerService: Ignore redundant display event 0/4 to 10314/23682
01-06 10:42:05.748  2321  3572 D DisplayManagerService: Ignore redundant display event 0/4 to 10330/25186
01-06 10:42:05.748  2321  3572 D DisplayManagerService: Ignore redundant display event 0/4 to 10167/26602
01-06 10:42:05.748  2321  3572 D DisplayManagerService: Ignore redundant display event 0/4 to 10167/26765
01-06 10:42:05.750  2321  3641 D DisplayPowerState[0]: setColorFadeLevel: level=0.26603514
01-06 10:42:05.762  2321  3572 D DisplayManagerService: Ignore redundant display event 0/4 to 10819/1124
01-06 10:42:05.762  2321  3641 D DisplayPowerController[0]: animateScreenStateChange animation in progress state:OFF
01-06 10:42:05.762  2321  3572 D DisplayManagerService: Ignore redundant display event 0/4 to 10106/9909
01-06 10:42:05.762  2321  3572 D DisplayManagerService: Ignore redundant display event 0/4 to 10818/18009
01-06 10:42:05.762  2321  3572 D DisplayManagerService: Ignore redundant display event 0/4 to 10287/18079
01-06 10:42:05.762  2321  3572 D DisplayManagerService: Ignore redundant display event 0/4 to 10363/19144
01-06 10:42:05.762  2321  3572 D DisplayManagerService: Ignore redundant display event 0/4 to 10314/23682
01-06 10:42:05.762  2321  3572 D DisplayManagerService: Ignore redundant display event 0/4 to 10330/25186
01-06 10:42:05.762  2321  3572 D DisplayManagerService: Ignore redundant display event 0/4 to 10167/26602
01-06 10:42:05.762  2321  3572 D DisplayManagerService: Ignore redundant display event 0/4 to 10167/26765
01-06 10:42:05.762  2321  3572 D DisplayManagerService: Ignore redundant display event 0/4 to 10819/1124
01-06 10:42:05.762  2321  3641 D DpcExtImpl[0]: onchange selfChange=false state=ON uri=content://settings/system/screen_brightness
01-06 10:42:05.762  2321  3572 D DisplayManagerService: Ignore redundant display event 0/4 to 10106/9909
01-06 10:42:05.762  2321  3572 D DisplayManagerService: Ignore redundant display event 0/4 to 10818/18009
01-06 10:42:05.763  2321  3572 D DisplayManagerService: Ignore redundant display event 0/4 to 10287/18079
01-06 10:42:05.763  2321  3572 D DisplayManagerService: Ignore redundant display event 0/4 to 10363/19144
01-06 10:42:05.763  2321  3572 D DisplayManagerService: Ignore redundant display event 0/4 to 10314/23682
01-06 10:42:05.763  2321  3572 D DisplayManagerService: Ignore redundant display event 0/4 to 10330/25186
01-06 10:42:05.763  2321  3572 D DisplayManagerService: Ignore redundant display event 0/4 to 10167/26602
01-06 10:42:05.763  2321  3572 D DisplayManagerService: Ignore redundant display event 0/4 to 10167/26765
01-06 10:42:05.763  2321  3641 D DisplayPowerState[0]: setColorFadeLevel: level=0.1577264
01-06 10:42:05.781  2321  3641 D DisplayPowerController[0]: animateScreenStateChange animation in progress state:OFF
01-06 10:42:05.781  2321  3572 D DisplayManagerService: Ignore redundant display event 0/4 to 10819/1124
01-06 10:42:05.781  2321  3572 D DisplayManagerService: Ignore redundant display event 0/4 to 10106/9909
01-06 10:42:05.781  2321  3572 D DisplayManagerService: Ignore redundant display event 0/4 to 10818/18009
01-06 10:42:05.781  2321  3572 D DisplayManagerService: Ignore redundant display event 0/4 to 10287/18079
01-06 10:42:05.781  2321  3572 D DisplayManagerService: Ignore redundant display event 0/4 to 10363/19144
01-06 10:42:05.781  2321  3572 D DisplayManagerService: Ignore redundant display event 0/4 to 10314/23682
01-06 10:42:05.781  2321  3572 D DisplayManagerService: Ignore redundant display event 0/4 to 10330/25186
01-06 10:42:05.781  2321  3572 D DisplayManagerService: Ignore redundant display event 0/4 to 10167/26602
01-06 10:42:05.781  2321  3572 D DisplayManagerService: Ignore redundant display event 0/4 to 10167/26765
01-06 10:42:05.782  2321  3572 D DisplayManagerService: Ignore redundant display event 0/4 to 10819/1124
01-06 10:42:05.782  2321  3641 D DpcExtImpl[0]: onchange selfChange=false state=ON uri=content://settings/system/screen_brightness
01-06 10:42:05.782  2321  3572 D DisplayManagerService: Ignore redundant display event 0/4 to 10106/9909
01-06 10:42:05.782  2321  3572 D DisplayManagerService: Ignore redundant display event 0/4 to 10818/18009
01-06 10:42:05.782  2321  3572 D DisplayManagerService: Ignore redundant display event 0/4 to 10287/18079
01-06 10:42:05.782  2321  3572 D DisplayManagerService: Ignore redundant display event 0/4 to 10363/19144
01-06 10:42:05.782  2321  3572 D DisplayManagerService: Ignore redundant display event 0/4 to 10314/23682
01-06 10:42:05.782  2321  3572 D DisplayManagerService: Ignore redundant display event 0/4 to 10330/25186
01-06 10:42:05.782  2321  3572 D DisplayManagerService: Ignore redundant display event 0/4 to 10167/26602
01-06 10:42:05.782  2321  3572 D DisplayManagerService: Ignore redundant display event 0/4 to 10167/26765
01-06 10:42:05.784  2321  3641 D DisplayPowerState[0]: setColorFadeLevel: level=0.073679864
01-06 10:42:05.794  2321  3572 D DisplayManagerService: Ignore redundant display event 0/4 to 10819/1124
01-06 10:42:05.794  2321  3641 D DisplayPowerController[0]: animateScreenStateChange animation in progress state:OFF
01-06 10:42:05.794  2321  3572 D DisplayManagerService: Ignore redundant display event 0/4 to 10106/9909
01-06 10:42:05.794  2321  3572 D DisplayManagerService: Ignore redundant display event 0/4 to 10818/18009
01-06 10:42:05.794  2321  3572 D DisplayManagerService: Ignore redundant display event 0/4 to 10287/18079
01-06 10:42:05.794  2321  3572 D DisplayManagerService: Ignore redundant display event 0/4 to 10363/19144
01-06 10:42:05.794  2321  3572 D DisplayManagerService: Ignore redundant display event 0/4 to 10314/23682
01-06 10:42:05.795  2321  3572 D DisplayManagerService: Ignore redundant display event 0/4 to 10330/25186
01-06 10:42:05.795  2321  3572 D DisplayManagerService: Ignore redundant display event 0/4 to 10167/26602
01-06 10:42:05.795  2321  3572 D DisplayManagerService: Ignore redundant display event 0/4 to 10167/26765
01-06 10:42:05.795  2321  3572 D DisplayManagerService: Ignore redundant display event 0/4 to 10819/1124
01-06 10:42:05.795  2321  3641 D DpcExtImpl[0]: onchange selfChange=false state=ON uri=content://settings/system/screen_brightness
01-06 10:42:05.795  2321  3572 D DisplayManagerService: Ignore redundant display event 0/4 to 10106/9909
01-06 10:42:05.795  2321  3572 D DisplayManagerService: Ignore redundant display event 0/4 to 10818/18009
01-06 10:42:05.795  2321  3572 D DisplayManagerService: Ignore redundant display event 0/4 to 10287/18079
01-06 10:42:05.795  2321  3572 D DisplayManagerService: Ignore redundant display event 0/4 to 10363/19144
01-06 10:42:05.795  2321  3572 D DisplayManagerService: Ignore redundant display event 0/4 to 10314/23682
01-06 10:42:05.796  2321  3572 D DisplayManagerService: Ignore redundant display event 0/4 to 10330/25186
01-06 10:42:05.796  2321  3572 D DisplayManagerService: Ignore redundant display event 0/4 to 10167/26602
01-06 10:42:05.796  2321  3572 D DisplayManagerService: Ignore redundant display event 0/4 to 10167/26765
01-06 10:42:05.796  2321  3641 D DisplayPowerState[0]: setColorFadeLevel: level=0.022103548
01-06 10:42:05.813  2321  3641 D DisplayPowerController[0]: animateScreenStateChange animation in progress state:OFF
01-06 10:42:05.813  2321  3572 D DisplayManagerService: Ignore redundant display event 0/4 to 10819/1124
01-06 10:42:05.814  2321  3641 D DpcExtImpl[0]: onchange selfChange=false state=ON uri=content://settings/system/screen_brightness
01-06 10:42:05.814  2321  3572 D DisplayManagerService: Ignore redundant display event 0/4 to 10106/9909
01-06 10:42:05.814  2321  3572 D DisplayManagerService: Ignore redundant display event 0/4 to 10818/18009
01-06 10:42:05.814  2321  3572 D DisplayManagerService: Ignore redundant display event 0/4 to 10287/18079
01-06 10:42:05.814  2321  3641 D DisplayPowerState[0]: setColorFadeLevel: level=2.4676323E-4
01-06 10:42:05.814  2321  3572 D DisplayManagerService: Ignore redundant display event 0/4 to 10363/19144
01-06 10:42:05.814  2321  3572 D DisplayManagerService: Ignore redundant display event 0/4 to 10314/23682
01-06 10:42:05.814  2321  3572 D DisplayManagerService: Ignore redundant display event 0/4 to 10330/25186
01-06 10:42:05.814  2321  3572 D DisplayManagerService: Ignore redundant display event 0/4 to 10167/26602
01-06 10:42:05.814  2321  3572 D DisplayManagerService: Ignore redundant display event 0/4 to 10167/26765
01-06 10:42:05.814  2321  3572 D DisplayManagerService: Ignore redundant display event 0/4 to 10819/1124
01-06 10:42:05.815  2321  3572 D DisplayManagerService: Ignore redundant display event 0/4 to 10106/9909
01-06 10:42:05.815  2321  3572 D DisplayManagerService: Ignore redundant display event 0/4 to 10818/18009
01-06 10:42:05.815  2321  3572 D DisplayManagerService: Ignore redundant display event 0/4 to 10287/18079
01-06 10:42:05.815  2321  3572 D DisplayManagerService: Ignore redundant display event 0/4 to 10363/19144
01-06 10:42:05.815  2321  3572 D DisplayManagerService: Ignore redundant display event 0/4 to 10314/23682
01-06 10:42:05.815  2321  3572 D DisplayManagerService: Ignore redundant display event 0/4 to 10330/25186
01-06 10:42:05.815  2321  3572 D DisplayManagerService: Ignore redundant display event 0/4 to 10167/26602
01-06 10:42:05.815  2321  3572 D DisplayManagerService: Ignore redundant display event 0/4 to 10167/26765
01-06 10:42:05.827  2321  3641 D DisplayPowerController[0]: animateScreenStateChange animation in progress state:OFF
01-06 10:42:05.828  2321  3572 D DisplayManagerService: Ignore redundant display event 0/4 to 10819/1124
01-06 10:42:05.828  2321  3572 D DisplayManagerService: Ignore redundant display event 0/4 to 10106/9909
01-06 10:42:05.828  2321  3572 D DisplayManagerService: Ignore redundant display event 0/4 to 10818/18009
01-06 10:42:05.828  2321  3572 D DisplayManagerService: Ignore redundant display event 0/4 to 10287/18079
01-06 10:42:05.828  2321  3572 D DisplayManagerService: Ignore redundant display event 0/4 to 10363/19144
01-06 10:42:05.828  2321  3572 D DisplayManagerService: Ignore redundant display event 0/4 to 10314/23682
01-06 10:42:05.828  2321  3572 D DisplayManagerService: Ignore redundant display event 0/4 to 10330/25186
01-06 10:42:05.828  2321  3572 D DisplayManagerService: Ignore redundant display event 0/4 to 10167/26602
01-06 10:42:05.828  2321  3572 D DisplayManagerService: Ignore redundant display event 0/4 to 10167/26765
01-06 10:42:05.829  2321  3641 D DpcExtImpl[0]: onchange selfChange=false state=ON uri=content://settings/system/screen_brightness
01-06 10:42:05.829  2321  3641 D DisplayPowerState[0]: setColorFadeLevel: level=0.0
01-06 10:42:05.829  2321  3641 D DpcExtImpl[0]: RECORD: Animation finished when screen is off isInteractive: false
01-06 10:42:05.832  2321  3641 D Biometrics_DEBUG: [onGoToSleepFinish]
01-06 10:42:05.844  2321  3641 I DisplayPowerController[0]: Blocking screen off
01-06 10:42:05.844  2321  3572 D DisplayManagerService: Ignore redundant display event 0/4 to 10819/1124
01-06 10:42:05.845  2321  3641 I DisplayPowerController[0]: Unblocked screen off after 1 ms
01-06 10:42:05.845  2321  3572 D DisplayManagerService: Ignore redundant display event 0/4 to 10106/9909
01-06 10:42:05.845  2321  3572 D DisplayManagerService: Ignore redundant display event 0/4 to 10818/18009
01-06 10:42:05.845  2321  3572 D DisplayManagerService: Ignore redundant display event 0/4 to 10287/18079
01-06 10:42:05.845  2321  3572 D DisplayManagerService: Ignore redundant display event 0/4 to 10363/19144
01-06 10:42:05.845  2321  3572 D DisplayManagerService: Ignore redundant display event 0/4 to 10314/23682
01-06 10:42:05.845  2321  3572 D DisplayManagerService: Ignore redundant display event 0/4 to 10330/25186
01-06 10:42:05.845  2321  3572 D DisplayManagerService: Ignore redundant display event 0/4 to 10167/26602
01-06 10:42:05.845  2321  3572 D DisplayManagerService: Ignore redundant display event 0/4 to 10167/26765
01-06 10:42:05.846  2321  3572 D DisplayManagerService: Ignore redundant display event 0/4 to 10819/1124
01-06 10:42:05.846  2321  3572 D DisplayManagerService: Ignore redundant display event 0/4 to 10106/9909
01-06 10:42:05.846  2321  3572 D DisplayManagerService: Ignore redundant display event 0/4 to 10818/18009
01-06 10:42:05.846  2321  3572 D DisplayManagerService: Ignore redundant display event 0/4 to 10287/18079
01-06 10:42:05.846  2321  3572 D DisplayManagerService: Ignore redundant display event 0/4 to 10363/19144
01-06 10:42:05.846  2321  3572 D DisplayManagerService: Ignore redundant display event 0/4 to 10314/23682
01-06 10:42:05.846  2321  3572 D DisplayManagerService: Ignore redundant display event 0/4 to 10330/25186
01-06 10:42:05.846  2321  3572 D DisplayManagerService: Ignore redundant display event 0/4 to 10167/26602
01-06 10:42:05.846  2321  3647 D VRR [OPlusRefreshRateService]: handleScreenStateChange state: 1
01-06 10:42:05.846  2321  3572 D DisplayManagerService: Ignore redundant display event 0/4 to 10167/26765
01-06 10:42:05.846  2321  3641 D OplusSmartBrightnessController: onScreenEvent isScreenOn displayId[0]=false isFolding=false policy=OFF
01-06 10:42:05.846  2321  3641 D OplusSmartBrightnessController: NeedResetSpline:false, NeedResetSplineByLargeChange:false
01-06 10:42:05.847  2321  3643 I OplusSmartBrightnessController: handleMessage MSG_NEXT_LUX_WILL_CHANGED.
01-06 10:42:05.847  2321  3643 D OplusFeatureHDREnhanceBrightness: MSG_RUS_APPLY false
01-06 10:42:05.848  2321  3641 D DisplayPowerState[0]: setScreenState: state=1
01-06 10:42:05.848  2321  3641 D BackLightStat: setScreenState: state changed:ON->OFF
01-06 10:42:05.893  2321  3641 D ActivityTaskManager: Top Process State changed to PROCESS_STATE_TOP_SLEEPING
01-06 10:42:05.899  2321  3641 D WindowManager:  setIsSleeping from  false to true this=Display{#0 state=ON size=1080x2400 ROTATION_0}
01-06 10:42:05.915  2321  3641 D OplusTransitionController: requestStartTransition, requestInfo type: SLEEP, remoteTransition: null, displayChange: null, transition: TransitionRecord{f8e62aa id=2138 type=SLEEP flags=0x0}, caller: com.android.server.wm.TransitionControllerExtImpl.requestStartTransition:41 com.android.server.wm.TransitionController.requestStartTransition:738 com.android.server.wm.RootWindowContainer.lambda$applySleepTokens$19:2705 com.android.server.wm.RootWindowContainer.$r8$lambda$23BILeSwDpDN-3rvXPe_T49ONuI:0 com.android.server.wm.RootWindowContainer$$ExternalSyntheticLambda11.onCollectStarted:0 
01-06 10:42:05.916  4230  4357 V WindowManagerShell: Transition requested: android.os.BinderProxy@b34f3c2 TransitionRequestInfo { type = SLEEP, triggerTask = null, remoteTransition = null, displayChange = null }
01-06 10:42:05.925  2321  3641 D OplusFlexibleActivityTransitionManager: fixTransitType type result:12, targets: []
01-06 10:42:05.925  2321  3641 D OplusTransitionController: onTransactionReady, syncId: 2138, 
01-06 10:42:05.925  2321  3641 D OplusTransitionController:  info: {id=2138 t=SLEEP f=0x0 trk=0 r=[] c=[]}, 
01-06 10:42:05.925  2321  3641 D OplusTransitionController:  targets : []
01-06 10:42:05.930  2321  3569 V WindowManager: Sent Transition #2138 createdAt=01-06 10:42:05.900 via request=TransitionRequestInfo { type = SLEEP, triggerTask = null, remoteTransition = null, displayChange = null }
01-06 10:42:05.930  2321  3569 V WindowManager:     startWCT=null
01-06 10:42:05.931  2321  3569 V WindowManager:     info={id=2138 t=SLEEP f=0x0 trk=0 r=[] c=[]}
01-06 10:42:05.947  2321  3572 W WindowManager: captureTaskSnapshot mSnapshotMode= 0
01-06 10:42:05.948  2321  3572 D TaskSnapshotControllerExtImpl: createTaskSnapshot isCompatMode:false, isCompactWindow:false
01-06 10:42:05.980  2321  3572 D TaskSnapshotCache: putSnapshot mRunningCache top= ActivityRecord{be2f18a u0 com.android.settings/.SubSettings t4703}, mTaskId=4703, snapshot=TaskSnapshot{ mId=1767706925948 mCaptureTime=170710926519320 mTopActivityComponent=com.android.settings/.SubSettings mSnapshot=android.hardware.HardwareBuffer@f3cd9e4 (1080x2400) mColorSpace=sRGB IEC61966-2.1 (id=0, model=RGB) mOrientation=1 mRotation=0 mTaskSize=Point(1080, 2400) mContentInsets=[0,103][0,132] mLetterboxInsets=[0,0][0,0] mIsLowResolution=false mIsRealSnapshot=true mWindowingMode=1 mAppearance=0 mIsTranslucent=false mHasImeSurface=false, mAppIdMap size= 6
01-06 10:42:05.983  2321  3572 D OplusInterceptLockScreenWindow: starting IOplusLockScreenCallbacks service...
01-06 10:42:05.989  2321  5316 D OplusSplitScreenManagerService: com.android.settings supportsSplitScreen by forceResizable activity return:true
01-06 10:42:05.989  2321  5316 D OplusSplitScreenManagerService: com.android.settings supportsSplitScreen by forceResizable activity return:true
01-06 10:42:05.991  2321  5965 W Transition: Transition already started id=2138 state=2
01-06 10:42:05.992  4230  4357 V WindowManagerShell: onTransitionReady android.os.BinderProxy@b34f3c2: {id=2138 t=SLEEP f=0x0 trk=0 r=[] c=[]}
01-06 10:42:05.994  4230  4357 V WindowManagerShell: No transition roots in (#2138)android.os.BinderProxy@b34f3c2@0 so abort
01-06 10:42:05.997  4230  4357 V WindowManagerShell: Transition animation finished (aborted=true), notifying core (#2138)android.os.BinderProxy@b34f3c2@0
01-06 10:42:05.999  2321  3641 D WindowManager: screenTurnedOff  Display{#0 state=ON size=1080x2400 ROTATION_0}
01-06 10:42:05.999  2321  3569 V WindowManager: Finish Transition #2138: created at 01-06 10:42:05.900 collect-started=0.13ms request-sent=1.172ms started=16.418ms ready=16.407ms sent=25.722ms finished=98.86ms
01-06 10:42:05.999  2321  4130 D OplusTransitionController: finishTransition, transition: TransitionRecord{f8e62aa id=2138 type=SLEEP flags=0x0}
01-06 10:42:06.000  2321  4130 D TransitionController: NFW_send RECOMPUTE_FOCUS in finishTransition
01-06 10:42:06.000  4230  4357 D ShellTaskOrganizer: onTransitionFinish, isRecent:false
01-06 10:42:06.000  4230  4357 V WindowManagerShell: Track 0 became idle
01-06 10:42:06.008  2321  3230 D OplusAppListInterceptManager: shouldFilterTask
01-06 10:42:06.008  2321  3230 D OplusAppListInterceptManager: shouldFilterTask::packageName = com.android.settings
01-06 10:42:06.008  2321  3230 D OplusSplitScreenManagerService: com.android.settings supportsSplitScreen by forceResizable activity return:true
01-06 10:42:06.009  2321  3230 D OplusSplitScreenManagerService: com.android.settings supportsSplitScreen by forceResizable activity return:true
01-06 10:42:06.009  2321  3230 D ActivityTaskManager: Skipping, invisible task: Task{c41f4c5 #5 type=home I=com.android.launcher/.Launcher}
01-06 10:42:06.009  2321  3230 D OplusAppListInterceptManager: shouldFilterTask
01-06 10:42:06.009  2321  3230 D OplusAppListInterceptManager: shouldFilterTask::packageName = com.whatsapp.w4b
01-06 10:42:06.009  2321  3641 D ColorAutomaticBrightnessController: setLightSensorEnabled: MainEnable=false, AuxEnable:false, mLightSensorEnabled=true policy=OFF
01-06 10:42:06.009  2321  3641 D OplusLightSensorController: setMainLightSensorEnabled:true -> false
01-06 10:42:06.009  2321  3230 D OplusSplitScreenManagerService: com.whatsapp.w4b supportsSplitScreen by forceResizable activity return:true
01-06 10:42:06.009  2321  3230 D OplusAppListInterceptManager: shouldFilterTask
01-06 10:42:06.009  2321  3230 D OplusAppListInterceptManager: shouldFilterTask::packageName = com.android.chrome
01-06 10:42:06.009  2321  3230 D OplusSplitScreenManagerService: com.android.chrome supportsSplitScreen by forceResizable activity return:true
01-06 10:42:06.009  2321  3230 D OplusSplitScreenManagerService: com.android.chrome supportsSplitScreen by forceResizable activity return:true
01-06 10:42:06.009  2321  3230 D OplusAppListInterceptManager: shouldFilterTask
01-06 10:42:06.009  2321  3230 D OplusAppListInterceptManager: shouldFilterTask::packageName = com.instagram.android
01-06 10:42:06.010  2321  3230 D OplusSplitScreenManagerService: com.instagram.android supportsSplitScreen by forceResizable activity return:true
01-06 10:42:06.010  2321  3230 D OplusAppListInterceptManager: shouldFilterTask
01-06 10:42:06.010  2321  3230 D OplusAppListInterceptManager: shouldFilterTask::packageName = jp.pokemon.pokemontcgp
01-06 10:42:06.010  2321  3230 D OplusSplitScreenManagerService: jp.pokemon.pokemontcgp supportsSplitScreen by forceResizable activity return:true
01-06 10:42:06.010  2321  3230 D OplusAppListInterceptManager: shouldFilterTask
01-06 10:42:06.010  2321  3230 D OplusAppListInterceptManager: shouldFilterTask::packageName = com.chess
01-06 10:42:06.010  2321  3230 D OplusSplitScreenManagerService: com.chess supportsSplitScreen by forceResizable activity return:true
01-06 10:42:06.010  2321  3230 D OplusAppListInterceptManager: shouldFilterTask
01-06 10:42:06.010  2321  3230 D OplusAppListInterceptManager: shouldFilterTask::packageName = com.app.cq.ring
01-06 10:42:06.010  2321  3230 D OplusSplitScreenManagerService: com.app.cq.ring supportsSplitScreen by forceResizable activity return:true
01-06 10:42:06.010  2321  3230 D OplusAppListInterceptManager: shouldFilterTask
01-06 10:42:06.010  2321  3230 D OplusAppListInterceptManager: shouldFilterTask::packageName = org.telegram.messenger
01-06 10:42:06.010  2321  3230 D OplusSplitScreenManagerService: org.telegram.messenger supportsSplitScreen by forceResizable activity return:true
01-06 10:42:06.010  2321  3230 D OplusAppListInterceptManager: shouldFilterTask
01-06 10:42:06.010  2321  3230 D OplusAppListInterceptManager: shouldFilterTask::packageName = com.goongames.DungeonsofDreadrock2
01-06 10:42:06.011  2321  3230 D OplusSplitScreenManagerService: com.goongames.DungeonsofDreadrock2 supportsSplitScreen by forceResizable activity return:true
01-06 10:42:06.011  2321  3230 D OplusAppListInterceptManager: shouldFilterTask
01-06 10:42:06.011  2321  3230 D OplusAppListInterceptManager: shouldFilterTask::packageName = com.juanvision.eseecloud30
01-06 10:42:06.011  2321  3230 D OplusSplitScreenManagerService: com.juanvision.eseecloud30 supportsSplitScreen by forceResizable activity return:true
01-06 10:42:06.011  2321  3230 D ActivityTaskManager: after skip size 10
01-06 10:42:06.012  2321  3641 D OplusLightSensorController: unregister Main Light Sensor success.
01-06 10:42:06.012  2321  3641 D OplusLightSensorController: setAuxLightSensorEnabled:true -> false
01-06 10:42:06.021  2321  3641 D OplusLightSensorController: unregister Aux Light Sensor success.
01-06 10:42:06.021  2321  3641 D ColorAutomaticBrightnessController: setProximitySensorEnabled: enable=false, mProximitySensorEnabled=true policy=OFF
01-06 10:42:06.025  5729  6853 V MonthTrafficAlert: getWarningNotification subId:1 numWarningNotificaion:0
01-06 10:42:06.025  5729  6853 V TrafficAlert: getLimitNotification subId:1 ,numLimitNotificaion:0
01-06 10:42:06.028  2321  3641 I ColorAutomaticBrightnessController: updateAutoBrightness: Auto, sendUpdate = false adjustment=16060.784180,changed:-1->3850,modified:3850->3850->3850,changed=true,cameraMode=0,ProximityNear=false
01-06 10:42:06.029  2321  3641 D DisplayPowerState[0]: updateRunnable run fadeLevle=0.0 state=OFF brightness changed:3193.1077->-1.0
01-06 10:42:06.030  2321  4072 D DisplayPowerState[0]: Updating screen state: id=0, state=OFF, backlight=-1.0, sdrBacklight=-1.0
01-06 10:42:06.032  2321  3572 I DisplayDeviceRepository: Display device changed state: "Built-in Screen", OFF
01-06 10:42:06.032  2321  3572 D LogicalDisplayExt: set displayInfo flag FLAG_ROTATES_WITH_CONTENT
01-06 10:42:06.034  2321  4072 D OplusSmartBrightnessController: brightness(primary) = -1, brightness color = -1.0, brightness nit = 0.0,id:4630946950956839810 provider=false,verbose[auto=true,dragging=false,lowAnimating=false,hdrAnimating=false,needUpdate=false,window=false,dolbyRecord=false,edrEnhance=false,cover=false,isFirst=true,onlyOne=false,isDragAnimating=false,noAnim=false,state=OFF]
01-06 10:42:06.034  2321  4072 D OplusSmartBrightnessController: requestDisplayState isFirstDisplay=true state=1 globalDisplayState=0x0
01-06 10:42:06.034  2321  4072 D LocalDisplayAdapter: setDisplayState(id=4630946950956839810 isFirstDisplay=true state changed:ON->OFF) t-Name=PhotonicModulator
01-06 10:42:06.034  2321  3572 D DisplayManagerServiceExtImpl: scheduleTraversalLocked intraversal=false
01-06 10:42:06.034  2321  3572 I DisplayManagerServiceExtImpl: handle logical display changed logicalDisplay=id=0,stack=0,content=true,displayInfo{stack=0,type=1,id=0,uId=local:4630946950956839810,state=OFF,pkg=null}
01-06 10:42:06.038  2321  3572 D DisplayManagerService: Delivering display event: displayId=0, event=2
01-06 10:42:06.039  2321  4117 D OplusSplitScreenManagerService: com.android.settings supportsSplitScreen by forceResizable activity return:true
01-06 10:42:06.039  2321  4117 D OplusSplitScreenManagerService: com.android.settings supportsSplitScreen by forceResizable activity return:true
01-06 10:42:06.043  2321  3641 D OplusFeatureHDREnhanceBrightness: setAnimating : displayId[0]=false
01-06 10:42:06.043  2321  3641 D OplusFeatureReduceBrightness: setAnimating : animating = false
01-06 10:42:06.044  2321  3641 D OplusFeatureEdrEnhanceBrightness: setAnimating: false
01-06 10:42:06.044  2321  3641 D OplusFeaturePwEdrEnhanceBrightness: setAnimating: false
01-06 10:42:06.044  2321  3641 D ColorAutomaticBrightnessController: MSG_PROXIMITY_CHANGE far
01-06 10:42:06.055   832 22224 I keystore2: system/security/keystore2/src/authorization.rs:143 - on_lock_screen_event(r#LOCK, user_id=0, password.is_some()=false, unlocking_sids=Some([-4469548694759616812]))
01-06 10:42:06.061  2321  3572 D DisplayManagerService: MSG_REQUEST_TRAVERSAL pendingCompleted=false
01-06 10:42:06.065  2321  3573 D DisplayManagerService: performTraversalInternal pendingTraversal
01-06 10:42:06.065  2321  3573 D DisplayDevice: setLayerStackLocked id=local:4630946950956839810 token=android.os.BinderProxy@a02df0d stack=0->-1
01-06 10:42:06.065  2321  3573 I DisplayDevice: [0] Layerstack set to -1 for local:4630946950956839810
01-06 10:42:06.072  2321  3572 D DisplayManagerService: Ignore redundant display event 0/4 to 10819/1124
01-06 10:42:06.072  2321  3572 D DisplayManagerService: Ignore redundant display event 0/4 to 10106/9909
01-06 10:42:06.072  2321  3572 D DisplayManagerService: Ignore redundant display event 0/4 to 10818/18009
01-06 10:42:06.072  2321  3572 D DisplayManagerService: Ignore redundant display event 0/4 to 10287/18079
01-06 10:42:06.072  2321  3572 D DisplayManagerService: Ignore redundant display event 0/4 to 10363/19144
01-06 10:42:06.072  2321  3572 D DisplayManagerService: Ignore redundant display event 0/4 to 10314/23682
01-06 10:42:06.072  2321  3572 D DisplayManagerService: Ignore redundant display event 0/4 to 10330/25186
01-06 10:42:06.072  2321  3572 D DisplayManagerService: Ignore redundant display event 0/4 to 10167/26602
01-06 10:42:06.072  2321  3572 D DisplayManagerService: Ignore redundant display event 0/4 to 10167/26765
01-06 10:42:06.073  2321  2321 I WallpaperManagerServiceExt: removeDisplayData. displayId = 0
01-06 10:42:06.075  2321  3570 D OplusVFXScreenEffectFeature: notifySFCompatWindowStateChange entered false
01-06 10:42:06.075  2321  3570 D FlexibleWindowManager: physicalDisplayChangedForFlexibleWindow displayId 0, current display info 1080 x 2400, new display info 1080 x 2400
01-06 10:42:06.076  2321  3570 D FlexibleTaskController: onDisplayChanged displayId#0 ,cur:1080x2400 ,new:1080x2400
01-06 10:42:06.076  2321  3570 D FlexibleTaskController: onDisplayChanged displayId not support flexible.
01-06 10:42:06.076  2321  3570 D FlexibleWindowManager: physicalDisplayChangedForFlexibleWindow return for unsupported devices
01-06 10:42:06.081  2321  4153 D OAppNetControlService: Screens off!
01-06 10:42:06.089   832 22224 I keystore2: system/security/keystore2/src/super_key.rs:930 - Locking screen bound for user 0 sids [-4469548694759616812]
01-06 10:42:06.097  2321  3230 E OplusCustomizeRestrictionManagerService: isBiometricDisabled start
01-06 10:42:06.102  2321  5972 E OplusCustomizeRestrictionManagerService: isBiometricDisabled start
01-06 10:42:06.102  2321  5972 D LockSettingsService: [getStrongAuthForUser]  userId = 0
01-06 10:42:06.103  2321  5972 D BiometricUtils: isEncrypted: false isLockdown: false
01-06 10:42:06.106  2321  4030 D BiometricScheduler/Fingerprint21: [Added] {[363] com.android.server.biometrics.sensors.fingerprint.hidl.FingerprintUpdateActiveUserClient, proto=1, owner=android, cookie=0, requestId=-1, userId=0}, new queue size: 1, interruptable: false
01-06 10:42:06.106  2321  4030 D BiometricScheduler/Fingerprint21: [Polled] {[363] com.android.server.biometrics.sensors.fingerprint.hidl.FingerprintUpdateActiveUserClient, proto=1, owner=android, cookie=0, requestId=-1, userId=0}, State: 0
01-06 10:42:06.106  2321  4030 D BiometricScheduler/Fingerprint21: [Started] {[363] com.android.server.biometrics.sensors.fingerprint.hidl.FingerprintUpdateActiveUserClient, proto=1, owner=android, cookie=0, requestId=-1, userId=0}
01-06 10:42:06.106  2321  4030 D FingerprintUpdateActiveUserClient: Already user: com.android.server.biometrics.sensors.fingerprint.hidl.Fingerprint21$$ExternalSyntheticLambda1@a0fafb9, returning
01-06 10:42:06.106  2321  4030 D BiometricSchedulerOperation: [Finished / destroy]: {[363] com.android.server.biometrics.sensors.fingerprint.hidl.FingerprintUpdateActiveUserClient, proto=1, owner=android, cookie=0, requestId=-1, userId=0}
01-06 10:42:06.106  2321  4030 V BiometricSchedulerOperation: started: {[363] com.android.server.biometrics.sensors.fingerprint.hidl.FingerprintUpdateActiveUserClient, proto=1, owner=android, cookie=0, requestId=-1, userId=0}, State: 5
01-06 10:42:06.112  2321  4030 D BiometricScheduler/Fingerprint21: [Added] {[364] com.android.server.biometrics.sensors.fingerprint.hidl.FingerprintAuthenticationClient, proto=3, owner=com.android.systemui, cookie=0, requestId=179, userId=0}, new queue size: 1, interruptable: true
01-06 10:42:06.112  2321  4030 V BiometricScheduler/Fingerprint21: Not idle, current operation: {[363] com.android.server.biometrics.sensors.fingerprint.hidl.FingerprintUpdateActiveUserClient, proto=1, owner=android, cookie=0, requestId=-1, userId=0}, State: 5
01-06 10:42:06.113  2321  4030 D BiometricScheduler/Fingerprint21: [Finishing] {[363] com.android.server.biometrics.sensors.fingerprint.hidl.FingerprintUpdateActiveUserClient, proto=1, owner=android, cookie=0, requestId=-1, userId=0}, success: true
01-06 10:42:06.113  2321  4030 D BiometricScheduler/Fingerprint21: [Polled] {[364] com.android.server.biometrics.sensors.fingerprint.hidl.FingerprintAuthenticationClient, proto=3, owner=com.android.systemui, cookie=0, requestId=179, userId=0}, State: 0
01-06 10:42:06.113  2321  4030 D GestureAvailabilityTracker: Notifying gesture availability, active=false
01-06 10:42:06.113  2321  4030 D BiometricScheduler/Fingerprint21: [Started] {[364] com.android.server.biometrics.sensors.fingerprint.hidl.FingerprintAuthenticationClient, proto=3, owner=com.android.systemui, cookie=0, requestId=179, userId=0}
01-06 10:42:06.113  2321  4030 D BiometricStateCallback: State updated from 0 to 2, client {[364] com.android.server.biometrics.sensors.fingerprint.hidl.FingerprintAuthenticationClient, proto=3, owner=com.android.systemui, cookie=0, requestId=179, userId=0}
01-06 10:42:06.114  2321  4030 D Biometrics/AuthenticationClient: Requesting auth for com.android.systemui
01-06 10:42:06.114  2321  4030 D Biometrics/Fingerprint/UdfpsHelperExtImpl: preShowUdfpsOverlay sensor:0 reason:4
01-06 10:42:06.114  2321  4030 D VRR [OPlusExternalRefreshRateManager]: setStatus with: 1
01-06 10:42:06.114  2321  4030 D VRR [OPlusExternalRefreshRateManager]: setStatus from 0 to 1
01-06 10:42:06.114  2321  4030 D VRR [OPlusExternalRefreshRateManager]: max rate from mRefreshRateConfigs is 120.00001, change to 120hz for fingerprint
01-06 10:42:06.114  2321  4030 D VRR [OPlusExternalRefreshRateManager]: keep max rate is: 120.0
01-06 10:42:06.114  2321  4030 D VRR [OPlusSurfaceFlingerController]:  setMiscExclusiveMode : 120
01-06 10:42:06.114  2321  4030 D VRR [OPlusExternalRefreshRateManager]: setTouchIdleKeepHight enable: true
01-06 10:42:06.115  2321  4030 D RefreshRate: setDisplayConfigSpecs display is sleeping,do nothing 
01-06 10:42:06.115  2321  4030 D RefreshRate: keepHighRefreshRate status=1: votes=PRIORITY_FOD_SHOW -> Vote{mRefreshRate=120.0, mMinRefreshRate=120.0};
01-06 10:42:06.117  2321  3910 I OplusJoystickManager: read game pad state for game manager -> false
01-06 10:42:06.117  2321  3910 W OplusJoystickManager: mInterceptGamepadKey is false
01-06 10:42:06.117  2321  3910 D OplusCustomizeRestrictionManagerService: isLongPressVolumeUpDisabled start
01-06 10:42:06.118  2321  3910 D StrategyBlackscreenshot: notifyKeyBeforeQueueing, event=KeyEvent { action=ACTION_DOWN, keyCode=KEYCODE_POWER, scanCode=116, metaState=0, flags=0x8, repeatCount=0, eventTime=156081493487000, downTime=156081493487000, deviceId=3, source=0x101, displayId=-1 }, interactive=false
01-06 10:42:06.121  2321  3910 E Orms_ManagerInner: cannot connect to orms core service!
01-06 10:42:06.123  2321  3910 D OplusPowerManagerHelper: [isFaceAutoUnlockEnabled]
01-06 10:42:06.127  2321  3573 D RefreshRate: refresh rate changing from  60.0 to 120.00001,maxRefreshRate=120.00001 for  ; inLowBrightnessMode, rateId:0 ;win name:com.android.settings/com.android.settings.SubSettings,votes{PRIORITY_FOD_SHOW -> Vote{mRefreshRate=120.0, mMinRefreshRate=120.0};},time:2026-01-06 13:42:06
01-06 10:42:06.130  2321  3572 D DisplayManagerServiceExtImpl: scheduleTraversalLocked intraversal=false
01-06 10:42:06.133  2321  3910 E OplusPowerManagerHelper: [isFaceAutoUnlockEnabled] return false
01-06 10:42:06.133  2321  3910 E Biometrics_DEBUG: execute mBlockReasonList.clear
01-06 10:42:06.133  2321  3910 I DisplayManagerService: unblockScreenOnByBiometrics displayId = 0
01-06 10:42:06.133  2321  3910 D OplusFeatureAOD: notifySfUnBlockScreenOn
01-06 10:42:06.133  2321  3910 D OplusPowerManagerHelper: scheduleNotifyStopDream
01-06 10:42:06.133  2321  3910 D OplusPowerManagerHelper: [onWakeUp]
01-06 10:42:06.134  2321  3910 D OplusPowerManagerHelper: [requestKeyguard]
01-06 10:42:06.134  2321  3641 D OplusPowerManagerHelper: handleMessage:102
01-06 10:42:06.134  2321  3641 D OplusPowerManagerHelper: MSG_STOP_DEAM
01-06 10:42:06.134  2321  3910 I PowerGroup: Waking up power group from Dozing (groupId=0, uid=1000, reason=WAKE_REASON_POWER_BUTTON, details=android.policy:POWER)...
01-06 10:42:06.134  2321  3910 D PowerManagerService: userActivityNoUpdateLocked: groupId=0, eventTime=156081493, event=other, flags=0x0, uid=1000
01-06 10:42:06.135  2321  3910 I PowerManagerService: Waking up from Dozing (uid=1000, reason=WAKE_REASON_POWER_BUTTON, details=android.policy:POWER)...
01-06 10:42:06.138  2321  3642 E ActivityManager: Cancel pending or running compactions as system is awake
01-06 10:42:06.139  2321  3910 D OplusVFXScreenEffectFeature: notifySFUpdateVFXEffectState state VFX_SCREEN_POWER_ON NeedNotify true
01-06 10:42:06.140  2321  3910 D OplusScreenOffTorchHelper: onWakeUp
01-06 10:42:06.141  2321  3910 D DisplayPowerController[0]: requestPowerState: policy=BRIGHT, useProximitySensor=false, screenBrightnessOverride=-1.0, useAutoBrightness=false, screenAutoBrightnessAdjustmentOverride=NaN, screenLowPowerBrightnessFactor=1.0, blockScreenOn=false, lowPowerMode=false, boostScreenBrightness=false, dozeScreenBrightness=NaN, dozeScreenState=UNKNOWN, waitForNegativeProximity=false displayReady=false pendingRequest=true
01-06 10:42:06.141  2321  3641 D OplusSmartBrightnessController: onScreenEvent isScreenOn displayId[0]=true isFolding=false policy=BRIGHT
01-06 10:42:06.141  2321  3641 I OplusSmartBrightnessController: Boost enter
01-06 10:42:06.141  2321  3647 D VRR [OPlusRefreshRateService]: handleScreenStateChange state: 2
01-06 10:42:06.141  2321  3910 D DisplayManagerServiceExtImpl: request size(1,1),dpc=com.android.server.display.DisplayPowerController@ce9daf6 size(0,1),flags=0X200F,id(0,0,local:4630946950956839810),enable=true,ready=false,waitForNegativeProximity=false policy=BRIGHT,useProximitySensor=false,dozeState=UNKNOWN,screenBrightnessOverride=-1.000000,useAuto=false,lowPower=false,lowPowerFactor=1.000000
01-06 10:42:06.141  2321  3641 D OplusSmartBrightnessController: updateBoostMode displayId[0]=1
01-06 10:42:06.141  2321  3572 D DisplayManagerService: MSG_REQUEST_TRAVERSAL pendingCompleted=false
01-06 10:42:06.141  2321  3909 D PowerManagerService: userActivityNoUpdateLocked: groupId=0, eventTime=156081493, event=button, flags=0x0, uid=1000
01-06 10:42:06.143  2321  3641 D DisplayPowerState[0]: setScreenState: state=2
01-06 10:42:06.143  2321  3641 D BackLightStat: setScreenState: state changed:OFF->ON
01-06 10:42:06.143  2321  3641 I DisplayPowerController[0]: Blocking screen on until initial contents have been drawn.
01-06 10:42:06.144  2321  3643 I OplusSmartBrightnessController: handleMessage MSG_UPDATE_BRIGHTNESS_NO_ANIMATION changed:true
01-06 10:42:06.144  2321  4030 D OplusUserManagerServiceEnhance: getMultiSystemUserId  res = 11
01-06 10:42:06.145  4230  4230 V KeyguardStatusViewController: refresh statusview visible:true
01-06 10:42:06.148  2321  3573 D DisplayManagerService: performTraversalInternal pendingTraversal
01-06 10:42:06.148  2321  3573 D DisplayDevice: setLayerStackLocked id=local:4630946950956839810 token=android.os.BinderProxy@a02df0d stack=-1->-1
01-06 10:42:06.149  2321  3572 D LocalDisplayAdapter: setDesiredDisplayModeSpecsAsync: display unique id = local:4630946950956839810, display mode specs = defaultMode=1 allowGroupSwitching=false primaryRanges=physical: (0.0 Infinity) render:  (0.0 60.0) appRequestRanges=physical: (0.0 Infinity) render:  (0.0 60.0)
01-06 10:42:06.155  2321  3641 D ActivityTaskManager: Top Process State changed to PROCESS_STATE_TOP
01-06 10:42:06.156  2321  3641 D WindowManager:  setIsSleeping from  true to false this=Display{#0 state=OFF size=1080x2400 ROTATION_0}
01-06 10:42:06.156  2321  3641 D ActivityTaskManager: awakeFromSleeping: previously pausing activity didn't pause
01-06 10:42:06.159  2321  3642 W ContextImpl: Calling a method in the system process without a qualified user: android.app.ContextImpl.sendBroadcast:1232 com.android.server.am.OplusAppStartupConfig.handleCountRestrictedList:1385 com.android.server.am.OplusAppStartupManager.updateScreenStatus:5122 com.android.server.OplusSysStateManager$LocalService.onWakefulnessChanged:417 com.android.server.power.NotifierExtImpl.onWakefulnessChanged:130 
01-06 10:42:06.160  2321  5706 I StatusBarManagerService: disableLocked, what:1600000, pkg:com.android.systemui userId: 0 token:android.os.BinderProxy@f1c70d6 net1:1600000 net2:0
01-06 10:42:06.161  2321  5723 D PowerManagerService: userActivityNoUpdateLocked: groupId=0, eventTime=156081545, event=other, flags=0x0, uid=10211
01-06 10:42:06.162  2321  6151 E OplusCustomizeRestrictionManagerService: isBiometricDisabled start
01-06 10:42:06.162  2321  4279 D LockSettingsService: [scheduleNonStrongBiometricIdleTimeout]  userId = 0
01-06 10:42:06.164  2321  5796 D OplusUserManagerServiceEnhance: getMultiSystemUserId  res = 11
01-06 10:42:06.165  2321  3641 D ActivityTaskManager: NFW_setLastResumedActivityUncheckLocked:false r:ActivityRecord{be2f18a u0 com.android.settings/.SubSettings t4703} currentFocus:Window{b67bb60 u0 com.android.settings/com.android.settings.SubSettings}
01-06 10:42:06.173  2321  3641 D WindowManager: updateOrientation: mLastOrientation = SCREEN_ORIENTATION_NOSENSOR(5) newOrientation = SCREEN_ORIENTATION_NOSENSOR(5) forceUpdate = true LastOrientationSource = ActivityRecord{be2f18a u0 com.android.settings/.SubSettings t4703}
01-06 10:42:06.173  2321  3641 D WindowManager: rotation(ROTATION_0) no changed.
01-06 10:42:06.174  2321  3641 D OplusSplitScreenManagerService: com.android.settings supportsSplitScreen by forceResizable activity return:true
01-06 10:42:06.174  2321  3642 D NotifierExtImpl: notifyScreenOnOff: on = false
01-06 10:42:06.174  2321  3642 D OplusPowerManagerServiceEnhance: notifyScreenOnOff on=false
01-06 10:42:06.174  2321  3641 D OplusSplitScreenManagerService: com.android.settings supportsSplitScreen by forceResizable activity return:true
01-06 10:42:06.174  2321  3641 I TaskOrganizerController: onTaskInfoChanged taskid 4703 config { mBounds=Rect(0, 0 - 1080, 2400) mAppBounds=Rect(0, 103 - 1080, 2268) mMaxBounds=Rect(0, 0 - 1080, 2400) mDisplayRotation=ROTATION_0 mWindowingMode=fullscreen mDisplayWindowingMode=fullscreen mActivityType=standard mAlwaysOnTop=undefined mRotation=ROTATION_0}
01-06 10:42:06.175  2321  3641 D FlexibleWindowManager: onFlexibleWindowTaskInfoChanged: mTaskId = 4703 oldIsTaskEmbedded = false   curIsTaskEmbedded = false  topActivity = ComponentInfo{com.android.settings/com.android.settings.SubSettings}
01-06 10:42:06.175  2321  3641 D OplusFlexibleWindowMinimizedManagerHelper: onTaskInfoChanged taskInfo:TaskInfo{userId=0 taskId=4703 displayId=0 isRunning=true baseIntent=Intent { act=android.settings.SETTINGS flg=0x14000000 cmp=com.android.settings/com.oplus.settings.feature.homepage.OplusSettingsHomepageActivity mCallingUid=10211 } baseActivity=ComponentInfo{com.android.settings/com.oplus.settings.feature.homepage.OplusSettingsHomepageActivity} topActivity=ComponentInfo{com.android.settings/com.android.settings.SubSettings} origActivity=null realActivity=ComponentInfo{com.android.settings/com.oplus.settings.feature.homepage.OplusSettingsHomepageActivity} numActivities=4 lastActiveTime=170711110 supportsSplitScreenMultiWindow=true supportsMultiWindow=true supportsPocketStudioMultiWindow=true isInFlexibleEmbedded = false uid = 1000 pid = 9510 resizeMode=1 isResizeable=true minWidth=-1 minHeight=-1 defaultMinSize=220 token=WCT{RemoteToken{a169b67 Task{e4f0695 #4703 type=standard A=1000:com.android.settings.root}}} topActivityType=1 pictureInPictureParams=null shouldDockBigOverlays=false launchIntoPipHostTaskId=-1 lastParentTaskIdBeforePip=-1 displayCutoutSafeInsets=Rect(0, 103 - 0, 0) topActivityInfo=ActivityInfo{9749ff5 com.android.settings.SubSettings} launchCookies=[] positionInParent=Point(0, 0) parentTaskId=-1 isFocused=true isVisible=true isVisibleRequested=true isSleeping=false topActivityInSizeCompat=false topActivityInOplusCompatMode=false topActivityEligibleForLetterboxEducation= false topActivityLetterboxed= false isFromDoubleTap= false topActivityLetterboxVerticalPosition= -1 topActivityLetterboxHorizontalPosition= -1 topActivityLetterboxWidth=-1 topActivityLetterboxHeight=-1 locusId=null displayAreaFeatureId=1 cameraCompatControlState=hidden locusId= null topActivityLetterboxInsets=Rect(0, 0 - 0, 0)} task:Task{e4f0695 #4703 type=standard A=1000:com.android.settings.root}
01-06 10:42:06.179  4230  4357 D ShellTaskOrganizer: dispatchTaskEventToClientIfNeed, eventType:2, taskInfo:TaskInfo{userId=0 taskId=4703 displayId=0 isRunning=true baseIntent=Intent { act=android.settings.SETTINGS flg=0x14000000 cmp=com.android.settings/com.oplus.settings.feature.homepage.OplusSettingsHomepageActivity mCallingUid=10211 } baseActivity=ComponentInfo{com.android.settings/com.oplus.settings.feature.homepage.OplusSettingsHomepageActivity} topActivity=ComponentInfo{com.android.settings/com.android.settings.SubSettings} origActivity=null realActivity=ComponentInfo{com.android.settings/com.oplus.settings.feature.homepage.OplusSettingsHomepageActivity} numActivities=4 lastActiveTime=170711110 supportsSplitScreenMultiWindow=true supportsMultiWindow=true supportsPocketStudioMultiWindow=true isInFlexibleEmbedded = false uid = 1000 pid = 9510 resizeMode=1 isResizeable=true minWidth=-1 minHeight=-1 defaultMinSize=220 token=WCT{android.window.IWindowContainerToken$Stub$Proxy@3e719c3} topActivityType=1 pictureInPictureParams=null shouldDockBigOverlays=false launchIntoPipHostTaskId=-1 lastParentTaskIdBeforePip=-1 displayCutoutSafeInsets=Rect(0, 103 - 0, 0) topActivityInfo=ActivityInfo{3119240 com.android.settings.SubSettings} launchCookies=[] positionInParent=Point(0, 0) parentTaskId=-1 isFocused=true isVisible=true isVisibleRequested=true isSleeping=false topActivityInSizeCompat=false topActivityInOplusCompatMode=false topActivityEligibleForLetterboxEducation= false topActivityLetterboxed= false isFromDoubleTap= false topActivityLetterboxVerticalPosition= -1 topActivityLetterboxHorizontalPosition= -1 topActivityLetterboxWidth=-1 topActivityLetterboxHeight=-1 locusId=null displayAreaFeatureId=1 cameraCompatControlState=hidden locusId= null topActivityLetterboxInsets=Rect(0, 0 - 0, 0)}, leash:null
01-06 10:42:06.180  2321  4279 D OplusUserManagerServiceEnhance: getMultiSystemUserId  res = 11
01-06 10:42:06.180  2321  4030 V BiometricSchedulerOperation: started: {[364] com.android.server.biometrics.sensors.fingerprint.hidl.FingerprintAuthenticationClient, proto=3, owner=com.android.systemui, cookie=0, requestId=179, userId=0}, State: 2
01-06 10:42:06.181  2321  4030 V BiometricLogger: Acquired! Modality: 1, User: 0, IsCrypto: false, Action: 2, Client: 1, AcquiredInfo: 6, VendorCode: 3
01-06 10:42:06.181  2321  4030 V Biometrics/AcquisitionClient: Acquired: 6 3, shouldSend: true
01-06 10:42:06.182  2321  3641 D TaskFragmentExtImpl: addColorModeOnResume resume=true pkg = com.android.settings
01-06 10:42:06.182  2321  3641 D OplusFeatureColorMode: ColorMode getColorMode =0
01-06 10:42:06.182  2321  3641 D ColorDisplayServiceExtImpl: getWCGVersion1App, packageName=com.android.settings, sSupportWCG1 = true, nRet = 0
01-06 10:42:06.183  2321  4331 D OplusUserManagerServiceEnhance: getMultiSystemUserId  res = 11
