01-06 10:42:06.189  5729  7917 D NAS-CallIssueController[0]: ActionsExecuteStateMachine recv msg:5
01-06 10:42:06.190  5729  7930 D NAS-CallIssueController[1]: ActionsExecuteStateMachine recv msg:5
01-06 10:42:06.198  2321  3641 D WindowManager: screenTurnedOn  Display{#0 state=OFF size=1080x2400 ROTATION_0}
01-06 10:42:06.198  2321  4117 D OplusSplitScreenManagerService: com.android.settings supportsSplitScreen by forceResizable activity return:true
01-06 10:42:06.198  2321  4117 D OplusSplitScreenManagerService: com.android.settings supportsSplitScreen by forceResizable activity return:true
01-06 10:42:06.199  2321  5965 D OplusSplitScreenManagerService: com.android.settings supportsSplitScreen by forceResizable activity return:true
01-06 10:42:06.199  2321  5965 D OplusSplitScreenManagerService: com.android.settings supportsSplitScreen by forceResizable activity return:true
01-06 10:42:06.200  2321  5867 V WindowManager: Relayout Window{9274cec u0 OnScreenFingerprintIcon}: viewVisibility=8, oldvis=8, req=1080x1080, vsysui=
01-06 10:42:06.203  2321  4279 D CompatibilityChangeReporter: Compat change id reported: 157233955; UID 1000; state: ENABLED
01-06 10:42:06.205  2321  5750 D OplusSplitScreenManagerService: com.android.settings supportsSplitScreen by forceResizable activity return:true
01-06 10:42:06.205  2321  5750 D OplusSplitScreenManagerService: com.android.settings supportsSplitScreen by forceResizable activity return:true
01-06 10:42:06.206  2321  5965 D WindowManagerServiceExtImpl: extractConfigInfoAndRealFlags rotation=0, screenDp=720, win=Window{cdc7a2a u0 NotificationShade}
01-06 10:42:06.206  2321  5965 V WindowManager: Relayout Window{cdc7a2a u0 NotificationShade}: viewVisibility=0, oldvis=4, req=1080x2400, vsysui=
01-06 10:42:06.206  2321  5965 I WindowManager: Window{cdc7a2a u0 NotificationShade} state from NO_SURFACE to DRAW_PENDING; reason: resetDrawState
01-06 10:42:06.210  2321  3599 I PowerManagerService: onFlip(): Face up.
01-06 10:42:06.210  2321  3599 D PowerManagerService: onFlip: isFaceDown=false
01-06 10:42:06.210  2321  3599 D PowerManagerService: userActivityNoUpdateLocked: groupId=0, eventTime=156081595, event=other, flags=0x0, uid=1000
01-06 10:42:06.214  2321  5965 V WindowManager: Changing focus from Window{b67bb60 u0 com.android.settings/com.android.settings.SubSettings} to Window{cdc7a2a u0 NotificationShade},diplayid=0
01-06 10:42:06.216  9510  9510 D ActivityThread: ComponentInfo{com.android.settings/com.android.settings.SubSettings} checkFinished=false 4
01-06 10:42:06.220  2321  4058 D OplusSplitScreenManagerService: com.android.settings supportsSplitScreen by forceResizable activity return:true
01-06 10:42:06.220  2321  4058 D OplusSplitScreenManagerService: com.android.settings supportsSplitScreen by forceResizable activity return:true
01-06 10:42:06.220  4230  4230 W VRI[NotificationShade]: updateBlastSurfaceIfNeeded, surfaceSize:Point(1080, 2400), lastSurfaceSize:Point(1080, 2400), format:-3, blastBufferQueue:null
01-06 10:42:06.220  2321  5727 D WindowManager: BarWindow--setVisible: id=2, oldState=0, state=2 call: 
01-06 10:42:06.221  2321  4058 D OplusSplitScreenManagerService: com.android.launcher supportsSplitScreen by forceResizable activity return:true
01-06 10:42:06.221  2321  4058 D OplusSplitScreenManagerService: com.android.launcher supportsSplitScreen by forceResizable activity return:false
01-06 10:42:06.222  2321  4058 D OplusSplitScreenManagerService: com.android.launcher supportsSplitScreen by forceResizable activity return:true
01-06 10:42:06.222  2321  4058 D OplusSplitScreenManagerService: com.android.launcher supportsSplitScreen by forceResizable activity return:false
01-06 10:42:06.222  2321  5750 D OplusSplitScreenManagerService: com.android.settings supportsSplitScreen by forceResizable activity return:true
01-06 10:42:06.222  2321  5750 D OplusSplitScreenManagerService: com.android.settings supportsSplitScreen by forceResizable activity return:true
01-06 10:42:06.222  2321  5867 W AdbDebuggingManager: Ignoring tag 'keyStore'. Not recognized.
01-06 10:42:06.223  2321  4130 D ActivityTaskManager: Top Process State changed to PROCESS_STATE_TOP_SLEEPING
01-06 10:42:06.224  2321  4130 D WindowManager:  setIsSleeping from  false to true this=Display{#0 state=OFF size=1080x2400 ROTATION_0}
01-06 10:42:06.225  2321  5316 D OplusGuardElfFeature: ICharger service = vendor.oplus.hardware.charger.ICharger$Stub$Proxy@de87dba
01-06 10:42:06.225  2321  3641 D DisplayPowerController[0]: animateScreenStateChange screen on blocked blocker=com.android.server.display.DisplayPowerController$ScreenOnUnblocker@a28646b
01-06 10:42:06.225  2321  3641 D OplusSmartBrightnessController: setCallbackHandler
01-06 10:42:06.225  2321  3641 D ColorAutomaticBrightnessController: setLightSensorEnabled: MainEnable=true, AuxEnable:true, mLightSensorEnabled=false policy=BRIGHT
01-06 10:42:06.225  2321  3641 D OplusLightSensorController: setMainLightSensorEnabled:false -> true
01-06 10:42:06.226  2321  3643 I OplusSmartBrightnessController: handleMessage MSG_FORCE_UPDATE_BRIGHTNESS.
01-06 10:42:06.226  2321  3643 I OplusSmartBrightnessController: onTargetBrightnessChange brightness change to (103.0, 86.63921, 3850.9688)
01-06 10:42:06.228  2321  5316 D OplusGuardElfFeature: ICharger set value = 0
01-06 10:42:06.228  2321  5316 D OplusGuardElfFeature: calling class name = ThermalControlUtils
01-06 10:42:06.228 15069 15113 D OplusBatteryManager: set charge value = 0
01-06 10:42:06.228  2321  4130 D OplusTransitionController: requestStartTransition, requestInfo type: SLEEP, remoteTransition: null, displayChange: null, transition: TransitionRecord{c04fee5 id=2139 type=SLEEP flags=0x0}, caller: com.android.server.wm.TransitionControllerExtImpl.requestStartTransition:41 com.android.server.wm.TransitionController.requestStartTransition:738 com.android.server.wm.RootWindowContainer.lambda$applySleepTokens$19:2705 com.android.server.wm.RootWindowContainer.$r8$lambda$23BILeSwDpDN-3rvXPe_T49ONuI:0 com.android.server.wm.RootWindowContainer$$ExternalSyntheticLambda11.onCollectStarted:0 
01-06 10:42:06.230  2321  4130 D OplusFlexibleActivityTransitionManager: fixTransitType type result:12, targets: []
01-06 10:42:06.230  2321  4130 D OplusTransitionController: onTransactionReady, syncId: 2139, 
01-06 10:42:06.230  2321  4130 D OplusTransitionController:  info: {id=2139 t=SLEEP f=0x40 trk=0 r=[] c=[]}, 
01-06 10:42:06.230  2321  4130 D OplusTransitionController:  targets : []
01-06 10:42:06.234  2321  4012 D OplusFeatureColorMode: +updateUserDreaming
01-06 10:42:06.236  2321  3569 V WindowManager: Sent Transition #2139 createdAt=01-06 10:42:06.224 via request=TransitionRequestInfo { type = SLEEP, triggerTask = null, remoteTransition = null, displayChange = null }
01-06 10:42:06.236  2321  3569 V WindowManager:     startWCT=null
01-06 10:42:06.236  2321  3569 V WindowManager:     info={id=2139 t=SLEEP f=0x40 trk=0 r=[] c=[]}
01-06 10:42:06.238  2321  3641 D OplusLightSensorController: register Main Light Sensor success.
01-06 10:42:06.238  2321  3641 D OplusLightSensorController: setAuxLightSensorEnabled:false -> true
01-06 10:42:06.238  2321  5706 D CompatibilityChangeReporter: Compat change id reported: 161145287; UID 1000; state: ENABLED
01-06 10:42:06.238  2321  5706 D CompatibilityChangeReporter: Compat change id reported: 161145287; UID 1000; state: DISABLED
01-06 10:42:06.240  2321  3910 I OplusJoystickManager: read game pad state for game manager -> false
01-06 10:42:06.240  2321  3910 W OplusJoystickManager: mInterceptGamepadKey is false
01-06 10:42:06.240  2321  3910 D OplusCustomizeRestrictionManagerService: isLongPressVolumeUpDisabled start
01-06 10:42:06.240  2321  3910 D StrategyBlackscreenshot: notifyKeyBeforeQueueing, event=KeyEvent { action=ACTION_UP, keyCode=KEYCODE_POWER, scanCode=116, metaState=0, flags=0x8, repeatCount=0, eventTime=156081624809000, downTime=156081493487000, deviceId=3, source=0x101, displayId=-1 }, interactive=true
01-06 10:42:06.240  2321  3910 D PhoneWindowManagerExtImpl: send check wallet message failed by exp version
01-06 10:42:06.240  2321  3570 V SinglePowerKeyMonitor:  p keyrule onPress.
01-06 10:42:06.240  2321  3570 I WindowManager: Suppressed redundant power key press while already in the process of turning the screen on.
01-06 10:42:06.241  2321  3910 I HwShutdownRecord: RecoverSqlFunc running start, setprop false
01-06 10:42:06.241  2321  3910 I HwShutdownRecord: tmemory Remove Flag
01-06 10:42:06.242  2321  3909 D PowerManagerService: userActivityNoUpdateLocked: groupId=0, eventTime=156081624, event=button, flags=0x0, uid=1000
01-06 10:42:06.244  2321  4072 D HidlDisplayPanelFeature: getDisplayPanelFeatureValue +++, featureID:20
01-06 10:42:06.245  2321  4072 D HidlDisplayPanelFeature: getDisplayPanelFeatureValue, ret = 0
01-06 10:42:06.245  2321  4072 I HidlDisplayPanelFeature: [0]
01-06 10:42:06.245  2321  4072 D HidlDisplayPanelFeature: getDisplayPanelFeatureValue ---, result = [0]
01-06 10:42:06.245  2321  4072 D OplusSilentRebootManager: silence flags file value is :0
01-06 10:42:06.272  2321  5796 D OplusDisplayManagerServiceEnhance: OplusDisplayManagerServiceEnhance setSpecBrightness gear = 0 reason = com.android.settings@temperature@31@normal rate = -1
01-06 10:42:06.282  2321  3643 I OplusDisplayBrightnessGuardStrategy: updateGuardStrategy large lux threshold[-1]=[(30.833334, 66.3751, 3403.9746), (470.0, 123.92271, 4562.1426) ]
01-06 10:42:06.282  2321  3643 I OplusDisplayBrightnessGuardStrategy: updateGuardStrategy small lux threshold[-1]=[(86.5, 83.885925, 3791.8042), (350.0, 112.94733, 4368.785) ]
01-06 10:42:06.282  2321  3643 I OplusSmartBrightnessController: onTargetBrightnessChange brightness change to (170.0, 95.043205, 4034.1687)
01-06 10:42:06.283  2321  4072 D DisplayPowerState[0]: Updating screen state: id=0, state=ON, backlight=-1.0, sdrBacklight=-1.0
01-06 10:42:06.299  2321  5727 D SystemServerTiming: getUserSwitchability-0
01-06 10:42:06.299  2321  5727 D SystemServerTiming: TM.isInCall
01-06 10:42:06.299  2321  5727 D SystemServerTiming: hasUserRestriction-DISALLOW_USER_SWITCH
01-06 10:42:06.299  2321  5727 D SystemServerTiming: getInt-ALLOW_USER_SWITCHING_WHEN_SYSTEM_USER_LOCKED
01-06 10:42:06.299  2321  5727 D SystemServerTiming: isUserUnlocked-USER_SYSTEM
01-06 10:42:06.306  2321  4130 D OplusSplitScreenManagerService: com.android.settings supportsSplitScreen by forceResizable activity return:true
01-06 10:42:06.306  2321  4130 D OplusSplitScreenManagerService: com.android.settings supportsSplitScreen by forceResizable activity return:true
01-06 10:42:06.306  2321  4130 I TaskOrganizerController: onTaskInfoChanged taskid 4703 config { mBounds=Rect(0, 0 - 1080, 2400) mAppBounds=Rect(0, 103 - 1080, 2268) mMaxBounds=Rect(0, 0 - 1080, 2400) mDisplayRotation=ROTATION_0 mWindowingMode=fullscreen mDisplayWindowingMode=fullscreen mActivityType=standard mAlwaysOnTop=undefined mRotation=ROTATION_0}
01-06 10:42:06.311  2321  4130 D FlexibleWindowManager: onFlexibleWindowTaskInfoChanged: mTaskId = 4703 oldIsTaskEmbedded = false   curIsTaskEmbedded = false  topActivity = ComponentInfo{com.android.settings/com.android.settings.SubSettings}
01-06 10:42:06.312  2321  4130 D OplusFlexibleWindowMinimizedManagerHelper: onTaskInfoChanged taskInfo:TaskInfo{userId=0 taskId=4703 displayId=0 isRunning=true baseIntent=Intent { act=android.settings.SETTINGS flg=0x14000000 cmp=com.android.settings/com.oplus.settings.feature.homepage.OplusSettingsHomepageActivity mCallingUid=10211 } baseActivity=ComponentInfo{com.android.settings/com.oplus.settings.feature.homepage.OplusSettingsHomepageActivity} topActivity=ComponentInfo{com.android.settings/com.android.settings.SubSettings} origActivity=null realActivity=ComponentInfo{com.android.settings/com.oplus.settings.feature.homepage.OplusSettingsHomepageActivity} numActivities=4 lastActiveTime=170711182 supportsSplitScreenMultiWindow=true supportsMultiWindow=true supportsPocketStudioMultiWindow=true isInFlexibleEmbedded = false uid = 1000 pid = 9510 resizeMode=1 isResizeable=true minWidth=-1 minHeight=-1 defaultMinSize=220 token=WCT{RemoteToken{a169b67 Task{e4f0695 #4703 type=standard A=1000:com.android.settings.root}}} topActivityType=1 pictureInPictureParams=null shouldDockBigOverlays=false launchIntoPipHostTaskId=-1 lastParentTaskIdBeforePip=-1 displayCutoutSafeInsets=Rect(0, 103 - 0, 0) topActivityInfo=ActivityInfo{9749ff5 com.android.settings.SubSettings} launchCookies=[] positionInParent=Point(0, 0) parentTaskId=-1 isFocused=true isVisible=false isVisibleRequested=false isSleeping=true topActivityInSizeCompat=false topActivityInOplusCompatMode=false topActivityEligibleForLetterboxEducation= false topActivityLetterboxed= false isFromDoubleTap= false topActivityLetterboxVerticalPosition= -1 topActivityLetterboxHorizontalPosition= -1 topActivityLetterboxWidth=-1 topActivityLetterboxHeight=-1 locusId=null displayAreaFeatureId=1 cameraCompatControlState=hidden locusId= null topActivityLetterboxInsets=Rect(0, 0 - 0, 0)} task:Task{e4f0695 #4703 type=standard A=1000:com.android.settings.root}
01-06 10:42:06.316  2321  4130 W WindowManager: captureTaskSnapshot mSnapshotMode= 0
01-06 10:42:06.316  2321  4130 W WindowManager: Failed to take screenshot. No visible windows for Task{e4f0695 #4703 type=standard A=1000:com.android.settings.root}
01-06 10:42:06.317  2321  4130 D DeviceStateProviderImpl: keyguard show or sleep: true mLastReportedState 0
01-06 10:42:06.318  4230  5164 W VRI[ScreenDecorOverlayBottom]: handleResized abandoned!
01-06 10:42:06.318  4230  5164 W VRI[ScreenDecorOverlay]: handleResized abandoned!
01-06 10:42:06.318  2321  4121 I Quality : BitmapCompressInfo:1080,2400,0,95,200259844
01-06 10:42:06.323  2321  5707 V WindowManager: Relayout Window{2f149a2 u0 OnScreenFingerprintPressedIcon}: viewVisibility=8, oldvis=8, req=192x192, vsysui=
01-06 10:42:06.323  4230  4357 V WindowManagerShell: Transition requested: android.os.BinderProxy@fb82007 TransitionRequestInfo { type = SLEEP, triggerTask = null, remoteTransition = null, displayChange = null }
01-06 10:42:06.324  2321  5707 D DisplayManagerService: performTraversalInternal pendingTraversal
01-06 10:42:06.324  2321  5707 D DisplayDevice: setLayerStackLocked id=local:4630946950956839810 token=android.os.BinderProxy@a02df0d stack=0->0
01-06 10:42:06.324  4230  4230 W FingerprintManager: Invalid acquired message: 6, 3
01-06 10:42:06.325  2321  3573 D DisplayManagerService: performTraversalInternal pendingTraversal
01-06 10:42:06.325  2321  3573 D DisplayDevice: setLayerStackLocked id=local:4630946950956839810 token=android.os.BinderProxy@a02df0d stack=0->0
01-06 10:42:06.326  2321  5750 D OplusSplitScreenManagerService: com.android.settings supportsSplitScreen by forceResizable activity return:true
01-06 10:42:06.326  2321  5750 D OplusSplitScreenManagerService: com.android.settings supportsSplitScreen by forceResizable activity return:true
01-06 10:42:06.327  4230  4230 W VRI[NotificationShade]: updateBlastSurfaceIfNeeded, surfaceSize:Point(1080, 2400), lastSurfaceSize:Point(1080, 2400), format:-3, blastBufferQueue:android.graphics.BLASTBufferQueue@f22f0d2
01-06 10:42:06.329  2321  5706 D DisplayManagerService: performTraversalInternal pendingTraversal
01-06 10:42:06.329  2321  5706 D DisplayDevice: setLayerStackLocked id=local:4630946950956839810 token=android.os.BinderProxy@a02df0d stack=0->0
01-06 10:42:06.331  2321  5706 I WindowManager: Window{cdc7a2a u0 NotificationShade} state from DRAW_PENDING to COMMIT_DRAW_PENDING; reason: finishDrawingLocked
01-06 10:42:06.332  2321  3230 D WindowManagerServiceExtImpl: extractConfigInfoAndRealFlags rotation=0, screenDp=720, win=Window{cdc7a2a u0 NotificationShade}
01-06 10:42:06.332  2321  3230 V WindowManager: Relayout Window{cdc7a2a u0 NotificationShade}: viewVisibility=0, oldvis=0, req=1080x2400, vsysui=
01-06 10:42:06.333  2321  3230 I WindowManager: Window{cdc7a2a u0 NotificationShade} state from COMMIT_DRAW_PENDING to READY_TO_SHOW; reason: commitFinishDrawingLocked
01-06 10:42:06.333  2321  3230 I WindowManager: Window{cdc7a2a u0 NotificationShade} state from READY_TO_SHOW to HAS_DRAWN; reason: performShowLocked
01-06 10:42:06.334  2321  3230 D DisplayManagerService: performTraversalInternal pendingTraversal
01-06 10:42:06.334  2321  3230 D DisplayDevice: setLayerStackLocked id=local:4630946950956839810 token=android.os.BinderProxy@a02df0d stack=0->0
01-06 10:42:06.334  2321  6151 W Transition: Transition already started id=2139 state=2
01-06 10:42:06.334  4230  4357 V WindowManagerShell: onTransitionReady android.os.BinderProxy@fb82007: {id=2139 t=SLEEP f=0x40 trk=0 r=[] c=[]}
01-06 10:42:06.335  4230  4357 V WindowManagerShell: No transition roots in (#2139)android.os.BinderProxy@fb82007@0 so abort
01-06 10:42:06.335  4230  4357 V WindowManagerShell: Transition animation finished (aborted=true), notifying core (#2139)android.os.BinderProxy@fb82007@0
01-06 10:42:06.336  2321  3230 D DisplayManagerService: performTraversalInternal pendingTraversal
01-06 10:42:06.336  2321  3230 D DisplayDevice: setLayerStackLocked id=local:4630946950956839810 token=android.os.BinderProxy@a02df0d stack=0->0
01-06 10:42:06.342  2321  5965 D WindowManager: mKeyguardDelegate.ShowListener.onDrawn.
01-06 10:42:06.343  2321  3570 W WindowManager: Setting mKeyguardDrawComplete
01-06 10:42:06.344  2321  3572 I DisplayDeviceRepository: Display device changed state: "Built-in Screen", ON
01-06 10:42:06.344  2321  3572 D LogicalDisplayExt: set displayInfo flag FLAG_ROTATES_WITH_CONTENT
01-06 10:42:06.344  4230  4230 W VRI[NotificationShade]: handleResized, msg:5, frameChanged:false, configChanged:false, displayChanged:false, attachedFrameChanged:false, compatScaleChanged:false, pendingDragResizing=false
01-06 10:42:06.344  4230  4230 W VRI[StatusBar]: handleResized abandoned!
01-06 10:42:06.345  2321  3572 D DisplayManagerServiceExtImpl: scheduleTraversalLocked intraversal=false
01-06 10:42:06.345  2321  3572 I DisplayManagerServiceExtImpl: handle logical display changed logicalDisplay=id=0,stack=0,content=true,displayInfo{stack=0,type=1,id=0,uId=local:4630946950956839810,state=ON,pkg=null}
01-06 10:42:06.348  2321  4130 D OplusSplitScreenManagerService: com.android.settings supportsSplitScreen by forceResizable activity return:true
01-06 10:42:06.348  2321  4130 D OplusSplitScreenManagerService: com.android.settings supportsSplitScreen by forceResizable activity return:true
01-06 10:42:06.349  2321  3569 V WindowManager: Finish Transition #2139: created at 01-06 10:42:06.224 collect-started=0.041ms request-sent=0.203ms started=5.823ms ready=5.821ms sent=6.205ms finished=124.665ms
01-06 10:42:06.349  2321  5707 D OplusTransitionController: finishTransition, transition: TransitionRecord{c04fee5 id=2139 type=SLEEP flags=0x40}
01-06 10:42:06.349  2321  5707 D RefreshRate: transition is finished, try to finish setting pending high temperature status.
01-06 10:42:06.349  2321  5707 D RefreshRate: setHighTemperatureStatusWithoutUpdate: status = 0, rate = 0
01-06 10:42:06.349  2321  5707 D RefreshRate: ***** request traversal for refresh rate change : mChangeInAnimation = false, highTempRefreshRateChanged = true *****
01-06 10:42:06.349  2321  5707 D TransitionController: NFW_send RECOMPUTE_FOCUS in finishTransition
01-06 10:42:06.349  4230  4357 D ShellTaskOrganizer: onTransitionFinish, isRecent:false
01-06 10:42:06.350  2321  5723 D OplusSplitScreenManagerService: com.android.settings supportsSplitScreen by forceResizable activity return:true
01-06 10:42:06.350  4230  4357 V WindowManagerShell: Track 0 became idle
01-06 10:42:06.350  2321  5723 D OplusSplitScreenManagerService: com.android.settings supportsSplitScreen by forceResizable activity return:true
01-06 10:42:06.351  2321  3572 D DisplayManagerService: MSG_REQUEST_TRAVERSAL pendingCompleted=false
01-06 10:42:06.351  4230  4357 D ShellTaskOrganizer: dispatchTaskEventToClientIfNeed, eventType:2, taskInfo:TaskInfo{userId=0 taskId=4703 displayId=0 isRunning=true baseIntent=Intent { act=android.settings.SETTINGS flg=0x14000000 cmp=com.android.settings/com.oplus.settings.feature.homepage.OplusSettingsHomepageActivity mCallingUid=10211 } baseActivity=ComponentInfo{com.android.settings/com.oplus.settings.feature.homepage.OplusSettingsHomepageActivity} topActivity=ComponentInfo{com.android.settings/com.android.settings.SubSettings} origActivity=null realActivity=ComponentInfo{com.android.settings/com.oplus.settings.feature.homepage.OplusSettingsHomepageActivity} numActivities=4 lastActiveTime=170711182 supportsSplitScreenMultiWindow=true supportsMultiWindow=true supportsPocketStudioMultiWindow=true isInFlexibleEmbedded = false uid = 1000 pid = 9510 resizeMode=1 isResizeable=true minWidth=-1 minHeight=-1 defaultMinSize=220 token=WCT{android.window.IWindowContainerToken$Stub$Proxy@b064d93} topActivityType=1 pictureInPictureParams=null shouldDockBigOverlays=false launchIntoPipHostTaskId=-1 lastParentTaskIdBeforePip=-1 displayCutoutSafeInsets=Rect(0, 103 - 0, 0) topActivityInfo=ActivityInfo{401d0 com.android.settings.SubSettings} launchCookies=[] positionInParent=Point(0, 0) parentTaskId=-1 isFocused=true isVisible=false isVisibleRequested=false isSleeping=true topActivityInSizeCompat=false topActivityInOplusCompatMode=false topActivityEligibleForLetterboxEducation= false topActivityLetterboxed= false isFromDoubleTap= false topActivityLetterboxVerticalPosition= -1 topActivityLetterboxHorizontalPosition= -1 topActivityLetterboxWidth=-1 topActivityLetterboxHeight=-1 locusId=null displayAreaFeatureId=1 cameraCompatControlState=hidden locusId= null topActivityLetterboxInsets=Rect(0, 0 - 0, 0)}, leash:null
01-06 10:42:06.351  2321  3573 D DisplayManagerService: performTraversalInternal pendingTraversal
01-06 10:42:06.352  2321  3573 D DisplayDevice: setLayerStackLocked id=local:4630946950956839810 token=android.os.BinderProxy@a02df0d stack=0->0
01-06 10:42:06.353  2321  5808 D OplusSplitScreenManagerService: com.android.settings supportsSplitScreen by forceResizable activity return:true
01-06 10:42:06.353  2321  5808 D OplusSplitScreenManagerService: com.android.settings supportsSplitScreen by forceResizable activity return:true
01-06 10:42:06.354  2321  3572 I DisplayDeviceRepository: Display device changed: DisplayDeviceInfo{"Built-in Screen": uniqueId="local:4630946950956839810", 1080 x 2400, modeId 1, renderFrameRate 60.000004, defaultModeId 1, supportedModes [{id=1, width=1080, height=2400, fps=60.000004, alternativeRefreshRates=[120.00001], supportedHdrTypes=[2, 3, 4]}, {id=2, width=1080, height=2400, fps=120.00001, alternativeRefreshRates=[60.000004], supportedHdrTypes=[2, 3, 4]}], colorMode 0, supportedColorModes [0, 7, 9], hdrCapabilities HdrCapabilities{mSupportedHdrTypes=[2, 3, 4], mMaxLuminance=540.0, mMaxAverageLuminance=270.1, mMinLuminance=0.2}, allmSupported false, gameContentTypeSupported false, density 480, 391.885 x 403.708 dpi, appVsyncOff 1000000, presDeadline 16666666, cutout DisplayCutout{insets=Rect(0, 103 - 0, 0) waterfall=Insets{left=0, top=0, right=0, bottom=0} boundingRect={Bounds=[Rect(0, 0 - 0, 0), Rect(0, 0 - 165, 103), Rect(0, 0 - 0, 0), Rect(0, 0 - 0, 0)]} cutoutPathParserInfo={CutoutPathParserInfo{displayWidth=1080 displayHeight=2400 physicalDisplayWidth=1080 physicalDisplayHeight=2400 density={3.0} cutoutSpec={M -540,0 L -540,103 L -375,103 L -375,0 Z} rotation={0} scale={1.0} physicalPixelDisplaySizeRatio={1.0}}}}, touch INTERNAL, rotation 0, type INTERNAL, address {port=130, model=0x40446db75175f3}, deviceProductInfo DeviceProductInfo{name=, manufacturerPnpId=QCM, productId=1, modelYear=null, manufactureDate=ManufactureDate{week=27, year=2006}, connectionToSinkType=0}, state ON, committedState OFF, frameRateOverride , brightnessMinimum 0.0, brightnessMaximum 1.0, brightnessDefault 4745.4004, hdrSdrRatio 1.0, backlightType 0, roundedCorners RoundedCorners{[RoundedCorner{position=TopLeft, radius=60, center=Point(60, 60)}, RoundedCorner{position=TopRight, radius=60, center=Point(1020, 60)}, RoundedCorner{position=BottomRight, radius=60, center=Point(1020, 2340)}, RoundedCorner{position=BottomLeft, radius=60, center=Point(60, 2340)}]}, FLAG_ALLOWED_TO_BE_DEFAULT_DISPLAY, FLAG_ROTATES_WITH_CONTENT, FLAG_SECURE, FLAG_SUPPORTS_PROTECTED_BUFFERS, FLAG_TRUSTED, installOrientation 0, displayShape DisplayShape{ spec=-1893857183 displayWidth=1080 displayHeight=2400 physicalPixelDisplaySizeRatio=1.0 rotation=0 offsetX=0 offsetY=0 scale=1.0}}
01-06 10:42:06.354  2321  3572 D LocalDisplayAdapter: setDesiredDisplayModeSpecsAsync: display unique id = local:4630946950956839810, display mode specs = defaultMode=1 allowGroupSwitching=false primaryRanges=physical: (0.0 Infinity) render:  (0.0 120.00001) appRequestRanges=physical: (0.0 Infinity) render:  (0.0 120.00001)
01-06 10:42:06.355  2321  3570 I WindowManager: Window{cdc7a2a u0 NotificationShade} state from HAS_DRAWN to DRAW_PENDING; reason: requestDrawIfNeeded
01-06 10:42:06.356  2321  3570 I WindowManager: Waiting for drawn Window{cdc7a2a u0 NotificationShade}: removed=false visible=true mHasSurface=true drawState=1
01-06 10:42:06.356  2321  3570 D OplusWindowAnimationManager: Is NotificationShade draw check disabled: false, win: Window{cdc7a2a u0 NotificationShade}, clientRotation: 0, isFullscreen: true, requestedWidth: 1080, requestedHeight: 2400, physicalHeight: 2400, physicalWidth: 1080
01-06 10:42:06.356  2321  3570 D WindowManager: waitForAllWindowsDrawn displayId=-1,false,message={ when=-1d19h21m21s740ms what=7 arg1=-1 target=com.android.server.policy.PhoneWindowManager$PolicyHandler }
01-06 10:42:06.356  2321  3230 I WindowManager: Window{cdc7a2a u0 NotificationShade} state from DRAW_PENDING to COMMIT_DRAW_PENDING; reason: finishDrawingLocked
01-06 10:42:06.356  2321  5753 D OplusAppListInterceptManager: shouldFilterTask
01-06 10:42:06.356  2321  5753 D OplusAppListInterceptManager: shouldFilterTask::packageName = com.android.settings
01-06 10:42:06.356  2321  2321 D CompatibilityChangeReporter: Compat change id reported: 218533173; UID 1000; state: ENABLED
01-06 10:42:06.356  2321  5753 D OplusSplitScreenManagerService: com.android.settings supportsSplitScreen by forceResizable activity return:true
01-06 10:42:06.356  2321  5753 D OplusSplitScreenManagerService: com.android.settings supportsSplitScreen by forceResizable activity return:true
01-06 10:42:06.356  2321  5753 D ActivityTaskManager: Skipping, invisible task: Task{c41f4c5 #5 type=home I=com.android.launcher/.Launcher}
01-06 10:42:06.356  2321  5753 D OplusAppListInterceptManager: shouldFilterTask
01-06 10:42:06.356  2321  5753 D OplusAppListInterceptManager: shouldFilterTask::packageName = com.whatsapp.w4b
01-06 10:42:06.356  2321  5753 D OplusSplitScreenManagerService: com.whatsapp.w4b supportsSplitScreen by forceResizable activity return:true
01-06 10:42:06.356  2321  5753 D OplusAppListInterceptManager: shouldFilterTask
01-06 10:42:06.356  2321  5753 D OplusAppListInterceptManager: shouldFilterTask::packageName = com.android.chrome
01-06 10:42:06.356  2321  5753 D OplusSplitScreenManagerService: com.android.chrome supportsSplitScreen by forceResizable activity return:true
01-06 10:42:06.356  2321  5753 D OplusSplitScreenManagerService: com.android.chrome supportsSplitScreen by forceResizable activity return:true
01-06 10:42:06.356  2321  5753 D OplusAppListInterceptManager: shouldFilterTask
01-06 10:42:06.356  2321  5753 D OplusAppListInterceptManager: shouldFilterTask::packageName = com.instagram.android
01-06 10:42:06.356  2321  5753 D OplusSplitScreenManagerService: com.instagram.android supportsSplitScreen by forceResizable activity return:true
01-06 10:42:06.356  2321  3231 D SystemServerTiming: getUserSwitchability-0
01-06 10:42:06.356  2321  3231 D SystemServerTiming: TM.isInCall
01-06 10:42:06.356  2321  5753 D OplusAppListInterceptManager: shouldFilterTask
01-06 10:42:06.357  2321  5753 D OplusAppListInterceptManager: shouldFilterTask::packageName = jp.pokemon.pokemontcgp
01-06 10:42:06.357  2321  5753 D OplusSplitScreenManagerService: jp.pokemon.pokemontcgp supportsSplitScreen by forceResizable activity return:true
01-06 10:42:06.357  2321  5753 D OplusAppListInterceptManager: shouldFilterTask
01-06 10:42:06.357  2321  5753 D OplusAppListInterceptManager: shouldFilterTask::packageName = com.chess
01-06 10:42:06.357  2321  5753 D OplusSplitScreenManagerService: com.chess supportsSplitScreen by forceResizable activity return:true
01-06 10:42:06.357  2321  5753 D OplusAppListInterceptManager: shouldFilterTask
01-06 10:42:06.357  2321  5753 D OplusAppListInterceptManager: shouldFilterTask::packageName = com.app.cq.ring
01-06 10:42:06.357  2321  5753 D OplusSplitScreenManagerService: com.app.cq.ring supportsSplitScreen by forceResizable activity return:true
01-06 10:42:06.357  2321  5753 D OplusAppListInterceptManager: shouldFilterTask
01-06 10:42:06.357  2321  5753 D OplusAppListInterceptManager: shouldFilterTask::packageName = org.telegram.messenger
01-06 10:42:06.357  2321  5753 D OplusSplitScreenManagerService: org.telegram.messenger supportsSplitScreen by forceResizable activity return:true
01-06 10:42:06.357  2321  5753 D OplusAppListInterceptManager: shouldFilterTask
01-06 10:42:06.357  2321  5753 D OplusAppListInterceptManager: shouldFilterTask::packageName = com.goongames.DungeonsofDreadrock2
01-06 10:42:06.357  2321  5753 D OplusSplitScreenManagerService: com.goongames.DungeonsofDreadrock2 supportsSplitScreen by forceResizable activity return:true
01-06 10:42:06.357  2321  5753 D OplusAppListInterceptManager: shouldFilterTask
01-06 10:42:06.357  2321  5753 D OplusAppListInterceptManager: shouldFilterTask::packageName = com.juanvision.eseecloud30
01-06 10:42:06.357  2321  5753 D OplusSplitScreenManagerService: com.juanvision.eseecloud30 supportsSplitScreen by forceResizable activity return:true
01-06 10:42:06.357  2321  5753 D ActivityTaskManager: after skip size 10
01-06 10:42:06.357  2321  3231 D SystemServerTiming: hasUserRestriction-DISALLOW_USER_SWITCH
01-06 10:42:06.357  2321  3231 D SystemServerTiming: getInt-ALLOW_USER_SWITCHING_WHEN_SYSTEM_USER_LOCKED
01-06 10:42:06.357  2321  3231 D SystemServerTiming: isUserUnlocked-USER_SYSTEM
01-06 10:42:06.361  2321  3230 D SystemServerTiming: getUserSwitchability-0
01-06 10:42:06.361  2321  3230 D SystemServerTiming: TM.isInCall
01-06 10:42:06.365  2321  3230 D SystemServerTiming: hasUserRestriction-DISALLOW_USER_SWITCH
01-06 10:42:06.365  2321  3230 D SystemServerTiming: getInt-ALLOW_USER_SWITCHING_WHEN_SYSTEM_USER_LOCKED
01-06 10:42:06.365  2321  3230 D SystemServerTiming: isUserUnlocked-USER_SYSTEM
01-06 10:42:06.370  2321  3573 I WindowManager: Window{cdc7a2a u0 NotificationShade} state from COMMIT_DRAW_PENDING to READY_TO_SHOW; reason: commitFinishDrawingLocked
01-06 10:42:06.370  2321  3573 I WindowManager: Window{cdc7a2a u0 NotificationShade} state from READY_TO_SHOW to HAS_DRAWN; reason: performShowLocked
01-06 10:42:06.371  2321  3573 I WindowManager: Waiting for drawn Window{cdc7a2a u0 NotificationShade}: removed=false visible=true mHasSurface=true drawState=4
01-06 10:42:06.371  2321  3573 D OplusWindowAnimationManager: Is NotificationShade draw check disabled: false, win: Window{cdc7a2a u0 NotificationShade}, clientRotation: 0, isFullscreen: true, requestedWidth: 1080, requestedHeight: 2400, physicalHeight: 2400, physicalWidth: 1080
01-06 10:42:06.371  2321  3573 D WindowManager: All windows drawn!
01-06 10:42:06.371  4230  4230 W VRI[NotificationShade]: handleResized abandoned!
01-06 10:42:06.371  2321  3570 W WindowManager: All windows drawn on display -1
01-06 10:42:06.371  2321  3570 D FSS_FoldScreenBlackCoverController: finishWindowsDrawn, displayId:-1
01-06 10:42:06.372  2321  5808 D OplusSplitScreenManagerService: com.android.settings supportsSplitScreen by forceResizable activity return:true
01-06 10:42:06.372  2321  5808 D OplusSplitScreenManagerService: com.android.settings supportsSplitScreen by forceResizable activity return:true
01-06 10:42:06.373  2321  3570 I WindowManager: Finished screen turning on...0
01-06 10:42:06.374  2321  3570 D DpcExtImpl[0]: ScreenOnUnblocker, onScreenOn
01-06 10:42:06.374  2321  3641 I DisplayPowerController[0]: Unblocked screen on after 231 ms
01-06 10:42:06.374  2321  3641 D DisplayPowerState[0]: setColorFadeLevel: level=1.0
01-06 10:42:06.374  2321  3641 D OplusVFXScreenEffectFeature:  setColorFadeLevel 1.0
01-06 10:42:06.374  2321  3641 D OplusVFXScreenEffectFeature: notifySFUpdateVFXEffectState state BRIGHTNESS_CHANGED NeedNotify false
01-06 10:42:06.376  2321  3641 D OplusSmartBrightnessController: force rate to be fast displayId[0]=123 -> 6400 boostMode=1
01-06 10:42:06.380  2321  2321 D OplusFeatureBrightnessBarController: screen state:false
01-06 10:42:06.400  2321  3643 D OplusSmartBrightnessController: handleMessage MSG_LUX_CHANGED, mLux:171.0 luxQueue=[]
01-06 10:42:06.400  2321  3643 D OplusDisplayBrightnessGuardStrategy: handleUpdateBrightness getNextPoint[-1],LargeChanged:false,isRegressionDefaultSpline:true,full:false,HBM:false,count=0,point:(171.0, 95.1504, 4035.4492),target:(170.0, 95.043205, 4034.1687),drag:null,large[30.833334,470.0],small[86.5,350.0]
01-06 10:42:06.400  2321  3643 D OplusSmartBrightnessController: handleUpdateBrightness brightness changed display[-1]:(170.0, 95.043205, 4034.1687)->(171.0, 95.1504, 4035.4492),isReset=false lux=171.0 luxQ=[],drag:null
01-06 10:42:06.400  2321  3643 I OplusSmartBrightnessController: update target brightness point to : (170.0, 95.043205, 4034.1687)->(171.0, 95.1504, 4035.4492)
01-06 10:42:06.400  2321  3643 I OplusDisplayBrightnessGuardStrategy: updateGuardStrategy update guard point: (171.0, 95.1504, 4035.4492)
01-06 10:42:06.400  2321  3643 I OplusDisplayBrightnessGuardStrategy: updateGuardStrategy large lux threshold[-1]=[(31.0, 66.597336, 3409.2717), (472.0, 124.092834, 4565.118) ]
01-06 10:42:06.400  2321  3643 I OplusDisplayBrightnessGuardStrategy: updateGuardStrategy small lux threshold[-1]=[(87.0, 83.97916, 3794.5325), (351.6, 113.10198, 4372.537) ]
01-06 10:42:06.400  2321  3643 I OplusSmartBrightnessController: onTargetBrightnessChange brightness change to (171.0, 95.1504, 4035.4492)
01-06 10:42:06.406  2321  3641 I ColorAutomaticBrightnessController: updateAutoBrightness: Auto, sendUpdate = true adjustment=16060.784180,changed:4034->4035,modified:4035->4035->4035,changed=true,cameraMode=0,ProximityNear=false
01-06 10:42:06.406  2321  3641 D OplusSmartBrightnessController: force rate to be fast displayId[0]=123 -> 6400 boostMode=1
01-06 10:42:06.406  2321  3641 I OplusSmartBrightnessController: setPowerOnRealTimeBrightness 4035.0
01-06 10:42:06.407  2321  3641 D OplusFeatureHDREnhanceBrightness: setAnimating : displayId[0]=false
01-06 10:42:06.407  2321  3641 D OplusFeatureReduceBrightness: setAnimating : animating = false
01-06 10:42:06.407  2321  3641 D OplusFeatureEdrEnhanceBrightness: setAnimating: false
01-06 10:42:06.407  2321  3641 D OplusFeaturePwEdrEnhanceBrightness: setAnimating: false
01-06 10:42:06.407  2321  3641 D DpcExtImpl[0]: Animating brightness: target=4034->4035,rate=123->6400,type=automatic,byUse=false local:4630946950956839810
01-06 10:42:06.407  2321  3641 D OplusSmartBrightnessController: force rate to be fast displayId[0]=123 -> 6400 boostMode=1
01-06 10:42:06.414  2321  3570 D WindowManager: rotation(ROTATION_0) no changed.
01-06 10:42:06.430  2321  5808 D OplusSplitScreenManagerService: com.android.settings supportsSplitScreen by forceResizable activity return:true
01-06 10:42:06.430  2321  5808 D OplusSplitScreenManagerService: com.android.settings supportsSplitScreen by forceResizable activity return:true
01-06 10:42:06.448  2321  3230 D OplusSplitScreenManagerService: com.android.settings supportsSplitScreen by forceResizable activity return:true
01-06 10:42:06.448  2321  3230 D OplusSplitScreenManagerService: com.android.settings supportsSplitScreen by forceResizable activity return:true
01-06 10:42:06.462  2321  3230 D WindowManagerServiceExtImpl: extractConfigInfoAndRealFlags rotation=0, screenDp=360, win=Window{b67bb60 u0 com.android.settings/com.android.settings.SubSettings}
01-06 10:42:06.462  2321  4068 D OplusBatteryManager: getPsyBatteryRm: 2172
01-06 10:42:06.462  2321  3230 V WindowManager: Relayout Window{b67bb60 u0 com.android.settings/com.android.settings.SubSettings}: viewVisibility=8, oldvis=0, req=1080x2400, vsysui=LAYOUT_STABLE LAYOUT_FULLSCREEN
01-06 10:42:06.463  2321  4068 D OplusBatteryManager: getPsyBatteryRm: 2172
01-06 10:42:06.472  2321  5753 I OplusAppSwitchManagerService: appswitch unregisterAppSwitchObserver pkgName = com.heytap.accessory config = OplusAppSwitchConfig = {  mConfigs = {} observerFingerPrint = 161479337}
01-06 10:42:06.472  2321  5753 I OplusAppSwitchStateDispatcher: unregisterAppSwitchObserver ok, pkgName = com.heytap.accessory info = OplusAppSwitchRuleInfo = {  observer = null observerFingerPrint = 161479337}
01-06 10:42:06.477  9510  9510 D VRI[SubSettings]: relayoutWindow result, sizeChanged:false, surfaceControlChanged:true, transformHintChanged:false, mSurfaceSize:Point(1080, 2400), mLastSurfaceSize:Point(1080, 2400), mWidth:1080, mHeight:2400, requestedWidth:1080, requestedHeight:2400, transformHint:0, lastTransformHint:0, installOrientation:0, displayRotation:0, isSurfaceValid:false, attr.flag:-2122252032, useBlast:true, tmpFrames:ClientWindowFrames{frame=[0,0][1080,2400] display=[0,0][1080,2400] parentFrame=[0,0][0,0]}
01-06 10:42:06.478  2321  3924 W OplusStorageManagerFeature: turn screenOff, maintPrepared:false
01-06 10:42:06.482  2321  3924 I OplusStorageManagerFeature: FsReserveSpace data partition fstype:f2fs
01-06 10:42:06.482  2321  3924 I OplusStorageManagerFeature: FsReserveSpace data device path:/dev/block/dm-71
01-06 10:42:06.484  2321  3924 E OplusStorageManagerFeature: FsReserveSpace read data label failed.java.nio.file.NotLinkException: /dev/block/dm-71
01-06 10:42:06.484  2321  3924 E OplusStorageManagerFeature: 	at sun.nio.fs.UnixFileSystemProvider.readSymbolicLink(UnixFileSystemProvider.java:515)
01-06 10:42:06.484  2321  3924 E OplusStorageManagerFeature: 	at java.nio.file.Files.readSymbolicLink(Files.java:1432)
01-06 10:42:06.484  2321  3924 E OplusStorageManagerFeature: 	at com.android.server.storage.OplusStorageManagerFeature.onMessageFsReserveSpace(OplusStorageManagerFeature.java:2144)
01-06 10:42:06.484  2321  3924 E OplusStorageManagerFeature: 	at com.android.server.storage.OplusStorageManagerFeature.onStorageManagerMessageHandle(OplusStorageManagerFeature.java:1506)
01-06 10:42:06.484  2321  3924 E OplusStorageManagerFeature: 	at com.android.server.StorageManagerService$StorageManagerServiceHandler.handleMessage(StorageManagerService.java:768)
01-06 10:42:06.484  2321  3924 E OplusStorageManagerFeature: 	at android.os.Handler.dispatchMessage(Handler.java:106)
01-06 10:42:06.484  2321  3924 E OplusStorageManagerFeature: 	at android.os.Looper.loopOnce(Looper.java:257)
01-06 10:42:06.484  2321  3924 E OplusStorageManagerFeature: 	at android.os.Looper.loop(Looper.java:368)
01-06 10:42:06.484  2321  3924 E OplusStorageManagerFeature: 	at android.os.HandlerThread.run(HandlerThread.java:67)
01-06 10:42:06.484  2321  3924 I OplusStorageManagerFeature: FsReserveSpace data label:dm-71
01-06 10:42:06.496  2321  5753 D CompatibilityChangeReporter: Compat change id reported: 161145287; UID 10104; state: ENABLED
01-06 10:42:06.513   803 21871 D vold    : ufshid started
01-06 10:42:06.516  2321  4072 I OplusSmartBrightnessController: setPowerOnRealTimeBrightness -1.0
01-06 10:42:06.517   803 21871 I vold    : [libfs_mgr] dt_fstab: Skip disabled entry for partition vendor
01-06 10:42:06.517  2321  3643 I OplusSmartBrightnessController: handleMessage MSG_UPDATE_BRIGHTNESS_NO_ANIMATION changed:false
01-06 10:42:06.518  2321  3641 D OplusSmartBrightnessController: force rate to be fast displayId[0]=123 -> 6400 boostMode=1
01-06 10:42:06.518  2321  3641 D DisplayPowerController[0]: screenTurnedOn state=2 brightnessState=4035.0 mustNotify=true
01-06 10:42:06.518  2321  3641 D DpcExtImpl[0]: RECORD:onUpdatePowerState policy:3 state:2 brightness:4035
01-06 10:42:06.519  2321  3641 W PowerManagerService: Screen on took 410 ms. groupId = 0
01-06 10:42:06.519  2321  3641 D OplusPowerManagerHelper: [onWakeUpFinish]
01-06 10:42:06.519  2321  3641 D OplusPowerManagerHelper: scheduleNotifyStopDream
01-06 10:42:06.519  2321  3641 D OplusFeatureAOD: notifySfUnBlockScreenOn
01-06 10:42:06.519  2321  3641 D OplusPowerManagerHelper: handleMessage:102
01-06 10:42:06.519  2321  3641 D OplusPowerManagerHelper: MSG_STOP_DEAM
01-06 10:42:06.523  2321  3641 D DpcExtImpl[0]: onchange selfChange=false state=ON uri=content://settings/system/screen_brightness
01-06 10:42:06.524  2321  3641 D OplusSmartBrightnessController: force rate to be fast displayId[0]=123 -> 6400 boostMode=1
01-06 10:42:06.525  4230  4357 D OneHandedController: setLockedDisabled locked = false, enabled = false ,FeatureEnabled = false
01-06 10:42:06.530  2321  3572 V UsbDeviceManager: onKeyguardStateChanged: isShowing:true secure:true user:0
01-06 10:42:06.532   803   821 D vold    : Cannot find key for 0
01-06 10:42:06.532   803   821 D vold    : Cannot find key for 0
01-06 10:42:06.532   803   821 I vold    : evict_sensitive_key: 1,sensitiveType=0
01-06 10:42:06.532   803   821 I vold    : evict_sensitive_key: 1
01-06 10:42:06.532  2321  3569 D UsbDeviceManager: setEnabledFunctions functions=0 ,forceRestart=false ,usbDataUnlocked=false ,mUsbDataUnlocked=false ,operationId=593
01-06 10:42:06.532  2321  3569 D OplusUsbDeviceFeature: usbTetheringSwitchOffFunctions
01-06 10:42:06.532   803   821 D vold    : Cannot find key for 0
01-06 10:42:06.532   803   821 D vold    : Cannot find key for 0
01-06 10:42:06.532   803   821 I vold    : evict_sensitive_key: 1,sensitiveType=1
01-06 10:42:06.532   803   821 I vold    : evict_sensitive_key: 1
01-06 10:42:06.532  2321  3572 E OplusStorageManagerFeature: clear Ae Be key
01-06 10:42:06.533  2321  3569 D OplusUsbDeviceFeature: isTelecomRequirement
01-06 10:42:06.533  2321  3569 D OplusUsbDeviceFeature: isNormalBoot
01-06 10:42:06.533  2321  3569 I OplusUsbDeviceFeature: boot reason is reboot
01-06 10:42:06.533  2321  3569 D OplusUsbDeviceFeature: printBootModeForDebug, bootMode:reboot
01-06 10:42:06.533  2321  3569 D OplusUsbDeviceFeature: isNormalBoot
01-06 10:42:06.533  2321  3569 I OplusUsbDeviceFeature: boot reason is reboot
01-06 10:42:06.533  2321  3569 D OplusUsbDeviceFeature: printBootModeForDebug, bootMode:reboot
01-06 10:42:06.533  2321  3569 D OplusUsbDeviceFeature: printFunctionsForDebug
01-06 10:42:06.533  2321  3569 D OplusUsbDeviceFeature: functionInfo:UsbFunc[fun:adb, oemFun:adb, curFun:adb, curFunApplied:true, forceRestart:false, curOemFun:adb
01-06 10:42:06.544  2321  3572 D DisplayManagerService: Delivering display event: displayId=0, event=2
01-06 10:42:06.544  2321  2321 I WallpaperManagerServiceExt: removeDisplayData. displayId = 0
01-06 10:42:06.545  2321  4153 D OAppNetControlService: Screens on!
01-06 10:42:06.550  2321  3572 D DisplayManagerService: MSG_REQUEST_TRAVERSAL pendingCompleted=true
01-06 10:42:06.581   803 21871 I vold    : [libfs_mgr] mgs test solvit start
01-06 10:42:06.581   803 21871 I vold    : [libfs_mgr] stream not support 
01-06 10:42:06.586   803 21871 D vold    : ufshid end
01-06 10:42:06.596  2321  3570 D OplusVFXScreenEffectFeature: notifySFCompatWindowStateChange entered false
01-06 10:42:06.596  2321  3570 D FlexibleWindowManager: physicalDisplayChangedForFlexibleWindow displayId 0, current display info 1080 x 2400, new display info 1080 x 2400
01-06 10:42:06.596  2321  3570 D FlexibleTaskController: onDisplayChanged displayId#0 ,cur:1080x2400 ,new:1080x2400
01-06 10:42:06.596  2321  3570 D FlexibleTaskController: onDisplayChanged displayId not support flexible.
01-06 10:42:06.596  2321  3570 D FlexibleWindowManager: physicalDisplayChangedForFlexibleWindow return for unsupported devices
01-06 10:42:06.596  2321  3570 D FSS_FoldScreenBlackCoverController: displayChangeToOn, dc:Display{#0 state=ON size=1080x2400 ROTATION_0}
01-06 10:42:06.604  2321  4279 V WindowManager: Relayout Window{9274cec u0 OnScreenFingerprintIcon}: viewVisibility=0, oldvis=8, req=1080x1080, vsysui=
01-06 10:42:06.605  2321  4279 I WindowManager: Window{9274cec u0 OnScreenFingerprintIcon} state from NO_SURFACE to DRAW_PENDING; reason: resetDrawState
01-06 10:42:06.606  2321  3810 D NotifierExtImpl: notifyScreenOnOff: on = true
01-06 10:42:06.606  2321  3810 D OplusPowerManagerServiceEnhance: notifyScreenOnOff on=true
01-06 10:42:06.615  2321  4279 D DisplayContentExtImpl: target is same with the last, remove the ime snapshot immediately.
01-06 10:42:06.615  2321  4279 D WindowManager: updateOrientation: mLastOrientation = SCREEN_ORIENTATION_NOSENSOR(5) newOrientation = SCREEN_ORIENTATION_PORTRAIT(1) forceUpdate = false LastOrientationSource = Window{9274cec u0 OnScreenFingerprintIcon}
01-06 10:42:06.615  2321  4279 D WindowManager: rotation(ROTATION_0) no changed.
01-06 10:42:06.618  5729  7917 D NAS-CallIssueController[0]: ActionsExecuteStateMachine recv msg:5
01-06 10:42:06.620  5729  7930 D NAS-CallIssueController[1]: ActionsExecuteStateMachine recv msg:5
01-06 10:42:06.620  2321  5707 D WindowManagerServiceExtImpl: extractConfigInfoAndRealFlags rotation=0, screenDp=360, win=Window{b67bb60 u0 com.android.settings/com.android.settings.SubSettings}
01-06 10:42:06.621  2321  5707 V WindowManager: Relayout Window{b67bb60 u0 com.android.settings/com.android.settings.SubSettings}: viewVisibility=8, oldvis=8, req=1080x2400, vsysui=LAYOUT_STABLE LAYOUT_FULLSCREEN
01-06 10:42:06.623  5729  6853 V MonthTrafficAlert: getWarningNotification subId:1 numWarningNotificaion:0
01-06 10:42:06.623  5729  6853 V TrafficAlert: getLimitNotification subId:1 ,numLimitNotificaion:0
01-06 10:42:06.626  2321  2321 D NotificationService: on screen turned on, screen locked:true
01-06 10:42:06.629  2321  3647 D VRR [OPlusRefreshRateService]: handleConfigIdChange physicalDisplayId: 4630946950956839810 configId: 1
01-06 10:42:06.630  2321  5707 W AppOps  : Noting op not finished: uid 10104 pkg com.google.android.gms code 113 startTime of in progress event=1767706863069
01-06 10:42:06.631  2321  4432 D RefreshRate: setHighTemperatureStatusWithoutUpdate: status = 0, rate = 0
01-06 10:42:06.631  2321  4432 D RefreshRate: setHighTemperatureStatus: status=0,rate=0: votes=PRIORITY_FOD_SHOW -> Vote{mRefreshRate=120.0, mMinRefreshRate=120.0};PRIORITY_WINDOW_REQUEST -> Vote{mRefreshRate=120.0, mMinRefreshRate=120.0};
01-06 10:42:06.633  2321  5744 D OplusGuardElfFeature: ICharger service = vendor.oplus.hardware.charger.ICharger$Stub$Proxy@7e25f35
01-06 10:42:06.634  2321  3572 I DisplayDeviceRepository: Display device changed: DisplayDeviceInfo{"Built-in Screen": uniqueId="local:4630946950956839810", 1080 x 2400, modeId 2, renderFrameRate 120.00001, defaultModeId 1, supportedModes [{id=1, width=1080, height=2400, fps=60.000004, alternativeRefreshRates=[120.00001], supportedHdrTypes=[2, 3, 4]}, {id=2, width=1080, height=2400, fps=120.00001, alternativeRefreshRates=[60.000004], supportedHdrTypes=[2, 3, 4]}], colorMode 0, supportedColorModes [0, 7, 9], hdrCapabilities HdrCapabilities{mSupportedHdrTypes=[2, 3, 4], mMaxLuminance=540.0, mMaxAverageLuminance=270.1, mMinLuminance=0.2}, allmSupported false, gameContentTypeSupported false, density 480, 391.885 x 403.708 dpi, appVsyncOff 1000000, presDeadline 13333333, cutout DisplayCutout{insets=Rect(0, 103 - 0, 0) waterfall=Insets{left=0, top=0, right=0, bottom=0} boundingRect={Bounds=[Rect(0, 0 - 0, 0), Rect(0, 0 - 165, 103), Rect(0, 0 - 0, 0), Rect(0, 0 - 0, 0)]} cutoutPathParserInfo={CutoutPathParserInfo{displayWidth=1080 displayHeight=2400 physicalDisplayWidth=1080 physicalDisplayHeight=2400 density={3.0} cutoutSpec={M -540,0 L -540,103 L -375,103 L -375,0 Z} rotation={0} scale={1.0} physicalPixelDisplaySizeRatio={1.0}}}}, touch INTERNAL, rotation 0, type INTERNAL, address {port=130, model=0x40446db75175f3}, deviceProductInfo DeviceProductInfo{name=, manufacturerPnpId=QCM, productId=1, modelYear=null, manufactureDate=ManufactureDate{week=27, year=2006}, connectionToSinkType=0}, state ON, committedState ON, frameRateOverride , brightnessMinimum 0.0, brightnessMaximum 1.0, brightnessDefault 4745.4004, hdrSdrRatio 1.0, backlightType 0, roundedCorners RoundedCorners{[RoundedCorner{position=TopLeft, radius=60, center=Point(60, 60)}, RoundedCorner{position=TopRight, radius=60, center=Point(1020, 60)}, RoundedCorner{position=BottomRight, radius=60, center=Point(1020, 2340)}, RoundedCorner{position=BottomLeft, radius=60, center=Point(60, 2340)}]}, FLAG_ALLOWED_TO_BE_DEFAULT_DISPLAY, FLAG_ROTATES_WITH_CONTENT, FLAG_SECURE, FLAG_SUPPORTS_PROTECTED_BUFFERS, FLAG_TRUSTED, installOrientation 0, displayShape DisplayShape{ spec=-1893857183 displayWidth=1080 displayHeight=2400 physicalPixelDisplaySizeRatio=1.0 rotation=0 offsetX=0 offsetY=0 scale=1.0}}
01-06 10:42:06.634  2321  3572 D LogicalDisplayExt: set displayInfo flag FLAG_ROTATES_WITH_CONTENT
01-06 10:42:06.634  2321  5796 D OplusSplitScreenManagerService: com.android.settings supportsSplitScreen by forceResizable activity return:true
01-06 10:42:06.634  2321  5796 D OplusSplitScreenManagerService: com.android.settings supportsSplitScreen by forceResizable activity return:true
01-06 10:42:06.635  2321  5744 D OplusGuardElfFeature: ICharger set value = 0
01-06 10:42:06.635  2321  5744 D OplusGuardElfFeature: calling class name = ThermalControlUtils
01-06 10:42:06.636 15069 15155 D OplusBatteryManager: set charge value = 0
01-06 10:42:06.636  2321  3572 D DisplayManagerServiceExtImpl: scheduleTraversalLocked intraversal=false
