01-06 10:42:08.388  4230  4357 D ShellTaskOrganizer: dispatchTaskEventToClientIfNeed, eventType:2, taskInfo:TaskInfo{userId=0 taskId=1 displayId=0 isRunning=true baseIntent=Intent { act=android.intent.action.MAIN cat=[android.intent.category.HOME] flg=0x10000100 cmp=com.android.launcher/.Launcher mCallingUid=1000 } baseActivity=ComponentInfo{com.android.launcher/com.android.launcher.Launcher} topActivity=ComponentInfo{com.android.launcher/com.android.launcher.Launcher} origActivity=null realActivity=null numActivities=1 lastActiveTime=16107 supportsSplitScreenMultiWindow=false supportsMultiWindow=true supportsPocketStudioMultiWindow=true isInFlexibleEmbedded = false uid = 10200 pid = 5280 resizeMode=2 isResizeable=true minWidth=-1 minHeight=-1 defaultMinSize=220 token=WCT{android.window.IWindowContainerToken$Stub$Proxy@4b4ee2c} topActivityType=2 pictureInPictureParams=null shouldDockBigOverlays=false launchIntoPipHostTaskId=-1 lastParentTaskIdBeforePip=-1 displayCutoutSafeInsets=null topActivityInfo=ActivityInfo{3a300f5 com.android.launcher.Launcher} launchCookies=[] positionInParent=Point(0, 0) parentTaskId=-1 isFocused=true isVisible=false isVisibleRequested=true isSleeping=false topActivityInSizeCompat=false topActivityInOplusCompatMode=false topActivityEligibleForLetterboxEducation= false topActivityLetterboxed= false isFromDoubleTap= false topActivityLetterboxVerticalPosition= -1 topActivityLetterboxHorizontalPosition= -1 topActivityLetterboxWidth=-1 topActivityLetterboxHeight=-1 locusId=LocusId[17_chars] displayAreaFeatureId=1 cameraCompatControlState=hidden locusId= LocusId[17_chars] topActivityLetterboxInsets=Rect(0, 0 - 0, 0)}, leash:null
01-06 10:42:08.388  2321  3800 D VRR [OPlusRefreshRateService]:  setFrameRateTargetControl [ 0.0 , com.android.settings , false , com.oplus.battery ]
01-06 10:42:08.388  2321  3800 D VRR [OPlusExternalRefreshRateManager]:  [FRTC] FrameRate : 0 com.android.settings false com.oplus.battery 0 1000
01-06 10:42:08.388  2321  4331 V WindowManager: Relayout Window{6cbec9 u0 com.android.launcher/com.android.launcher.Launcher}: viewVisibility=0, oldvis=8, req=1080x2400, vsysui=
01-06 10:42:08.388  2321  4331 I WindowManager: Window{6cbec9 u0 com.android.launcher/com.android.launcher.Launcher} state from NO_SURFACE to DRAW_PENDING; reason: resetDrawState
01-06 10:42:08.388  2321  6261 D VRR [OPlusFrontAppManager]: OnAppSwitchObserver: onAppEnter , info.targetName = com.android.launcher
01-06 10:42:08.389  2321  3647 D VRR [OPlusRefreshRateService]: handleFrontAppChange pkgName: com.android.launcher
01-06 10:42:08.393 16828 16828 W VRI[Launcher]: updateBlastSurfaceIfNeeded, surfaceSize:Point(1080, 2400), lastSurfaceSize:Point(1080, 2400), format:-2, blastBufferQueue:null
01-06 10:42:08.394  5280  5280 D ActivityThread: ComponentInfo{com.android.launcher/com.android.launcher.Launcher} checkFinished=false 2
01-06 10:42:08.394  5280  5280 D ResourcesManagerExtImpl: applyConfigurationToAppResourcesLocked app.getDisplayId() return callback.displayId:0
01-06 10:42:08.401  2321  4208 I WallpaperManagerServiceExt: getFoldWallpaperInfo user=0 which=32 phyDisplay=1
01-06 10:42:08.402  2321  4208 I WallpaperManagerServiceExt: getFoldWallpaperInfo user=0 which=16 phyDisplay=1
01-06 10:42:08.402  5280  5280 I Quality : Skipped: false 0 cost 8.138541 refreshRate 16544008 bit true processName com.android.launcher
01-06 10:42:08.403  2321  4117 D OplusSplitScreenManagerService: com.android.settings supportsSplitScreen by forceResizable activity return:true
01-06 10:42:08.403  2321  4117 D OplusSplitScreenManagerService: com.android.settings supportsSplitScreen by forceResizable activity return:true
01-06 10:42:08.404  2321  3616 D CompatibilityChangeReporter: Compat change id reported: 135634846; UID 10113; state: DISABLED
01-06 10:42:08.404  2321  3616 D CompatibilityChangeReporter: Compat change id reported: 177438394; UID 10113; state: DISABLED
01-06 10:42:08.404  2321  3616 D CompatibilityChangeReporter: Compat change id reported: 135772972; UID 10113; state: DISABLED
01-06 10:42:08.404  2321  3616 D CompatibilityChangeReporter: Compat change id reported: 135754954; UID 10113; state: ENABLED
01-06 10:42:08.404  2321  4208 D ActivityTaskManager: Skipping, invisible task: Task{c41f4c5 #5 type=home I=com.android.launcher/.Launcher}
01-06 10:42:08.404  2321  4208 D OplusAppListInterceptManager: shouldFilterTask
01-06 10:42:08.404  2321  4208 D OplusAppListInterceptManager: shouldFilterTask::packageName = com.android.settings
01-06 10:42:08.404  2321  4208 D OplusSplitScreenManagerService: com.android.settings supportsSplitScreen by forceResizable activity return:true
01-06 10:42:08.404  2321  3611 D CompatibilityChangeReporter: Compat change id reported: 143937733; UID 10113; state: ENABLED
01-06 10:42:08.404  2321  4208 D OplusSplitScreenManagerService: com.android.settings supportsSplitScreen by forceResizable activity return:true
01-06 10:42:08.404  2321  4208 D OplusAppListInterceptManager: shouldFilterTask
01-06 10:42:08.404  2321  4208 D OplusAppListInterceptManager: shouldFilterTask::packageName = com.whatsapp.w4b
01-06 10:42:08.405  2321  4208 D OplusSplitScreenManagerService: com.whatsapp.w4b supportsSplitScreen by forceResizable activity return:true
01-06 10:42:08.405  2321  4208 D OplusAppListInterceptManager: shouldFilterTask
01-06 10:42:08.405  2321  4208 D OplusAppListInterceptManager: shouldFilterTask::packageName = com.android.chrome
01-06 10:42:08.405  2321  4208 D OplusSplitScreenManagerService: com.android.chrome supportsSplitScreen by forceResizable activity return:true
01-06 10:42:08.405  2321  4208 D OplusSplitScreenManagerService: com.android.chrome supportsSplitScreen by forceResizable activity return:true
01-06 10:42:08.405  2321  4208 D OplusAppListInterceptManager: shouldFilterTask
01-06 10:42:08.405  2321  4208 D OplusAppListInterceptManager: shouldFilterTask::packageName = com.instagram.android
01-06 10:42:08.405  2321  4208 D OplusSplitScreenManagerService: com.instagram.android supportsSplitScreen by forceResizable activity return:true
01-06 10:42:08.405  2321  4208 D OplusAppListInterceptManager: shouldFilterTask
01-06 10:42:08.405  2321  4208 D OplusAppListInterceptManager: shouldFilterTask::packageName = jp.pokemon.pokemontcgp
01-06 10:42:08.405  2321  4208 D OplusSplitScreenManagerService: jp.pokemon.pokemontcgp supportsSplitScreen by forceResizable activity return:true
01-06 10:42:08.405  2321  4208 D OplusAppListInterceptManager: shouldFilterTask
01-06 10:42:08.405  2321  4208 D OplusAppListInterceptManager: shouldFilterTask::packageName = com.chess
01-06 10:42:08.405  2321  4208 D OplusSplitScreenManagerService: com.chess supportsSplitScreen by forceResizable activity return:true
01-06 10:42:08.405  2321  4208 D OplusAppListInterceptManager: shouldFilterTask
01-06 10:42:08.405  2321  4208 D OplusAppListInterceptManager: shouldFilterTask::packageName = com.app.cq.ring
01-06 10:42:08.405  2321  4208 D OplusSplitScreenManagerService: com.app.cq.ring supportsSplitScreen by forceResizable activity return:true
01-06 10:42:08.405  2321  4208 D OplusAppListInterceptManager: shouldFilterTask
01-06 10:42:08.405  2321  4208 D OplusAppListInterceptManager: shouldFilterTask::packageName = org.telegram.messenger
01-06 10:42:08.405  2321  4208 D OplusSplitScreenManagerService: org.telegram.messenger supportsSplitScreen by forceResizable activity return:true
01-06 10:42:08.405  2321  4208 D OplusAppListInterceptManager: shouldFilterTask
01-06 10:42:08.405  2321  4208 D OplusAppListInterceptManager: shouldFilterTask::packageName = com.goongames.DungeonsofDreadrock2
01-06 10:42:08.405  2321  4208 D OplusSplitScreenManagerService: com.goongames.DungeonsofDreadrock2 supportsSplitScreen by forceResizable activity return:true
01-06 10:42:08.405  2321  4208 D OplusAppListInterceptManager: shouldFilterTask
01-06 10:42:08.405  2321  4208 D OplusAppListInterceptManager: shouldFilterTask::packageName = com.juanvision.eseecloud30
01-06 10:42:08.405  2321  4208 D OplusSplitScreenManagerService: com.juanvision.eseecloud30 supportsSplitScreen by forceResizable activity return:true
01-06 10:42:08.405  2321  4208 D OplusAppListInterceptManager: shouldFilterTask
01-06 10:42:08.405  2321  4208 D OplusAppListInterceptManager: shouldFilterTask::packageName = com.oneplus.gallery
01-06 10:42:08.405  2321  4208 D OplusSplitScreenManagerService: com.oneplus.gallery supportsSplitScreen by forceResizable activity return:true
01-06 10:42:08.405  2321  4208 D OplusSplitScreenManagerService: com.oneplus.gallery supportsSplitScreen by forceResizable activity return:true
01-06 10:42:08.405  2321  4208 D OplusAppListInterceptManager: shouldFilterTask
01-06 10:42:08.405  2321  4208 D OplusAppListInterceptManager: shouldFilterTask::packageName = com.openai.chatgpt
01-06 10:42:08.405  2321  4208 D OplusSplitScreenManagerService: com.openai.chatgpt supportsSplitScreen by forceResizable activity return:true
01-06 10:42:08.405  2321  4208 D OplusAppListInterceptManager: shouldFilterTask
01-06 10:42:08.405  2321  4208 D OplusAppListInterceptManager: shouldFilterTask::packageName = com.microsoft.copilot
01-06 10:42:08.405  2321  4208 D OplusSplitScreenManagerService: com.microsoft.copilot supportsSplitScreen by forceResizable activity return:true
01-06 10:42:08.405  2321  4208 D OplusAppListInterceptManager: shouldFilterTask
01-06 10:42:08.405  2321  4208 D OplusAppListInterceptManager: shouldFilterTask::packageName = com.oplus.camera
01-06 10:42:08.405  2321  4208 D OplusSplitScreenManagerService: com.oplus.camera supportsSplitScreen by forceResizable activity return:true
01-06 10:42:08.405  2321  4208 D OplusSplitScreenManagerService: com.oplus.camera supportsSplitScreen by forceResizable activity return:true
01-06 10:42:08.406  2321  4208 D OplusAppListInterceptManager: shouldFilterTask
01-06 10:42:08.406  2321  4208 D OplusAppListInterceptManager: shouldFilterTask::packageName = com.duolingo
01-06 10:42:08.406  2321  4208 D OplusSplitScreenManagerService: com.duolingo supportsSplitScreen by forceResizable activity return:true
01-06 10:42:08.406  2321  4208 D OplusAppListInterceptManager: shouldFilterTask
01-06 10:42:08.406  2321  4208 D OplusAppListInterceptManager: shouldFilterTask::packageName = com.arjanvlek.oxygenupdater
01-06 10:42:08.406  2321  4208 D OplusSplitScreenManagerService: com.arjanvlek.oxygenupdater supportsSplitScreen by forceResizable activity return:true
01-06 10:42:08.406  2321  4208 D OplusAppListInterceptManager: shouldFilterTask
01-06 10:42:08.406  2321  4208 D OplusAppListInterceptManager: shouldFilterTask::packageName = com.oplus.ota
01-06 10:42:08.406  2321  4208 D OplusSplitScreenManagerService: com.oplus.ota supportsSplitScreen by forceResizable activity return:true
01-06 10:42:08.406  2321  4208 D OplusSplitScreenManagerService: com.oplus.ota supportsSplitScreen by forceResizable activity return:true
01-06 10:42:08.406  2321  4208 D OplusAppListInterceptManager: shouldFilterTask
01-06 10:42:08.406  2321  4208 D OplusAppListInterceptManager: shouldFilterTask::packageName = com.topjohnwu.magisk
01-06 10:42:08.406  2321  4208 D OplusSplitScreenManagerService: com.topjohnwu.magisk supportsSplitScreen by forceResizable activity return:true
01-06 10:42:08.406  2321  4208 D OplusAppListInterceptManager: shouldFilterTask
01-06 10:42:08.406  2321  4208 D OplusAppListInterceptManager: shouldFilterTask::packageName = ru.ytkkygka.anfpltliu
01-06 10:42:08.406  2321  4208 D OplusSplitScreenManagerService: ru.ytkkygka.anfpltliu supportsSplitScreen by forceResizable activity return:true
01-06 10:42:08.406  2321  4208 D OplusAppListInterceptManager: shouldFilterTask
01-06 10:42:08.406  2321  4208 D OplusAppListInterceptManager: shouldFilterTask::packageName = com.google.android.calendar
01-06 10:42:08.406  2321  4208 D CompatibilityChangeReporter: Compat change id reported: 197654537; UID 10141; state: ENABLED
01-06 10:42:08.406  2321  4208 D OplusSplitScreenManagerService: com.google.android.calendar supportsSplitScreen by forceResizable activity return:true
01-06 10:42:08.406  2321  4208 D OplusSplitScreenManagerService: com.google.android.calendar supportsSplitScreen by forceResizable activity return:true
01-06 10:42:08.406  2321  4208 D ActivityTaskManager: after skip size 20
01-06 10:42:08.407  2321  5972 D OplusDisplayManagerServiceEnhance: OplusDisplayManagerServiceEnhance setSpecBrightness gear = 0 reason = com.android.launcher@temperature@31@normal rate = -1
01-06 10:42:08.408  2321  5972 D RefreshRate: setHighTemperatureStatusWithoutUpdate: status = 0, rate = 0
01-06 10:42:08.408  2321  5972 D RefreshRate: app is in transition, stop setting high temperature status.
01-06 10:42:08.411  2321  3643 I OplusSmartBrightnessController: handleMessage MSG_TEMPERATURE_LIMIT_BRIGHTNESS_CHANGED.
01-06 10:42:08.411  2321  3643 D OplusFeatureTemperatureLimitBrightness: new parameter!ControlInfo:[ gear = 0 reason = com.android.launcher@temperature@31@normal brightness = 10238 package = com.android.launcher type = temperature temperature = 31 priority = normal rate = -1] HadDragPoint = false mode = 1
01-06 10:42:08.411  2321  3643 D OplusFeatureTemperatureLimitBrightness: isResetUpdate = false isNormalUpdate = true isSafetyRegulationsForceUpdate = false mLastBrightnessLimit = 10238
01-06 10:42:08.411  2321  3643 D OplusFeatureTemperatureLimitBrightness: mBrightnessLimit = 10238
01-06 10:42:08.411  2321  3641 D ColorAutomaticBrightnessController: MSG_UPDATE_BRIGHTNESS
01-06 10:42:08.412  2321  3785 W JobScheduler.JobStatus: Exempted app com.android.vending considered buggy
01-06 10:42:08.412  2321  3785 W JobScheduler.JobStatus: Exempted app com.android.vending considered buggy
01-06 10:42:08.412  2321  3785 W JobScheduler.JobStatus: Exempted app com.android.vending considered buggy
01-06 10:42:08.412  2321  3785 W JobScheduler.JobStatus: Exempted app com.android.vending considered buggy
01-06 10:42:08.412  2321  3785 W JobScheduler.JobStatus: Exempted app com.android.vending considered buggy
01-06 10:42:08.413  2321  3785 W JobScheduler.JobStatus: Exempted app com.android.vending considered buggy
01-06 10:42:08.413  2321  3785 W JobScheduler.JobStatus: Exempted app com.android.vending considered buggy
01-06 10:42:08.413  2321  3785 W JobScheduler.JobStatus: Exempted app com.android.vending considered buggy
01-06 10:42:08.413  2321  3785 W JobScheduler.JobStatus: Exempted app com.android.vending considered buggy
01-06 10:42:08.413  2321  3785 W JobScheduler.JobStatus: Exempted app com.android.vending considered buggy
01-06 10:42:08.413  2321  3785 W JobScheduler.JobStatus: Exempted app com.android.vending considered buggy
01-06 10:42:08.413  2321  3785 W JobScheduler.JobStatus: Exempted app com.android.vending considered buggy
01-06 10:42:08.413  2321  3785 W JobScheduler.JobStatus: Exempted app com.android.vending considered buggy
01-06 10:42:08.413  2321  3785 W JobScheduler.JobStatus: Exempted app com.android.vending considered buggy
01-06 10:42:08.413  2321  3785 W JobScheduler.JobStatus: Exempted app com.android.vending considered buggy
01-06 10:42:08.413  2321  3785 W JobScheduler.JobStatus: Exempted app com.android.vending considered buggy
01-06 10:42:08.413  2321  3785 W JobScheduler.JobStatus: Exempted app com.android.vending considered buggy
01-06 10:42:08.413  2321  3785 W JobScheduler.JobStatus: Exempted app com.android.vending considered buggy
01-06 10:42:08.413  2321  3785 W JobScheduler.JobStatus: Exempted app com.android.vending considered buggy
01-06 10:42:08.413  2321  3785 W JobScheduler.JobStatus: Exempted app com.android.vending considered buggy
01-06 10:42:08.413  2321  3785 W JobScheduler.JobStatus: Exempted app com.android.vending considered buggy
01-06 10:42:08.413  2321  3785 W JobScheduler.JobStatus: Exempted app com.android.vending considered buggy
01-06 10:42:08.413  2321  3785 W JobScheduler.JobStatus: Exempted app com.android.vending considered buggy
01-06 10:42:08.413  2321  3785 W JobScheduler.JobStatus: Exempted app com.android.vending considered buggy
01-06 10:42:08.413  2321  3785 W JobScheduler.JobStatus: Exempted app com.android.vending considered buggy
01-06 10:42:08.413  2321  3785 W JobScheduler.JobStatus: Exempted app com.android.vending considered buggy
01-06 10:42:08.413  2321  3785 W JobScheduler.JobStatus: Exempted app com.android.vending considered buggy
01-06 10:42:08.413  2321  5292 D VRR [OPlusRefreshRateService]:  setFrameRateTargetControl [ 0.0 , com.android.launcher , false , com.oplus.battery ]
01-06 10:42:08.413  2321  5292 D VRR [OPlusExternalRefreshRateManager]:  [FRTC] FrameRate : 0 com.android.launcher false com.oplus.battery 0 1000
01-06 10:42:08.414  2321  3800 D OplusSplitScreenManagerService: com.android.settings supportsSplitScreen by forceResizable activity return:true
01-06 10:42:08.414  2321  3800 D OplusSplitScreenManagerService: com.android.settings supportsSplitScreen by forceResizable activity return:true
01-06 10:42:08.416  2321  6151 D WindowManagerServiceExtImpl: extractConfigInfoAndRealFlags rotation=0, screenDp=360, win=Window{2f6362b u0 com.android.launcher/com.android.launcher.Launcher}
01-06 10:42:08.416  2321  6151 V WindowManager: Relayout Window{2f6362b u0 com.android.launcher/com.android.launcher.Launcher}: viewVisibility=0, oldvis=8, req=1080x2400, vsysui=LAYOUT_STABLE LAYOUT_HIDE_NAVIGATION LAYOUT_FULLSCREEN
01-06 10:42:08.416  2321  6151 I WindowManager: Window{2f6362b u0 com.android.launcher/com.android.launcher.Launcher} state from NO_SURFACE to DRAW_PENDING; reason: resetDrawState
01-06 10:42:08.417  4230  4357 D WindowManagerShell: UNKNOWN MESSAGE (826113962) ComponentInfo{com.android.launcher/com.android.launcher.Launcher}
01-06 10:42:08.418  2321  5796 D OplusBatteryServiceFeature: setSmartCoolDown: coolDown = 0, normalCoolDown = 0, pkgName = com.android.launcher
01-06 10:42:08.420  2321  6151 D OplusSplitScreenManagerService: com.android.launcher supportsSplitScreen by forceResizable activity return:true
01-06 10:42:08.420  2321  6151 D OplusSplitScreenManagerService: com.android.launcher supportsSplitScreen by forceResizable activity return:false
01-06 10:42:08.420  2321  6151 V WindowManager: Changing focus from null to Window{2f6362b u0 com.android.launcher/com.android.launcher.Launcher},diplayid=0
01-06 10:42:08.423  2321  4058 D OplusSplitScreenManagerService: com.android.launcher supportsSplitScreen by forceResizable activity return:true
01-06 10:42:08.423  2321  4058 D OplusSplitScreenManagerService: com.android.launcher supportsSplitScreen by forceResizable activity return:false
01-06 10:42:08.424  2321  4058 D OplusSplitScreenManagerService: com.android.launcher supportsSplitScreen by forceResizable activity return:true
01-06 10:42:08.424  2321  4058 D OplusSplitScreenManagerService: com.android.launcher supportsSplitScreen by forceResizable activity return:false
01-06 10:42:08.424  2321  4058 D OplusSplitScreenManagerService: com.android.launcher supportsSplitScreen by forceResizable activity return:true
01-06 10:42:08.424  2321  3611 I ActivityManager: Start proc 22048:com.oneplus.deskclock:clockWidget/u0a113 for broadcast {com.oneplus.deskclock/com.coloros.widget.smallweather.WidgetLauncherStateReceiver}
01-06 10:42:08.424  2321  4058 D OplusSplitScreenManagerService: com.android.launcher supportsSplitScreen by forceResizable activity return:false
01-06 10:42:08.424  2321  4058 D OplusSplitScreenManagerService: com.android.launcher supportsSplitScreen by forceResizable activity return:true
01-06 10:42:08.424  2321  4058 D OplusSplitScreenManagerService: com.android.launcher supportsSplitScreen by forceResizable activity return:false
01-06 10:42:08.424  2321  4058 D OplusSplitScreenManagerService: com.android.settings supportsSplitScreen by forceResizable activity return:true
01-06 10:42:08.424  2321  4058 D OplusSplitScreenManagerService: com.android.settings supportsSplitScreen by forceResizable activity return:true
01-06 10:42:08.424  5280  5280 D VRI[Launcher]: relayoutWindow result, sizeChanged:false, surfaceControlChanged:true, transformHintChanged:false, mSurfaceSize:Point(1080, 2400), mLastSurfaceSize:Point(1080, 2400), mWidth:1080, mHeight:2400, requestedWidth:1080, requestedHeight:2400, transformHint:0, lastTransformHint:0, installOrientation:0, displayRotation:0, isSurfaceValid:true, attr.flag:-2121203456, useBlast:true, tmpFrames:ClientWindowFrames{frame=[0,0][1080,2400] display=[0,0][1080,2400] parentFrame=[0,0][0,0]}
01-06 10:42:08.424  5280  5280 W VRI[Launcher]: updateBlastSurfaceIfNeeded, surfaceSize:Point(1080, 2400), lastSurfaceSize:Point(1080, 2400), format:-2, blastBufferQueue:null
01-06 10:42:08.424  2321  5738 D OplusSplitScreenManagerService: com.android.settings supportsSplitScreen by forceResizable activity return:true
01-06 10:42:08.425  2321  5738 D OplusSplitScreenManagerService: com.android.settings supportsSplitScreen by forceResizable activity return:true
01-06 10:42:08.426  2321  5972 D OplusTransitionController: onSyncFinishedDrawing, Window{6cbec9 u0 com.android.launcher/com.android.launcher.Launcher}
01-06 10:42:08.426  2321  5972 I WindowManager: finishDrawing skipLayout:false Window{6cbec9 u0 com.android.launcher/com.android.launcher.Launcher} com.android.server.wm.WindowManagerService.finishDrawingWindow:2972 com.android.server.wm.Session.finishDrawing:311 android.view.IWindowSession$Stub.onTransact:779 
01-06 10:42:08.426  2321  5972 I WindowManager: Window{6cbec9 u0 com.android.launcher/com.android.launcher.Launcher} state from DRAW_PENDING to COMMIT_DRAW_PENDING; reason: finishDrawingLocked
01-06 10:42:08.426  2321  5972 D OplusTransitionAnimationManager: skipFinishDrawingIfNeed clientRotation=0, currentRotation=0, hasFixedRotationApp=false, requestedOrientation=5, win=Window{6cbec9 u0 com.android.launcher/com.android.launcher.Launcher}, activity=ActivityRecord{1a4875b u0 com.android.launcher/.Launcher t5}, currentConfig={1.0 ??mcc??mnc [en_US,es_MX] ldltr sw360dp w360dp h722dp 480dpi nrml long hdr widecg port night finger -keyb/v/h -nav/h winConfig={ mBounds=Rect(0, 0 - 1080, 2400) mAppBounds=Rect(0, 103 - 1080, 2268) mMaxBounds=Rect(0, 0 - 1080, 2400) mDisplayRotation=ROTATION_0 mWindowingMode=fullscreen mDisplayWindowingMode=fullscreen mActivityType=home mAlwaysOnTop=undefined mRotation=ROTATION_0} s.114 fontWeightAdjustment=0mThemeChanged= 0, mThemeChangedFlags= 0, mFlipFont= 0, mScenario= -1, mAccessibleChanged= -1, mUxIconConfig= 3468921665165984033, mMaterialColor= 0, mUserId= 0, mFontUserId= 0, mFontVariationSettings= 3226, mFoldingAngle = -1.0, mIconPackName= , mDarkModeBackgroundMaxL= 8.0, mDarkModeDialogBgMaxL= 27.0, mDarkModeForegroundMinL= 100.0, mOplusConfigType= 1, mOplusChangedConfigs= 0, OpSans= -1, mBurmeseFontFlag= 2, mFlag= 0, mFlexibleActivitySuitable= -1, mPuttDisplayFlag= -1}
01-06 10:42:08.430  2321  4208 I WallpaperManagerServiceExt: getFoldWallpaperInfo user=0 which=32 phyDisplay=1
01-06 10:42:08.430  2321  4208 I WallpaperManagerServiceExt: getFoldWallpaperInfo user=0 which=16 phyDisplay=1
01-06 10:42:08.430  2321  3573 I WindowManager: Window{6cbec9 u0 com.android.launcher/com.android.launcher.Launcher} state from COMMIT_DRAW_PENDING to READY_TO_SHOW; reason: commitFinishDrawingLocked
01-06 10:42:08.430  2321  3573 I WindowManager: defer call onFirstWindowDrawn until mainwindow drawn:Window{6cbec9 u0 com.android.launcher/com.android.launcher.Launcher}
01-06 10:42:08.431  2321  4208 E OplusAthenaAm: AthenaAmManagerInternal transact code hello:6,flags:0
01-06 10:42:08.432  2321  4208 E OplusAthenaAm: AthenaAmManagerInternal transact code hello:7,flags:0
01-06 10:42:08.436  2321  3800 D OplusSplitScreenManagerService: com.android.settings supportsSplitScreen by forceResizable activity return:true
01-06 10:42:08.436  2321  3800 D OplusSplitScreenManagerService: com.android.settings supportsSplitScreen by forceResizable activity return:true
01-06 10:42:08.436  2321  3573 I WindowManager: defer call onFirstWindowDrawn until mainwindow drawn:Window{6cbec9 u0 com.android.launcher/com.android.launcher.Launcher}
01-06 10:42:08.438  2321  5796 D OplusSplitScreenManagerService: com.android.settings supportsSplitScreen by forceResizable activity return:true
01-06 10:42:08.439  2321  5796 D OplusSplitScreenManagerService: com.android.settings supportsSplitScreen by forceResizable activity return:true
01-06 10:42:08.441  2321  5796 D OplusSplitScreenManagerService: com.android.settings supportsSplitScreen by forceResizable activity return:true
01-06 10:42:08.441  2321  5796 D OplusSplitScreenManagerService: com.android.settings supportsSplitScreen by forceResizable activity return:true
01-06 10:42:08.444  2321  4117 D OplusSplitScreenManagerService: com.android.settings supportsSplitScreen by forceResizable activity return:true
01-06 10:42:08.444  2321  4117 D OplusSplitScreenManagerService: com.android.settings supportsSplitScreen by forceResizable activity return:true
01-06 10:42:08.446  2321  5750 D OplusSplitScreenManagerService: com.android.settings supportsSplitScreen by forceResizable activity return:true
01-06 10:42:08.446  2321  5750 D OplusSplitScreenManagerService: com.android.settings supportsSplitScreen by forceResizable activity return:true
01-06 10:42:08.448  2321  5750 D OplusSplitScreenManagerService: com.android.settings supportsSplitScreen by forceResizable activity return:true
01-06 10:42:08.448  2321  5750 D OplusSplitScreenManagerService: com.android.settings supportsSplitScreen by forceResizable activity return:true
01-06 10:42:08.450  2321  3573 I WindowManager: defer call onFirstWindowDrawn until mainwindow drawn:Window{6cbec9 u0 com.android.launcher/com.android.launcher.Launcher}
01-06 10:42:08.467  2321  5750 D OplusSplitScreenManagerService: com.android.settings supportsSplitScreen by forceResizable activity return:true
01-06 10:42:08.467  2321  5750 D OplusSplitScreenManagerService: com.android.settings supportsSplitScreen by forceResizable activity return:true
01-06 10:42:08.467  2321  5750 D OplusSplitScreenManagerService: com.android.settings supportsSplitScreen by forceResizable activity return:true
01-06 10:42:08.467  2321  5750 D OplusSplitScreenManagerService: com.android.settings supportsSplitScreen by forceResizable activity return:true
01-06 10:42:08.468  2321  5750 D OplusSplitScreenManagerService: com.android.launcher supportsSplitScreen by forceResizable activity return:true
01-06 10:42:08.468  2321  5750 D OplusSplitScreenManagerService: com.android.launcher supportsSplitScreen by forceResizable activity return:false
01-06 10:42:08.468  2321  5750 D OplusSplitScreenManagerService: com.whatsapp.w4b supportsSplitScreen by forceResizable activity return:true
01-06 10:42:08.468  2321  5750 D OplusSplitScreenManagerService: com.android.chrome supportsSplitScreen by forceResizable activity return:true
01-06 10:42:08.468  2321  5750 D OplusSplitScreenManagerService: com.android.chrome supportsSplitScreen by forceResizable activity return:true
01-06 10:42:08.468  2321  5750 D OplusSplitScreenManagerService: com.instagram.android supportsSplitScreen by forceResizable activity return:true
01-06 10:42:08.468  2321  5750 D OplusSplitScreenManagerService: jp.pokemon.pokemontcgp supportsSplitScreen by forceResizable activity return:true
01-06 10:42:08.468  2321  5750 D OplusSplitScreenManagerService: com.app.cq.ring supportsSplitScreen by forceResizable activity return:true
01-06 10:42:08.468  2321  5750 D OplusSplitScreenManagerService: com.goongames.DungeonsofDreadrock2 supportsSplitScreen by forceResizable activity return:true
01-06 10:42:08.468  2321  5750 D OplusSplitScreenManagerService: com.oneplus.gallery supportsSplitScreen by forceResizable activity return:true
01-06 10:42:08.468  2321  5750 D OplusSplitScreenManagerService: com.oneplus.gallery supportsSplitScreen by forceResizable activity return:true
01-06 10:42:08.468  2321  5750 D OplusSplitScreenManagerService: com.openai.chatgpt supportsSplitScreen by forceResizable activity return:true
01-06 10:42:08.484  5280  5280 D ResourcesManagerExtImpl: applyConfigurationToAppResourcesLocked app.getDisplayId() return callback.displayId:0
01-06 10:42:08.485  2321  5750 D OplusTransitionController: onSyncFinishedDrawing, Window{2f6362b u0 com.android.launcher/com.android.launcher.Launcher}
01-06 10:42:08.485  2321  5750 I WindowManager: finishDrawing skipLayout:false Window{2f6362b u0 com.android.launcher/com.android.launcher.Launcher} com.android.server.wm.WindowManagerService.finishDrawingWindow:2972 com.android.server.wm.Session.finishDrawing:311 android.view.IWindowSession$Stub.onTransact:779 
01-06 10:42:08.485  2321  5750 I WindowManager: Window{2f6362b u0 com.android.launcher/com.android.launcher.Launcher} state from DRAW_PENDING to COMMIT_DRAW_PENDING; reason: finishDrawingLocked
01-06 10:42:08.485  2321  5750 D OplusTransitionAnimationManager: skipFinishDrawingIfNeed clientRotation=0, currentRotation=0, hasFixedRotationApp=false, requestedOrientation=5, win=Window{2f6362b u0 com.android.launcher/com.android.launcher.Launcher}, activity=ActivityRecord{1a4875b u0 com.android.launcher/.Launcher t5}, currentConfig={1.0 ??mcc??mnc [en_US,es_MX] ldltr sw360dp w360dp h722dp 480dpi nrml long hdr widecg port night finger -keyb/v/h -nav/h winConfig={ mBounds=Rect(0, 0 - 1080, 2400) mAppBounds=Rect(0, 103 - 1080, 2268) mMaxBounds=Rect(0, 0 - 1080, 2400) mDisplayRotation=ROTATION_0 mWindowingMode=fullscreen mDisplayWindowingMode=fullscreen mActivityType=home mAlwaysOnTop=undefined mRotation=ROTATION_0} s.114 fontWeightAdjustment=0mThemeChanged= 0, mThemeChangedFlags= 0, mFlipFont= 0, mScenario= -1, mAccessibleChanged= -1, mUxIconConfig= 3468921665165984033, mMaterialColor= 0, mUserId= 0, mFontUserId= 0, mFontVariationSettings= 3226, mFoldingAngle = -1.0, mIconPackName= , mDarkModeBackgroundMaxL= 8.0, mDarkModeDialogBgMaxL= 27.0, mDarkModeForegroundMinL= 100.0, mOplusConfigType= 1, mOplusChangedConfigs= 0, OpSans= -1, mBurmeseFontFlag= 2, mFlag= 0, mFlexibleActivitySuitable= -1, mPuttDisplayFlag= -1}
01-06 10:42:08.489  2321  3573 I WindowManager: defer call onFirstWindowDrawn until mainwindow drawn:Window{6cbec9 u0 com.android.launcher/com.android.launcher.Launcher}
01-06 10:42:08.489  2321  3573 I WindowManager: Window{2f6362b u0 com.android.launcher/com.android.launcher.Launcher} state from COMMIT_DRAW_PENDING to READY_TO_SHOW; reason: commitFinishDrawingLocked
01-06 10:42:08.489  2321  3573 D ActivityTaskManager: Clearing startingData for token=null
01-06 10:42:08.495  2321  5750 D CountryDetector: No listener is left
01-06 10:42:08.496  2321  3573 D ActivityTaskManager: Clearing startingData for token=null
01-06 10:42:08.496  2321  3573 I WindowManager: Window{6cbec9 u0 com.android.launcher/com.android.launcher.Launcher} state from READY_TO_SHOW to HAS_DRAWN; reason: performShowLocked
01-06 10:42:08.496  2321  3573 I WindowStateExtImpl: onSurfaceShowChange show = true mPackageName = com.android.launcher parentPkgName = com.android.launcher
01-06 10:42:08.496  2321  3573 D ActivityTaskManager: Clearing startingData for token=null
01-06 10:42:08.496  2321  3573 I WindowManager: Window{2f6362b u0 com.android.launcher/com.android.launcher.Launcher} state from READY_TO_SHOW to HAS_DRAWN; reason: performShowLocked
01-06 10:42:08.496  2321  3573 D OplusFlexibleActivityTransitionManager: fixTransitType type result:1, targets: [Task{e3af8ff #1 type=home}, Task{e4f0695 #4703 type=standard A=1000:com.android.settings.root}, WallpaperWindowToken{54ac18a token=android.os.Binder@5276b7e}]
01-06 10:42:08.498  5280  5280 I Quality : Skipped: false 2 cost 33.181767 refreshRate 16545485 bit true processName com.android.launcher
01-06 10:42:08.500  2321  3573 D OplusSplitScreenManagerService: com.android.launcher supportsSplitScreen by forceResizable activity return:true
01-06 10:42:08.500  2321  3573 D OplusSplitScreenManagerService: com.android.launcher supportsSplitScreen by forceResizable activity return:false
01-06 10:42:08.500  2321  3573 D OplusSplitScreenManagerService: com.android.settings supportsSplitScreen by forceResizable activity return:true
01-06 10:42:08.500  2321  3573 D OplusSplitScreenManagerService: com.android.settings supportsSplitScreen by forceResizable activity return:true
01-06 10:42:08.501  2321  3573 D OplusTransitionController: onTransactionReady, syncId: 2141, 
01-06 10:42:08.501  2321  3573 D OplusTransitionController:  info: {id=2141 t=OPEN f=0x0 trk=0 r=[0@Point(0, 0)] c=[{WCT{RemoteToken{dca1a31 Task{e3af8ff #1 type=home}}} m=TO_FRONT f=SHOW_WALLPAPER|MOVE_TO_TOP leash=Surface(name=Task=1)/@0x71d86c4 sb=Rect(0, 0 - 1080, 2400) eb=Rect(0, 0 - 1080, 2400) d=0},{WCT{RemoteToken{a169b67 Task{e4f0695 #4703 type=standard A=1000:com.android.settings.root}}} m=TO_BACK f=NONE leash=Surface(name=Task=4703)/@0x7a3bd14 sb=Rect(0, 0 - 1080, 2400) eb=Rect(0, 0 - 1080, 2400) d=0},{null m=TO_FRONT f=IS_WALLPAPER leash=Surface(name=WallpaperWindowToken{54ac18a token=android.os.Binder@5276b7e})/@0x6200eb9 sb=Rect(0, 0 - 1080, 2400) eb=Rect(0, 0 - 1080, 2400) d=0}]}, 
01-06 10:42:08.501  2321  3573 D OplusTransitionController:  targets : [Task{e3af8ff #1 type=home}, Task{e4f0695 #4703 type=standard A=1000:com.android.settings.root}, WallpaperWindowToken{54ac18a token=android.os.Binder@5276b7e}]
01-06 10:42:08.501  2321  3573 D OplusTransitionAnimationManager: mOpeningTasks add Task{e3af8ff #1 type=home}
01-06 10:42:08.501  2321  3573 D OplusTransitionAnimationManager: mOpeningTasks add Task{e4f0695 #4703 type=standard A=1000:com.android.settings.root}
01-06 10:42:08.501  2321  3573 W WindowManager: captureTaskSnapshot mSnapshotMode= 0
01-06 10:42:08.501  2321  3573 D TaskSnapshotControllerExtImpl: createTaskSnapshot isCompatMode:false, isCompactWindow:false
01-06 10:42:08.517  2321  3573 D TaskSnapshotCache: putSnapshot mRunningCache top= ActivityRecord{be2f18a u0 com.android.settings/.SubSettings t4703}, mTaskId=4703, snapshot=TaskSnapshot{ mId=1767706928501 mCaptureTime=170713463115309 mTopActivityComponent=com.android.settings/.SubSettings mSnapshot=android.hardware.HardwareBuffer@33f94ef (1080x2400) mColorSpace=sRGB IEC61966-2.1 (id=0, model=RGB) mOrientation=1 mRotation=0 mTaskSize=Point(1080, 2400) mContentInsets=[0,103][0,132] mLetterboxInsets=[0,0][0,0] mIsLowResolution=false mIsRealSnapshot=true mWindowingMode=1 mAppearance=0 mIsTranslucent=false mHasImeSurface=false, mAppIdMap size= 6
01-06 10:42:08.520  4230  4357 V WindowManagerShell: onTransitionReady android.os.BinderProxy@d51e083: {id=2141 t=OPEN f=0x0 trk=0 r=[0@Point(0, 0)] c=[{WCT{android.window.IWindowContainerToken$Stub$Proxy@28a4dd7} m=TO_FRONT f=SHOW_WALLPAPER|MOVE_TO_TOP leash=Surface(name=Task=1)/@0x554dcfb sb=Rect(0, 0 - 1080, 2400) eb=Rect(0, 0 - 1080, 2400) d=0},{WCT{android.window.IWindowContainerToken$Stub$Proxy@3e4d6c4} m=TO_BACK f=NONE leash=Surface(name=Task=4703)/@0x598c118 sb=Rect(0, 0 - 1080, 2400) eb=Rect(0, 0 - 1080, 2400) d=0},{null m=TO_FRONT f=IS_WALLPAPER leash=Surface(name=WallpaperWindowToken{54ac18a token=android.os.Binder@5276b7e})/@0xd6fb771 sb=Rect(0, 0 - 1080, 2400) eb=Rect(0, 0 - 1080, 2400) d=0}]}
01-06 10:42:08.521  4230  4357 V WindowManagerShell: Playing animation for (#2141)android.os.BinderProxy@d51e083@0
01-06 10:42:08.521  4230  4357 V WindowManagerShell:  try handler com.oplus.zoom.transition.ZoomTransitionController@c86a488
01-06 10:42:08.521  4230  4357 V WindowManagerShell:  try handler com.android.wm.shell.transition.DefaultMixedHandler@4a5ae21
01-06 10:42:08.521  4230  4357 V WindowManagerShell:  try handler com.android.wm.shell.keyguard.KeyguardTransitionHandler@da7d5a2
01-06 10:42:08.521  4230  4357 V WindowManagerShell:  try handler com.android.wm.shell.activityembedding.ActivityEmbeddingController@d98233
01-06 10:42:08.521  4230  4357 V WindowManagerShell:  try handler com.android.wm.shell.recents.RecentsTransitionHandler@8ba29f0
01-06 10:42:08.521  4230  4357 V WindowManagerShell: RecentsTransitionHandler.startAnimation: no controller found
01-06 10:42:08.521  4230  4357 V WindowManagerShell:  try handler com.android.wm.shell.pip.PipTransition@fab2b69
01-06 10:42:08.521  4230  4357 V WindowManagerShell:  try handler com.android.wm.shell.splitscreen.StageCoordinator@f51a9ee
01-06 10:42:08.521  4230  4357 V WindowManagerShell:  try handler com.oplus.flexibleactivity.FlexibleActivityTransitionHandler@3a00e8f
01-06 10:42:08.521  4230  4357 V WindowManagerShell:  try handler OnePuttTransitionHandler
01-06 10:42:08.522  4230  4357 V WindowManagerShell:  try handler com.android.wm.shell.transition.RemoteTransitionHandler@49904ab
01-06 10:42:08.522  4230  4357 V WindowManagerShell: Transition doesn't have explicit remote, search filters for match for {id=2141 t=OPEN f=0x0 trk=0 r=[0@Point(0, 0)] c=[{WCT{android.window.IWindowContainerToken$Stub$Proxy@28a4dd7} m=TO_FRONT f=SHOW_WALLPAPER|MOVE_TO_TOP leash=Surface(name=Task=1)/@0x554dcfb sb=Rect(0, 0 - 1080, 2400) eb=Rect(0, 0 - 1080, 2400) d=0},{WCT{android.window.IWindowContainerToken$Stub$Proxy@3e4d6c4} m=TO_BACK f=NONE leash=Surface(name=Task=4703)/@0x598c118 sb=Rect(0, 0 - 1080, 2400) eb=Rect(0, 0 - 1080, 2400) d=0},{null m=TO_FRONT f=IS_WALLPAPER leash=Surface(name=WallpaperWindowToken{54ac18a token=android.os.Binder@5276b7e})/@0xd6fb771 sb=Rect(0, 0 - 1080, 2400) eb=Rect(0, 0 - 1080, 2400) d=0}]}
01-06 10:42:08.522  4230  4357 V WindowManagerShell:  Checking filter Pair{{types=[] flags=0x0] notFlags=0x100 checks=[{atype=home independent=true modes=[OPEN,TO_FRONT] flags=NONE mustBeTask=false order=TOP topActivity=ComponentInfo{com.android.launcher/com.android.launcher.Launcher}},{atype=standard independent=true modes=[CLOSE,TO_BACK] flags=NONE mustBeTask=false order=ANY topActivity=null}]} RemoteTransition { remoteTransition = android.window.IRemoteTransition$Stub$Proxy@bd54708, appThread = android.app.IApplicationThread$Stub$Proxy@da3dea1, debugName = QuickstepLaunchHome }}
01-06 10:42:08.522  4230  4357 D RemoteTransitionHandler: Found filterPair{{types=[] flags=0x0] notFlags=0x100 checks=[{atype=home independent=true modes=[OPEN,TO_FRONT] flags=NONE mustBeTask=false order=TOP topActivity=ComponentInfo{com.android.launcher/com.android.launcher.Launcher}},{atype=standard independent=true modes=[CLOSE,TO_BACK] flags=NONE mustBeTask=false order=ANY topActivity=null}]} RemoteTransition { remoteTransition = android.window.IRemoteTransition$Stub$Proxy@bd54708, appThread = android.app.IApplicationThread$Stub$Proxy@da3dea1, debugName = QuickstepLaunchHome }}
01-06 10:42:08.522  4230  4357 V WindowManagerShell:  Delegate animation for #2141 to RemoteTransition { remoteTransition = android.window.IRemoteTransition$Stub$Proxy@bd54708, appThread = android.app.IApplicationThread$Stub$Proxy@da3dea1, debugName = QuickstepLaunchHome }
01-06 10:42:08.524  2321  3573 D OplusSplitScreenManagerService: com.android.launcher supportsSplitScreen by forceResizable activity return:true
01-06 10:42:08.524  2321  3573 D OplusSplitScreenManagerService: com.android.launcher supportsSplitScreen by forceResizable activity return:false
01-06 10:42:08.524  2321  3573 I TaskOrganizerController: onTaskInfoChanged taskid 1 config { mBounds=Rect(0, 0 - 1080, 2400) mAppBounds=Rect(0, 103 - 1080, 2268) mMaxBounds=Rect(0, 0 - 1080, 2400) mDisplayRotation=ROTATION_0 mWindowingMode=fullscreen mDisplayWindowingMode=fullscreen mActivityType=home mAlwaysOnTop=undefined mRotation=ROTATION_0}
01-06 10:42:08.525  2321  3573 D FlexibleWindowManager: onFlexibleWindowTaskInfoChanged: mTaskId = 1 oldIsTaskEmbedded = false   curIsTaskEmbedded = false  topActivity = ComponentInfo{com.android.launcher/com.android.launcher.Launcher}
01-06 10:42:08.525  2321  3573 D OplusFlexibleWindowMinimizedManagerHelper: onTaskInfoChanged taskInfo:TaskInfo{userId=0 taskId=1 displayId=0 isRunning=true baseIntent=Intent { act=android.intent.action.MAIN cat=[android.intent.category.HOME] flg=0x10000100 cmp=com.android.launcher/.Launcher mCallingUid=1000 } baseActivity=ComponentInfo{com.android.launcher/com.android.launcher.Launcher} topActivity=ComponentInfo{com.android.launcher/com.android.launcher.Launcher} origActivity=null realActivity=null numActivities=1 lastActiveTime=16107 supportsSplitScreenMultiWindow=false supportsMultiWindow=true supportsPocketStudioMultiWindow=true isInFlexibleEmbedded = false uid = 10200 pid = 5280 resizeMode=2 isResizeable=true minWidth=-1 minHeight=-1 defaultMinSize=220 token=WCT{RemoteToken{dca1a31 Task{e3af8ff #1 type=home}}} topActivityType=2 pictureInPictureParams=null shouldDockBigOverlays=false launchIntoPipHostTaskId=-1 lastParentTaskIdBeforePip=-1 displayCutoutSafeInsets=null topActivityInfo=ActivityInfo{2241ee3 com.android.launcher.Launcher} launchCookies=[] positionInParent=Point(0, 0) parentTaskId=-1 isFocused=true isVisible=true isVisibleRequested=true isSleeping=false topActivityInSizeCompat=false topActivityInOplusCompatMode=false topActivityEligibleForLetterboxEducation= false topActivityLetterboxed= false isFromDoubleTap= false topActivityLetterboxVerticalPosition= -1 topActivityLetterboxHorizontalPosition= -1 topActivityLetterboxWidth=-1 topActivityLetterboxHeight=-1 locusId=LocusId[17_chars] displayAreaFeatureId=1 cameraCompatControlState=hidden locusId= LocusId[17_chars] topActivityLetterboxInsets=Rect(0, 0 - 0, 0)} task:Task{e3af8ff #1 type=home}
01-06 10:42:08.525  2321  5972 D CompatibilityChangeReporter: Compat change id reported: 168419799; UID 10104; state: DISABLED
01-06 10:42:08.525  2321  5972 D CompatibilityChangeReporter: Compat change id reported: 273564678; UID 10104; state: DISABLED
01-06 10:42:08.525  2321  5972 W ActivityManager: Slow operation: 55ms so far, now at attachApplicationLocked: immediately before bindApplication
01-06 10:42:08.525  2321  5972 D ActivityTaskManagerServiceExtImpl: preBindApplication record is null
01-06 10:42:08.526  2321  5706 D OplusSplitScreenManagerService: com.android.launcher supportsSplitScreen by forceResizable activity return:true
01-06 10:42:08.526  2321  5706 D OplusSplitScreenManagerService: com.android.launcher supportsSplitScreen by forceResizable activity return:false
01-06 10:42:08.529  2321  5863 D OplusSplitScreenManagerService: com.android.launcher supportsSplitScreen by forceResizable activity return:true
01-06 10:42:08.529  2321  5863 D OplusSplitScreenManagerService: com.android.launcher supportsSplitScreen by forceResizable activity return:false
01-06 10:42:08.531  2321  5972 W ActivityManager: Slow operation: 60ms so far, now at attachApplicationLocked: immediately after bindApplication
01-06 10:42:08.531  2321  5972 W ActivityManager: Slow operation: 60ms so far, now at attachApplicationLocked: after updateLruProcessLocked
01-06 10:42:08.532  4230  4357 V WindowManagerShell:  animated by com.android.wm.shell.transition.RemoteTransitionHandler@49904ab
01-06 10:42:08.533  4230  4357 D ShellTaskOrganizer: dispatchTaskEventToClientIfNeed, eventType:2, taskInfo:TaskInfo{userId=0 taskId=1 displayId=0 isRunning=true baseIntent=Intent { act=android.intent.action.MAIN cat=[android.intent.category.HOME] flg=0x10000100 cmp=com.android.launcher/.Launcher mCallingUid=1000 } baseActivity=ComponentInfo{com.android.launcher/com.android.launcher.Launcher} topActivity=ComponentInfo{com.android.launcher/com.android.launcher.Launcher} origActivity=null realActivity=null numActivities=1 lastActiveTime=16107 supportsSplitScreenMultiWindow=false supportsMultiWindow=true supportsPocketStudioMultiWindow=true isInFlexibleEmbedded = false uid = 10200 pid = 5280 resizeMode=2 isResizeable=true minWidth=-1 minHeight=-1 defaultMinSize=220 token=WCT{android.window.IWindowContainerToken$Stub$Proxy@e92faeb} topActivityType=2 pictureInPictureParams=null shouldDockBigOverlays=false launchIntoPipHostTaskId=-1 lastParentTaskIdBeforePip=-1 displayCutoutSafeInsets=null topActivityInfo=ActivityInfo{9caa048 com.android.launcher.Launcher} launchCookies=[] positionInParent=Point(0, 0) parentTaskId=-1 isFocused=true isVisible=true isVisibleRequested=true isSleeping=false topActivityInSizeCompat=false topActivityInOplusCompatMode=false topActivityEligibleForLetterboxEducation= false topActivityLetterboxed= false isFromDoubleTap= false topActivityLetterboxVerticalPosition= -1 topActivityLetterboxHorizontalPosition= -1 topActivityLetterboxWidth=-1 topActivityLetterboxHeight=-1 locusId=LocusId[17_chars] displayAreaFeatureId=1 cameraCompatControlState=hidden locusId= LocusId[17_chars] topActivityLetterboxInsets=Rect(0, 0 - 0, 0)}, leash:null
01-06 10:42:08.536  2321  3573 D ActivityTaskManager: Clearing startingData for token=null
01-06 10:42:08.536  2321  3573 D ActivityTaskManager: Clearing startingData for token=null
01-06 10:42:08.540  2321  3569 V WindowManager: Sent Transition #2141 createdAt=01-06 10:42:08.354 via request=TransitionRequestInfo { type = OPEN, triggerTask = TaskInfo{userId=0 taskId=5 displayId=0 isRunning=true baseIntent=Intent { act=android.intent.action.MAIN cat=[android.intent.category.HOME] flg=0x10000100 cmp=com.android.launcher/.Launcher mCallingUid=1000 } baseActivity=ComponentInfo{com.android.launcher/com.android.launcher.Launcher} topActivity=ComponentInfo{com.android.launcher/com.android.launcher.Launcher} origActivity=null realActivity=ComponentInfo{com.android.launcher/com.android.launcher.Launcher} numActivities=1 lastActiveTime=170713313 supportsSplitScreenMultiWindow=false supportsMultiWindow=true supportsPocketStudioMultiWindow=true isInFlexibleEmbedded = false uid = 10200 pid = 5280 resizeMode=2 isResizeable=true minWidth=-1 minHeight=-1 defaultMinSize=220 token=WCT{RemoteToken{160a798 Task{c41f4c5 #5 type=home I=com.android.launcher/.Launcher}}} topActivityType=2 pictureInPictureParams=null shouldDockBigOverlays=false launchIntoPipHostTaskId=-1 lastParentTaskIdBeforePip=-1 displayCutoutSafeInsets=null topActivityInfo=ActivityInfo{2241ee3 com.android.launcher.Launcher} launchCookies=[] positionInParent=Point(0, 0) parentTaskId=-1 isFocused=true isVisible=false isVisibleRequested=true isSleeping=false topActivityInSizeCompat=false topActivityInOplusCompatMode=false topActivityEligibleForLetterboxEducation= false topActivityLetterboxed= false isFromDoubleTap= false topActivityLetterboxVerticalPosition= -1 topActivityLetterboxHorizontalPosition= -1 topActivityLetterboxWidth=-1 topActivityLetterboxHeight=-1 locusId=LocusId[17_chars] displayAreaFeatureId=1 cameraCompatControlState=hidden locusId= LocusId[17_chars] topActivityLetterboxInsets=Rect(0, 0 - 0, 0)}, remoteTransition = null, displayChange = null }
01-06 10:42:08.540  2321  3569 V WindowManager:     startWCT=WindowContainerTransaction { changes = {} hops = [] errorCallbackToken=null taskFragmentOrganizer=null }
01-06 10:42:08.540  2321  3569 V WindowManager:     info={id=2141 t=OPEN f=0x0 trk=0 r=[0@Point(0, 0)] c=[{WCT{RemoteToken{dca1a31 Task{e3af8ff #1 type=home}}} m=TO_FRONT f=SHOW_WALLPAPER|MOVE_TO_TOP leash=Surface(name=Task=1)/@0x71d86c4 sb=Rect(0, 0 - 1080, 2400) eb=Rect(0, 0 - 1080, 2400) d=0},{WCT{RemoteToken{a169b67 Task{e4f0695 #4703 type=standard A=1000:com.android.settings.root}}} m=TO_BACK f=NONE leash=Surface(name=Task=4703)/@0x7a3bd14 sb=Rect(0, 0 - 1080, 2400) eb=Rect(0, 0 - 1080, 2400) d=0},{null m=TO_FRONT f=IS_WALLPAPER leash=Surface(name=WallpaperWindowToken{54ac18a token=android.os.Binder@5276b7e})/@0x6200eb9 sb=Rect(0, 0 - 1080, 2400) eb=Rect(0, 0 - 1080, 2400) d=0}]}
01-06 10:42:08.545  2321  4208 D CompatibilityChangeReporter: Compat change id reported: 135634846; UID 10187; state: DISABLED
01-06 10:42:08.545  2321  4208 D CompatibilityChangeReporter: Compat change id reported: 177438394; UID 10187; state: DISABLED
01-06 10:42:08.545  2321  4208 D CompatibilityChangeReporter: Compat change id reported: 135772972; UID 10187; state: DISABLED
01-06 10:42:08.545  2321  4208 D CompatibilityChangeReporter: Compat change id reported: 135754954; UID 10187; state: ENABLED
01-06 10:42:08.545  2321  3611 D CompatibilityChangeReporter: Compat change id reported: 143937733; UID 10187; state: ENABLED
01-06 10:42:08.554  2321 10616 I ActivityManager: Process com.android.vending (pid 9909) has died: cch+70 CACC
01-06 10:42:08.559  2321  3570 D DisplayManagerService: Drop pending events for gone uid 10106
01-06 10:42:08.562  2321  4117 D OplusSplitScreenManagerService: com.android.launcher supportsSplitScreen by forceResizable activity return:true
01-06 10:42:08.562  2321  4117 D OplusSplitScreenManagerService: com.android.launcher supportsSplitScreen by forceResizable activity return:false
01-06 10:42:08.563  2321  4236 E OAPM    : activity preload is not enabled
01-06 10:42:08.564  2321  9539 I ActivityManager: Process com.oppo.quicksearchbox (pid 13717) has died: cch+55 CEM 
01-06 10:42:08.573  2321  3570 D DisplayManagerService: Drop pending events for gone uid 10345
01-06 10:42:08.574  2321  4236 E OAPM    : activity preload is not enabled
01-06 10:42:08.574  2321  5972 D InputMethodManagerService: isSecurity: attribute.packageName = com.android.launcher mCurMethodId = com.touchtype.swiftkey/com.touchtype.KeyboardService isSecurity = false ( enable = false needShow = false inBlackList = false isExist = true )
01-06 10:42:08.578  2321  4431 I ActivityManager: Process android.process.acore (pid 10565) has died: cch+15 CEM 
01-06 10:42:08.580  2321  3570 D DisplayManagerService: Drop pending events for gone uid 10062
01-06 10:42:08.581  2321  4117 D OplusSplitScreenManagerService: com.android.launcher supportsSplitScreen by forceResizable activity return:true
01-06 10:42:08.581  2321  4117 D OplusSplitScreenManagerService: com.android.launcher supportsSplitScreen by forceResizable activity return:false
01-06 10:42:08.581  2321  4236 E OAPM    : activity preload is not enabled
