01-01 22:35:23.727  2454  7477 I AppsFilter: interaction: PackageSetting{d92d463 com.psyhackers.ashera/10762} -> PackageSetting{c254613 com.google.android.gms.location.history/10166} BLOCKED
01-01 22:35:23.727  2454  7477 I AppsFilter: interaction: PackageSetting{d92d463 com.psyhackers.ashera/10762} -> PackageSetting{cead050 com.android.internal.systemui.navbar.gestural/10009} BLOCKED
01-01 22:35:23.727  2454  7477 I AppsFilter: interaction: PackageSetting{d92d463 com.psyhackers.ashera/10762} -> PackageSetting{9534249 mega.privacy.android.app/10278} BLOCKED
01-01 22:35:23.728  2454  7477 I AppsFilter: interaction: PackageSetting{d92d463 com.psyhackers.ashera/10762} -> PackageSetting{41ba74e com.krealo.tenpo/10313} BLOCKED
01-01 22:35:23.728  2454  7477 I AppsFilter: interaction: PackageSetting{d92d463 com.psyhackers.ashera/10762} -> PackageSetting{114306f com.simyasolutions.writeme.he/10484} BLOCKED
01-01 22:35:23.728  2454  7477 I AppsFilter: interaction: PackageSetting{d92d463 com.psyhackers.ashera/10762} -> PackageSetting{134a17c com.glority.pictureinsect/10491} BLOCKED
01-01 22:35:23.728  2454  7477 I AppsFilter: interaction: PackageSetting{d92d463 com.psyhackers.ashera/10762} -> PackageSetting{e84ba05 com.samchristiansen.ioverlander.droid/10300} BLOCKED
01-01 22:35:23.728  2454  7477 I AppsFilter: interaction: PackageSetting{d92d463 com.psyhackers.ashera/10762} -> PackageSetting{40eea5a com.google.android.apps.youtube.music/10008} BLOCKED
01-01 22:35:23.728  2454  7477 I AppsFilter: interaction: PackageSetting{d92d463 com.psyhackers.ashera/10762} -> PackageSetting{15d648b com.android.bluetoothmidiservice/10077} BLOCKED
01-01 22:35:23.728  2454  7477 I AppsFilter: interaction: PackageSetting{d92d463 com.psyhackers.ashera/10762} -> PackageSetting{7e85968 com.feelnside.rageswarm/10405} BLOCKED
01-01 22:35:23.728  2454  7477 I AppsFilter: interaction: PackageSetting{d92d463 com.psyhackers.ashera/10762} -> PackageSetting{79bf181 com.tarotreading.aitarot/10319} BLOCKED
01-01 22:35:23.728  2454  7477 I AppsFilter: interaction: PackageSetting{d92d463 com.psyhackers.ashera/10762} -> PackageSetting{bc15226 com.coloros.operationManual/10366} BLOCKED
01-01 22:35:23.728  2454  7477 I AppsFilter: interaction: PackageSetting{d92d463 com.psyhackers.ashera/10762} -> PackageSetting{7bbbe67 com.brain.game.word.quiz/10666} BLOCKED
01-01 22:35:23.728  2454  7477 I AppsFilter: interaction: PackageSetting{d92d463 com.psyhackers.ashera/10762} -> PackageSetting{99da414 com.coloros.floatassistant/10365} BLOCKED
01-01 22:35:23.728  2454  7477 I AppsFilter: interaction: PackageSetting{d92d463 com.psyhackers.ashera/10762} -> PackageSetting{b9524bd com.pabloleban.IdleSlayer/10498} BLOCKED
01-01 22:35:23.728  2454  7477 I AppsFilter: interaction: PackageSetting{d92d463 com.psyhackers.ashera/10762} -> PackageSetting{6e06ab2 com.coloros.childrenspace/10364} BLOCKED
01-01 22:35:23.728  2454  7477 I AppsFilter: interaction: PackageSetting{d92d463 com.psyhackers.ashera/10762} -> PackageSetting{5bbda03 com.ea.game.starwarscapital_row/10525} BLOCKED
01-01 22:35:23.728  2454  7477 I AppsFilter: interaction: PackageSetting{d92d463 com.psyhackers.ashera/10762} -> PackageSetting{ebaed80 com.ea.game.starwarscapital_rox/10534} BLOCKED
01-01 22:35:23.728  2454  7477 I AppsFilter: interaction: PackageSetting{d92d463 com.psyhackers.ashera/10762} -> PackageSetting{af44fb9 com.google.android.cellbroadcastreceiver/10243} BLOCKED
01-01 22:35:23.728  2454  7477 I AppsFilter: interaction: PackageSetting{d92d463 com.psyhackers.ashera/10762} -> PackageSetting{c667ffe com.organicix.davincivaporizerapp/10279} BLOCKED
01-01 22:35:23.728  2454  7477 I AppsFilter: interaction: PackageSetting{d92d463 com.psyhackers.ashera/10762} -> PackageSetting{f18135f com.lagotgames.bulletsandballs/10092} BLOCKED
01-01 22:35:23.729  2454  7477 I AppsFilter: interaction: PackageSetting{d92d463 com.psyhackers.ashera/10762} -> PackageSetting{da161ac com.dreamgames.royalmatch/10392} BLOCKED
01-01 22:35:23.729  2454  7477 I AppsFilter: interaction: PackageSetting{d92d463 com.psyhackers.ashera/10762} -> PackageSetting{812e75 com.oplus.linker/10116} BLOCKED
01-01 22:35:23.729  2454  7477 I AppsFilter: interaction: PackageSetting{d92d463 com.psyhackers.ashera/10762} -> PackageSetting{6a69e0a gr.nikolasspyr.integritycheck/10038} BLOCKED
01-01 22:35:23.729  2454  7477 I AppsFilter: interaction: PackageSetting{d92d463 com.psyhackers.ashera/10762} -> PackageSetting{ed4867b com.android.carrierconfig.platform/10334} BLOCKED
01-01 22:35:23.729  2454  7477 I AppsFilter: interaction: PackageSetting{d92d463 com.psyhackers.ashera/10762} -> PackageSetting{f98ec98 com.giannis.randomizer/10395} BLOCKED
01-01 22:35:23.729  2454  7477 I AppsFilter: interaction: PackageSetting{d92d463 com.psyhackers.ashera/10762} -> PackageSetting{1c33cf1 com.wondershare.mobilego/10318} BLOCKED
01-01 22:35:23.729  2454  7477 I AppsFilter: interaction: PackageSetting{d92d463 com.psyhackers.ashera/10762} -> PackageSetting{1890d6 com.oplus.melody/10252} BLOCKED
01-01 22:35:23.729  2454  7477 I AppsFilter: interaction: PackageSetting{d92d463 com.psyhackers.ashera/10762} -> PackageSetting{21b0f57 com.monect.portable/10517} BLOCKED
01-01 22:35:23.729  2454  7477 I AppsFilter: interaction: PackageSetting{d92d463 com.psyhackers.ashera/10762} -> PackageSetting{87c3a44 com.arjanvlek.oxygenupdater/10182} BLOCKED
01-01 22:35:23.729  2454  7477 I AppsFilter: interaction: PackageSetting{d92d463 com.psyhackers.ashera/10762} -> PackageSetting{b3db72d com.cla.stickmanera.artofwar/10785} BLOCKED
01-01 22:35:23.730  2454  7477 I AppsFilter: interaction: PackageSetting{d92d463 com.psyhackers.ashera/10762} -> PackageSetting{e4e462 com.google.android.play.games/10191} BLOCKED
01-01 22:35:23.730  2454  7477 I AppsFilter: interaction: PackageSetting{d92d463 com.psyhackers.ashera/10762} -> PackageSetting{4d749f3 com.suno.android/10472} BLOCKED
01-01 22:35:23.730  2454  7477 I AppsFilter: interaction: PackageSetting{d92d463 com.psyhackers.ashera/10762} -> PackageSetting{d24b6b0 com.google.android.apps.magazines/10531} BLOCKED
01-01 22:35:23.730  2454  7477 I AppsFilter: interaction: PackageSetting{d92d463 com.psyhackers.ashera/10762} -> PackageSetting{46b9929 com.wuliang.xapkinstaller/10499} BLOCKED
01-01 22:35:23.730  2454  7477 I AppsFilter: interaction: PackageSetting{d92d463 com.psyhackers.ashera/10762} -> PackageSetting{930e4ae com.oneplus.membership/10148} BLOCKED
01-01 22:35:23.730  2454  7477 I AppsFilter: interaction: PackageSetting{d92d463 com.psyhackers.ashera/10762} -> PackageSetting{c12924f com.oplus.screenshot/10119} BLOCKED
01-01 22:35:23.730  2454  7477 I AppsFilter: interaction: PackageSetting{d92d463 com.psyhackers.ashera/10762} -> PackageSetting{4968ddc com.droid27.transparentclockweather/10363} BLOCKED
01-01 22:35:23.731  2454  7477 I AppsFilter: interaction: PackageSetting{d92d463 com.psyhackers.ashera/10762} -> PackageSetting{77b9ee5 com.android.internal.systemui.navbar.gestural_narrow_back/10026} BLOCKED
01-01 22:35:23.731  2454  7477 I AppsFilter: interaction: PackageSetting{d92d463 com.psyhackers.ashera/10762} -> PackageSetting{42a9dba com.coloros.colordirectservice/10447} BLOCKED
01-01 22:35:23.731  2454  7477 I AppsFilter: interaction: PackageSetting{d92d463 com.psyhackers.ashera/10762} -> PackageSetting{a10046b com.google.earth/10435} BLOCKED
01-01 22:35:23.731  2454  7477 I AppsFilter: interaction: PackageSetting{d92d463 com.psyhackers.ashera/10762} -> PackageSetting{fecabc8 com.taurusinnovative.astronobel/10400} BLOCKED
01-01 22:35:23.731  2454  7477 I AppsFilter: interaction: PackageSetting{d92d463 com.psyhackers.ashera/10762} -> PackageSetting{8cc4461 com.google.android.inputmethod.latin/10150} BLOCKED
01-01 22:35:23.731  2454  7477 I AppsFilter: interaction: PackageSetting{d92d463 com.psyhackers.ashera/10762} -> PackageSetting{fd4db86 com.falcon.p.fun.playergames.redblue/10653} BLOCKED
01-01 22:35:23.731  2454  7477 I AppsFilter: interaction: PackageSetting{d92d463 com.psyhackers.ashera/10762} -> PackageSetting{8287c47 com.google.android.apps.restore/10089} BLOCKED
01-01 22:35:23.731  6671  7304 V WindowManagerShell: Transition animation finished (aborted=false), notifying core (#14)android.os.BinderProxy@9682091@0
01-01 22:35:23.735  2454  6691 D CompatibilityChangeReporter: Compat change id reported: 135634846; UID 99006; state: DISABLED
01-01 22:35:23.735  2454  6691 D CompatibilityChangeReporter: Compat change id reported: 177438394; UID 99006; state: DISABLED
01-01 22:35:23.735  2454  6691 D CompatibilityChangeReporter: Compat change id reported: 135772972; UID 99006; state: DISABLED
01-01 22:35:23.736  2454  6691 D CompatibilityChangeReporter: Compat change id reported: 135754954; UID 99006; state: ENABLED
01-01 22:35:23.737  2454  7477 I OplusAppSwitchManagerService:  handleAppVisible , r = ActivityRecord{b8bd941 u0 com.psyhackers.ashera/.MainActivity t4424}
01-01 22:35:23.737  2454  3657 V WindowManager: Finish Transition #14: created at 01-01 22:35:23.047 collect-started=0.065ms request-sent=9.817ms started=11.405ms ready=58.371ms sent=61.454ms finished=688.717ms
01-01 22:35:23.738  2454  3683 D CompatibilityChangeReporter: Compat change id reported: 143937733; UID 10762; state: ENABLED
01-01 22:35:23.738  2454  7477 D OplusTransitionController: finishTransition, transition: TransitionRecord{be2a83b id=14 type=OPEN flags=0x0}
01-01 22:35:23.738  2454  7477 D OplusTransitionAnimationManager: commitVisibilityWhenFinishTransition type=1, ar.isVisibleRequested=true, ar.isVisible=true, ar.isVisibleRequested=true, ar=ActivityRecord{b8bd941 u0 com.psyhackers.ashera/.MainActivity t4424} ar type 1 ar state :RESUMED displayid :0, participants={WallpaperWindowToken{6770023 token=android.os.Binder@84752c6}, ActivityRecord{b8bd941 u0 com.psyhackers.ashera/.MainActivity t4424}, ActivityRecord{dfc4ad4 u0 com.android.launcher/.Launcher t5}, Task{e0b4c27 #4424 type=standard A=10762:com.psyhackers.ashera}}
01-01 22:35:23.738  2454  7477 D OplusTransitionAnimationManager: commitVisibilityWhenFinishTransition type=1, ar.isVisibleRequested=false, ar.isVisible=false, ar.isVisibleRequested=false, ar=ActivityRecord{dfc4ad4 u0 com.android.launcher/.Launcher t5} ar type 2 ar state :PAUSED displayid :0, participants={WallpaperWindowToken{6770023 token=android.os.Binder@84752c6}, ActivityRecord{b8bd941 u0 com.psyhackers.ashera/.MainActivity t4424}, ActivityRecord{dfc4ad4 u0 com.android.launcher/.Launcher t5}, Task{e0b4c27 #4424 type=standard A=10762:com.psyhackers.ashera}}
01-01 22:35:23.738  2454  7477 D RefreshRate: transition is finished, try to finish setting pending high temperature status.
01-01 22:35:23.738  2454  7477 D RefreshRate: setHighTemperatureStatusWithoutUpdate: status = 0, rate = 0
01-01 22:35:23.738  2454  7477 D RefreshRate: ***** request traversal for refresh rate change : mChangeInAnimation = false, highTempRefreshRateChanged = true *****
01-01 22:35:23.738  2454  7477 D TransitionController: NFW_send RECOMPUTE_FOCUS in finishTransition
01-01 22:35:23.738  6671  7304 D ShellTaskOrganizer: onTransitionFinish, isRecent:false
01-01 22:35:23.738  6671  7304 V WindowManagerShell: Track 0 became idle
01-01 22:35:23.738  6671  7304 V WindowManagerShell: All active transition animations finished
01-01 22:35:23.740  2454  3661 I WindowStateExtImpl: onSurfaceShowChange show = false mPackageName = com.android.launcher parentPkgName = com.android.launcher
01-01 22:35:23.741  2454  3661 D OplusSplitScreenManagerService: com.android.launcher supportsSplitScreen by forceResizable activity return:true
01-01 22:35:23.741  2454  3661 D OplusSplitScreenManagerService: com.android.launcher supportsSplitScreen by forceResizable activity return:false
01-01 22:35:23.741  2454  3661 I TaskOrganizerController: onTaskInfoChanged taskid 1 config { mBounds=Rect(0, 0 - 1080, 2400) mAppBounds=Rect(0, 103 - 1080, 2268) mMaxBounds=Rect(0, 0 - 1080, 2400) mDisplayRotation=ROTATION_0 mWindowingMode=fullscreen mDisplayWindowingMode=fullscreen mActivityType=home mAlwaysOnTop=undefined mRotation=ROTATION_0}
01-01 22:35:23.741  2454  3661 D FlexibleWindowManager: onFlexibleWindowTaskInfoChanged: mTaskId = 1 oldIsTaskEmbedded = false   curIsTaskEmbedded = false  topActivity = ComponentInfo{com.android.launcher/com.android.launcher.Launcher}
01-01 22:35:23.742  2454  3661 D OplusFlexibleWindowMinimizedManagerHelper: onTaskInfoChanged taskInfo:TaskInfo{userId=0 taskId=1 displayId=0 isRunning=true baseIntent=Intent { act=android.intent.action.MAIN cat=[android.intent.category.HOME] flg=0x10000100 cmp=com.android.launcher/.Launcher mCallingUid=1000 } baseActivity=ComponentInfo{com.android.launcher/com.android.launcher.Launcher} topActivity=ComponentInfo{com.android.launcher/com.android.launcher.Launcher} origActivity=null realActivity=null numActivities=1 lastActiveTime=39758 supportsSplitScreenMultiWindow=false supportsMultiWindow=true supportsPocketStudioMultiWindow=true isInFlexibleEmbedded = false uid = 10200 pid = 7484 resizeMode=2 isResizeable=true minWidth=-1 minHeight=-1 defaultMinSize=220 token=WCT{RemoteToken{6993087 Task{a873058 #1 type=home}}} topActivityType=2 pictureInPictureParams=null shouldDockBigOverlays=false launchIntoPipHostTaskId=-1 lastParentTaskIdBeforePip=-1 displayCutoutSafeInsets=Rect(0, 103 - 0, 0) topActivityInfo=ActivityInfo{bbc8e09 com.android.launcher.Launcher} launchCookies=[] positionInParent=Point(0, 0) parentTaskId=-1 isFocused=false isVisible=false isVisibleRequested=false isSleeping=false topActivityInSizeCompat=false topActivityInOplusCompatMode=false topActivityEligibleForLetterboxEducation= false topActivityLetterboxed= false isFromDoubleTap= false topActivityLetterboxVerticalPosition= -1 topActivityLetterboxHorizontalPosition= -1 topActivityLetterboxWidth=-1 topActivityLetterboxHeight=-1 locusId=LocusId[17_chars] displayAreaFeatureId=1 cameraCompatControlState=hidden locusId= LocusId[17_chars] topActivityLetterboxInsets=Rect(0, 0 - 0, 0)} task:Task{a873058 #1 type=home}
01-01 22:35:23.742  6671  7304 D ShellTaskOrganizer: dispatchTaskEventToClientIfNeed, eventType:2, taskInfo:TaskInfo{userId=0 taskId=1 displayId=0 isRunning=true baseIntent=Intent { act=android.intent.action.MAIN cat=[android.intent.category.HOME] flg=0x10000100 cmp=com.android.launcher/.Launcher mCallingUid=1000 } baseActivity=ComponentInfo{com.android.launcher/com.android.launcher.Launcher} topActivity=ComponentInfo{com.android.launcher/com.android.launcher.Launcher} origActivity=null realActivity=null numActivities=1 lastActiveTime=39758 supportsSplitScreenMultiWindow=false supportsMultiWindow=true supportsPocketStudioMultiWindow=true isInFlexibleEmbedded = false uid = 10200 pid = 7484 resizeMode=2 isResizeable=true minWidth=-1 minHeight=-1 defaultMinSize=220 token=WCT{android.window.IWindowContainerToken$Stub$Proxy@5c0d19} topActivityType=2 pictureInPictureParams=null shouldDockBigOverlays=false launchIntoPipHostTaskId=-1 lastParentTaskIdBeforePip=-1 displayCutoutSafeInsets=Rect(0, 103 - 0, 0) topActivityInfo=ActivityInfo{d8561de com.android.launcher.Launcher} launchCookies=[] positionInParent=Point(0, 0) parentTaskId=-1 isFocused=false isVisible=false isVisibleRequested=false isSleeping=false topActivityInSizeCompat=false topActivityInOplusCompatMode=false topActivityEligibleForLetterboxEducation= false topActivityLetterboxed= false isFromDoubleTap= false topActivityLetterboxVerticalPosition= -1 topActivityLetterboxHorizontalPosition= -1 topActivityLetterboxWidth=-1 topActivityLetterboxHeight=-1 locusId=LocusId[17_chars] displayAreaFeatureId=1 cameraCompatControlState=hidden locusId= LocusId[17_chars] topActivityLetterboxInsets=Rect(0, 0 - 0, 0)}, leash:null
01-01 22:35:23.748  2454  7477 D WindowManagerServiceExtImpl: extractConfigInfoAndRealFlags rotation=0, screenDp=360, win=Window{2e6b031 u0 com.android.launcher/com.android.launcher.Launcher}
01-01 22:35:23.749  2454  7477 V WindowManager: Relayout Window{2e6b031 u0 com.android.launcher/com.android.launcher.Launcher}: viewVisibility=8, oldvis=0, req=1080x2400, vsysui=
01-01 22:35:23.752  2454  4281 D WindowManagerServiceExtImpl: extractConfigInfoAndRealFlags rotation=0, screenDp=360, win=Window{a1f26c6 u0 com.android.launcher/com.android.launcher.Launcher}
01-01 22:35:23.752  2454  4281 V WindowManager: Relayout Window{a1f26c6 u0 com.android.launcher/com.android.launcher.Launcher}: viewVisibility=8, oldvis=0, req=1080x2400, vsysui=LAYOUT_STABLE LAYOUT_HIDE_NAVIGATION LAYOUT_FULLSCREEN
01-01 22:35:23.754  2454  3683 I ActivityManager: Start proc 1225:com.google.android.webview:sandboxed_process0:org.chromium.content.app.SandboxedProcessService0:0/u0i6 for  {com.psyhackers.ashera/org.chromium.content.app.SandboxedProcessService0:0}
01-01 22:35:23.756  7484  7484 D VRI[Launcher]: relayoutWindow result, sizeChanged:false, surfaceControlChanged:true, transformHintChanged:false, mSurfaceSize:Point(1080, 2400), mLastSurfaceSize:Point(1080, 2400), mWidth:1080, mHeight:2400, requestedWidth:1080, requestedHeight:2400, transformHint:0, lastTransformHint:0, installOrientation:0, displayRotation:0, isSurfaceValid:false, attr.flag:-2121203456, useBlast:true, tmpFrames:ClientWindowFrames{frame=[0,0][1080,2400] display=[0,0][1080,2400] parentFrame=[0,0][0,0]}
01-01 22:35:23.777  2454  6691 D ActivityTaskManagerServiceExtImpl: preBindApplication record is null
01-01 22:35:23.782  2454  4317 D OplusSplitScreenManagerService: com.psyhackers.ashera supportsSplitScreen by forceResizable activity return:true
01-01 22:35:23.782  2454  7477 D OplusSplitScreenManagerService: com.psyhackers.ashera supportsSplitScreen by forceResizable activity return:true
01-01 22:35:23.791  2454  7358 D CompatibilityChangeReporter: Compat change id reported: 168419799; UID 10171; state: DISABLED
01-01 22:35:23.792  2454  7358 D CompatibilityChangeReporter: Compat change id reported: 273564678; UID 10171; state: DISABLED
01-01 22:35:23.792  2454  7358 D ActivityTaskManagerServiceExtImpl: preBindApplication record is null
01-01 22:35:23.796  2454  8092 D OplusSplitScreenManagerService: com.psyhackers.ashera supportsSplitScreen by forceResizable activity return:true
01-01 22:35:23.797  2454  4004 D CompatibilityChangeReporter: Compat change id reported: 265195908; UID 10171; state: ENABLED
01-01 22:35:23.798  2454  4317 D OplusSplitScreenManagerService: com.psyhackers.ashera supportsSplitScreen by forceResizable activity return:true
01-01 22:35:23.808  2454  4281 D CompatibilityChangeReporter: Compat change id reported: 170503758; UID 10171; state: ENABLED
01-01 22:35:23.812  1225  1225 D ResourcesManagerExtImpl: applyConfigurationToAppResourcesLocked app.getDisplayId() return callback.displayId:-1
01-01 22:35:23.812  2454  7358 I ActivityManager: Flag disabled. Ignoring finishAttachApplication from uid: 99006. pid: 1225
01-01 22:35:23.904  1217  1217 D ResourcesManagerExtImpl: applyConfigurationToAppResourcesLocked app.getDisplayId() return callback.displayId:-1
01-01 22:35:23.919  2454  6691 I ActivityManager: Flag disabled. Ignoring finishAttachApplication from uid: 10171. pid: 1217
01-01 22:35:23.926  2454  7358 D OplusSplitScreenManagerService: com.psyhackers.ashera supportsSplitScreen by forceResizable activity return:true
01-01 22:35:23.962  2454  7477 D CompatibilityChangeReporter: Compat change id reported: 319212206; UID 10762; state: ENABLED
01-01 22:35:23.969  2454  6691 D OplusSplitScreenManagerService: com.psyhackers.ashera supportsSplitScreen by forceResizable activity return:true
01-01 22:35:24.017  1138  1138 D OplusInputMethodUtil: init sDebug to false, init sDebugIme to false, init sAlwaysOn to false
01-01 22:35:24.017  1138  1138 D OplusInputMethodUtil: updateDebugToClass InputMethodManager.DEBUG = false
01-01 22:35:24.017  1138  1138 D OplusInputMethodUtil: updateDebugToClass ImeFocusController.DEBUG = false
01-01 22:35:24.017  1138  1138 D OplusInputMethodUtil: updateDebugToClass BaseInputConnection.DEBUG = false
01-01 22:35:24.019  2454  7358 I AppsFilter: interaction: PackageSetting{d92d463 com.psyhackers.ashera/10762} -> PackageSetting{9be01b6 com.wondershare.mobilego.connector/10307} BLOCKED
01-01 22:35:24.024  1138  1138 I Quality : InflateViewInfo:451977917,androidx.coordinatorlayout.widget.CoordinatorLayout
01-01 22:35:24.117  2454  4281 D CompatibilityChangeReporter: Compat change id reported: 211757425; UID 10762; state: ENABLED
01-01 22:35:24.123  1138  1138 I Quality : ActivityThread: activityStart delay 639 com.psyhackers.ashera 1138
01-01 22:35:24.128  1138  1138 D ActivityThread: ComponentInfo{com.psyhackers.ashera/com.psyhackers.ashera.MainActivity} checkFinished=false 2
01-01 22:35:24.129  1138  1138 D ResourcesManagerExtImpl: applyConfigurationToAppResourcesLocked app.getDisplayId() return callback.displayId:-1
01-01 22:35:24.164  2454  4281 D VRR [OPlusExternalRefreshRateManager]: isPkgTfcEnable: pkgName = com.psyhackers.ashera, enable = false
01-01 22:35:24.164  2454  4281 D VRR [OPlusExternalRefreshRateManager]: getTfcMinFramerate: pkgName = com.psyhackers.ashera, min framerate = 0
01-01 22:35:24.196  2454  7358 D OplusSplitScreenManagerService: com.psyhackers.ashera supportsSplitScreen by forceResizable activity return:true
01-01 22:35:24.200  2454  6691 I WindowManager: addWindow: New client android.os.BinderProxy@90e54a9 : window=Window{c9bba2e u0 com.psyhackers.ashera/com.psyhackers.ashera.MainActivity}
01-01 22:35:24.215  1138  1138 I Quality : ActivityThread: activityLifecycle delay 730 com.psyhackers.ashera 1138
01-01 22:35:24.243  1138  1138 D ResourcesManagerExtImpl: applyConfigurationToAppResourcesLocked app.getDisplayId() return callback.displayId:-1
01-01 22:35:24.245  1138  1138 I Quality : Skipped: false 7 cost 116.28229 refreshRate 16540809 bit true processName com.psyhackers.ashera
01-01 22:35:24.256  2454  4281 D CoreBackPreview: Window{c9bba2e u0 com.psyhackers.ashera/com.psyhackers.ashera.MainActivity}: Setting back callback OnBackInvokedCallbackInfo{mCallback=android.window.IOnBackInvokedCallback$Stub$Proxy@af5a91d, mPriority=0, mIsAnimationCallback=false}
01-01 22:35:24.256  2454  6691 D WindowManagerServiceExtImpl: extractConfigInfoAndRealFlags rotation=0, screenDp=360, win=Window{c9bba2e u0 com.psyhackers.ashera/com.psyhackers.ashera.MainActivity}
01-01 22:35:24.256  2454  6691 V WindowManager: Relayout Window{c9bba2e u0 com.psyhackers.ashera/com.psyhackers.ashera.MainActivity}: viewVisibility=0, oldvis=4, req=1080x2400, vsysui=
01-01 22:35:24.256  2454  6691 I WindowManager: Window{c9bba2e u0 com.psyhackers.ashera/com.psyhackers.ashera.MainActivity} state from NO_SURFACE to DRAW_PENDING; reason: resetDrawState
01-01 22:35:24.261  2454  6691 D OplusSplitScreenManagerService: com.psyhackers.ashera supportsSplitScreen by forceResizable activity return:true
01-01 22:35:24.261  2454  6691 V WindowManager: Changing focus from null to Window{c9bba2e u0 com.psyhackers.ashera/com.psyhackers.ashera.MainActivity},diplayid=0
01-01 22:35:24.264  2454  4282 D OplusSplitScreenManagerService: com.psyhackers.ashera supportsSplitScreen by forceResizable activity return:true
01-01 22:35:24.264  2454  4282 D OplusSplitScreenManagerService: com.psyhackers.ashera supportsSplitScreen by forceResizable activity return:true
01-01 22:35:24.265  2454  4282 D OplusSplitScreenManagerService: com.android.launcher supportsSplitScreen by forceResizable activity return:true
01-01 22:35:24.265  2454  4282 D OplusSplitScreenManagerService: com.android.launcher supportsSplitScreen by forceResizable activity return:false
01-01 22:35:24.265  2454  4282 D OplusSplitScreenManagerService: com.android.launcher supportsSplitScreen by forceResizable activity return:true
01-01 22:35:24.265  2454  4282 D OplusSplitScreenManagerService: com.android.launcher supportsSplitScreen by forceResizable activity return:false
01-01 22:35:24.267  1138  1138 D VRI[MainActivity]: relayoutWindow result, sizeChanged:true, surfaceControlChanged:true, transformHintChanged:true, mSurfaceSize:Point(1080, 2400), mLastSurfaceSize:Point(0, 0), mWidth:-1, mHeight:-1, requestedWidth:1080, requestedHeight:2400, transformHint:0, lastTransformHint:-2147483648, installOrientation:0, displayRotation:0, isSurfaceValid:true, attr.flag:-2122252032, useBlast:true, tmpFrames:ClientWindowFrames{frame=[0,0][1080,2400] display=[0,0][1080,2400] parentFrame=[0,0][0,0]}
01-01 22:35:24.267  1138  1138 W VRI[MainActivity]: updateBlastSurfaceIfNeeded, surfaceSize:Point(1080, 2400), lastSurfaceSize:Point(0, 0), format:-1, blastBufferQueue:null
01-01 22:35:24.320  2454  4281 I WindowManager: Window{c9bba2e u0 com.psyhackers.ashera/com.psyhackers.ashera.MainActivity} state from DRAW_PENDING to COMMIT_DRAW_PENDING; reason: finishDrawingLocked
01-01 22:35:24.320  2454  4281 D OplusTransitionAnimationManager: skipFinishDrawingIfNeed clientRotation=0, currentRotation=0, hasFixedRotationApp=false, requestedOrientation=-1, win=Window{c9bba2e u0 com.psyhackers.ashera/com.psyhackers.ashera.MainActivity}, activity=ActivityRecord{b8bd941 u0 com.psyhackers.ashera/.MainActivity t4424}, currentConfig={1.0 ??mcc??mnc [en_US,es_MX] ldltr sw360dp w360dp h722dp 480dpi nrml long hdr widecg port night finger -keyb/h/h -nav/h winConfig={ mBounds=Rect(0, 0 - 1080, 2400) mAppBounds=Rect(0, 103 - 1080, 2268) mMaxBounds=Rect(0, 0 - 1080, 2400) mDisplayRotation=ROTATION_0 mWindowingMode=fullscreen mDisplayWindowingMode=fullscreen mActivityType=standard mAlwaysOnTop=undefined mRotation=ROTATION_0} s.1 fontWeightAdjustment=0mThemeChanged= 0, mThemeChangedFlags= 0, mFlipFont= 0, mScenario= -1, mAccessibleChanged= -1, mUxIconConfig= 3468921665165984033, mMaterialColor= 0, mUserId= 0, mFontUserId= 0, mFontVariationSettings= 3226, mFoldingAngle = -1.0, mIconPackName= , mDarkModeBackgroundMaxL= 8.0, mDarkModeDialogBgMaxL= 27.0, mDarkModeForegroundMinL= 100.0, mOplusConfigType= 1, mOplusChangedConfigs= 0, OpSans= -1, mBurmeseFontFlag= 2, mFlag= 0, mFlexibleActivitySuitable= -1, mPuttDisplayFlag= -1}
01-01 22:35:24.323  2454  3661 I WindowManager: Window{c9bba2e u0 com.psyhackers.ashera/com.psyhackers.ashera.MainActivity} state from COMMIT_DRAW_PENDING to READY_TO_SHOW; reason: commitFinishDrawingLocked
01-01 22:35:24.323  2454  3661 D ActivityTaskManager: Finish StartingWindow: ActivityRecord{b8bd941 u0 com.psyhackers.ashera/.MainActivity t4424}first real window is shown
01-01 22:35:24.326  2454  3661 D ActivityTaskManager: removeStartingWindowAnimation starting ActivityRecord{b8bd941 u0 com.psyhackers.ashera/.MainActivity t4424} startingWindow=null ,startingView=com.android.server.wm.StartingSurfaceController$StartingSurface@1aecc24,Callers=com.android.server.wm.ActivityRecord.removeStartingWindow:3193 com.android.server.wm.ActivityRecord.onFirstWindowDrawn:7958 com.android.server.wm.WindowState.performShowLocked:4878 com.android.server.wm.WindowStateAnimator.commitFinishDrawingLocked:321 com.android.server.wm.DisplayContent.lambda$new$8:1192 
01-01 22:35:24.326  2454  3661 D OplusStartingWindowManager: interceptRemoveStartingWindow: packageName=com.psyhackers.ashera, componentName=com.psyhackers.ashera/.MainActivity, isSnapshot=false, startingSurfaceRunnable=null,isDrawCompleted=false, hasSurfaceView=false, inTransition=false
01-01 22:35:24.326  2454  3661 D OplusSplitScreenManagerService: notifyRemoveStartingWindow mOplusSpiltScreenDnDUI is null, just return!
01-01 22:35:24.327  1138  1138 I Quality : Skipped: false 4 cost 70.4228 refreshRate 16546445 bit true processName com.psyhackers.ashera
01-01 22:35:24.328  2454  3661 I WindowManager: Window{c9bba2e u0 com.psyhackers.ashera/com.psyhackers.ashera.MainActivity} state from READY_TO_SHOW to HAS_DRAWN; reason: performShowLocked
01-01 22:35:24.331  1138  1138 W VRI[MainActivity]: handleResized, msg:5, frameChanged:false, configChanged:false, displayChanged:false, attachedFrameChanged:false, compatScaleChanged:false, pendingDragResizing=false
01-01 22:35:24.336  7732  9211 I iopgp   : Iopgp: TRANSACTION_IOPGP_ON_ACTIVITY_LAUNCH_FINISHED sequence_id = 0 timestamp_nanos = 1482749065682
01-01 22:35:24.338  2454  3657 I Quality : LaunchTime2.0: com.psyhackers.ashera/.MainActivity 1 1280 com.android.launcher 62 140 130455 34 259489792 0 0
01-01 22:35:24.344  2454  3661 D ActivityTaskManager: Clearing startingData for token=null
01-01 22:35:24.344  2454  3661 D ActivityTaskManager: onStartingWindowDrawn: wasTaskVisible=true, mStartingData=null, finishing=false,mLaunchedFromBubble=false, mVisibleRequested=true, mDisplayContent=Display{#0 state=ON size=1080x2400 ROTATION_0}, isZoomMode=false
01-01 22:35:24.346  2454  7358 D OplusTransitionAnimationManager: skipFinishDrawingIfNeed clientRotation=0, currentRotation=0, hasFixedRotationApp=false, requestedOrientation=-1, win=Window{c9bba2e u0 com.psyhackers.ashera/com.psyhackers.ashera.MainActivity}, activity=ActivityRecord{b8bd941 u0 com.psyhackers.ashera/.MainActivity t4424}, currentConfig={1.0 ??mcc??mnc [en_US,es_MX] ldltr sw360dp w360dp h722dp 480dpi nrml long hdr widecg port night finger -keyb/h/h -nav/h winConfig={ mBounds=Rect(0, 0 - 1080, 2400) mAppBounds=Rect(0, 103 - 1080, 2268) mMaxBounds=Rect(0, 0 - 1080, 2400) mDisplayRotation=ROTATION_0 mWindowingMode=fullscreen mDisplayWindowingMode=fullscreen mActivityType=standard mAlwaysOnTop=undefined mRotation=ROTATION_0} s.1 fontWeightAdjustment=0mThemeChanged= 0, mThemeChangedFlags= 0, mFlipFont= 0, mScenario= -1, mAccessibleChanged= -1, mUxIconConfig= 3468921665165984033, mMaterialColor= 0, mUserId= 0, mFontUserId= 0, mFontVariationSettings= 3226, mFoldingAngle = -1.0, mIconPackName= , mDarkModeBackgroundMaxL= 8.0, mDarkModeDialogBgMaxL= 27.0, mDarkModeForegroundMinL= 100.0, mOplusConfigType= 1, mOplusChangedConfigs= 0, OpSans= -1, mBurmeseFontFlag= 2, mFlag= 0, mFlexibleActivitySuitable= -1, mPuttDisplayFlag= -1}
01-01 22:35:24.353  2454  7358 D CompatibilityChangeReporter: Compat change id reported: 214016041; UID 10762; state: ENABLED
01-01 22:35:24.353  2454  7358 D InputMethodManagerService: isSecurity: attribute.packageName = com.psyhackers.ashera mCurMethodId = com.touchtype.swiftkey/com.touchtype.KeyboardService isSecurity = false ( enable = false needShow = false inBlackList = false isExist = true )
01-01 22:35:24.364  2454  6691 W ActivityManager: Unable to start service Intent { act=com.google.android.gms.ads.identifier.service.START pkg=com.google.android.gms mCallingUid=10104 } U=0: not found
01-01 22:35:24.408  2454  4350 I WindowManager: Window{2e6b031 u0 com.android.launcher/com.android.launcher.Launcher} state from HAS_DRAWN to NO_SURFACE; reason: destroySurface
01-01 22:35:24.409  2454  4350 I WindowManager: Window{a1f26c6 u0 com.android.launcher/com.android.launcher.Launcher} state from HAS_DRAWN to NO_SURFACE; reason: destroySurface
01-01 22:35:24.409  2454  4350 D ActivityTaskManager: Clearing startingData for token=null
01-01 22:35:24.410  2454  4317 D OplusSplitScreenManagerService: com.psyhackers.ashera supportsSplitScreen by forceResizable activity return:true
01-01 22:35:24.707  2454  8158 D WindowManagerServiceExtImpl: extractConfigInfoAndRealFlags rotation=0, screenDp=360, win=Window{d498d17 u0 Splash Screen com.psyhackers.ashera}
01-01 22:35:24.707  2454  8158 V WindowManager: Relayout Window{d498d17 u0 Splash Screen com.psyhackers.ashera}: viewVisibility=8, oldvis=0, req=1080x2400, vsysui=
01-01 22:35:24.710  2454  8158 I SurfaceAnimationRunner: startAnimation requiresEdgeExtension=false, animationLeash=Surface(name=Surface(name=d498d17 Splash Screen com.psyhackers.ashera)/@0x83dc1fa - animation-leash of window_animation)/@0x4c1f3ab, runningAnim=com.android.server.wm.SurfaceAnimationRunner$RunningAnimation@150a08, mPreProcessingAnimations={}
01-01 22:35:24.713  2454  8091 D CoreBackPreview: Window{d498d17 u0 Splash Screen com.psyhackers.ashera EXITING}: Setting back callback null
01-01 22:35:24.721  2454  3662 D SurfaceAnimationRunner: onAnimationStart:Surface(name=Surface(name=d498d17 Splash Screen com.psyhackers.ashera)/@0x83dc1fa - animation-leash of window_animation)/@0x4c1f3ab
01-01 22:35:24.887  2454  3661 I WindowStateExtImpl: onSurfaceShowChange show = false mPackageName = com.psyhackers.ashera parentPkgName = com.psyhackers.ashera
01-01 22:35:24.887  2454  3661 I WindowManager: Window{d498d17 u0 Splash Screen com.psyhackers.ashera EXITING} state from HAS_DRAWN to NO_SURFACE; reason: destroySurface
01-01 22:35:24.890  2454  3662 D SurfaceAnimationRunner: onAnimationEnd:Surface(name=Surface(name=d498d17 Splash Screen com.psyhackers.ashera)/@0x83dc1fa - animation-leash of window_animation)/@0x4c1f3ab
01-01 22:35:25.119  2454  7274 I OplusSplitScreenManagerService: CSWMS: binderDied, mObserverId = 241214037
01-01 22:35:25.123  2454 11062 I ActivityManager: Process com.coloros.assistantscreen (pid 5112) has died: cch+65 CEM 
01-01 22:35:25.127  2454  3658 D DisplayManagerService: Drop pending events for gone uid 10354
01-01 22:35:25.128  2454  6690 E OAPM    : activity preload is not enabled
01-01 22:35:25.131  2454  4317 D OplusSplitScreenManagerService: com.psyhackers.ashera supportsSplitScreen by forceResizable activity return:true
01-01 22:35:25.132  2454  7296 I ActivityManager: Process org.telegram.messenger (pid 3092) has died: cch+85 CEM 
01-01 22:35:25.145  2454  3658 D DisplayManagerService: Drop pending events for gone uid 10314
01-01 22:35:25.145  2454  6690 E OAPM    : activity preload is not enabled
01-01 22:35:25.146  2454  4317 D OplusSplitScreenManagerService: com.psyhackers.ashera supportsSplitScreen by forceResizable activity return:true
01-01 22:35:25.150  2454 11062 I ActivityManager: Process com.android.keychain (pid 9436) has died: cch+85 CEM 
01-01 22:35:25.153  2454  9713 I ActivityManager: Process com.google.android.contacts (pid 9527) has died: cch+75 CEM 
01-01 22:35:25.158  2454  3658 D DisplayManagerService: Drop pending events for gone uid 10140
01-01 22:35:25.159  2454  4317 D OplusSplitScreenManagerService: com.psyhackers.ashera supportsSplitScreen by forceResizable activity return:true
01-01 22:35:25.159  2454  6690 E OAPM    : activity preload is not enabled
01-01 22:35:25.161  2454  9713 W ActivityManager: Process 9424 does not match uid 1000 ignore setting hits oom adj
01-01 22:35:25.163  2454  7289 I ActivityManager: Process com.oplus.safecenter (pid 9424) has died: cch+75 CEM 
01-01 22:35:25.168  2454  7289 W ActivityManager: Process 27463 does not match uid 10106 ignore setting hits oom adj
01-01 22:35:25.169  2454  7296 I ActivityManager: Process com.android.vending:instant_app_installer (pid 27463) has died: cch+75 CEM 
01-01 22:35:25.178  2454  7296 W ActivityManager: Process 1568 does not match uid 10808 ignore setting hits oom adj
01-01 22:35:25.179  2454 11062 I ActivityManager: Process com.instander.android:mqtt (pid 1568) has died: cch+75 CEM 
01-01 22:35:25.383  1138  1138 I Quality : Skipped: true 1 cost 18.084112 refreshRate 16540670 bit true processName com.psyhackers.ashera
01-01 22:35:25.640  2454  3717 I OplusSmartBrightnessController: deltaLux = 0.5345225, scale = 1.0
01-01 22:35:25.640  2454  3719 D OplusSmartBrightnessController: handleMessage MSG_LUX_CHANGED, mLux:0.0 luxQueue=[0.0, 0.0, 0.0, 0.0, 0.0, 0.0, 0.0, 0.0, 0.0, 0.0, 0.0, 0.0, 0.0, 0.0]
01-01 22:35:25.640  2454  3719 D OplusSmartBrightnessController: in darkest, historyStandardDiviation = 0.2519763, list = [0.0,0.5345225,0.0,], set interim lux from 0.0->1.0
01-01 22:35:26.255  2454  4290 D OplusSplitScreenManagerService: com.psyhackers.ashera supportsSplitScreen by forceResizable activity return:true
01-01 22:35:26.259  2454  4290 D OplusSplitScreenManagerService: com.psyhackers.ashera supportsSplitScreen by forceResizable activity return:true
01-01 22:35:26.342  2454  4158 D PowerManagerService: userActivityNoUpdateLocked: groupId=0, eventTime=1484760, event=touch, flags=0x0, uid=1000
01-01 22:35:26.498  2454  4158 D PowerManagerService: userActivityNoUpdateLocked: groupId=0, eventTime=1484917, event=touch, flags=0x0, uid=1000
01-01 22:35:26.499  1138  1138 D OplusInputMethodManagerInternal: get inputMethodManager extension: com.android.internal.view.IInputMethodManager$Stub$Proxy@a2be09
01-01 22:35:26.551  1138  1138 E OplusCustomizeRestrictionManager: sInstance is null, start a new sInstance
01-01 22:35:26.592  2454  8086 D OplusSplitScreenManagerService: com.psyhackers.ashera supportsSplitScreen by forceResizable activity return:true
01-01 22:35:26.592  2454  8086 V WindowManager: Changing focus from Window{c9bba2e u0 com.psyhackers.ashera/com.psyhackers.ashera.MainActivity} to Window{c582080 u0 com.psyhackers.ashera/com.psyhackers.ashera.MainActivity},diplayid=0
01-01 22:35:26.594  2454  8086 I WindowManager: addWindow: New client android.os.BinderProxy@d91f903 : window=Window{c582080 u0 com.psyhackers.ashera/com.psyhackers.ashera.MainActivity}
01-01 22:35:26.594  2454  4282 D OplusSplitScreenManagerService: com.psyhackers.ashera supportsSplitScreen by forceResizable activity return:true
01-01 22:35:26.595  2454  4282 D OplusSplitScreenManagerService: com.android.launcher supportsSplitScreen by forceResizable activity return:true
01-01 22:35:26.595  2454  4282 D OplusSplitScreenManagerService: com.android.launcher supportsSplitScreen by forceResizable activity return:false
01-01 22:35:26.595  2454  4282 D OplusSplitScreenManagerService: com.android.launcher supportsSplitScreen by forceResizable activity return:true
01-01 22:35:26.595  2454  4282 D OplusSplitScreenManagerService: com.android.launcher supportsSplitScreen by forceResizable activity return:false
01-01 22:35:26.598  1138  1138 I Quality : Skipped: false 3 cost 58.526653 refreshRate 16541518 bit true processName com.psyhackers.ashera
01-01 22:35:26.603  2454  8092 D CoreBackPreview: Window{c582080 u0 com.psyhackers.ashera/com.psyhackers.ashera.MainActivity}: Setting back callback OnBackInvokedCallbackInfo{mCallback=android.window.IOnBackInvokedCallback$Stub$Proxy@7b1225f, mPriority=0, mIsAnimationCallback=false}
01-01 22:35:26.608  2454  8086 V WindowManager: Relayout Window{c582080 u0 com.psyhackers.ashera/com.psyhackers.ashera.MainActivity}: viewVisibility=0, oldvis=0, req=1026x426, vsysui=
01-01 22:35:26.608  2454  8086 I WindowManager: Window{c582080 u0 com.psyhackers.ashera/com.psyhackers.ashera.MainActivity} state from NO_SURFACE to DRAW_PENDING; reason: resetDrawState
01-01 22:35:26.642  2454  8092 I WindowManager: Window{c582080 u0 com.psyhackers.ashera/com.psyhackers.ashera.MainActivity} state from DRAW_PENDING to COMMIT_DRAW_PENDING; reason: finishDrawingLocked
01-01 22:35:26.643  2454  3661 I WindowManager: Window{c582080 u0 com.psyhackers.ashera/com.psyhackers.ashera.MainActivity} state from COMMIT_DRAW_PENDING to READY_TO_SHOW; reason: commitFinishDrawingLocked
01-01 22:35:26.643  2454  3661 D ActivityTaskManager: Clearing startingData for token=null
01-01 22:35:26.646  2454  3661 I SurfaceAnimationRunner: startAnimation requiresEdgeExtension=false, animationLeash=Surface(name=Surface(name=c582080 com.psyhackers.ashera/com.psyhackers.ashera.MainActivity)/@0xca8be2d - animation-leash of window_animation)/@0x198df62, runningAnim=com.android.server.wm.SurfaceAnimationRunner$RunningAnimation@9f328f3, mPreProcessingAnimations={}
01-01 22:35:26.646  2454  3661 I WindowManager: Window{c582080 u0 com.psyhackers.ashera/com.psyhackers.ashera.MainActivity} state from READY_TO_SHOW to HAS_DRAWN; reason: performShowLocked
01-01 22:35:26.652  1138  1138 I Quality : Skipped: false 2 cost 46.40473 refreshRate 16541390 bit true processName com.psyhackers.ashera
01-01 22:35:26.653  2454  3661 I SurfaceAnimationRunner: startAnimation requiresEdgeExtension=false, animationLeash=Surface(name=Surface(name=Dim Layer for - Task=4424)/@0x1f4a9b0 - animation-leash of dimmer)/@0xf001029, runningAnim=com.android.server.wm.SurfaceAnimationRunner$RunningAnimation@a98fae, mPreProcessingAnimations={}
01-01 22:35:26.656  2454  3662 D SurfaceAnimationRunner: onAnimationStart:Surface(name=Surface(name=Dim Layer for - Task=4424)/@0x1f4a9b0 - animation-leash of dimmer)/@0xf001029
01-01 22:35:26.657  2454  3662 D SurfaceAnimationRunner: onAnimationStart:Surface(name=Surface(name=c582080 com.psyhackers.ashera/com.psyhackers.ashera.MainActivity)/@0xca8be2d - animation-leash of window_animation)/@0x198df62
01-01 22:35:26.657  2454  3661 D ActivityTaskManager: Clearing startingData for token=null
01-01 22:35:26.657  2454  3661 D ActivityTaskManager: Clearing startingData for token=null
01-01 22:35:26.889  2454  3662 D SurfaceAnimationRunner: onAnimationEnd:Surface(name=Surface(name=Dim Layer for - Task=4424)/@0x1f4a9b0 - animation-leash of dimmer)/@0xf001029
01-01 22:35:26.890  2454  3662 D SurfaceAnimationRunner: onAnimationEnd:Surface(name=Surface(name=c582080 com.psyhackers.ashera/com.psyhackers.ashera.MainActivity)/@0xca8be2d - animation-leash of window_animation)/@0x198df62
01-01 22:35:27.862  2454  4158 D PowerManagerService: userActivityNoUpdateLocked: groupId=0, eventTime=1486281, event=touch, flags=0x0, uid=1000
01-01 22:35:27.970  2454  8086 D CoreBackPreview: Window{c582080 u0 com.psyhackers.ashera/com.psyhackers.ashera.MainActivity}: Setting back callback null
01-01 22:35:27.979  2454  7754 I SurfaceAnimationRunner: startAnimation requiresEdgeExtension=false, animationLeash=Surface(name=Surface(name=c582080 com.psyhackers.ashera/com.psyhackers.ashera.MainActivity)/@0xca8be2d - animation-leash of window_animation)/@0xe55d5b, runningAnim=com.android.server.wm.SurfaceAnimationRunner$RunningAnimation@37ca9f8, mPreProcessingAnimations={}
01-01 22:35:27.980  2454  7754 D OplusSplitScreenManagerService: com.psyhackers.ashera supportsSplitScreen by forceResizable activity return:true
01-01 22:35:27.980  2454  7754 V WindowManager: Changing focus from Window{c582080 u0 com.psyhackers.ashera/com.psyhackers.ashera.MainActivity EXITING} to Window{c9bba2e u0 com.psyhackers.ashera/com.psyhackers.ashera.MainActivity},diplayid=0
01-01 22:35:27.985  2454  7754 I SurfaceAnimationRunner: startAnimation requiresEdgeExtension=false, animationLeash=Surface(name=Surface(name=Dim Layer for - Task=4424)/@0x1f4a9b0 - animation-leash of dimmer)/@0x5ae1ed1, runningAnim=com.android.server.wm.SurfaceAnimationRunner$RunningAnimation@f2cfd36, mPreProcessingAnimations={}
01-01 22:35:27.986  2454  4282 D OplusSplitScreenManagerService: com.psyhackers.ashera supportsSplitScreen by forceResizable activity return:true
01-01 22:35:27.989  2454  3719 D OplusSmartBrightnessController: handleMessage MSG_LUX_CHANGED, mLux:0.2773501 luxQueue=[1.0, 0.0, 0.0, 0.0, 0.0, 0.0, 0.0, 0.0, 0.0, 0.0, 0.0, 0.0, 0.0]
01-01 22:35:27.989  2454  4282 D OplusSplitScreenManagerService: com.android.launcher supportsSplitScreen by forceResizable activity return:true
01-01 22:35:27.989  2454  4282 D OplusSplitScreenManagerService: com.android.launcher supportsSplitScreen by forceResizable activity return:false
01-01 22:35:27.989  2454  3719 D OplusSmartBrightnessController: in darkest, historyStandardDiviation = 0.2182697, list = [0.5345225,0.0,0.2773501,], set interim lux from 0.2773501->1.0
01-01 22:35:27.989  2454  4282 D OplusSplitScreenManagerService: com.android.launcher supportsSplitScreen by forceResizable activity return:true
01-01 22:35:27.989  2454  4282 D OplusSplitScreenManagerService: com.android.launcher supportsSplitScreen by forceResizable activity return:false
01-01 22:35:27.989  2454  3660 V WindowManager: Unknown focus tokens, dropping reportFocusChanged
01-01 22:35:27.997  2454  3662 D SurfaceAnimationRunner: onAnimationStart:Surface(name=Surface(name=Dim Layer for - Task=4424)/@0x1f4a9b0 - animation-leash of dimmer)/@0x5ae1ed1
01-01 22:35:27.997  2454  3662 D SurfaceAnimationRunner: onAnimationStart:Surface(name=Surface(name=c582080 com.psyhackers.ashera/com.psyhackers.ashera.MainActivity)/@0xca8be2d - animation-leash of window_animation)/@0xe55d5b
01-01 22:35:28.022  2454  8086 D OplusSplitScreenManagerService: com.psyhackers.ashera supportsSplitScreen by forceResizable activity return:true
01-01 22:35:28.022  2454  8086 V WindowManager: Changing focus from Window{c9bba2e u0 com.psyhackers.ashera/com.psyhackers.ashera.MainActivity} to Window{3901cd3 u0 com.psyhackers.ashera/com.psyhackers.ashera.MainActivity},diplayid=0
01-01 22:35:28.024  2454  8086 I WindowManager: addWindow: New client android.os.BinderProxy@d43b6c2 : window=Window{3901cd3 u0 com.psyhackers.ashera/com.psyhackers.ashera.MainActivity}
01-01 22:35:28.024  2454  4282 D OplusSplitScreenManagerService: com.psyhackers.ashera supportsSplitScreen by forceResizable activity return:true
01-01 22:35:28.025  2454  4282 D OplusSplitScreenManagerService: com.android.launcher supportsSplitScreen by forceResizable activity return:true
01-01 22:35:28.025  2454  4282 D OplusSplitScreenManagerService: com.android.launcher supportsSplitScreen by forceResizable activity return:false
01-01 22:35:28.025  2454  4282 D OplusSplitScreenManagerService: com.android.launcher supportsSplitScreen by forceResizable activity return:true
01-01 22:35:28.025  2454  4282 D OplusSplitScreenManagerService: com.android.launcher supportsSplitScreen by forceResizable activity return:false
01-01 22:35:28.029  1138  1138 I Quality : Skipped: false 2 cost 33.500324 refreshRate 16540299 bit true processName com.psyhackers.ashera
01-01 22:35:28.037  2454  7754 D CoreBackPreview: Window{3901cd3 u0 com.psyhackers.ashera/com.psyhackers.ashera.MainActivity}: Setting back callback OnBackInvokedCallbackInfo{mCallback=android.window.IOnBackInvokedCallback$Stub$Proxy@2855c1a, mPriority=0, mIsAnimationCallback=false}
01-01 22:35:28.040  2454  7754 V WindowManager: Relayout Window{3901cd3 u0 com.psyhackers.ashera/com.psyhackers.ashera.MainActivity}: viewVisibility=0, oldvis=0, req=1026x426, vsysui=
01-01 22:35:28.040  2454  7754 I WindowManager: Window{3901cd3 u0 com.psyhackers.ashera/com.psyhackers.ashera.MainActivity} state from NO_SURFACE to DRAW_PENDING; reason: resetDrawState
01-01 22:35:28.056  2454  8086 I WindowManager: Window{3901cd3 u0 com.psyhackers.ashera/com.psyhackers.ashera.MainActivity} state from DRAW_PENDING to COMMIT_DRAW_PENDING; reason: finishDrawingLocked
01-01 22:35:28.058  2454  3661 I WindowManager: Window{3901cd3 u0 com.psyhackers.ashera/com.psyhackers.ashera.MainActivity} state from COMMIT_DRAW_PENDING to READY_TO_SHOW; reason: commitFinishDrawingLocked
01-01 22:35:28.058  2454  3661 D ActivityTaskManager: Clearing startingData for token=null
01-01 22:35:28.061  2454  3661 I SurfaceAnimationRunner: startAnimation requiresEdgeExtension=false, animationLeash=Surface(name=Surface(name=3901cd3 com.psyhackers.ashera/com.psyhackers.ashera.MainActivity)/@0xaf4534b - animation-leash of window_animation)/@0x26a8128, runningAnim=com.android.server.wm.SurfaceAnimationRunner$RunningAnimation@7a35e41, mPreProcessingAnimations={}
01-01 22:35:28.061  2454  3661 I WindowManager: Window{3901cd3 u0 com.psyhackers.ashera/com.psyhackers.ashera.MainActivity} state from READY_TO_SHOW to HAS_DRAWN; reason: performShowLocked
01-01 22:35:28.063  2454  3662 D SurfaceAnimationRunner: onAnimationStart:Surface(name=Surface(name=3901cd3 com.psyhackers.ashera/com.psyhackers.ashera.MainActivity)/@0xaf4534b - animation-leash of window_animation)/@0x26a8128
01-01 22:35:28.064  2454  3661 I SurfaceAnimationRunner: startAnimation requiresEdgeExtension=false, animationLeash=Surface(name=Surface(name=Dim Layer for - Task=4424)/@0x3b2d927 - animation-leash of dimmer)/@0xc7a87d4, runningAnim=com.android.server.wm.SurfaceAnimationRunner$RunningAnimation@7869d7d, mPreProcessingAnimations={}
01-01 22:35:28.072  2454  3661 D ActivityTaskManager: Clearing startingData for token=null
01-01 22:35:28.072  2454  3661 D ActivityTaskManager: Clearing startingData for token=null
01-01 22:35:28.072  2454  3661 D ActivityTaskManager: Clearing startingData for token=null
01-01 22:35:28.078  2454  7754 D InputMethodManagerService: isSecurity: attribute.packageName = com.psyhackers.ashera mCurMethodId = com.touchtype.swiftkey/com.touchtype.KeyboardService isSecurity = false ( enable = false needShow = false inBlackList = false isExist = true )
01-01 22:35:28.080  2454  3662 D SurfaceAnimationRunner: onAnimationStart:Surface(name=Surface(name=Dim Layer for - Task=4424)/@0x3b2d927 - animation-leash of dimmer)/@0xc7a87d4
01-01 22:35:28.081  1138  1138 I Quality : Skipped: false 2 cost 36.14455 refreshRate 16543004 bit true processName com.psyhackers.ashera
01-01 22:35:28.162  2454  3662 D SurfaceAnimationRunner: onAnimationEnd:Surface(name=Surface(name=Dim Layer for - Task=4424)/@0x1f4a9b0 - animation-leash of dimmer)/@0x5ae1ed1
01-01 22:35:28.163  2454  3662 D SurfaceAnimationRunner: onAnimationEnd:Surface(name=Surface(name=c582080 com.psyhackers.ashera/com.psyhackers.ashera.MainActivity)/@0xca8be2d - animation-leash of window_animation)/@0xe55d5b
01-01 22:35:28.163  2454  3661 I WindowManager: Window{c582080 u0 com.psyhackers.ashera/com.psyhackers.ashera.MainActivity EXITING} state from HAS_DRAWN to NO_SURFACE; reason: destroySurface
01-01 22:35:28.295  2454  3662 D SurfaceAnimationRunner: onAnimationEnd:Surface(name=Surface(name=3901cd3 com.psyhackers.ashera/com.psyhackers.ashera.MainActivity)/@0xaf4534b - animation-leash of window_animation)/@0x26a8128
01-01 22:35:28.313  2454  3662 D SurfaceAnimationRunner: onAnimationEnd:Surface(name=Surface(name=Dim Layer for - Task=4424)/@0x3b2d927 - animation-leash of dimmer)/@0xc7a87d4
01-01 22:35:28.700  2454  4158 D PowerManagerService: userActivityNoUpdateLocked: groupId=0, eventTime=1487118, event=touch, flags=0x0, uid=1000
01-01 22:35:28.818  2454  8092 D CoreBackPreview: Window{3901cd3 u0 com.psyhackers.ashera/com.psyhackers.ashera.MainActivity}: Setting back callback null
