01-06 10:57:51.007  2321  4069 D OplusSplitScreenManagerService: org.psyhackers.Ashera supportsSplitScreen by forceResizable activity return:true
01-06 10:57:51.015  2321  4069 D OplusSplitScreenManagerService: org.psyhackers.Ashera supportsSplitScreen by forceResizable activity return:true
01-06 10:57:52.050  2321  3741 E ShortcutService: Invalid icon type in shortcut 120363420140428071@g.us. Bitmaps are not allowed in long-lived shortcuts. Use Resource icons, or Uri-based icons instead.
01-06 10:57:52.442  2321  3741 D OplusSplitScreenManagerService: org.psyhackers.Ashera supportsSplitScreen by forceResizable activity return:true
01-06 10:57:52.798  2321  3643 D OplusSmartBrightnessController: handleMessage MSG_LUX_CHANGED, mLux:95.62623 luxQueue=[95.0, 96.0, 95.0, 96.0, 96.0, 95.0, 96.0, 96.0]
01-06 10:57:53.797  2321  3643 D OplusSmartBrightnessController: handleMessage MSG_LUX_CHANGED, mLux:96.401245 luxQueue=[96.0, 96.0, 96.0, 97.0, 97.0]
01-06 10:57:54.020  2321  4069 D OplusSplitScreenManagerService: org.psyhackers.Ashera supportsSplitScreen by forceResizable activity return:true
01-06 10:57:54.025  2321  4069 D OplusSplitScreenManagerService: org.psyhackers.Ashera supportsSplitScreen by forceResizable activity return:true
01-06 10:57:55.597  2321  3643 D OplusSmartBrightnessController: handleMessage MSG_LUX_CHANGED, mLux:95.50131 luxQueue=[96.0, 96.0, 96.0, 96.0, 95.0, 95.0, 95.0, 95.0]
01-06 10:57:56.800  2321  3643 D OplusSmartBrightnessController: handleMessage MSG_LUX_CHANGED, mLux:96.0 luxQueue=[96.0, 96.0, 96.0, 96.0, 96.0]
01-06 10:57:57.137  2321  4069 D OplusSplitScreenManagerService: org.psyhackers.Ashera supportsSplitScreen by forceResizable activity return:true
01-06 10:57:57.145  2321  4069 D OplusSplitScreenManagerService: org.psyhackers.Ashera supportsSplitScreen by forceResizable activity return:true
01-06 10:57:57.442  2321  3741 D OplusSplitScreenManagerService: org.psyhackers.Ashera supportsSplitScreen by forceResizable activity return:true
01-06 10:57:57.998  2321  3643 D OplusSmartBrightnessController: handleMessage MSG_LUX_CHANGED, mLux:96.85777 luxQueue=[97.0, 97.0, 97.0, 97.0, 97.0, 96.0, 97.0]
01-06 10:57:59.365  2321  3643 D OplusSmartBrightnessController: handleMessage MSG_LUX_CHANGED, mLux:95.715355 luxQueue=[95.0, 95.0, 96.0, 96.0, 96.0, 96.0, 96.0]
01-06 10:58:00.001  2321  3881 V AlarmManager: sending alarm Alarm{a19aea9 type 3 origWhen 171664946 whenElapsed 171664946 android} uid 1000 whenElapsed 171664946 windowLength 0 maxWhenElapsed 171664946 repeatInterval 0 action null component null tag TIME_TICK flags 0x9 procName system_server
01-06 10:58:00.049  2321  5753 E OplusCustomizeRestrictionManagerService: isBiometricDisabled start
01-06 10:58:00.149  2321  4069 D OplusSplitScreenManagerService: org.psyhackers.Ashera supportsSplitScreen by forceResizable activity return:true
01-06 10:58:00.157  2321  4069 D OplusSplitScreenManagerService: org.psyhackers.Ashera supportsSplitScreen by forceResizable activity return:true
01-06 10:58:00.199  2321  3643 D OplusSmartBrightnessController: handleMessage MSG_LUX_CHANGED, mLux:96.75097 luxQueue=[97.0, 97.0, 97.0, 96.0]
01-06 10:58:02.364  2321  3643 D OplusSmartBrightnessController: handleMessage MSG_LUX_CHANGED, mLux:95.87557 luxQueue=[96.0, 96.0, 96.0, 96.0, 95.0, 96.0, 96.0, 96.0]
01-06 10:58:02.449  2321  3741 D OplusSplitScreenManagerService: org.psyhackers.Ashera supportsSplitScreen by forceResizable activity return:true
01-06 10:58:03.174  2321  4069 D OplusSplitScreenManagerService: org.psyhackers.Ashera supportsSplitScreen by forceResizable activity return:true
01-06 10:58:03.181  2321  4069 D OplusSplitScreenManagerService: org.psyhackers.Ashera supportsSplitScreen by forceResizable activity return:true
01-06 10:58:03.198  2321  3643 D OplusSmartBrightnessController: handleMessage MSG_LUX_CHANGED, mLux:96.75097 luxQueue=[96.0, 97.0, 97.0, 97.0]
01-06 10:58:06.196  2321  4069 D OplusSplitScreenManagerService: org.psyhackers.Ashera supportsSplitScreen by forceResizable activity return:true
01-06 10:58:06.204  2321  4069 D OplusSplitScreenManagerService: org.psyhackers.Ashera supportsSplitScreen by forceResizable activity return:true
01-06 10:58:07.456  2321  3741 D OplusSplitScreenManagerService: org.psyhackers.Ashera supportsSplitScreen by forceResizable activity return:true
01-06 10:58:07.473  2321  3741 W ProcessStats: Tracking association SourceState{1b320f1 org.psyhackers.Ashera/10771 BTop #428025} whose proc state 2 is better than process ProcessState{2ca6607 com.google.android.gms.persistent/10104 pkg=com.google.android.gms} proc state 3 (0 skipped)
01-06 10:58:07.596  2321  3643 D OplusSmartBrightnessController: handleMessage MSG_LUX_CHANGED, mLux:97.0 luxQueue=[97.0, 97.0, 97.0, 97.0, 97.0, 97.0]
01-06 10:58:09.162  2321  3596 I ProcessStatsService: Pruning old procstats: /data/system/procstats/state-v2-2026-01-05-06-38-35.bin
01-06 10:58:09.213  2321  4069 D OplusSplitScreenManagerService: org.psyhackers.Ashera supportsSplitScreen by forceResizable activity return:true
01-06 10:58:09.217  2321  4069 D OplusSplitScreenManagerService: org.psyhackers.Ashera supportsSplitScreen by forceResizable activity return:true
01-06 10:58:09.310  2321  3596 D ProcessCpuTrackerExtImpl: mContext is already set, return now! 
01-06 10:58:10.034  2321  3609 W ActivityManager: Stopping service due to app idle: u0a321 -1m19s976ms com.whatsapp.w4b/com.whatsapp.messageservice.messaging.MessageService
01-06 10:58:10.798  2321  3643 D OplusSmartBrightnessController: handleMessage MSG_LUX_CHANGED, mLux:96.28677 luxQueue=[96.0, 97.0, 96.0, 96.0, 96.0, 96.0, 97.0]
01-06 10:58:12.266  2321  4069 D OplusSplitScreenManagerService: org.psyhackers.Ashera supportsSplitScreen by forceResizable activity return:true
01-06 10:58:12.275  2321  4069 D OplusSplitScreenManagerService: org.psyhackers.Ashera supportsSplitScreen by forceResizable activity return:true
01-06 10:58:12.460  2321  3741 D OplusSplitScreenManagerService: org.psyhackers.Ashera supportsSplitScreen by forceResizable activity return:true
01-06 10:58:15.274  2321  4069 D OplusSplitScreenManagerService: org.psyhackers.Ashera supportsSplitScreen by forceResizable activity return:true
01-06 10:58:15.282  2321  4069 D OplusSplitScreenManagerService: org.psyhackers.Ashera supportsSplitScreen by forceResizable activity return:true
01-06 10:58:17.463  2321  4130 D OplusSplitScreenManagerService: org.psyhackers.Ashera supportsSplitScreen by forceResizable activity return:true
01-06 10:58:18.424  2321  4069 D OplusSplitScreenManagerService: org.psyhackers.Ashera supportsSplitScreen by forceResizable activity return:true
01-06 10:58:18.434  2321  4069 D OplusSplitScreenManagerService: org.psyhackers.Ashera supportsSplitScreen by forceResizable activity return:true
01-06 10:58:21.469  2321  4130 W ProcessStats: Tracking association SourceState{1b320f1 org.psyhackers.Ashera/10771 BTop #428030} whose proc state 2 is better than process ProcessState{2ca6607 com.google.android.gms.persistent/10104 pkg=com.google.android.gms} proc state 3 (0 skipped)
01-06 10:58:21.473  2321  4069 D OplusSplitScreenManagerService: org.psyhackers.Ashera supportsSplitScreen by forceResizable activity return:true
01-06 10:58:21.477  2321  4069 D OplusSplitScreenManagerService: org.psyhackers.Ashera supportsSplitScreen by forceResizable activity return:true
01-06 10:58:21.798  2321  3643 D OplusSmartBrightnessController: handleMessage MSG_LUX_CHANGED, mLux:95.37623 luxQueue=[96.0, 96.0, 96.0, 95.0, 95.0, 95.0, 95.0, 95.0]
01-06 10:58:22.466  2321  3741 D OplusSplitScreenManagerService: org.psyhackers.Ashera supportsSplitScreen by forceResizable activity return:true
01-06 10:58:22.598  2321  3643 D OplusSmartBrightnessController: handleMessage MSG_LUX_CHANGED, mLux:96.0 luxQueue=[96.0, 96.0, 96.0, 96.0, 96.0]
01-06 10:58:24.400  2321  3643 D OplusSmartBrightnessController: handleMessage MSG_LUX_CHANGED, mLux:95.66782 luxQueue=[95.0, 96.0, 96.0, 96.0, 96.0, 96.0, 95.0, 96.0, 95.0]
01-06 10:58:24.499  2321  4069 D OplusSplitScreenManagerService: org.psyhackers.Ashera supportsSplitScreen by forceResizable activity return:true
01-06 10:58:24.506  2321  4069 D OplusSplitScreenManagerService: org.psyhackers.Ashera supportsSplitScreen by forceResizable activity return:true
01-06 10:58:25.398  2321  3643 D OplusSmartBrightnessController: handleMessage MSG_LUX_CHANGED, mLux:96.0 luxQueue=[96.0, 96.0, 96.0, 96.0, 96.0]
01-06 10:58:26.485  2321  4130 W ActivityManager: Unable to start service Intent { act=com.google.android.gms.ads.identifier.service.START pkg=com.google.android.gms mCallingUid=10106 } U=0: not found
01-06 10:58:26.486  2321  3643 D OplusSmartBrightnessController: handleMessage MSG_LUX_CHANGED, mLux:97.0 luxQueue=[97.0, 97.0, 97.0, 97.0, 97.0, 97.0]
01-06 10:58:27.471  2321  5753 D OplusSplitScreenManagerService: org.psyhackers.Ashera supportsSplitScreen by forceResizable activity return:true
01-06 10:58:27.519  2321  4069 D OplusSplitScreenManagerService: org.psyhackers.Ashera supportsSplitScreen by forceResizable activity return:true
01-06 10:58:27.527  2321  4069 D OplusSplitScreenManagerService: org.psyhackers.Ashera supportsSplitScreen by forceResizable activity return:true
01-06 10:58:28.199  2321  3643 D OplusSmartBrightnessController: handleMessage MSG_LUX_CHANGED, mLux:96.5013 luxQueue=[96.0, 96.0, 97.0, 97.0, 96.0, 97.0, 97.0, 96.0]
01-06 10:58:28.645  2321  3867 E AppOps  : attributionTag  not declared in manifest of com.oplus.healthservice
01-06 10:58:28.651  2321  3867 E AppOps  : attributionTag  not declared in manifest of com.oplus.healthservice
01-06 10:58:28.746  2321  3641 D DisplayPowerController[0]: requestPowerState: policy=DIM, useProximitySensor=false, screenBrightnessOverride=-1.0, useAutoBrightness=false, screenAutoBrightnessAdjustmentOverride=NaN, screenLowPowerBrightnessFactor=1.0, blockScreenOn=false, lowPowerMode=false, boostScreenBrightness=false, dozeScreenBrightness=NaN, dozeScreenState=UNKNOWN, waitForNegativeProximity=false displayReady=false pendingRequest=true
01-06 10:58:28.746  2321  3641 D DisplayManagerServiceExtImpl: request size(1,1),dpc=com.android.server.display.DisplayPowerController@ce9daf6 size(0,1),flags=0X200F,id(0,0,local:4630946950956839810),enable=true,ready=false,waitForNegativeProximity=false policy=DIM,useProximitySensor=false,dozeState=UNKNOWN,screenBrightnessOverride=-1.000000,useAuto=false,lowPower=false,lowPowerFactor=1.000000
01-06 10:58:28.748  2321  3641 I OplusSmartBrightnessController: handleBrightnessTotalRateType displayId[0]=automatic->dim
01-06 10:58:28.748  2321  3641 D OplusFeatureHDREnhanceBrightness: setAnimating : displayId[0]=true
01-06 10:58:28.748  2321  3641 D OplusFeatureReduceBrightness: setAnimating : animating = true
01-06 10:58:28.748  2321  3641 D OplusFeatureEdrEnhanceBrightness: setAnimating: true
01-06 10:58:28.748  2321  3641 D OplusFeaturePwEdrEnhanceBrightness: setAnimating: true
01-06 10:58:28.750  2321  3641 D DpcExtImpl[0]: Animating brightness: target=4035->16,rate=123->6400,type=dim,byUse=false local:4630946950956839810
01-06 10:58:28.750  2321  3641 D DpcExtImpl[0]: RECORD:onUpdatePowerState policy:2 state:2 brightness:16
01-06 10:58:28.751  2321  3641 D DisplayPowerController[0]: updatePowerStateInternal policy:BRIGHT->DIM,state:ON->ON policy=DIM, useProximitySensor=false, screenBrightnessOverride=-1.0, useAutoBrightness=false, screenAutoBrightnessAdjustmentOverride=NaN, screenLowPowerBrightnessFactor=1.0, blockScreenOn=false, lowPowerMode=false, boostScreenBrightness=false, dozeScreenBrightness=NaN, dozeScreenState=UNKNOWN
01-06 10:58:28.788  2321  3641 D DpcExtImpl[0]: onchange selfChange=false state=ON uri=content://settings/system/screen_brightness
01-06 10:58:28.800  2321  3641 D DpcExtImpl[0]: Animating brightness: target=16->16,rate=6400->123,type=dim,byUse=false local:4630946950956839810
01-06 10:58:28.802  2321  3572 D DisplayManagerService: Ignore redundant display event 0/4 to 10106/8757
01-06 10:58:28.802  2321  3572 D DisplayManagerService: Ignore redundant display event 0/4 to 10818/18009
01-06 10:58:28.802  2321  3572 D DisplayManagerService: Ignore redundant display event 0/4 to 10287/18079
01-06 10:58:28.802  2321  3572 D DisplayManagerService: Ignore redundant display event 0/4 to 10363/19144
01-06 10:58:28.802  2321  3572 D DisplayManagerService: Ignore redundant display event 0/4 to 10314/23682
01-06 10:58:28.802  2321  3572 D DisplayManagerService: Ignore redundant display event 0/4 to 10330/25186
01-06 10:58:28.802  2321  3572 D DisplayManagerService: Ignore redundant display event 0/4 to 10167/26602
01-06 10:58:28.802  2321  3572 D DisplayManagerService: Ignore redundant display event 0/4 to 10167/26765
01-06 10:58:28.806  2321  3641 D DpcExtImpl[0]: onchange selfChange=false state=ON uri=content://settings/system/screen_brightness
01-06 10:58:28.807  2321  3572 D DisplayManagerService: Ignore redundant display event 0/4 to 10106/8757
01-06 10:58:28.808  2321  3572 D DisplayManagerService: Ignore redundant display event 0/4 to 10818/18009
01-06 10:58:28.808  2321  3572 D DisplayManagerService: Ignore redundant display event 0/4 to 10287/18079
01-06 10:58:28.808  2321  3572 D DisplayManagerService: Ignore redundant display event 0/4 to 10363/19144
01-06 10:58:28.808  2321  3572 D DisplayManagerService: Ignore redundant display event 0/4 to 10314/23682
01-06 10:58:28.808  2321  3572 D DisplayManagerService: Ignore redundant display event 0/4 to 10330/25186
01-06 10:58:28.808  2321  3572 D DisplayManagerService: Ignore redundant display event 0/4 to 10167/26602
01-06 10:58:28.808  2321  3572 D DisplayManagerService: Ignore redundant display event 0/4 to 10167/26765
01-06 10:58:28.808  2321  3572 D DisplayManagerService: Ignore redundant display event 0/4 to 10321/32042
01-06 10:58:28.819  2321  3641 D DpcExtImpl[0]: onchange selfChange=false state=ON uri=content://settings/system/screen_brightness
01-06 10:58:28.822  2321  3572 D DisplayManagerService: Ignore redundant display event 0/4 to 10106/8757
01-06 10:58:28.822  2321  3572 D DisplayManagerService: Ignore redundant display event 0/4 to 10818/18009
01-06 10:58:28.822  2321  3572 D DisplayManagerService: Ignore redundant display event 0/4 to 10287/18079
01-06 10:58:28.822  2321  3572 D DisplayManagerService: Ignore redundant display event 0/4 to 10363/19144
01-06 10:58:28.822  2321  3572 D DisplayManagerService: Ignore redundant display event 0/4 to 10314/23682
01-06 10:58:28.822  2321  3572 D DisplayManagerService: Ignore redundant display event 0/4 to 10330/25186
01-06 10:58:28.822  2321  3572 D DisplayManagerService: Ignore redundant display event 0/4 to 10167/26602
01-06 10:58:28.822  2321  3572 D DisplayManagerService: Ignore redundant display event 0/4 to 10167/26765
01-06 10:58:28.822  2321  3572 D DisplayManagerService: Ignore redundant display event 0/4 to 10321/32042
01-06 10:58:28.833  2321  3641 D DpcExtImpl[0]: onchange selfChange=false state=ON uri=content://settings/system/screen_brightness
01-06 10:58:28.836  2321  3572 D DisplayManagerService: Ignore redundant display event 0/4 to 10106/8757
01-06 10:58:28.836  2321  3572 D DisplayManagerService: Ignore redundant display event 0/4 to 10818/18009
01-06 10:58:28.836  2321  3572 D DisplayManagerService: Ignore redundant display event 0/4 to 10287/18079
01-06 10:58:28.836  2321  3572 D DisplayManagerService: Ignore redundant display event 0/4 to 10363/19144
01-06 10:58:28.836  2321  3572 D DisplayManagerService: Ignore redundant display event 0/4 to 10314/23682
01-06 10:58:28.836  2321  3572 D DisplayManagerService: Ignore redundant display event 0/4 to 10330/25186
01-06 10:58:28.836  2321  3572 D DisplayManagerService: Ignore redundant display event 0/4 to 10167/26602
01-06 10:58:28.836  2321  3572 D DisplayManagerService: Ignore redundant display event 0/4 to 10167/26765
01-06 10:58:28.836  2321  3572 D DisplayManagerService: Ignore redundant display event 0/4 to 10321/32042
01-06 10:58:28.848  2321  3641 D DpcExtImpl[0]: onchange selfChange=false state=ON uri=content://settings/system/screen_brightness
01-06 10:58:28.850  2321  3572 D DisplayManagerService: Ignore redundant display event 0/4 to 10106/8757
01-06 10:58:28.850  2321  3572 D DisplayManagerService: Ignore redundant display event 0/4 to 10818/18009
01-06 10:58:28.850  2321  3572 D DisplayManagerService: Ignore redundant display event 0/4 to 10287/18079
01-06 10:58:28.850  2321  3572 D DisplayManagerService: Ignore redundant display event 0/4 to 10363/19144
01-06 10:58:28.850  2321  3572 D DisplayManagerService: Ignore redundant display event 0/4 to 10314/23682
01-06 10:58:28.850  2321  3572 D DisplayManagerService: Ignore redundant display event 0/4 to 10330/25186
01-06 10:58:28.850  2321  3572 D DisplayManagerService: Ignore redundant display event 0/4 to 10167/26602
01-06 10:58:28.850  2321  3572 D DisplayManagerService: Ignore redundant display event 0/4 to 10167/26765
01-06 10:58:28.850  2321  3572 D DisplayManagerService: Ignore redundant display event 0/4 to 10321/32042
01-06 10:58:28.869  2321  3641 D DpcExtImpl[0]: onchange selfChange=false state=ON uri=content://settings/system/screen_brightness
01-06 10:58:28.870  2321  3572 D DisplayManagerService: Ignore redundant display event 0/4 to 10106/8757
01-06 10:58:28.870  2321  3572 D DisplayManagerService: Ignore redundant display event 0/4 to 10818/18009
01-06 10:58:28.870  2321  3572 D DisplayManagerService: Ignore redundant display event 0/4 to 10287/18079
01-06 10:58:28.870  2321  3572 D DisplayManagerService: Ignore redundant display event 0/4 to 10363/19144
01-06 10:58:28.870  2321  3572 D DisplayManagerService: Ignore redundant display event 0/4 to 10314/23682
01-06 10:58:28.870  2321  3572 D DisplayManagerService: Ignore redundant display event 0/4 to 10330/25186
01-06 10:58:28.871  2321  3572 D DisplayManagerService: Ignore redundant display event 0/4 to 10167/26602
01-06 10:58:28.871  2321  3572 D DisplayManagerService: Ignore redundant display event 0/4 to 10167/26765
01-06 10:58:28.871  2321  3572 D DisplayManagerService: Ignore redundant display event 0/4 to 10321/32042
01-06 10:58:28.886  2321  3641 D DpcExtImpl[0]: onchange selfChange=false state=ON uri=content://settings/system/screen_brightness
01-06 10:58:28.888  2321  3572 D DisplayManagerService: Ignore redundant display event 0/4 to 10106/8757
01-06 10:58:28.888  2321  3572 D DisplayManagerService: Ignore redundant display event 0/4 to 10818/18009
01-06 10:58:28.888  2321  3572 D DisplayManagerService: Ignore redundant display event 0/4 to 10287/18079
01-06 10:58:28.888  2321  3572 D DisplayManagerService: Ignore redundant display event 0/4 to 10363/19144
01-06 10:58:28.888  2321  3572 D DisplayManagerService: Ignore redundant display event 0/4 to 10314/23682
01-06 10:58:28.888  2321  3572 D DisplayManagerService: Ignore redundant display event 0/4 to 10330/25186
01-06 10:58:28.888  2321  3572 D DisplayManagerService: Ignore redundant display event 0/4 to 10167/26602
01-06 10:58:28.888  2321  3572 D DisplayManagerService: Ignore redundant display event 0/4 to 10167/26765
01-06 10:58:28.888  2321  3572 D DisplayManagerService: Ignore redundant display event 0/4 to 10321/32042
01-06 10:58:28.901  2321  3641 D DpcExtImpl[0]: onchange selfChange=false state=ON uri=content://settings/system/screen_brightness
01-06 10:58:28.902  2321  3572 D DisplayManagerService: Ignore redundant display event 0/4 to 10106/8757
01-06 10:58:28.902  2321  3572 D DisplayManagerService: Ignore redundant display event 0/4 to 10818/18009
01-06 10:58:28.902  2321  3572 D DisplayManagerService: Ignore redundant display event 0/4 to 10287/18079
01-06 10:58:28.902  2321  3572 D DisplayManagerService: Ignore redundant display event 0/4 to 10363/19144
01-06 10:58:28.903  2321  3572 D DisplayManagerService: Ignore redundant display event 0/4 to 10314/23682
01-06 10:58:28.903  2321  3572 D DisplayManagerService: Ignore redundant display event 0/4 to 10330/25186
01-06 10:58:28.903  2321  3572 D DisplayManagerService: Ignore redundant display event 0/4 to 10167/26602
01-06 10:58:28.903  2321  3572 D DisplayManagerService: Ignore redundant display event 0/4 to 10167/26765
01-06 10:58:28.903  2321  3572 D DisplayManagerService: Ignore redundant display event 0/4 to 10321/32042
01-06 10:58:28.918  2321  3641 D DpcExtImpl[0]: onchange selfChange=false state=ON uri=content://settings/system/screen_brightness
01-06 10:58:28.922  2321  3572 D DisplayManagerService: Ignore redundant display event 0/4 to 10106/8757
01-06 10:58:28.922  2321  3572 D DisplayManagerService: Ignore redundant display event 0/4 to 10818/18009
01-06 10:58:28.922  2321  3572 D DisplayManagerService: Ignore redundant display event 0/4 to 10287/18079
01-06 10:58:28.922  2321  3572 D DisplayManagerService: Ignore redundant display event 0/4 to 10363/19144
01-06 10:58:28.922  2321  3572 D DisplayManagerService: Ignore redundant display event 0/4 to 10314/23682
01-06 10:58:28.922  2321  3572 D DisplayManagerService: Ignore redundant display event 0/4 to 10330/25186
01-06 10:58:28.922  2321  3572 D DisplayManagerService: Ignore redundant display event 0/4 to 10167/26602
01-06 10:58:28.922  2321  3572 D DisplayManagerService: Ignore redundant display event 0/4 to 10167/26765
01-06 10:58:28.922  2321  3572 D DisplayManagerService: Ignore redundant display event 0/4 to 10321/32042
01-06 10:58:28.932  2321  3641 D DpcExtImpl[0]: onchange selfChange=false state=ON uri=content://settings/system/screen_brightness
01-06 10:58:28.933  2321  3572 D DisplayManagerService: Ignore redundant display event 0/4 to 10106/8757
01-06 10:58:28.933  2321  3572 D DisplayManagerService: Ignore redundant display event 0/4 to 10818/18009
01-06 10:58:28.933  2321  3572 D DisplayManagerService: Ignore redundant display event 0/4 to 10287/18079
01-06 10:58:28.933  2321  3572 D DisplayManagerService: Ignore redundant display event 0/4 to 10363/19144
01-06 10:58:28.933  2321  3572 D DisplayManagerService: Ignore redundant display event 0/4 to 10314/23682
01-06 10:58:28.933  2321  3572 D DisplayManagerService: Ignore redundant display event 0/4 to 10330/25186
01-06 10:58:28.933  2321  3572 D DisplayManagerService: Ignore redundant display event 0/4 to 10167/26602
01-06 10:58:28.933  2321  3572 D DisplayManagerService: Ignore redundant display event 0/4 to 10167/26765
01-06 10:58:28.933  2321  3572 D DisplayManagerService: Ignore redundant display event 0/4 to 10321/32042
01-06 10:58:28.950  2321  3641 D DpcExtImpl[0]: onchange selfChange=false state=ON uri=content://settings/system/screen_brightness
01-06 10:58:28.952  2321  3572 D DisplayManagerService: Ignore redundant display event 0/4 to 10106/8757
01-06 10:58:28.952  2321  3572 D DisplayManagerService: Ignore redundant display event 0/4 to 10818/18009
01-06 10:58:28.952  2321  3572 D DisplayManagerService: Ignore redundant display event 0/4 to 10287/18079
01-06 10:58:28.952  2321  3572 D DisplayManagerService: Ignore redundant display event 0/4 to 10363/19144
01-06 10:58:28.952  2321  3572 D DisplayManagerService: Ignore redundant display event 0/4 to 10314/23682
01-06 10:58:28.952  2321  3572 D DisplayManagerService: Ignore redundant display event 0/4 to 10330/25186
01-06 10:58:28.953  2321  3572 D DisplayManagerService: Ignore redundant display event 0/4 to 10167/26602
01-06 10:58:28.953  2321  3572 D DisplayManagerService: Ignore redundant display event 0/4 to 10167/26765
01-06 10:58:28.953  2321  3572 D DisplayManagerService: Ignore redundant display event 0/4 to 10321/32042
01-06 10:58:28.965  2321  3641 D DpcExtImpl[0]: onchange selfChange=false state=ON uri=content://settings/system/screen_brightness
01-06 10:58:28.966  2321  3572 D DisplayManagerService: Ignore redundant display event 0/4 to 10106/8757
01-06 10:58:28.967  2321  3572 D DisplayManagerService: Ignore redundant display event 0/4 to 10818/18009
01-06 10:58:28.967  2321  3572 D DisplayManagerService: Ignore redundant display event 0/4 to 10287/18079
01-06 10:58:28.967  2321  3572 D DisplayManagerService: Ignore redundant display event 0/4 to 10363/19144
01-06 10:58:28.967  2321  3572 D DisplayManagerService: Ignore redundant display event 0/4 to 10314/23682
01-06 10:58:28.967  2321  3572 D DisplayManagerService: Ignore redundant display event 0/4 to 10330/25186
01-06 10:58:28.967  2321  3572 D DisplayManagerService: Ignore redundant display event 0/4 to 10167/26602
01-06 10:58:28.967  2321  3572 D DisplayManagerService: Ignore redundant display event 0/4 to 10167/26765
01-06 10:58:28.967  2321  3572 D DisplayManagerService: Ignore redundant display event 0/4 to 10321/32042
01-06 10:58:28.983  2321  3641 D DpcExtImpl[0]: onchange selfChange=false state=ON uri=content://settings/system/screen_brightness
01-06 10:58:28.984  2321  3572 D DisplayManagerService: Ignore redundant display event 0/4 to 10106/8757
01-06 10:58:28.985  2321  3572 D DisplayManagerService: Ignore redundant display event 0/4 to 10818/18009
01-06 10:58:28.985  2321  3572 D DisplayManagerService: Ignore redundant display event 0/4 to 10287/18079
01-06 10:58:28.985  2321  3572 D DisplayManagerService: Ignore redundant display event 0/4 to 10363/19144
01-06 10:58:28.985  2321  3572 D DisplayManagerService: Ignore redundant display event 0/4 to 10314/23682
01-06 10:58:28.985  2321  3572 D DisplayManagerService: Ignore redundant display event 0/4 to 10330/25186
01-06 10:58:28.985  2321  3572 D DisplayManagerService: Ignore redundant display event 0/4 to 10167/26602
01-06 10:58:28.985  2321  3572 D DisplayManagerService: Ignore redundant display event 0/4 to 10167/26765
01-06 10:58:28.985  2321  3572 D DisplayManagerService: Ignore redundant display event 0/4 to 10321/32042
01-06 10:58:29.000  2321  3641 D DpcExtImpl[0]: onchange selfChange=false state=ON uri=content://settings/system/screen_brightness
01-06 10:58:29.001  2321  3572 D DisplayManagerService: Ignore redundant display event 0/4 to 10106/8757
01-06 10:58:29.001  2321  3572 D DisplayManagerService: Ignore redundant display event 0/4 to 10818/18009
01-06 10:58:29.001  2321  3572 D DisplayManagerService: Ignore redundant display event 0/4 to 10287/18079
01-06 10:58:29.001  2321  3572 D DisplayManagerService: Ignore redundant display event 0/4 to 10363/19144
01-06 10:58:29.002  2321  3572 D DisplayManagerService: Ignore redundant display event 0/4 to 10314/23682
01-06 10:58:29.002  2321  3572 D DisplayManagerService: Ignore redundant display event 0/4 to 10330/25186
01-06 10:58:29.002  2321  3572 D DisplayManagerService: Ignore redundant display event 0/4 to 10167/26602
01-06 10:58:29.002  2321  3572 D DisplayManagerService: Ignore redundant display event 0/4 to 10167/26765
01-06 10:58:29.002  2321  3572 D DisplayManagerService: Ignore redundant display event 0/4 to 10321/32042
01-06 10:58:29.015  2321  3641 D DpcExtImpl[0]: onchange selfChange=false state=ON uri=content://settings/system/screen_brightness
01-06 10:58:29.017  2321  3572 D DisplayManagerService: Ignore redundant display event 0/4 to 10106/8757
01-06 10:58:29.017  2321  3572 D DisplayManagerService: Ignore redundant display event 0/4 to 10818/18009
01-06 10:58:29.017  2321  3572 D DisplayManagerService: Ignore redundant display event 0/4 to 10287/18079
01-06 10:58:29.017  2321  3572 D DisplayManagerService: Ignore redundant display event 0/4 to 10363/19144
01-06 10:58:29.017  2321  3572 D DisplayManagerService: Ignore redundant display event 0/4 to 10314/23682
01-06 10:58:29.017  2321  3572 D DisplayManagerService: Ignore redundant display event 0/4 to 10330/25186
01-06 10:58:29.017  2321  3572 D DisplayManagerService: Ignore redundant display event 0/4 to 10167/26602
01-06 10:58:29.017  2321  3572 D DisplayManagerService: Ignore redundant display event 0/4 to 10167/26765
01-06 10:58:29.017  2321  3572 D DisplayManagerService: Ignore redundant display event 0/4 to 10321/32042
01-06 10:58:29.033  2321  3641 D DpcExtImpl[0]: onchange selfChange=false state=ON uri=content://settings/system/screen_brightness
01-06 10:58:29.035  2321  3572 D DisplayManagerService: Ignore redundant display event 0/4 to 10106/8757
01-06 10:58:29.035  2321  3572 D DisplayManagerService: Ignore redundant display event 0/4 to 10818/18009
01-06 10:58:29.035  2321  3572 D DisplayManagerService: Ignore redundant display event 0/4 to 10287/18079
01-06 10:58:29.035  2321  3572 D DisplayManagerService: Ignore redundant display event 0/4 to 10363/19144
01-06 10:58:29.035  2321  3572 D DisplayManagerService: Ignore redundant display event 0/4 to 10314/23682
01-06 10:58:29.035  2321  3572 D DisplayManagerService: Ignore redundant display event 0/4 to 10330/25186
01-06 10:58:29.035  2321  3572 D DisplayManagerService: Ignore redundant display event 0/4 to 10167/26602
01-06 10:58:29.035  2321  3572 D DisplayManagerService: Ignore redundant display event 0/4 to 10167/26765
01-06 10:58:29.035  2321  3572 D DisplayManagerService: Ignore redundant display event 0/4 to 10321/32042
01-06 10:58:29.048  2321  3641 D DpcExtImpl[0]: onchange selfChange=false state=ON uri=content://settings/system/screen_brightness
01-06 10:58:29.050  2321  3572 D DisplayManagerService: Ignore redundant display event 0/4 to 10106/8757
01-06 10:58:29.050  2321  3572 D DisplayManagerService: Ignore redundant display event 0/4 to 10818/18009
01-06 10:58:29.050  2321  3572 D DisplayManagerService: Ignore redundant display event 0/4 to 10287/18079
01-06 10:58:29.050  2321  3572 D DisplayManagerService: Ignore redundant display event 0/4 to 10363/19144
01-06 10:58:29.050  2321  3572 D DisplayManagerService: Ignore redundant display event 0/4 to 10314/23682
01-06 10:58:29.050  2321  3572 D DisplayManagerService: Ignore redundant display event 0/4 to 10330/25186
01-06 10:58:29.050  2321  3572 D DisplayManagerService: Ignore redundant display event 0/4 to 10167/26602
01-06 10:58:29.051  2321  3572 D DisplayManagerService: Ignore redundant display event 0/4 to 10167/26765
01-06 10:58:29.051  2321  3572 D DisplayManagerService: Ignore redundant display event 0/4 to 10321/32042
01-06 10:58:29.066  2321  3641 D DpcExtImpl[0]: onchange selfChange=false state=ON uri=content://settings/system/screen_brightness
01-06 10:58:29.069  2321  3572 D DisplayManagerService: Ignore redundant display event 0/4 to 10106/8757
01-06 10:58:29.069  2321  3572 D DisplayManagerService: Ignore redundant display event 0/4 to 10818/18009
01-06 10:58:29.069  2321  3572 D DisplayManagerService: Ignore redundant display event 0/4 to 10287/18079
01-06 10:58:29.069  2321  3572 D DisplayManagerService: Ignore redundant display event 0/4 to 10363/19144
01-06 10:58:29.069  2321  3572 D DisplayManagerService: Ignore redundant display event 0/4 to 10314/23682
01-06 10:58:29.069  2321  3572 D DisplayManagerService: Ignore redundant display event 0/4 to 10330/25186
01-06 10:58:29.069  2321  3572 D DisplayManagerService: Ignore redundant display event 0/4 to 10167/26602
01-06 10:58:29.069  2321  3572 D DisplayManagerService: Ignore redundant display event 0/4 to 10167/26765
01-06 10:58:29.069  2321  3572 D DisplayManagerService: Ignore redundant display event 0/4 to 10321/32042
01-06 10:58:29.084  2321  3641 D DpcExtImpl[0]: onchange selfChange=false state=ON uri=content://settings/system/screen_brightness
01-06 10:58:29.086  2321  3572 D DisplayManagerService: Ignore redundant display event 0/4 to 10106/8757
01-06 10:58:29.086  2321  3572 D DisplayManagerService: Ignore redundant display event 0/4 to 10818/18009
01-06 10:58:29.086  2321  3572 D DisplayManagerService: Ignore redundant display event 0/4 to 10287/18079
01-06 10:58:29.086  2321  3572 D DisplayManagerService: Ignore redundant display event 0/4 to 10363/19144
01-06 10:58:29.086  2321  3572 D DisplayManagerService: Ignore redundant display event 0/4 to 10314/23682
01-06 10:58:29.086  2321  3572 D DisplayManagerService: Ignore redundant display event 0/4 to 10330/25186
01-06 10:58:29.086  2321  3572 D DisplayManagerService: Ignore redundant display event 0/4 to 10167/26602
01-06 10:58:29.086  2321  3572 D DisplayManagerService: Ignore redundant display event 0/4 to 10167/26765
01-06 10:58:29.087  2321  3572 D DisplayManagerService: Ignore redundant display event 0/4 to 10321/32042
01-06 10:58:29.101  2321  3641 D DpcExtImpl[0]: onchange selfChange=false state=ON uri=content://settings/system/screen_brightness
01-06 10:58:29.102  2321  3572 D DisplayManagerService: Ignore redundant display event 0/4 to 10106/8757
01-06 10:58:29.102  2321  3572 D DisplayManagerService: Ignore redundant display event 0/4 to 10818/18009
01-06 10:58:29.102  2321  3572 D DisplayManagerService: Ignore redundant display event 0/4 to 10287/18079
01-06 10:58:29.102  2321  3572 D DisplayManagerService: Ignore redundant display event 0/4 to 10363/19144
01-06 10:58:29.102  2321  3572 D DisplayManagerService: Ignore redundant display event 0/4 to 10314/23682
01-06 10:58:29.102  2321  3572 D DisplayManagerService: Ignore redundant display event 0/4 to 10330/25186
01-06 10:58:29.103  2321  3572 D DisplayManagerService: Ignore redundant display event 0/4 to 10167/26602
01-06 10:58:29.103  2321  3572 D DisplayManagerService: Ignore redundant display event 0/4 to 10167/26765
01-06 10:58:29.103  2321  3572 D DisplayManagerService: Ignore redundant display event 0/4 to 10321/32042
01-06 10:58:29.115  2321  3641 D DpcExtImpl[0]: onchange selfChange=false state=ON uri=content://settings/system/screen_brightness
01-06 10:58:29.117  2321  3572 D DisplayManagerService: Ignore redundant display event 0/4 to 10106/8757
01-06 10:58:29.117  2321  3572 D DisplayManagerService: Ignore redundant display event 0/4 to 10818/18009
01-06 10:58:29.117  2321  3572 D DisplayManagerService: Ignore redundant display event 0/4 to 10287/18079
01-06 10:58:29.117  2321  3572 D DisplayManagerService: Ignore redundant display event 0/4 to 10363/19144
01-06 10:58:29.117  2321  3572 D DisplayManagerService: Ignore redundant display event 0/4 to 10314/23682
01-06 10:58:29.117  2321  3572 D DisplayManagerService: Ignore redundant display event 0/4 to 10330/25186
01-06 10:58:29.117  2321  3572 D DisplayManagerService: Ignore redundant display event 0/4 to 10167/26602
01-06 10:58:29.117  2321  3572 D DisplayManagerService: Ignore redundant display event 0/4 to 10167/26765
01-06 10:58:29.117  2321  3572 D DisplayManagerService: Ignore redundant display event 0/4 to 10321/32042
01-06 10:58:29.133  2321  3641 D DpcExtImpl[0]: onchange selfChange=false state=ON uri=content://settings/system/screen_brightness
01-06 10:58:29.135  2321  3572 D DisplayManagerService: Ignore redundant display event 0/4 to 10106/8757
01-06 10:58:29.135  2321  3572 D DisplayManagerService: Ignore redundant display event 0/4 to 10818/18009
01-06 10:58:29.135  2321  3572 D DisplayManagerService: Ignore redundant display event 0/4 to 10287/18079
01-06 10:58:29.135  2321  3572 D DisplayManagerService: Ignore redundant display event 0/4 to 10363/19144
01-06 10:58:29.135  2321  3572 D DisplayManagerService: Ignore redundant display event 0/4 to 10314/23682
01-06 10:58:29.135  2321  3572 D DisplayManagerService: Ignore redundant display event 0/4 to 10330/25186
01-06 10:58:29.135  2321  3572 D DisplayManagerService: Ignore redundant display event 0/4 to 10167/26602
01-06 10:58:29.135  2321  3572 D DisplayManagerService: Ignore redundant display event 0/4 to 10167/26765
01-06 10:58:29.135  2321  3572 D DisplayManagerService: Ignore redundant display event 0/4 to 10321/32042
01-06 10:58:29.150  2321  3641 D DpcExtImpl[0]: onchange selfChange=false state=ON uri=content://settings/system/screen_brightness
01-06 10:58:29.153  2321  3572 D DisplayManagerService: Ignore redundant display event 0/4 to 10106/8757
01-06 10:58:29.153  2321  3572 D DisplayManagerService: Ignore redundant display event 0/4 to 10818/18009
01-06 10:58:29.153  2321  3572 D DisplayManagerService: Ignore redundant display event 0/4 to 10287/18079
01-06 10:58:29.153  2321  3572 D DisplayManagerService: Ignore redundant display event 0/4 to 10363/19144
01-06 10:58:29.153  2321  3572 D DisplayManagerService: Ignore redundant display event 0/4 to 10314/23682
01-06 10:58:29.153  2321  3572 D DisplayManagerService: Ignore redundant display event 0/4 to 10330/25186
01-06 10:58:29.153  2321  3572 D DisplayManagerService: Ignore redundant display event 0/4 to 10167/26602
01-06 10:58:29.153  2321  3572 D DisplayManagerService: Ignore redundant display event 0/4 to 10167/26765
01-06 10:58:29.153  2321  3572 D DisplayManagerService: Ignore redundant display event 0/4 to 10321/32042
01-06 10:58:29.165  2321  3641 D DpcExtImpl[0]: onchange selfChange=false state=ON uri=content://settings/system/screen_brightness
01-06 10:58:29.168  2321  3572 D DisplayManagerService: Ignore redundant display event 0/4 to 10106/8757
01-06 10:58:29.168  2321  3572 D DisplayManagerService: Ignore redundant display event 0/4 to 10818/18009
01-06 10:58:29.168  2321  3572 D DisplayManagerService: Ignore redundant display event 0/4 to 10287/18079
01-06 10:58:29.168  2321  3572 D DisplayManagerService: Ignore redundant display event 0/4 to 10363/19144
01-06 10:58:29.168  2321  3572 D DisplayManagerService: Ignore redundant display event 0/4 to 10314/23682
01-06 10:58:29.168  2321  3572 D DisplayManagerService: Ignore redundant display event 0/4 to 10330/25186
01-06 10:58:29.168  2321  3572 D DisplayManagerService: Ignore redundant display event 0/4 to 10167/26602
01-06 10:58:29.168  2321  3572 D DisplayManagerService: Ignore redundant display event 0/4 to 10167/26765
01-06 10:58:29.169  2321  3572 D DisplayManagerService: Ignore redundant display event 0/4 to 10321/32042
01-06 10:58:29.186  2321  3641 D DpcExtImpl[0]: onchange selfChange=false state=ON uri=content://settings/system/screen_brightness
01-06 10:58:29.187  2321  3572 D DisplayManagerService: Ignore redundant display event 0/4 to 10106/8757
01-06 10:58:29.187  2321  3572 D DisplayManagerService: Ignore redundant display event 0/4 to 10818/18009
01-06 10:58:29.187  2321  3572 D DisplayManagerService: Ignore redundant display event 0/4 to 10287/18079
01-06 10:58:29.187  2321  3572 D DisplayManagerService: Ignore redundant display event 0/4 to 10363/19144
01-06 10:58:29.187  2321  3572 D DisplayManagerService: Ignore redundant display event 0/4 to 10314/23682
01-06 10:58:29.187  2321  3572 D DisplayManagerService: Ignore redundant display event 0/4 to 10330/25186
01-06 10:58:29.187  2321  3572 D DisplayManagerService: Ignore redundant display event 0/4 to 10167/26602
01-06 10:58:29.187  2321  3572 D DisplayManagerService: Ignore redundant display event 0/4 to 10167/26765
01-06 10:58:29.187  2321  3572 D DisplayManagerService: Ignore redundant display event 0/4 to 10321/32042
01-06 10:58:29.197  2321  3641 D DpcExtImpl[0]: onchange selfChange=false state=ON uri=content://settings/system/screen_brightness
01-06 10:58:29.198  2321  3572 D DisplayManagerService: Ignore redundant display event 0/4 to 10106/8757
01-06 10:58:29.198  2321  3572 D DisplayManagerService: Ignore redundant display event 0/4 to 10818/18009
01-06 10:58:29.198  2321  3572 D DisplayManagerService: Ignore redundant display event 0/4 to 10287/18079
01-06 10:58:29.198  2321  3572 D DisplayManagerService: Ignore redundant display event 0/4 to 10363/19144
01-06 10:58:29.198  2321  3572 D DisplayManagerService: Ignore redundant display event 0/4 to 10314/23682
01-06 10:58:29.198  2321  3572 D DisplayManagerService: Ignore redundant display event 0/4 to 10330/25186
01-06 10:58:29.198  2321  3572 D DisplayManagerService: Ignore redundant display event 0/4 to 10167/26602
01-06 10:58:29.198  2321  3572 D DisplayManagerService: Ignore redundant display event 0/4 to 10167/26765
01-06 10:58:29.198  2321  3572 D DisplayManagerService: Ignore redundant display event 0/4 to 10321/32042
01-06 10:58:29.213  2321  3641 D DpcExtImpl[0]: onchange selfChange=false state=ON uri=content://settings/system/screen_brightness
01-06 10:58:29.214  2321  3572 D DisplayManagerService: Ignore redundant display event 0/4 to 10106/8757
01-06 10:58:29.214  2321  3572 D DisplayManagerService: Ignore redundant display event 0/4 to 10818/18009
01-06 10:58:29.214  2321  3572 D DisplayManagerService: Ignore redundant display event 0/4 to 10287/18079
01-06 10:58:29.215  2321  3572 D DisplayManagerService: Ignore redundant display event 0/4 to 10363/19144
01-06 10:58:29.215  2321  3572 D DisplayManagerService: Ignore redundant display event 0/4 to 10314/23682
01-06 10:58:29.215  2321  3572 D DisplayManagerService: Ignore redundant display event 0/4 to 10330/25186
01-06 10:58:29.215  2321  3572 D DisplayManagerService: Ignore redundant display event 0/4 to 10167/26602
01-06 10:58:29.215  2321  3572 D DisplayManagerService: Ignore redundant display event 0/4 to 10167/26765
01-06 10:58:29.215  2321  3572 D DisplayManagerService: Ignore redundant display event 0/4 to 10321/32042
01-06 10:58:29.229  2321  3641 D DpcExtImpl[0]: onchange selfChange=false state=ON uri=content://settings/system/screen_brightness
01-06 10:58:29.230  2321  3572 D DisplayManagerService: Ignore redundant display event 0/4 to 10106/8757
01-06 10:58:29.230  2321  3572 D DisplayManagerService: Ignore redundant display event 0/4 to 10818/18009
01-06 10:58:29.230  2321  3572 D DisplayManagerService: Ignore redundant display event 0/4 to 10287/18079
01-06 10:58:29.230  2321  3572 D DisplayManagerService: Ignore redundant display event 0/4 to 10363/19144
01-06 10:58:29.230  2321  3572 D DisplayManagerService: Ignore redundant display event 0/4 to 10314/23682
01-06 10:58:29.230  2321  3572 D DisplayManagerService: Ignore redundant display event 0/4 to 10330/25186
01-06 10:58:29.230  2321  3572 D DisplayManagerService: Ignore redundant display event 0/4 to 10167/26602
01-06 10:58:29.230  2321  3572 D DisplayManagerService: Ignore redundant display event 0/4 to 10167/26765
01-06 10:58:29.230  2321  3572 D DisplayManagerService: Ignore redundant display event 0/4 to 10321/32042
01-06 10:58:29.248  2321  3641 D DpcExtImpl[0]: onchange selfChange=false state=ON uri=content://settings/system/screen_brightness
01-06 10:58:29.249  2321  3572 D DisplayManagerService: Ignore redundant display event 0/4 to 10106/8757
01-06 10:58:29.249  2321  3572 D DisplayManagerService: Ignore redundant display event 0/4 to 10818/18009
01-06 10:58:29.249  2321  3572 D DisplayManagerService: Ignore redundant display event 0/4 to 10287/18079
01-06 10:58:29.249  2321  3572 D DisplayManagerService: Ignore redundant display event 0/4 to 10363/19144
01-06 10:58:29.249  2321  3572 D DisplayManagerService: Ignore redundant display event 0/4 to 10314/23682
01-06 10:58:29.249  2321  3572 D DisplayManagerService: Ignore redundant display event 0/4 to 10330/25186
01-06 10:58:29.249  2321  3572 D DisplayManagerService: Ignore redundant display event 0/4 to 10167/26602
01-06 10:58:29.249  2321  3572 D DisplayManagerService: Ignore redundant display event 0/4 to 10167/26765
01-06 10:58:29.249  2321  3572 D DisplayManagerService: Ignore redundant display event 0/4 to 10321/32042
01-06 10:58:29.270  2321  3641 D DpcExtImpl[0]: onchange selfChange=false state=ON uri=content://settings/system/screen_brightness
01-06 10:58:29.271  2321  3572 D DisplayManagerService: Ignore redundant display event 0/4 to 10106/8757
01-06 10:58:29.271  2321  3572 D DisplayManagerService: Ignore redundant display event 0/4 to 10818/18009
01-06 10:58:29.271  2321  3572 D DisplayManagerService: Ignore redundant display event 0/4 to 10287/18079
01-06 10:58:29.271  2321  3572 D DisplayManagerService: Ignore redundant display event 0/4 to 10363/19144
01-06 10:58:29.271  2321  3572 D DisplayManagerService: Ignore redundant display event 0/4 to 10314/23682
01-06 10:58:29.271  2321  3572 D DisplayManagerService: Ignore redundant display event 0/4 to 10330/25186
01-06 10:58:29.271  2321  3572 D DisplayManagerService: Ignore redundant display event 0/4 to 10167/26602
01-06 10:58:29.271  2321  3572 D DisplayManagerService: Ignore redundant display event 0/4 to 10167/26765
01-06 10:58:29.271  2321  3572 D DisplayManagerService: Ignore redundant display event 0/4 to 10321/32042
01-06 10:58:29.282  2321  3641 D DpcExtImpl[0]: onchange selfChange=false state=ON uri=content://settings/system/screen_brightness
01-06 10:58:29.284  2321  3572 D DisplayManagerService: Ignore redundant display event 0/4 to 10106/8757
01-06 10:58:29.284  2321  3572 D DisplayManagerService: Ignore redundant display event 0/4 to 10818/18009
01-06 10:58:29.284  2321  3572 D DisplayManagerService: Ignore redundant display event 0/4 to 10287/18079
01-06 10:58:29.284  2321  3572 D DisplayManagerService: Ignore redundant display event 0/4 to 10363/19144
01-06 10:58:29.284  2321  3572 D DisplayManagerService: Ignore redundant display event 0/4 to 10314/23682
01-06 10:58:29.284  2321  3572 D DisplayManagerService: Ignore redundant display event 0/4 to 10330/25186
01-06 10:58:29.284  2321  3572 D DisplayManagerService: Ignore redundant display event 0/4 to 10167/26602
01-06 10:58:29.284  2321  3572 D DisplayManagerService: Ignore redundant display event 0/4 to 10167/26765
01-06 10:58:29.284  2321  3572 D DisplayManagerService: Ignore redundant display event 0/4 to 10321/32042
01-06 10:58:29.297  2321  3641 D DpcExtImpl[0]: onchange selfChange=false state=ON uri=content://settings/system/screen_brightness
01-06 10:58:29.299  2321  3572 D DisplayManagerService: Ignore redundant display event 0/4 to 10106/8757
01-06 10:58:29.300  2321  3572 D DisplayManagerService: Ignore redundant display event 0/4 to 10818/18009
01-06 10:58:29.300  2321  3572 D DisplayManagerService: Ignore redundant display event 0/4 to 10287/18079
01-06 10:58:29.300  2321  3572 D DisplayManagerService: Ignore redundant display event 0/4 to 10363/19144
01-06 10:58:29.300  2321  3572 D DisplayManagerService: Ignore redundant display event 0/4 to 10314/23682
01-06 10:58:29.300  2321  3572 D DisplayManagerService: Ignore redundant display event 0/4 to 10330/25186
01-06 10:58:29.300  2321  3572 D DisplayManagerService: Ignore redundant display event 0/4 to 10167/26602
01-06 10:58:29.300  2321  3572 D DisplayManagerService: Ignore redundant display event 0/4 to 10167/26765
01-06 10:58:29.300  2321  3572 D DisplayManagerService: Ignore redundant display event 0/4 to 10321/32042
01-06 10:58:29.318  2321  3641 D DpcExtImpl[0]: onchange selfChange=false state=ON uri=content://settings/system/screen_brightness
01-06 10:58:29.319  2321  3572 D DisplayManagerService: Ignore redundant display event 0/4 to 10106/8757
01-06 10:58:29.319  2321  3572 D DisplayManagerService: Ignore redundant display event 0/4 to 10818/18009
01-06 10:58:29.319  2321  3572 D DisplayManagerService: Ignore redundant display event 0/4 to 10287/18079
01-06 10:58:29.319  2321  3572 D DisplayManagerService: Ignore redundant display event 0/4 to 10363/19144
01-06 10:58:29.319  2321  3572 D DisplayManagerService: Ignore redundant display event 0/4 to 10314/23682
01-06 10:58:29.319  2321  3572 D DisplayManagerService: Ignore redundant display event 0/4 to 10330/25186
01-06 10:58:29.319  2321  3572 D DisplayManagerService: Ignore redundant display event 0/4 to 10167/26602
01-06 10:58:29.319  2321  3572 D DisplayManagerService: Ignore redundant display event 0/4 to 10167/26765
01-06 10:58:29.319  2321  3572 D DisplayManagerService: Ignore redundant display event 0/4 to 10321/32042
01-06 10:58:29.331  2321  3641 D DpcExtImpl[0]: onchange selfChange=false state=ON uri=content://settings/system/screen_brightness
01-06 10:58:29.332  2321  3572 D DisplayManagerService: Ignore redundant display event 0/4 to 10106/8757
01-06 10:58:29.333  2321  3572 D DisplayManagerService: Ignore redundant display event 0/4 to 10818/18009
01-06 10:58:29.333  2321  3572 D DisplayManagerService: Ignore redundant display event 0/4 to 10287/18079
01-06 10:58:29.333  2321  3572 D DisplayManagerService: Ignore redundant display event 0/4 to 10363/19144
01-06 10:58:29.333  2321  3572 D DisplayManagerService: Ignore redundant display event 0/4 to 10314/23682
01-06 10:58:29.333  2321  3572 D DisplayManagerService: Ignore redundant display event 0/4 to 10330/25186
01-06 10:58:29.333  2321  3572 D DisplayManagerService: Ignore redundant display event 0/4 to 10167/26602
01-06 10:58:29.333  2321  3572 D DisplayManagerService: Ignore redundant display event 0/4 to 10167/26765
01-06 10:58:29.333  2321  3572 D DisplayManagerService: Ignore redundant display event 0/4 to 10321/32042
01-06 10:58:29.346  2321  3641 D DpcExtImpl[0]: onchange selfChange=false state=ON uri=content://settings/system/screen_brightness
01-06 10:58:29.348  2321  3572 D DisplayManagerService: Ignore redundant display event 0/4 to 10106/8757
01-06 10:58:29.348  2321  3572 D DisplayManagerService: Ignore redundant display event 0/4 to 10818/18009
01-06 10:58:29.348  2321  3572 D DisplayManagerService: Ignore redundant display event 0/4 to 10287/18079
01-06 10:58:29.348  2321  3572 D DisplayManagerService: Ignore redundant display event 0/4 to 10363/19144
01-06 10:58:29.348  2321  3572 D DisplayManagerService: Ignore redundant display event 0/4 to 10314/23682
01-06 10:58:29.348  2321  3572 D DisplayManagerService: Ignore redundant display event 0/4 to 10330/25186
01-06 10:58:29.348  2321  3572 D DisplayManagerService: Ignore redundant display event 0/4 to 10167/26602
01-06 10:58:29.348  2321  3572 D DisplayManagerService: Ignore redundant display event 0/4 to 10167/26765
01-06 10:58:29.348  2321  3572 D DisplayManagerService: Ignore redundant display event 0/4 to 10321/32042
01-06 10:58:29.362  2321  3641 D DpcExtImpl[0]: onchange selfChange=false state=ON uri=content://settings/system/screen_brightness
01-06 10:58:29.363  2321  3572 D DisplayManagerService: Ignore redundant display event 0/4 to 10106/8757
01-06 10:58:29.363  2321  3572 D DisplayManagerService: Ignore redundant display event 0/4 to 10818/18009
