01-06 10:58:29.363  2321  3572 D DisplayManagerService: Ignore redundant display event 0/4 to 10287/18079
01-06 10:58:29.363  2321  3572 D DisplayManagerService: Ignore redundant display event 0/4 to 10363/19144
01-06 10:58:29.363  2321  3572 D DisplayManagerService: Ignore redundant display event 0/4 to 10314/23682
01-06 10:58:29.363  2321  3572 D DisplayManagerService: Ignore redundant display event 0/4 to 10330/25186
01-06 10:58:29.363  2321  3572 D DisplayManagerService: Ignore redundant display event 0/4 to 10167/26602
01-06 10:58:29.363  2321  3572 D DisplayManagerService: Ignore redundant display event 0/4 to 10167/26765
01-06 10:58:29.363  2321  3572 D DisplayManagerService: Ignore redundant display event 0/4 to 10321/32042
01-06 10:58:29.383  2321  3641 D DpcExtImpl[0]: onchange selfChange=false state=ON uri=content://settings/system/screen_brightness
01-06 10:58:29.384  2321  3572 D DisplayManagerService: Ignore redundant display event 0/4 to 10106/8757
01-06 10:58:29.384  2321  3572 D DisplayManagerService: Ignore redundant display event 0/4 to 10818/18009
01-06 10:58:29.384  2321  3572 D DisplayManagerService: Ignore redundant display event 0/4 to 10287/18079
01-06 10:58:29.384  2321  3572 D DisplayManagerService: Ignore redundant display event 0/4 to 10363/19144
01-06 10:58:29.384  2321  3572 D DisplayManagerService: Ignore redundant display event 0/4 to 10314/23682
01-06 10:58:29.384  2321  3572 D DisplayManagerService: Ignore redundant display event 0/4 to 10330/25186
01-06 10:58:29.384  2321  3572 D DisplayManagerService: Ignore redundant display event 0/4 to 10167/26602
01-06 10:58:29.384  2321  3572 D DisplayManagerService: Ignore redundant display event 0/4 to 10167/26765
01-06 10:58:29.384  2321  3572 D DisplayManagerService: Ignore redundant display event 0/4 to 10321/32042
01-06 10:58:29.390  2321  3641 D OplusFeatureHDREnhanceBrightness: setAnimating : displayId[0]=false
01-06 10:58:29.390  2321  3641 D OplusFeatureReduceBrightness: setAnimating : animating = false
01-06 10:58:29.390  2321  3641 D OplusFeatureEdrEnhanceBrightness: setAnimating: false
01-06 10:58:29.390  2321  3641 D OplusFeaturePwEdrEnhanceBrightness: setAnimating: false
01-06 10:58:29.395  2321  3641 D DpcExtImpl[0]: onchange selfChange=false state=ON uri=content://settings/system/screen_brightness
01-06 10:58:29.396  2321  3572 D DisplayManagerService: Ignore redundant display event 0/4 to 10106/8757
01-06 10:58:29.396  2321  3572 D DisplayManagerService: Ignore redundant display event 0/4 to 10818/18009
01-06 10:58:29.396  2321  3572 D DisplayManagerService: Ignore redundant display event 0/4 to 10287/18079
01-06 10:58:29.396  2321  3572 D DisplayManagerService: Ignore redundant display event 0/4 to 10363/19144
01-06 10:58:29.396  2321  3572 D DisplayManagerService: Ignore redundant display event 0/4 to 10314/23682
01-06 10:58:29.396  2321  3572 D DisplayManagerService: Ignore redundant display event 0/4 to 10330/25186
01-06 10:58:29.396  2321  3572 D DisplayManagerService: Ignore redundant display event 0/4 to 10167/26602
01-06 10:58:29.396  2321  3572 D DisplayManagerService: Ignore redundant display event 0/4 to 10167/26765
01-06 10:58:29.396  2321  3572 D DisplayManagerService: Ignore redundant display event 0/4 to 10321/32042
01-06 10:58:29.631  2321  5706 W ActivityManager: Background start not allowed: service Intent { cmp=com.facebook.orca/com.facebook.mqtt.service.MqttServiceV2 (has extras) mCallingUid=10287 } to com.facebook.orca/com.facebook.mqtt.service.MqttServiceV2 from pid=18079 uid=10287 pkg=com.facebook.orca startFg?=false
01-06 10:58:30.533  2321  4069 D OplusSplitScreenManagerService: org.psyhackers.Ashera supportsSplitScreen by forceResizable activity return:true
01-06 10:58:30.538  2321  4069 D OplusSplitScreenManagerService: org.psyhackers.Ashera supportsSplitScreen by forceResizable activity return:true
01-06 10:58:31.398  2321  3643 D OplusSmartBrightnessController: handleMessage MSG_LUX_CHANGED, mLux:95.66782 luxQueue=[96.0, 96.0, 96.0, 96.0, 96.0, 95.0, 95.0, 95.0, 96.0]
01-06 10:58:32.477  2321  5706 D OplusSplitScreenManagerService: org.psyhackers.Ashera supportsSplitScreen by forceResizable activity return:true
01-06 10:58:33.557  2321  4069 D OplusSplitScreenManagerService: org.psyhackers.Ashera supportsSplitScreen by forceResizable activity return:true
01-06 10:58:33.565  2321  4069 D OplusSplitScreenManagerService: org.psyhackers.Ashera supportsSplitScreen by forceResizable activity return:true
01-06 10:58:33.800  2321  3643 D OplusSmartBrightnessController: handleMessage MSG_LUX_CHANGED, mLux:85.04574 luxQueue=[90.0, 90.0, 82.0, 83.0, 85.0, 84.0, 84.0, 84.0, 83.0]
01-06 10:58:35.199  2321  3643 D OplusSmartBrightnessController: handleMessage MSG_LUX_CHANGED, mLux:83.57289 luxQueue=[84.0, 83.0, 84.0, 84.0, 83.0, 83.0, 84.0]
01-06 10:58:36.584  2321  4069 D OplusSplitScreenManagerService: org.psyhackers.Ashera supportsSplitScreen by forceResizable activity return:true
01-06 10:58:36.592  2321  4069 D OplusSplitScreenManagerService: org.psyhackers.Ashera supportsSplitScreen by forceResizable activity return:true
01-06 10:58:36.800  2321  3643 D OplusSmartBrightnessController: handleMessage MSG_LUX_CHANGED, mLux:84.60142 luxQueue=[84.0, 84.0, 85.0, 85.0, 85.0]
01-06 10:58:37.480  2321  3741 D OplusSplitScreenManagerService: org.psyhackers.Ashera supportsSplitScreen by forceResizable activity return:true
01-06 10:58:37.800  2321  3643 D OplusSmartBrightnessController: handleMessage MSG_LUX_CHANGED, mLux:85.0 luxQueue=[85.0, 85.0, 85.0, 85.0, 85.0]
01-06 10:58:37.801  2321  3643 D OplusDisplayBrightnessGuardStrategy: handleUpdateBrightness getNextPoint[-1],LargeChanged:false,isRegressionDefaultSpline:false,full:true,HBM:false,count=3,point:(85.0, 83.603325, 3787.0073),target:(171.0, 95.1504, 4035.4492),drag:null,large[31.0,472.0],small[87.0,351.6]
01-06 10:58:37.801  2321  3643 D OplusSmartBrightnessController: handleUpdateBrightness brightness changed display[-1]:(171.0, 95.1504, 4035.4492)->(85.0, 83.603325, 3787.0073),isReset=false lux=85.0 luxQ=[85.0, 85.0, 85.0, 85.0, 85.0],drag:null
01-06 10:58:37.802  2321  3643 I OplusSmartBrightnessController: update target brightness point to : (171.0, 95.1504, 4035.4492)->(85.0, 83.603325, 3787.0073)
01-06 10:58:37.802  2321  3643 I OplusDisplayBrightnessGuardStrategy: updateGuardStrategy update guard point: (85.0, 83.603325, 3787.0073)
01-06 10:58:37.803  2321  3643 I OplusDisplayBrightnessGuardStrategy: updateGuardStrategy large lux threshold[-1]=[(16.666668, 42.626488, 2751.2236), (300.0, 108.03259, 4279.4316) ]
01-06 10:58:37.803  2321  3643 I OplusDisplayBrightnessGuardStrategy: updateGuardStrategy small lux threshold[-1]=[(44.0, 76.139824, 3623.23), (214.0, 99.497505, 4118.043) ]
01-06 10:58:37.804  2321  3643 I OplusSmartBrightnessController: onTargetBrightnessChange brightness change to (85.0, 83.603325, 3787.0073)
01-06 10:58:37.805  2321  3641 I ColorAutomaticBrightnessController: updateAutoBrightness: Auto, sendUpdate = true adjustment=16060.784180,changed:4035->3787,modified:3787->3787->3787,changed=true,cameraMode=0,ProximityNear=false
01-06 10:58:37.806  2321  3641 I OplusSmartBrightnessController: handleBrightnessTotalRateType displayId[0]=dim->automatic
01-06 10:58:37.806  2321  3641 I OplusSmartBrightnessController: handleBrightnessTotalRateType displayId[0]=automatic->dim
01-06 10:58:37.808  2321  3641 D DpcExtImpl[0]: Animating brightness: target=16->16,rate=123->25,type=dim,byUse=false local:4630946950956839810
01-06 10:58:38.998  2321  3643 D OplusSmartBrightnessController: handleMessage MSG_LUX_CHANGED, mLux:85.501465 luxQueue=[86.0, 86.0, 85.0, 85.0, 85.0, 86.0]
01-06 10:58:39.602  2321  4069 D OplusSplitScreenManagerService: org.psyhackers.Ashera supportsSplitScreen by forceResizable activity return:true
01-06 10:58:39.610  2321  4069 D OplusSplitScreenManagerService: org.psyhackers.Ashera supportsSplitScreen by forceResizable activity return:true
01-06 10:58:39.797  2321  3643 D OplusSmartBrightnessController: handleMessage MSG_LUX_CHANGED, mLux:88.75105 luxQueue=[88.0, 89.0, 89.0, 89.0]
01-06 10:58:40.999  2321  3643 D OplusSmartBrightnessController: handleMessage MSG_LUX_CHANGED, mLux:87.01149 luxQueue=[88.0, 88.0, 88.0, 88.0, 85.0, 85.0]
01-06 10:58:42.398  2321  3643 D OplusSmartBrightnessController: handleMessage MSG_LUX_CHANGED, mLux:84.315735 luxQueue=[86.0, 86.0, 86.0, 86.0, 84.0, 80.0, 82.0]
01-06 10:58:42.486  2321  5753 D OplusSplitScreenManagerService: org.psyhackers.Ashera supportsSplitScreen by forceResizable activity return:true
01-06 10:58:42.612  2321  4069 D OplusSplitScreenManagerService: org.psyhackers.Ashera supportsSplitScreen by forceResizable activity return:true
01-06 10:58:42.617  2321  4069 D OplusSplitScreenManagerService: org.psyhackers.Ashera supportsSplitScreen by forceResizable activity return:true
01-06 10:58:43.799  2321  3643 D OplusSmartBrightnessController: handleMessage MSG_LUX_CHANGED, mLux:82.43179 luxQueue=[82.0, 82.0, 83.0, 82.0, 82.0, 82.0, 84.0]
01-06 10:58:44.798  2321  3643 D OplusSmartBrightnessController: handleMessage MSG_LUX_CHANGED, mLux:85.20094 luxQueue=[86.0, 85.0, 85.0, 85.0, 85.0]
01-06 10:58:45.728  2321  4069 D OplusSplitScreenManagerService: org.psyhackers.Ashera supportsSplitScreen by forceResizable activity return:true
01-06 10:58:45.736  2321  4069 D OplusSplitScreenManagerService: org.psyhackers.Ashera supportsSplitScreen by forceResizable activity return:true
01-06 10:58:46.000  2321  3643 D OplusSmartBrightnessController: handleMessage MSG_LUX_CHANGED, mLux:85.0 luxQueue=[85.0, 85.0, 85.0, 85.0, 85.0, 85.0]
01-06 10:58:47.200  2321  3643 D OplusSmartBrightnessController: handleMessage MSG_LUX_CHANGED, mLux:86.80322 luxQueue=[86.0, 86.0, 87.0, 88.0, 87.0]
01-06 10:58:47.489  2321  5706 D OplusSplitScreenManagerService: org.psyhackers.Ashera supportsSplitScreen by forceResizable activity return:true
01-06 10:58:48.751  2321  4069 D OplusSplitScreenManagerService: org.psyhackers.Ashera supportsSplitScreen by forceResizable activity return:true
01-06 10:58:48.758  2321  4069 D OplusSplitScreenManagerService: org.psyhackers.Ashera supportsSplitScreen by forceResizable activity return:true
01-06 10:58:49.198  2321  3643 D OplusSmartBrightnessController: handleMessage MSG_LUX_CHANGED, mLux:83.510475 luxQueue=[85.0, 85.0, 81.0, 82.0, 83.0, 84.0, 84.0, 84.0]
01-06 10:58:50.598  2321  3643 D OplusSmartBrightnessController: handleMessage MSG_LUX_CHANGED, mLux:86.40602 luxQueue=[85.0, 86.0, 86.0, 88.0, 87.0]
01-06 10:58:51.770  2321  4069 D OplusSplitScreenManagerService: org.psyhackers.Ashera supportsSplitScreen by forceResizable activity return:true
01-06 10:58:51.774  2321  4069 D OplusSplitScreenManagerService: org.psyhackers.Ashera supportsSplitScreen by forceResizable activity return:true
01-06 10:58:52.494  2321  5753 D OplusSplitScreenManagerService: org.psyhackers.Ashera supportsSplitScreen by forceResizable activity return:true
01-06 10:58:52.600  2321  3643 D OplusSmartBrightnessController: handleMessage MSG_LUX_CHANGED, mLux:91.722404 luxQueue=[87.0, 88.0, 92.0, 93.0, 94.0, 96.0]
01-06 10:58:53.599  2321  3643 D OplusSmartBrightnessController: handleMessage MSG_LUX_CHANGED, mLux:96.802895 luxQueue=[96.0, 97.0, 96.0, 97.0, 98.0]
01-06 10:58:54.598  2321  3643 D OplusSmartBrightnessController: handleMessage MSG_LUX_CHANGED, mLux:98.0 luxQueue=[98.0, 98.0, 98.0, 98.0, 98.0]
01-06 10:58:54.786  2321  4069 D OplusSplitScreenManagerService: org.psyhackers.Ashera supportsSplitScreen by forceResizable activity return:true
01-06 10:58:54.838  2321  4069 D OplusSplitScreenManagerService: org.psyhackers.Ashera supportsSplitScreen by forceResizable activity return:true
01-06 10:58:55.401  2321  3643 D OplusSmartBrightnessController: handleMessage MSG_LUX_CHANGED, mLux:98.750946 luxQueue=[99.0, 98.0, 99.0, 99.0]
01-06 10:58:56.600  2321  3643 D OplusSmartBrightnessController: handleMessage MSG_LUX_CHANGED, mLux:99.40121 luxQueue=[99.0, 100.0, 99.0, 100.0, 99.0]
01-06 10:58:57.496  2321  5706 D OplusSplitScreenManagerService: org.psyhackers.Ashera supportsSplitScreen by forceResizable activity return:true
01-06 10:58:57.812  2321  4069 D OplusSplitScreenManagerService: org.psyhackers.Ashera supportsSplitScreen by forceResizable activity return:true
01-06 10:58:57.820  2321  4069 D OplusSplitScreenManagerService: org.psyhackers.Ashera supportsSplitScreen by forceResizable activity return:true
01-06 10:58:59.200  2321  3643 D OplusSmartBrightnessController: handleMessage MSG_LUX_CHANGED, mLux:121.17206 luxQueue=[102.0, 115.0, 115.0, 127.0, 132.0, 133.0]
01-06 10:59:00.000  2321  3881 V AlarmManager: sending alarm Alarm{eba4667 type 3 origWhen 171724945 whenElapsed 171724945 android} uid 1000 whenElapsed 171724945 windowLength 0 maxWhenElapsed 171724945 repeatInterval 0 action null component null tag TIME_TICK flags 0x9 procName system_server
01-06 10:59:00.044  2321  3741 E OplusCustomizeRestrictionManagerService: isBiometricDisabled start
01-06 10:59:00.699  2321  3641 D ColorAutomaticBrightnessController: Proximity Sensor Changed, current state:near
01-06 10:59:00.834  2321  4069 D OplusSplitScreenManagerService: org.psyhackers.Ashera supportsSplitScreen by forceResizable activity return:true
01-06 10:59:00.842  2321  4069 D OplusSplitScreenManagerService: org.psyhackers.Ashera supportsSplitScreen by forceResizable activity return:true
01-06 10:59:01.200  2321  3641 D ColorAutomaticBrightnessController: MSG_PROXIMITY_CHANGE near
01-06 10:59:01.200  2321  3641 D OplusSmartBrightnessController: lock AIBrightnessModel, because of proximity near
01-06 10:59:01.599  2321  3643 D OplusSmartBrightnessController: handleMessage MSG_LUX_CHANGED, mLux:70.374886 luxQueue=[121.0, 52.0, 52.0, 51.0, 49.0, 51.0, 65.0, 88.0]
01-06 10:59:01.599  2321  3643 I OplusSmartBrightnessController: handleUpdateBrightness, don`t update bright because system has been locked by proximity.
01-06 10:59:01.630  2321  3641 D ColorAutomaticBrightnessController: Proximity Sensor Changed, current state:Far
01-06 10:59:01.832  2321  3909 D PowerManagerService: userActivityNoUpdateLocked: groupId=0, eventTime=157097213, event=touch, flags=0x0, uid=1000
01-06 10:59:01.833  2321  3909 D DisplayPowerController[0]: requestPowerState: policy=BRIGHT, useProximitySensor=false, screenBrightnessOverride=-1.0, useAutoBrightness=false, screenAutoBrightnessAdjustmentOverride=NaN, screenLowPowerBrightnessFactor=1.0, blockScreenOn=false, lowPowerMode=false, boostScreenBrightness=false, dozeScreenBrightness=NaN, dozeScreenState=UNKNOWN, waitForNegativeProximity=false displayReady=false pendingRequest=true
01-06 10:59:01.833  2321  3909 D DisplayManagerServiceExtImpl: request size(1,1),dpc=com.android.server.display.DisplayPowerController@ce9daf6 size(0,1),flags=0X200F,id(0,0,local:4630946950956839810),enable=true,ready=false,waitForNegativeProximity=false policy=BRIGHT,useProximitySensor=false,dozeState=UNKNOWN,screenBrightnessOverride=-1.000000,useAuto=false,lowPower=false,lowPowerFactor=1.000000
01-06 10:59:01.838  2321  3641 I OplusSmartBrightnessController: handleBrightnessTotalRateType displayId[0]=dim->automatic
01-06 10:59:01.838  2321  3641 D OplusFeatureHDREnhanceBrightness: setAnimating : displayId[0]=true
01-06 10:59:01.838  2321  3641 D OplusFeatureReduceBrightness: setAnimating : animating = true
01-06 10:59:01.838  2321  3641 D OplusFeatureEdrEnhanceBrightness: setAnimating: true
01-06 10:59:01.838  2321  3641 D OplusFeaturePwEdrEnhanceBrightness: setAnimating: true
01-06 10:59:01.839  2321  3641 D DpcExtImpl[0]: Animating brightness: target=16->3787,rate=25->6400,type=automatic,byUse=false local:4630946950956839810
01-06 10:59:01.839  2321  3641 D DpcExtImpl[0]: RECORD:onUpdatePowerState policy:3 state:2 brightness:3787
01-06 10:59:01.840  2321  3641 D DisplayPowerController[0]: updatePowerStateInternal policy:DIM->BRIGHT,state:ON->ON policy=BRIGHT, useProximitySensor=false, screenBrightnessOverride=-1.0, useAutoBrightness=false, screenAutoBrightnessAdjustmentOverride=NaN, screenLowPowerBrightnessFactor=1.0, blockScreenOn=false, lowPowerMode=false, boostScreenBrightness=false, dozeScreenBrightness=NaN, dozeScreenState=UNKNOWN
01-06 10:59:01.851  2321  3641 D DpcExtImpl[0]: onchange selfChange=false state=ON uri=content://settings/system/screen_brightness
01-06 10:59:01.852  2321  3641 D DpcExtImpl[0]: Animating brightness: target=3787->3787,rate=6400->25,type=automatic,byUse=false local:4630946950956839810
01-06 10:59:01.853  2321  3572 D DisplayManagerService: Ignore redundant display event 0/4 to 10106/8757
01-06 10:59:01.853  2321  3572 D DisplayManagerService: Ignore redundant display event 0/4 to 10818/18009
01-06 10:59:01.853  2321  3572 D DisplayManagerService: Ignore redundant display event 0/4 to 10287/18079
01-06 10:59:01.853  2321  3572 D DisplayManagerService: Ignore redundant display event 0/4 to 10363/19144
01-06 10:59:01.853  2321  3572 D DisplayManagerService: Ignore redundant display event 0/4 to 10314/23682
01-06 10:59:01.853  2321  3572 D DisplayManagerService: Ignore redundant display event 0/4 to 10330/25186
01-06 10:59:01.853  2321  3572 D DisplayManagerService: Ignore redundant display event 0/4 to 10167/26602
01-06 10:59:01.853  2321  3572 D DisplayManagerService: Ignore redundant display event 0/4 to 10167/26765
01-06 10:59:01.863  2321  3641 D DpcExtImpl[0]: onchange selfChange=false state=ON uri=content://settings/system/screen_brightness
01-06 10:59:01.867  2321  3572 D DisplayManagerService: Ignore redundant display event 0/4 to 10106/8757
01-06 10:59:01.867  2321  3572 D DisplayManagerService: Ignore redundant display event 0/4 to 10818/18009
01-06 10:59:01.867  2321  3572 D DisplayManagerService: Ignore redundant display event 0/4 to 10287/18079
01-06 10:59:01.867  2321  3572 D DisplayManagerService: Ignore redundant display event 0/4 to 10363/19144
01-06 10:59:01.868  2321  3572 D DisplayManagerService: Ignore redundant display event 0/4 to 10314/23682
01-06 10:59:01.868  2321  3572 D DisplayManagerService: Ignore redundant display event 0/4 to 10330/25186
01-06 10:59:01.868  2321  3572 D DisplayManagerService: Ignore redundant display event 0/4 to 10167/26602
01-06 10:59:01.868  2321  3572 D DisplayManagerService: Ignore redundant display event 0/4 to 10167/26765
01-06 10:59:01.879  2321  3641 D DpcExtImpl[0]: onchange selfChange=false state=ON uri=content://settings/system/screen_brightness
01-06 10:59:01.880  2321  3572 D DisplayManagerService: Ignore redundant display event 0/4 to 10106/8757
01-06 10:59:01.880  2321  3572 D DisplayManagerService: Ignore redundant display event 0/4 to 10818/18009
01-06 10:59:01.880  2321  3572 D DisplayManagerService: Ignore redundant display event 0/4 to 10287/18079
01-06 10:59:01.880  2321  3572 D DisplayManagerService: Ignore redundant display event 0/4 to 10363/19144
01-06 10:59:01.880  2321  3572 D DisplayManagerService: Ignore redundant display event 0/4 to 10314/23682
01-06 10:59:01.880  2321  3572 D DisplayManagerService: Ignore redundant display event 0/4 to 10330/25186
01-06 10:59:01.880  2321  3572 D DisplayManagerService: Ignore redundant display event 0/4 to 10167/26602
01-06 10:59:01.880  2321  3572 D DisplayManagerService: Ignore redundant display event 0/4 to 10167/26765
01-06 10:59:01.893  2321  3641 D DpcExtImpl[0]: onchange selfChange=false state=ON uri=content://settings/system/screen_brightness
01-06 10:59:01.897  2321  3572 D DisplayManagerService: Ignore redundant display event 0/4 to 10106/8757
01-06 10:59:01.897  2321  3572 D DisplayManagerService: Ignore redundant display event 0/4 to 10818/18009
01-06 10:59:01.897  2321  3572 D DisplayManagerService: Ignore redundant display event 0/4 to 10287/18079
01-06 10:59:01.897  2321  3572 D DisplayManagerService: Ignore redundant display event 0/4 to 10363/19144
01-06 10:59:01.897  2321  3572 D DisplayManagerService: Ignore redundant display event 0/4 to 10314/23682
01-06 10:59:01.897  2321  3572 D DisplayManagerService: Ignore redundant display event 0/4 to 10330/25186
01-06 10:59:01.897  2321  3572 D DisplayManagerService: Ignore redundant display event 0/4 to 10167/26602
01-06 10:59:01.897  2321  3572 D DisplayManagerService: Ignore redundant display event 0/4 to 10167/26765
01-06 10:59:01.910  2321  3641 D DpcExtImpl[0]: onchange selfChange=false state=ON uri=content://settings/system/screen_brightness
01-06 10:59:01.912  2321  3572 D DisplayManagerService: Ignore redundant display event 0/4 to 10106/8757
01-06 10:59:01.912  2321  3572 D DisplayManagerService: Ignore redundant display event 0/4 to 10818/18009
01-06 10:59:01.912  2321  3572 D DisplayManagerService: Ignore redundant display event 0/4 to 10287/18079
01-06 10:59:01.912  2321  3572 D DisplayManagerService: Ignore redundant display event 0/4 to 10363/19144
01-06 10:59:01.912  2321  3572 D DisplayManagerService: Ignore redundant display event 0/4 to 10314/23682
01-06 10:59:01.912  2321  3572 D DisplayManagerService: Ignore redundant display event 0/4 to 10330/25186
01-06 10:59:01.912  2321  3572 D DisplayManagerService: Ignore redundant display event 0/4 to 10167/26602
01-06 10:59:01.912  2321  3572 D DisplayManagerService: Ignore redundant display event 0/4 to 10167/26765
01-06 10:59:01.929  2321  3641 D DpcExtImpl[0]: onchange selfChange=false state=ON uri=content://settings/system/screen_brightness
01-06 10:59:01.930  2321  3572 D DisplayManagerService: Ignore redundant display event 0/4 to 10106/8757
01-06 10:59:01.930  2321  3572 D DisplayManagerService: Ignore redundant display event 0/4 to 10818/18009
01-06 10:59:01.930  2321  3572 D DisplayManagerService: Ignore redundant display event 0/4 to 10287/18079
01-06 10:59:01.930  2321  3572 D DisplayManagerService: Ignore redundant display event 0/4 to 10363/19144
01-06 10:59:01.930  2321  3572 D DisplayManagerService: Ignore redundant display event 0/4 to 10314/23682
01-06 10:59:01.930  2321  3572 D DisplayManagerService: Ignore redundant display event 0/4 to 10330/25186
01-06 10:59:01.930  2321  3572 D DisplayManagerService: Ignore redundant display event 0/4 to 10167/26602
01-06 10:59:01.930  2321  3572 D DisplayManagerService: Ignore redundant display event 0/4 to 10167/26765
01-06 10:59:01.936  2321  3909 D PowerManagerService: userActivityNoUpdateLocked: groupId=0, eventTime=157097319, event=touch, flags=0x0, uid=1000
01-06 10:59:01.944  2321  3641 D DpcExtImpl[0]: onchange selfChange=false state=ON uri=content://settings/system/screen_brightness
01-06 10:59:01.948  2321  3572 D DisplayManagerService: Ignore redundant display event 0/4 to 10106/8757
01-06 10:59:01.948  2321  3572 D DisplayManagerService: Ignore redundant display event 0/4 to 10818/18009
01-06 10:59:01.949  2321  3572 D DisplayManagerService: Ignore redundant display event 0/4 to 10287/18079
01-06 10:59:01.949  2321  3572 D DisplayManagerService: Ignore redundant display event 0/4 to 10363/19144
01-06 10:59:01.949  2321  3572 D DisplayManagerService: Ignore redundant display event 0/4 to 10314/23682
01-06 10:59:01.949  2321  3572 D DisplayManagerService: Ignore redundant display event 0/4 to 10330/25186
01-06 10:59:01.949  2321  3572 D DisplayManagerService: Ignore redundant display event 0/4 to 10167/26602
01-06 10:59:01.949  2321  3572 D DisplayManagerService: Ignore redundant display event 0/4 to 10167/26765
01-06 10:59:01.961  2321  3641 D DpcExtImpl[0]: onchange selfChange=false state=ON uri=content://settings/system/screen_brightness
01-06 10:59:01.962  2321  3572 D DisplayManagerService: Ignore redundant display event 0/4 to 10106/8757
01-06 10:59:01.962  2321  3572 D DisplayManagerService: Ignore redundant display event 0/4 to 10818/18009
01-06 10:59:01.962  2321  3572 D DisplayManagerService: Ignore redundant display event 0/4 to 10287/18079
01-06 10:59:01.962  2321  3572 D DisplayManagerService: Ignore redundant display event 0/4 to 10363/19144
01-06 10:59:01.962  2321  3572 D DisplayManagerService: Ignore redundant display event 0/4 to 10314/23682
01-06 10:59:01.962  2321  3572 D DisplayManagerService: Ignore redundant display event 0/4 to 10330/25186
01-06 10:59:01.962  2321  3572 D DisplayManagerService: Ignore redundant display event 0/4 to 10167/26602
01-06 10:59:01.962  2321  3572 D DisplayManagerService: Ignore redundant display event 0/4 to 10167/26765
01-06 10:59:01.962  2321  3599 D OplusSplitScreenManagerService: org.psyhackers.Ashera supportsSplitScreen by forceResizable activity return:true
01-06 10:59:01.979  2321  3641 D DpcExtImpl[0]: onchange selfChange=false state=ON uri=content://settings/system/screen_brightness
01-06 10:59:01.980  2321  3572 D DisplayManagerService: Ignore redundant display event 0/4 to 10106/8757
01-06 10:59:01.980  2321  3572 D DisplayManagerService: Ignore redundant display event 0/4 to 10818/18009
01-06 10:59:01.980  2321  3572 D DisplayManagerService: Ignore redundant display event 0/4 to 10287/18079
01-06 10:59:01.980  2321  3572 D DisplayManagerService: Ignore redundant display event 0/4 to 10363/19144
01-06 10:59:01.980  2321  3572 D DisplayManagerService: Ignore redundant display event 0/4 to 10314/23682
01-06 10:59:01.980  2321  3572 D DisplayManagerService: Ignore redundant display event 0/4 to 10330/25186
01-06 10:59:01.980  2321  3572 D DisplayManagerService: Ignore redundant display event 0/4 to 10167/26602
01-06 10:59:01.980  2321  3572 D DisplayManagerService: Ignore redundant display event 0/4 to 10167/26765
01-06 10:59:01.992  2321  3641 D DpcExtImpl[0]: onchange selfChange=false state=ON uri=content://settings/system/screen_brightness
01-06 10:59:01.993  2321  3572 D DisplayManagerService: Ignore redundant display event 0/4 to 10106/8757
01-06 10:59:01.994  2321  3572 D DisplayManagerService: Ignore redundant display event 0/4 to 10818/18009
01-06 10:59:01.994  2321  3572 D DisplayManagerService: Ignore redundant display event 0/4 to 10287/18079
01-06 10:59:01.994  2321  3572 D DisplayManagerService: Ignore redundant display event 0/4 to 10363/19144
01-06 10:59:01.994  2321  3572 D DisplayManagerService: Ignore redundant display event 0/4 to 10314/23682
01-06 10:59:01.994  2321  3572 D DisplayManagerService: Ignore redundant display event 0/4 to 10330/25186
01-06 10:59:01.994  2321  3572 D DisplayManagerService: Ignore redundant display event 0/4 to 10167/26602
01-06 10:59:01.994  2321  3572 D DisplayManagerService: Ignore redundant display event 0/4 to 10167/26765
01-06 10:59:02.008  2321  3641 D DpcExtImpl[0]: onchange selfChange=false state=ON uri=content://settings/system/screen_brightness
01-06 10:59:02.009  2321  3572 D DisplayManagerService: Ignore redundant display event 0/4 to 10106/8757
01-06 10:59:02.009  2321  3572 D DisplayManagerService: Ignore redundant display event 0/4 to 10818/18009
01-06 10:59:02.010  2321  3572 D DisplayManagerService: Ignore redundant display event 0/4 to 10287/18079
01-06 10:59:02.010  2321  3572 D DisplayManagerService: Ignore redundant display event 0/4 to 10363/19144
01-06 10:59:02.010  2321  3572 D DisplayManagerService: Ignore redundant display event 0/4 to 10314/23682
01-06 10:59:02.010  2321  3572 D DisplayManagerService: Ignore redundant display event 0/4 to 10330/25186
01-06 10:59:02.010  2321  3572 D DisplayManagerService: Ignore redundant display event 0/4 to 10167/26602
01-06 10:59:02.010  2321  3572 D DisplayManagerService: Ignore redundant display event 0/4 to 10167/26765
01-06 10:59:02.026  2321  3641 D DpcExtImpl[0]: onchange selfChange=false state=ON uri=content://settings/system/screen_brightness
01-06 10:59:02.028  2321  3572 D DisplayManagerService: Ignore redundant display event 0/4 to 10106/8757
01-06 10:59:02.028  2321  3572 D DisplayManagerService: Ignore redundant display event 0/4 to 10818/18009
01-06 10:59:02.028  2321  3572 D DisplayManagerService: Ignore redundant display event 0/4 to 10287/18079
01-06 10:59:02.028  2321  3572 D DisplayManagerService: Ignore redundant display event 0/4 to 10363/19144
01-06 10:59:02.028  2321  3572 D DisplayManagerService: Ignore redundant display event 0/4 to 10314/23682
01-06 10:59:02.028  2321  3572 D DisplayManagerService: Ignore redundant display event 0/4 to 10330/25186
01-06 10:59:02.028  2321  3572 D DisplayManagerService: Ignore redundant display event 0/4 to 10167/26602
01-06 10:59:02.028  2321  3572 D DisplayManagerService: Ignore redundant display event 0/4 to 10167/26765
01-06 10:59:02.042  2321  3641 D DpcExtImpl[0]: onchange selfChange=false state=ON uri=content://settings/system/screen_brightness
01-06 10:59:02.043  2321  3572 D DisplayManagerService: Ignore redundant display event 0/4 to 10106/8757
01-06 10:59:02.043  2321  3572 D DisplayManagerService: Ignore redundant display event 0/4 to 10818/18009
01-06 10:59:02.043  2321  3572 D DisplayManagerService: Ignore redundant display event 0/4 to 10287/18079
01-06 10:59:02.043  2321  3572 D DisplayManagerService: Ignore redundant display event 0/4 to 10363/19144
01-06 10:59:02.043  2321  3572 D DisplayManagerService: Ignore redundant display event 0/4 to 10314/23682
01-06 10:59:02.043  2321  3572 D DisplayManagerService: Ignore redundant display event 0/4 to 10330/25186
01-06 10:59:02.043  2321  3572 D DisplayManagerService: Ignore redundant display event 0/4 to 10167/26602
01-06 10:59:02.043  2321  3572 D DisplayManagerService: Ignore redundant display event 0/4 to 10167/26765
01-06 10:59:02.044  2321  3909 D PowerManagerService: userActivityNoUpdateLocked: groupId=0, eventTime=157097427, event=touch, flags=0x0, uid=1000
01-06 10:59:02.053  2321  3599 D OplusSplitScreenManagerService: org.psyhackers.Ashera supportsSplitScreen by forceResizable activity return:true
01-06 10:59:02.053  2321  3599 D OplusSplitScreenManagerService: org.psyhackers.Ashera supportsSplitScreen by forceResizable activity return:true
01-06 10:59:02.064  2321  3641 D DpcExtImpl[0]: onchange selfChange=false state=ON uri=content://settings/system/screen_brightness
01-06 10:59:02.065  2321  3572 D DisplayManagerService: Ignore redundant display event 0/4 to 10106/8757
01-06 10:59:02.065  2321  3572 D DisplayManagerService: Ignore redundant display event 0/4 to 10818/18009
01-06 10:59:02.065  2321  3572 D DisplayManagerService: Ignore redundant display event 0/4 to 10287/18079
01-06 10:59:02.065  2321  3572 D DisplayManagerService: Ignore redundant display event 0/4 to 10363/19144
01-06 10:59:02.065  2321  3572 D DisplayManagerService: Ignore redundant display event 0/4 to 10314/23682
01-06 10:59:02.065  2321  3572 D DisplayManagerService: Ignore redundant display event 0/4 to 10330/25186
01-06 10:59:02.065  2321  3572 D DisplayManagerService: Ignore redundant display event 0/4 to 10167/26602
01-06 10:59:02.065  2321  3572 D DisplayManagerService: Ignore redundant display event 0/4 to 10167/26765
01-06 10:59:02.075  2321  3641 D DpcExtImpl[0]: onchange selfChange=false state=ON uri=content://settings/system/screen_brightness
01-06 10:59:02.076  2321  3572 D DisplayManagerService: Ignore redundant display event 0/4 to 10106/8757
01-06 10:59:02.076  2321  3572 D DisplayManagerService: Ignore redundant display event 0/4 to 10818/18009
01-06 10:59:02.076  2321  3572 D DisplayManagerService: Ignore redundant display event 0/4 to 10287/18079
01-06 10:59:02.076  2321  3572 D DisplayManagerService: Ignore redundant display event 0/4 to 10363/19144
01-06 10:59:02.076  2321  3572 D DisplayManagerService: Ignore redundant display event 0/4 to 10314/23682
01-06 10:59:02.076  2321  3572 D DisplayManagerService: Ignore redundant display event 0/4 to 10330/25186
01-06 10:59:02.076  2321  3572 D DisplayManagerService: Ignore redundant display event 0/4 to 10167/26602
01-06 10:59:02.076  2321  3572 D DisplayManagerService: Ignore redundant display event 0/4 to 10167/26765
01-06 10:59:02.093  2321  3641 D DpcExtImpl[0]: onchange selfChange=false state=ON uri=content://settings/system/screen_brightness
01-06 10:59:02.094  2321  3572 D DisplayManagerService: Ignore redundant display event 0/4 to 10106/8757
01-06 10:59:02.094  2321  3572 D DisplayManagerService: Ignore redundant display event 0/4 to 10818/18009
01-06 10:59:02.094  2321  3572 D DisplayManagerService: Ignore redundant display event 0/4 to 10287/18079
01-06 10:59:02.094  2321  3572 D DisplayManagerService: Ignore redundant display event 0/4 to 10363/19144
01-06 10:59:02.094  2321  3572 D DisplayManagerService: Ignore redundant display event 0/4 to 10314/23682
01-06 10:59:02.094  2321  3572 D DisplayManagerService: Ignore redundant display event 0/4 to 10330/25186
01-06 10:59:02.094  2321  3572 D DisplayManagerService: Ignore redundant display event 0/4 to 10167/26602
01-06 10:59:02.094  2321  3572 D DisplayManagerService: Ignore redundant display event 0/4 to 10167/26765
01-06 10:59:02.108  2321  3641 D DpcExtImpl[0]: onchange selfChange=false state=ON uri=content://settings/system/screen_brightness
01-06 10:59:02.109  2321  3572 D DisplayManagerService: Ignore redundant display event 0/4 to 10106/8757
01-06 10:59:02.109  2321  3572 D DisplayManagerService: Ignore redundant display event 0/4 to 10818/18009
01-06 10:59:02.109  2321  3572 D DisplayManagerService: Ignore redundant display event 0/4 to 10287/18079
01-06 10:59:02.109  2321  3572 D DisplayManagerService: Ignore redundant display event 0/4 to 10363/19144
01-06 10:59:02.109  2321  3572 D DisplayManagerService: Ignore redundant display event 0/4 to 10314/23682
01-06 10:59:02.109  2321  3572 D DisplayManagerService: Ignore redundant display event 0/4 to 10330/25186
01-06 10:59:02.109  2321  3572 D DisplayManagerService: Ignore redundant display event 0/4 to 10167/26602
01-06 10:59:02.109  2321  3572 D DisplayManagerService: Ignore redundant display event 0/4 to 10167/26765
01-06 10:59:02.126  2321  3641 D DpcExtImpl[0]: onchange selfChange=false state=ON uri=content://settings/system/screen_brightness
01-06 10:59:02.128  2321  3572 D DisplayManagerService: Ignore redundant display event 0/4 to 10106/8757
01-06 10:59:02.128  2321  3572 D DisplayManagerService: Ignore redundant display event 0/4 to 10818/18009
01-06 10:59:02.128  2321  3572 D DisplayManagerService: Ignore redundant display event 0/4 to 10287/18079
01-06 10:59:02.128  2321  3572 D DisplayManagerService: Ignore redundant display event 0/4 to 10363/19144
01-06 10:59:02.128  2321  3572 D DisplayManagerService: Ignore redundant display event 0/4 to 10314/23682
01-06 10:59:02.128  2321  3572 D DisplayManagerService: Ignore redundant display event 0/4 to 10330/25186
01-06 10:59:02.128  2321  3572 D DisplayManagerService: Ignore redundant display event 0/4 to 10167/26602
01-06 10:59:02.128  2321  3572 D DisplayManagerService: Ignore redundant display event 0/4 to 10167/26765
01-06 10:59:02.131  2321  3641 D ColorAutomaticBrightnessController: MSG_PROXIMITY_CHANGE far
01-06 10:59:02.131  2321  3641 D OplusSmartBrightnessController: unlock AIBrightnessModel, because of proximity far
01-06 10:59:02.131  2321  3643 I OplusSmartBrightnessController: handleMessage MSG_CLEAR_LUXQUEUE.
01-06 10:59:02.142  2321  3641 D DpcExtImpl[0]: onchange selfChange=false state=ON uri=content://settings/system/screen_brightness
01-06 10:59:02.145  2321  3572 D DisplayManagerService: Ignore redundant display event 0/4 to 10106/8757
01-06 10:59:02.145  2321  3572 D DisplayManagerService: Ignore redundant display event 0/4 to 10818/18009
01-06 10:59:02.145  2321  3572 D DisplayManagerService: Ignore redundant display event 0/4 to 10287/18079
01-06 10:59:02.145  2321  3572 D DisplayManagerService: Ignore redundant display event 0/4 to 10363/19144
01-06 10:59:02.145  2321  3572 D DisplayManagerService: Ignore redundant display event 0/4 to 10314/23682
01-06 10:59:02.145  2321  3572 D DisplayManagerService: Ignore redundant display event 0/4 to 10330/25186
01-06 10:59:02.145  2321  3572 D DisplayManagerService: Ignore redundant display event 0/4 to 10167/26602
01-06 10:59:02.145  2321  3572 D DisplayManagerService: Ignore redundant display event 0/4 to 10167/26765
01-06 10:59:02.158  2321  3641 D DpcExtImpl[0]: onchange selfChange=false state=ON uri=content://settings/system/screen_brightness
01-06 10:59:02.159  2321  3572 D DisplayManagerService: Ignore redundant display event 0/4 to 10106/8757
01-06 10:59:02.159  2321  3572 D DisplayManagerService: Ignore redundant display event 0/4 to 10818/18009
01-06 10:59:02.159  2321  3572 D DisplayManagerService: Ignore redundant display event 0/4 to 10287/18079
01-06 10:59:02.159  2321  3572 D DisplayManagerService: Ignore redundant display event 0/4 to 10363/19144
01-06 10:59:02.159  2321  3572 D DisplayManagerService: Ignore redundant display event 0/4 to 10314/23682
01-06 10:59:02.159  2321  3572 D DisplayManagerService: Ignore redundant display event 0/4 to 10330/25186
01-06 10:59:02.159  2321  3572 D DisplayManagerService: Ignore redundant display event 0/4 to 10167/26602
01-06 10:59:02.159  2321  3572 D DisplayManagerService: Ignore redundant display event 0/4 to 10167/26765
01-06 10:59:02.177  2321  3641 D DpcExtImpl[0]: onchange selfChange=false state=ON uri=content://settings/system/screen_brightness
01-06 10:59:02.178  2321  3572 D DisplayManagerService: Ignore redundant display event 0/4 to 10106/8757
01-06 10:59:02.178  2321  3572 D DisplayManagerService: Ignore redundant display event 0/4 to 10818/18009
01-06 10:59:02.178  2321  3572 D DisplayManagerService: Ignore redundant display event 0/4 to 10287/18079
01-06 10:59:02.178  2321  3572 D DisplayManagerService: Ignore redundant display event 0/4 to 10363/19144
01-06 10:59:02.178  2321  3572 D DisplayManagerService: Ignore redundant display event 0/4 to 10314/23682
01-06 10:59:02.178  2321  3572 D DisplayManagerService: Ignore redundant display event 0/4 to 10330/25186
01-06 10:59:02.178  2321  3572 D DisplayManagerService: Ignore redundant display event 0/4 to 10167/26602
01-06 10:59:02.178  2321  3572 D DisplayManagerService: Ignore redundant display event 0/4 to 10167/26765
01-06 10:59:02.193  2321  3641 D DpcExtImpl[0]: onchange selfChange=false state=ON uri=content://settings/system/screen_brightness
01-06 10:59:02.194  2321  3572 D DisplayManagerService: Ignore redundant display event 0/4 to 10106/8757
01-06 10:59:02.194  2321  3572 D DisplayManagerService: Ignore redundant display event 0/4 to 10818/18009
01-06 10:59:02.194  2321  3572 D DisplayManagerService: Ignore redundant display event 0/4 to 10287/18079
01-06 10:59:02.194  2321  3572 D DisplayManagerService: Ignore redundant display event 0/4 to 10363/19144
01-06 10:59:02.194  2321  3572 D DisplayManagerService: Ignore redundant display event 0/4 to 10314/23682
01-06 10:59:02.194  2321  3572 D DisplayManagerService: Ignore redundant display event 0/4 to 10330/25186
01-06 10:59:02.195  2321  3572 D DisplayManagerService: Ignore redundant display event 0/4 to 10167/26602
01-06 10:59:02.195  2321  3572 D DisplayManagerService: Ignore redundant display event 0/4 to 10167/26765
01-06 10:59:02.208  2321  3641 D DpcExtImpl[0]: onchange selfChange=false state=ON uri=content://settings/system/screen_brightness
01-06 10:59:02.209  2321  3572 D DisplayManagerService: Ignore redundant display event 0/4 to 10106/8757
01-06 10:59:02.209  2321  3572 D DisplayManagerService: Ignore redundant display event 0/4 to 10818/18009
01-06 10:59:02.209  2321  3572 D DisplayManagerService: Ignore redundant display event 0/4 to 10287/18079
01-06 10:59:02.209  2321  3572 D DisplayManagerService: Ignore redundant display event 0/4 to 10363/19144
01-06 10:59:02.209  2321  3572 D DisplayManagerService: Ignore redundant display event 0/4 to 10314/23682
01-06 10:59:02.209  2321  3572 D DisplayManagerService: Ignore redundant display event 0/4 to 10330/25186
01-06 10:59:02.209  2321  3572 D DisplayManagerService: Ignore redundant display event 0/4 to 10167/26602
01-06 10:59:02.209  2321  3572 D DisplayManagerService: Ignore redundant display event 0/4 to 10167/26765
01-06 10:59:02.225  2321  3641 D DpcExtImpl[0]: onchange selfChange=false state=ON uri=content://settings/system/screen_brightness
01-06 10:59:02.227  2321  3572 D DisplayManagerService: Ignore redundant display event 0/4 to 10106/8757
01-06 10:59:02.227  2321  3572 D DisplayManagerService: Ignore redundant display event 0/4 to 10818/18009
01-06 10:59:02.227  2321  3572 D DisplayManagerService: Ignore redundant display event 0/4 to 10287/18079
01-06 10:59:02.227  2321  3572 D DisplayManagerService: Ignore redundant display event 0/4 to 10363/19144
01-06 10:59:02.227  2321  3572 D DisplayManagerService: Ignore redundant display event 0/4 to 10314/23682
01-06 10:59:02.227  2321  3572 D DisplayManagerService: Ignore redundant display event 0/4 to 10330/25186
01-06 10:59:02.227  2321  3572 D DisplayManagerService: Ignore redundant display event 0/4 to 10167/26602
01-06 10:59:02.227  2321  3572 D DisplayManagerService: Ignore redundant display event 0/4 to 10167/26765
01-06 10:59:02.242  2321  3641 D DpcExtImpl[0]: onchange selfChange=false state=ON uri=content://settings/system/screen_brightness
01-06 10:59:02.245  2321  3572 D DisplayManagerService: Ignore redundant display event 0/4 to 10106/8757
01-06 10:59:02.245  2321  3572 D DisplayManagerService: Ignore redundant display event 0/4 to 10818/18009
01-06 10:59:02.245  2321  3572 D DisplayManagerService: Ignore redundant display event 0/4 to 10287/18079
01-06 10:59:02.245  2321  3572 D DisplayManagerService: Ignore redundant display event 0/4 to 10363/19144
01-06 10:59:02.245  2321  3572 D DisplayManagerService: Ignore redundant display event 0/4 to 10314/23682
01-06 10:59:02.245  2321  3572 D DisplayManagerService: Ignore redundant display event 0/4 to 10330/25186
01-06 10:59:02.245  2321  3572 D DisplayManagerService: Ignore redundant display event 0/4 to 10167/26602
01-06 10:59:02.245  2321  3572 D DisplayManagerService: Ignore redundant display event 0/4 to 10167/26765
01-06 10:59:02.257  2321  3641 D DpcExtImpl[0]: onchange selfChange=false state=ON uri=content://settings/system/screen_brightness
01-06 10:59:02.259  2321  3572 D DisplayManagerService: Ignore redundant display event 0/4 to 10106/8757
01-06 10:59:02.259  2321  3572 D DisplayManagerService: Ignore redundant display event 0/4 to 10818/18009
01-06 10:59:02.259  2321  3572 D DisplayManagerService: Ignore redundant display event 0/4 to 10287/18079
01-06 10:59:02.259  2321  3572 D DisplayManagerService: Ignore redundant display event 0/4 to 10363/19144
01-06 10:59:02.259  2321  3572 D DisplayManagerService: Ignore redundant display event 0/4 to 10314/23682
01-06 10:59:02.259  2321  3572 D DisplayManagerService: Ignore redundant display event 0/4 to 10330/25186
01-06 10:59:02.259  2321  3572 D DisplayManagerService: Ignore redundant display event 0/4 to 10167/26602
01-06 10:59:02.259  2321  3572 D DisplayManagerService: Ignore redundant display event 0/4 to 10167/26765
01-06 10:59:02.274  2321  3641 D DpcExtImpl[0]: onchange selfChange=false state=ON uri=content://settings/system/screen_brightness
01-06 10:59:02.276  2321  3572 D DisplayManagerService: Ignore redundant display event 0/4 to 10106/8757
01-06 10:59:02.276  2321  3572 D DisplayManagerService: Ignore redundant display event 0/4 to 10818/18009
01-06 10:59:02.276  2321  3572 D DisplayManagerService: Ignore redundant display event 0/4 to 10287/18079
01-06 10:59:02.276  2321  3572 D DisplayManagerService: Ignore redundant display event 0/4 to 10363/19144
01-06 10:59:02.276  2321  3572 D DisplayManagerService: Ignore redundant display event 0/4 to 10314/23682
01-06 10:59:02.276  2321  3572 D DisplayManagerService: Ignore redundant display event 0/4 to 10330/25186
01-06 10:59:02.276  2321  3572 D DisplayManagerService: Ignore redundant display event 0/4 to 10167/26602
01-06 10:59:02.276  2321  3572 D DisplayManagerService: Ignore redundant display event 0/4 to 10167/26765
01-06 10:59:02.292  2321  3641 D DpcExtImpl[0]: onchange selfChange=false state=ON uri=content://settings/system/screen_brightness
01-06 10:59:02.294  2321  3572 D DisplayManagerService: Ignore redundant display event 0/4 to 10106/8757
01-06 10:59:02.294  2321  3572 D DisplayManagerService: Ignore redundant display event 0/4 to 10818/18009
01-06 10:59:02.294  2321  3572 D DisplayManagerService: Ignore redundant display event 0/4 to 10287/18079
01-06 10:59:02.294  2321  3572 D DisplayManagerService: Ignore redundant display event 0/4 to 10363/19144
01-06 10:59:02.294  2321  3572 D DisplayManagerService: Ignore redundant display event 0/4 to 10314/23682
01-06 10:59:02.294  2321  3572 D DisplayManagerService: Ignore redundant display event 0/4 to 10330/25186
01-06 10:59:02.294  2321  3572 D DisplayManagerService: Ignore redundant display event 0/4 to 10167/26602
01-06 10:59:02.294  2321  3572 D DisplayManagerService: Ignore redundant display event 0/4 to 10167/26765
01-06 10:59:02.294  2321  3572 D DisplayManagerService: Ignore redundant display event 0/4 to 10321/32042
01-06 10:59:02.310  2321  3641 D DpcExtImpl[0]: onchange selfChange=false state=ON uri=content://settings/system/screen_brightness
01-06 10:59:02.312  2321  3572 D DisplayManagerService: Ignore redundant display event 0/4 to 10106/8757
01-06 10:59:02.312  2321  3572 D DisplayManagerService: Ignore redundant display event 0/4 to 10818/18009
01-06 10:59:02.312  2321  3572 D DisplayManagerService: Ignore redundant display event 0/4 to 10287/18079
01-06 10:59:02.312  2321  3572 D DisplayManagerService: Ignore redundant display event 0/4 to 10363/19144
01-06 10:59:02.312  2321  3572 D DisplayManagerService: Ignore redundant display event 0/4 to 10314/23682
01-06 10:59:02.312  2321  3572 D DisplayManagerService: Ignore redundant display event 0/4 to 10330/25186
01-06 10:59:02.312  2321  3572 D DisplayManagerService: Ignore redundant display event 0/4 to 10167/26602
01-06 10:59:02.312  2321  3572 D DisplayManagerService: Ignore redundant display event 0/4 to 10167/26765
01-06 10:59:02.312  2321  3572 D DisplayManagerService: Ignore redundant display event 0/4 to 10321/32042
01-06 10:59:02.325  2321  3641 D DpcExtImpl[0]: onchange selfChange=false state=ON uri=content://settings/system/screen_brightness
01-06 10:59:02.327  2321  3572 D DisplayManagerService: Ignore redundant display event 0/4 to 10106/8757
01-06 10:59:02.327  2321  3572 D DisplayManagerService: Ignore redundant display event 0/4 to 10818/18009
01-06 10:59:02.327  2321  3572 D DisplayManagerService: Ignore redundant display event 0/4 to 10287/18079
01-06 10:59:02.328  2321  3572 D DisplayManagerService: Ignore redundant display event 0/4 to 10363/19144
01-06 10:59:02.328  2321  3572 D DisplayManagerService: Ignore redundant display event 0/4 to 10314/23682
01-06 10:59:02.328  2321  3572 D DisplayManagerService: Ignore redundant display event 0/4 to 10330/25186
01-06 10:59:02.328  2321  3572 D DisplayManagerService: Ignore redundant display event 0/4 to 10167/26602
01-06 10:59:02.328  2321  3572 D DisplayManagerService: Ignore redundant display event 0/4 to 10167/26765
01-06 10:59:02.328  2321  3572 D DisplayManagerService: Ignore redundant display event 0/4 to 10321/32042
01-06 10:59:02.341  2321  3641 D DpcExtImpl[0]: onchange selfChange=false state=ON uri=content://settings/system/screen_brightness
01-06 10:59:02.344  2321  3572 D DisplayManagerService: Ignore redundant display event 0/4 to 10106/8757
01-06 10:59:02.344  2321  3572 D DisplayManagerService: Ignore redundant display event 0/4 to 10818/18009
01-06 10:59:02.344  2321  3572 D DisplayManagerService: Ignore redundant display event 0/4 to 10287/18079
01-06 10:59:02.344  2321  3572 D DisplayManagerService: Ignore redundant display event 0/4 to 10363/19144
01-06 10:59:02.344  2321  3572 D DisplayManagerService: Ignore redundant display event 0/4 to 10314/23682
01-06 10:59:02.344  2321  3572 D DisplayManagerService: Ignore redundant display event 0/4 to 10330/25186
01-06 10:59:02.344  2321  3572 D DisplayManagerService: Ignore redundant display event 0/4 to 10167/26602
01-06 10:59:02.344  2321  3572 D DisplayManagerService: Ignore redundant display event 0/4 to 10167/26765
01-06 10:59:02.344  2321  3572 D DisplayManagerService: Ignore redundant display event 0/4 to 10321/32042
01-06 10:59:02.357  2321  3641 D DpcExtImpl[0]: onchange selfChange=false state=ON uri=content://settings/system/screen_brightness
01-06 10:59:02.359  2321  3572 D DisplayManagerService: Ignore redundant display event 0/4 to 10106/8757
01-06 10:59:02.359  2321  3572 D DisplayManagerService: Ignore redundant display event 0/4 to 10818/18009
01-06 10:59:02.359  2321  3572 D DisplayManagerService: Ignore redundant display event 0/4 to 10287/18079
01-06 10:59:02.359  2321  3572 D DisplayManagerService: Ignore redundant display event 0/4 to 10363/19144
01-06 10:59:02.359  2321  3572 D DisplayManagerService: Ignore redundant display event 0/4 to 10314/23682
01-06 10:59:02.359  2321  3572 D DisplayManagerService: Ignore redundant display event 0/4 to 10330/25186
01-06 10:59:02.359  2321  3572 D DisplayManagerService: Ignore redundant display event 0/4 to 10167/26602
01-06 10:59:02.359  2321  3572 D DisplayManagerService: Ignore redundant display event 0/4 to 10167/26765
01-06 10:59:02.359  2321  3572 D DisplayManagerService: Ignore redundant display event 0/4 to 10321/32042
01-06 10:59:02.375  2321  3641 D DpcExtImpl[0]: onchange selfChange=false state=ON uri=content://settings/system/screen_brightness
01-06 10:59:02.376  2321  3572 D DisplayManagerService: Ignore redundant display event 0/4 to 10106/8757
01-06 10:59:02.376  2321  3572 D DisplayManagerService: Ignore redundant display event 0/4 to 10818/18009
01-06 10:59:02.376  2321  3572 D DisplayManagerService: Ignore redundant display event 0/4 to 10287/18079
01-06 10:59:02.376  2321  3572 D DisplayManagerService: Ignore redundant display event 0/4 to 10363/19144
01-06 10:59:02.376  2321  3572 D DisplayManagerService: Ignore redundant display event 0/4 to 10314/23682
