01-06 11:00:09.603  2321  5723 D ActivityTaskManagerServiceExtImpl: preBindApplication record is null
01-06 11:00:09.603  2321  5723 D RGBNormalizeServer: OplusRGBNormalize feature enabled ? false
01-06 11:00:09.603  2321  5723 D ResourcesManagerCache: For package com.android.vending we got cacheList [null] appInfoExt is null ? false hasFeature ? false
01-06 11:00:09.608  2321  3785 D CompatibilityChangeReporter: Compat change id reported: 265195908; UID 10106; state: ENABLED
01-06 11:00:09.610 18909 18909 D OplusActivityManager: get AMS extension: android.os.BinderProxy@80dcb25
01-06 11:00:09.611  2321  3572 D OplusInterceptLockScreenWindow: starting IOplusLockScreenCallbacks service...
01-06 11:00:09.614 18909 18959 D OplusAppHeapManager: java.lang.NoSuchMethodException: dalvik.system.VMRuntime.updateProcessValue [int, int, int]
01-06 11:00:09.617 18909 18959 D CompatibilityInfo: setOverrideInvertedScale  1.0 to 1.0
01-06 11:00:09.617 18909 18909 D callGcSupression: java.lang.NullPointerException: Attempt to invoke virtual method 'java.lang.Object java.lang.reflect.Method.invoke(java.lang.Object, java.lang.Object[])' on a null object reference
01-06 11:00:09.618 18909 18959 W OplusExSystemServiceHelper: checkOplusExSystemService intent getComponent is null
01-06 11:00:09.618 18909 18909 D CompatibilityChangeReporter: Compat change id reported: 171979766; UID 10106; state: ENABLED
01-06 11:00:09.619 18909 18963 W OplusExSystemServiceHelper: checkOplusExSystemService intent getComponent is null
01-06 11:00:09.641 18909 18909 I OplusFeatureCache: Milliseconds spent on init(): 23
01-06 11:00:09.642 18909 18909 D CompactWindowAppManager: initCompactApplicationInfo CompactMode: , NormalMode: 
01-06 11:00:09.644  2321  5705 D CompatibilityChangeReporter: Compat change id reported: 170503758; UID 10106; state: ENABLED
01-06 11:00:09.646 18909 18909 D OplusScrollToTopManager: setIsInWhiteList false
01-06 11:00:09.646 18909 18909 D OplusViewDebugManager: OplusViewDebugManager Constructor android.view.debug.OplusViewDebugManager@ff4f4a1 [mHasViewDebugProperty true] [mHasMsgDebugProperty false] [DEBUG false] [EXTRAINFOENABLE false] [LIGHT_OS false]
01-06 11:00:09.647 18909 18909 D CompatibilityChangeReporter: Compat change id reported: 242716250; UID 10106; state: ENABLED
01-06 11:00:09.654 18909 18909 W libc    : Access denied finding property "ro.odm.prev.product.name"
01-06 11:00:09.661 18909 18909 D nativeloader: Configuring clns-4 for other apk /system/framework/org.apache.http.legacy.jar. target_sdk_version=36, uses_libraries=ALL, library_path=/data/app/~~S4stsLs9EwuZA8bJHsN7wg==/com.android.vending-bZReUm9oyUsXFA3KaIXa0w==/lib/arm64:/data/app/~~S4stsLs9EwuZA8bJHsN7wg==/com.android.vending-bZReUm9oyUsXFA3KaIXa0w==/base.apk!/lib/arm64-v8a:/data/app/~~S4stsLs9EwuZA8bJHsN7wg==/com.android.vending-bZReUm9oyUsXFA3KaIXa0w==/split_config.arm64_v8a.apk!/lib/arm64-v8a:/data/app/~~S4stsLs9EwuZA8bJHsN7wg==/com.android.vending-bZReUm9oyUsXFA3KaIXa0w==/split_config.en.apk!/lib/arm64-v8a:/data/app/~~S4stsLs9EwuZA8bJHsN7wg==/com.android.vending-bZReUm9oyUsXFA3KaIXa0w==/split_config.es.apk!/lib/arm64-v8a:/data/app/~~S4stsLs9EwuZA8bJHsN7wg==/com.android.vending-bZReUm9oyUsXFA3KaIXa0w==/split_phonesky_data_loader.apk!/lib/arm64-v8a:/data/app/~~S4stsLs9EwuZA8bJHsN7wg==/com.android.vending-bZReUm9oyUsXFA3KaIXa0w==/split_phonesky_data_loader.config.arm64_v8a.apk!/lib/arm64-v8a:/data/app/~~S4stsLs9EwuZA8bJHsN7wg==/com.android.vending-bZ
01-06 11:00:09.661 18909 18909 D nativeloader: Extending system_exposed_libraries: libbinauralrenderer_wrapper.qti.so:libhoaeffects.qti.so:libSloganJni.oplus.so:libsuperNight.oplus.so:libAPSClient-cmd-jni-extension.oplus.so:libupdateprof.qti.so:libQOC.qti.so:libthermalclient.qti.so:libqape.qti.so:libqesdk_ndk_platform.qti.so:liblistenjni.qti.so
01-06 11:00:09.666 18909 18909 D nativeloader: Configuring clns-5 for other apk /system_ext/framework/androidx.window.extensions.jar. target_sdk_version=36, uses_libraries=ALL, library_path=/data/app/~~S4stsLs9EwuZA8bJHsN7wg==/com.android.vending-bZReUm9oyUsXFA3KaIXa0w==/lib/arm64:/data/app/~~S4stsLs9EwuZA8bJHsN7wg==/com.android.vending-bZReUm9oyUsXFA3KaIXa0w==/base.apk!/lib/arm64-v8a:/data/app/~~S4stsLs9EwuZA8bJHsN7wg==/com.android.vending-bZReUm9oyUsXFA3KaIXa0w==/split_config.arm64_v8a.apk!/lib/arm64-v8a:/data/app/~~S4stsLs9EwuZA8bJHsN7wg==/com.android.vending-bZReUm9oyUsXFA3KaIXa0w==/split_config.en.apk!/lib/arm64-v8a:/data/app/~~S4stsLs9EwuZA8bJHsN7wg==/com.android.vending-bZReUm9oyUsXFA3KaIXa0w==/split_config.es.apk!/lib/arm64-v8a:/data/app/~~S4stsLs9EwuZA8bJHsN7wg==/com.android.vending-bZReUm9oyUsXFA3KaIXa0w==/split_phonesky_data_loader.apk!/lib/arm64-v8a:/data/app/~~S4stsLs9EwuZA8bJHsN7wg==/com.android.vending-bZReUm9oyUsXFA3KaIXa0w==/split_phonesky_data_loader.config.arm64_v8a.apk!/lib/arm64-v8a:/data/app/~~S4stsLs9EwuZA8bJHsN7wg==/com.android.ve
01-06 11:00:09.666 18909 18909 D nativeloader: Extending system_exposed_libraries: libbinauralrenderer_wrapper.qti.so:libhoaeffects.qti.so:libSloganJni.oplus.so:libsuperNight.oplus.so:libAPSClient-cmd-jni-extension.oplus.so:libupdateprof.qti.so:libQOC.qti.so:libthermalclient.qti.so:libqape.qti.so:libqesdk_ndk_platform.qti.so:liblistenjni.qti.so
01-06 11:00:09.670 18909 18909 D nativeloader: Configuring clns-6 for other apk /system_ext/framework/androidx.window.sidecar.jar. target_sdk_version=36, uses_libraries=ALL, library_path=/data/app/~~S4stsLs9EwuZA8bJHsN7wg==/com.android.vending-bZReUm9oyUsXFA3KaIXa0w==/lib/arm64:/data/app/~~S4stsLs9EwuZA8bJHsN7wg==/com.android.vending-bZReUm9oyUsXFA3KaIXa0w==/base.apk!/lib/arm64-v8a:/data/app/~~S4stsLs9EwuZA8bJHsN7wg==/com.android.vending-bZReUm9oyUsXFA3KaIXa0w==/split_config.arm64_v8a.apk!/lib/arm64-v8a:/data/app/~~S4stsLs9EwuZA8bJHsN7wg==/com.android.vending-bZReUm9oyUsXFA3KaIXa0w==/split_config.en.apk!/lib/arm64-v8a:/data/app/~~S4stsLs9EwuZA8bJHsN7wg==/com.android.vending-bZReUm9oyUsXFA3KaIXa0w==/split_config.es.apk!/lib/arm64-v8a:/data/app/~~S4stsLs9EwuZA8bJHsN7wg==/com.android.vending-bZReUm9oyUsXFA3KaIXa0w==/split_phonesky_data_loader.apk!/lib/arm64-v8a:/data/app/~~S4stsLs9EwuZA8bJHsN7wg==/com.android.vending-bZReUm9oyUsXFA3KaIXa0w==/split_phonesky_data_loader.config.arm64_v8a.apk!/lib/arm64-v8a:/data/app/~~S4stsLs9EwuZA8bJHsN7wg==/com.android.vendi
01-06 11:00:09.670 18909 18909 D nativeloader: Extending system_exposed_libraries: libbinauralrenderer_wrapper.qti.so:libhoaeffects.qti.so:libSloganJni.oplus.so:libsuperNight.oplus.so:libAPSClient-cmd-jni-extension.oplus.so:libupdateprof.qti.so:libQOC.qti.so:libthermalclient.qti.so:libqape.qti.so:libqesdk_ndk_platform.qti.so:liblistenjni.qti.so
01-06 11:00:09.754  2321  4099 D OplusNetKit: in getLpByInterface name from LP: [wlan0]
01-06 11:00:09.756 18909 18909 W ziparchive: Unable to open '/data/app/~~S4stsLs9EwuZA8bJHsN7wg==/com.android.vending-bZReUm9oyUsXFA3KaIXa0w==/split_config.arm64_v8a.dm': No such file or directory
01-06 11:00:09.756 18909 18909 W ziparchive: Unable to open '/data/app/~~S4stsLs9EwuZA8bJHsN7wg==/com.android.vending-bZReUm9oyUsXFA3KaIXa0w==/split_config.arm64_v8a.dm': No such file or directory
01-06 11:00:09.756 18909 18909 W android.vending: Entry not found
01-06 11:00:09.757 18909 18909 W ziparchive: Unable to open '/data/app/~~S4stsLs9EwuZA8bJHsN7wg==/com.android.vending-bZReUm9oyUsXFA3KaIXa0w==/split_config.en.dm': No such file or directory
01-06 11:00:09.757 18909 18909 W ziparchive: Unable to open '/data/app/~~S4stsLs9EwuZA8bJHsN7wg==/com.android.vending-bZReUm9oyUsXFA3KaIXa0w==/split_config.en.dm': No such file or directory
01-06 11:00:09.758 18909 18909 W android.vending: Entry not found
01-06 11:00:09.758 18909 18909 W ziparchive: Unable to open '/data/app/~~S4stsLs9EwuZA8bJHsN7wg==/com.android.vending-bZReUm9oyUsXFA3KaIXa0w==/split_config.es.dm': No such file or directory
01-06 11:00:09.758 18909 18909 W ziparchive: Unable to open '/data/app/~~S4stsLs9EwuZA8bJHsN7wg==/com.android.vending-bZReUm9oyUsXFA3KaIXa0w==/split_config.es.dm': No such file or directory
01-06 11:00:09.759 18909 18909 W android.vending: Entry not found
01-06 11:00:09.760 18909 18909 W ziparchive: Unable to open '/data/app/~~S4stsLs9EwuZA8bJHsN7wg==/com.android.vending-bZReUm9oyUsXFA3KaIXa0w==/split_phonesky_data_loader.dm': No such file or directory
01-06 11:00:09.760 18909 18909 W ziparchive: Unable to open '/data/app/~~S4stsLs9EwuZA8bJHsN7wg==/com.android.vending-bZReUm9oyUsXFA3KaIXa0w==/split_phonesky_data_loader.dm': No such file or directory
01-06 11:00:09.760 18909 18909 W android.vending: Entry not found
01-06 11:00:09.760 18909 18909 W ziparchive: Unable to open '/data/app/~~S4stsLs9EwuZA8bJHsN7wg==/com.android.vending-bZReUm9oyUsXFA3KaIXa0w==/split_phonesky_data_loader.config.arm64_v8a.dm': No such file or directory
01-06 11:00:09.760 18909 18909 W ziparchive: Unable to open '/data/app/~~S4stsLs9EwuZA8bJHsN7wg==/com.android.vending-bZReUm9oyUsXFA3KaIXa0w==/split_phonesky_data_loader.config.arm64_v8a.dm': No such file or directory
01-06 11:00:09.761 18909 18909 W android.vending: Entry not found
01-06 11:00:09.761  2321  4099 D TrafficStats: tagSocket(742) with statsTag=0xffffffff, statsUid=-1
01-06 11:00:09.761 18909 18909 W ziparchive: Unable to open '/data/app/~~S4stsLs9EwuZA8bJHsN7wg==/com.android.vending-bZReUm9oyUsXFA3KaIXa0w==/split_phonesky_webrtc_native_lib.dm': No such file or directory
01-06 11:00:09.762 18909 18909 W ziparchive: Unable to open '/data/app/~~S4stsLs9EwuZA8bJHsN7wg==/com.android.vending-bZReUm9oyUsXFA3KaIXa0w==/split_phonesky_webrtc_native_lib.dm': No such file or directory
01-06 11:00:09.762 18909 18909 W android.vending: Entry not found
01-06 11:00:09.762 18909 18909 W ziparchive: Unable to open '/data/app/~~S4stsLs9EwuZA8bJHsN7wg==/com.android.vending-bZReUm9oyUsXFA3KaIXa0w==/split_phonesky_webrtc_native_lib.config.arm64_v8a.dm': No such file or directory
01-06 11:00:09.762 18909 18909 W ziparchive: Unable to open '/data/app/~~S4stsLs9EwuZA8bJHsN7wg==/com.android.vending-bZReUm9oyUsXFA3KaIXa0w==/split_phonesky_webrtc_native_lib.config.arm64_v8a.dm': No such file or directory
01-06 11:00:09.763 18909 18909 W android.vending: Entry not found
01-06 11:00:09.768 18909 18909 D nativeloader: Configuring clns-7 for other apk /data/app/~~S4stsLs9EwuZA8bJHsN7wg==/com.android.vending-bZReUm9oyUsXFA3KaIXa0w==/base.apk:/data/app/~~S4stsLs9EwuZA8bJHsN7wg==/com.android.vending-bZReUm9oyUsXFA3KaIXa0w==/split_config.arm64_v8a.apk:/data/app/~~S4stsLs9EwuZA8bJHsN7wg==/com.android.vending-bZReUm9oyUsXFA3KaIXa0w==/split_config.en.apk:/data/app/~~S4stsLs9EwuZA8bJHsN7wg==/com.android.vending-bZReUm9oyUsXFA3KaIXa0w==/split_config.es.apk:/data/app/~~S4stsLs9EwuZA8bJHsN7wg==/com.android.vending-bZReUm9oyUsXFA3KaIXa0w==/split_phonesky_data_loader.apk:/data/app/~~S4stsLs9EwuZA8bJHsN7wg==/com.android.vending-bZReUm9oyUsXFA3KaIXa0w==/split_phonesky_data_loader.config.arm64_v8a.apk:/data/app/~~S4stsLs9EwuZA8bJHsN7wg==/com.android.vending-bZReUm9oyUsXFA3KaIXa0w==/split_phonesky_webrtc_native_lib.apk:/data/app/~~S4stsLs9EwuZA8bJHsN7wg==/com.android.vending-bZReUm9oyUsXFA3KaIXa0w==/split_phonesky_webrtc_native_lib.config.arm64_v8a.apk. target_sdk_version=36, uses_libraries=, library_path=/data/app/~~S4stsLs9EwuZA8bJHsN7wg
01-06 11:00:09.787  2321  4099 D OplusNetRttKit: getIcmpEchoRtt each addr:192.168.1.1 Rtt: 27
01-06 11:00:09.787  2321  4099 D TrafficStats: tagSocket(742) with statsTag=0xffffffff, statsUid=-1
01-06 11:00:09.788 18909 18909 V GraphicsEnvironment: Currently set values for:
01-06 11:00:09.788 18909 18909 V GraphicsEnvironment:   angle_gl_driver_selection_pkgs=[]
01-06 11:00:09.788 18909 18909 V GraphicsEnvironment:   angle_gl_driver_selection_values=[]
01-06 11:00:09.789 18909 18909 V GraphicsEnvironment: ANGLE GameManagerService for com.android.vending: false
01-06 11:00:09.789 18909 18909 V GraphicsEnvironment: com.android.vending is not listed in per-application setting
01-06 11:00:09.792  2321  4099 D OplusNetRttKit: getIcmpEchoRtt each addr:192.168.1.1 Rtt: 4
01-06 11:00:09.792  2321  4099 D TrafficStats: tagSocket(742) with statsTag=0xffffffff, statsUid=-1
01-06 11:00:09.793 18909 18909 D ResourcesManagerExtImpl: applyConfigurationToAppResourcesLocked app.getDisplayId() return callback.displayId:-1
01-06 11:00:09.804  2321  4099 D OplusNetRttKit: getIcmpEchoRtt each addr:192.168.1.1 Rtt: 13
01-06 11:00:09.804  2321  4099 D OplusNetRttKit: getIcmpEchoRtt addr:192.168.1.1 avgRtt: 14
01-06 11:00:09.804 18909 18909 I Finsky  : [2] Process created at version: 49.2.48-31 [0] [PR] 845561139
01-06 11:00:09.823 18909 18972 I Finsky  : [188] Finished reading experiment flags from file [0tGUNCGIkbk4o6-fQ335kUYSKwVj4lusnHT-A5Dsy08] numFlags=2214.
01-06 11:00:09.825  2321  5705 D CompatibilityChangeReporter: Compat change id reported: 161145287; UID 10106; state: ENABLED
01-06 11:00:09.829 18909 18972 I Finsky  : [188] Finished reading experiment flags from file [Se-xCc4LzNyh3UrKMIU2sUf-PUKz4oQEbpKZDMuaFno] numFlags=2180.
01-06 11:00:09.905 18909 18974 W Finsky  : [189] Failed to get the task info for cold start.
01-06 11:00:09.905 18909 18974 I Finsky  : [189] Process started for unknown session.
01-06 11:00:09.909 18909 18976 I Finsky  : [191] Finished reading experiment flags from file [0MB_VRHXD_Zkn-zPiNLdel84NziRzOfFhsUF9Vr-mRo] numFlags=2189.
01-06 11:00:09.910 18909 18972 I Finsky  : [188] ahej - Registering in memory receiver for android.intent.action.PACKAGE_ADDED and android.intent.action.PACKAGE_REMOVED
01-06 11:00:09.915 18909 18976 I Finsky  : [191] Finished reading experiment flags from file [i8YyrI-IyNp6F_nfnIsF14G-y64HTrfxUN827g1QiPU] numFlags=2189.
01-06 11:00:09.916 18909 18972 I Finsky  : [188] Diff system or version, clear token
01-06 11:00:09.921 18909 18976 I Finsky  : [191] Finished reading experiment flags from file [OgFSHjDJ2MGTGHG3kCU_Hwt_Lp-RGuz_KJ4PTX90kNE] numFlags=2189.
01-06 11:00:09.924 18909 18972 I Finsky  : [188] Diff system, clear cache
01-06 11:00:09.927 18909 18976 I Finsky  : [191] Finished reading experiment flags from file [StmgfJ6FcfgCtjl-uImZffHQ_8FhjSM_j07dqZtWwBU] numFlags=2189.
01-06 11:00:09.928  5729  6853 D CommonScenarios-100-10771: transportLayerQosChange TransportLayerData{link_index=20, uid=10771, uplink_srtt=0, uplink_packets=0, uplink_retrans_packets=0, uplink_retrans_rate=0, downlink_srtt=0, downlink_packets=0, downlink_retrans_packets=0, downlink_retrans_rate=0, downlink_rate=0, uplink_udp_packets=0, downlink_udp_packets=0, uplink_tcp_rate=0, uplink_udp_rate=0, downlink_tcp_rate=0, downlink_udp_rate=0}
01-06 11:00:09.929  5729  6853 D CommonScenarios-100-10771: ActiveState process message 2
01-06 11:00:09.929  5729  6853 D CommonScenarios-100-10771: ActiveState EVENT_NETWORK_KPI_CHANGE
01-06 11:00:09.929  5729  6853 D CommonScenarios-100-10771: transport layer data is invalid
01-06 11:00:09.929  5729  6853 D CommonScenarios-100-10771: ActiveState EVENT_NETWORK_KPI_CHANGE score is invalid
01-06 11:00:09.934 18909 18976 I Finsky  : [191] Finished reading experiment flags from file [E0M9-qhCFeZaqOtQkl3K5XwnfMg16tBZA6_3_LU9W6U] numFlags=2190.
01-06 11:00:09.940 18909 18976 I Finsky  : [191] Finished reading experiment flags from file [eLmGFOA8_2trH1tpUIZ7H_axur44_G19obPUT_u9UhA] numFlags=2189.
01-06 11:00:09.942 18909 18909 I Finsky  : [2] Profiling: Starting up (1)
01-06 11:00:09.952 18909 18972 D HttpFlagsLoader: Not loading HTTP flags because they are disabled in the manifest
01-06 11:00:09.956 18909 18909 I Finsky  : [2] AsyncInit: Mandatory tasks are executed!
01-06 11:00:09.958  2321  5316 I ActivityManager: Flag disabled. Ignoring finishAttachApplication from uid: 10106. pid: 18909
01-06 11:00:09.964 18909 18909 W Settings: Setting download_manager_max_bytes_over_mobile has moved from android.provider.Settings.Secure to android.provider.Settings.Global.
01-06 11:00:09.965 18909 18909 I Finsky  : [2] SettingNotFoundException, fall through to G.downloadBytesOverMobileMaximum
01-06 11:00:09.965 18909 18909 W Settings: Setting download_manager_recommended_max_bytes_over_mobile has moved from android.provider.Settings.Secure to android.provider.Settings.Global.
01-06 11:00:09.965 18909 18909 I Finsky  : [2] SettingNotFoundException, fall through to G.downloadBytesOverMobileRecommended
01-06 11:00:09.975 18909 18975 I Finsky  : [190] Subscription detail: DataSubscriptionInfo{groupIdLevel1=null, serviceProviderName=[Lz6NzCRkmFBLx_70Fggq69mGnYw2BDLlpEOyjcMEBn8], simCarrierId=1429}
01-06 11:00:09.975 18909 19001 D CompatibilityChangeReporter: Compat change id reported: 183155436; UID 10106; state: ENABLED
01-06 11:00:09.977 18909 19001 I Finsky  : [207] VerifyApps: Setup app restrictions monitor
01-06 11:00:09.977 18909 18971 I Finsky  : [187] playLoggingServerUrl: https://play.googleapis.com/play/log
01-06 11:00:09.977 18909 18971 I Finsky  : [187] playLoggingServerTimestampUrl: https://play.googleapis.com/play/log/timestamp
01-06 11:00:09.978  2321  5705 D CompatibilityChangeReporter: Compat change id reported: 135634846; UID 10104; state: DISABLED
01-06 11:00:09.978  2321  5705 D CompatibilityChangeReporter: Compat change id reported: 177438394; UID 10104; state: DISABLED
01-06 11:00:09.979  2321  5705 D CompatibilityChangeReporter: Compat change id reported: 135772972; UID 10104; state: DISABLED
01-06 11:00:09.979  2321  5705 D CompatibilityChangeReporter: Compat change id reported: 135754954; UID 10104; state: ENABLED
01-06 11:00:09.982 18909 18972 I cn_CronetLibraryLoader: Cronet version: 144.0.7509.3, arch: aarch64
01-06 11:00:09.986 18909 19001 I Finsky  : [207] VerifyApps: Device wide unknown source restriction updated
01-06 11:00:09.986  2321  5705 D ConnectivityService: requestNetwork for uid/pid:10106/18909 activeRequest: null callbackRequest: 14235 [NetworkRequest [ REQUEST id=14236, [ Capabilities: INTERNET&NOT_RESTRICTED&TRUSTED&NOT_VCN_MANAGED Uid: 10106 RequestorUid: 10106 RequestorPkg: com.android.vending UnderlyingNetworks: Null] ]] callback flags: 0 order: 2147483647
01-06 11:00:09.988  2321  5723 W PackageManager: package com.android.vending uid 10106 pid 18909 call SetEnabledSetting(com.android.vending component = com.android.vending.AssetBrowserActivity, 1, 0)
01-06 11:00:09.990  2321  3946 D WifiNetworkFactory: got request NetworkRequest [ REQUEST id=14236, [ Capabilities: INTERNET&NOT_RESTRICTED&TRUSTED&NOT_VCN_MANAGED Uid: 10106 RequestorUid: 10106 RequestorPkg: com.android.vending UnderlyingNetworks: Null] ]
01-06 11:00:09.990  2321  3946 D UntrustedWifiNetworkFactory: got request NetworkRequest [ REQUEST id=14236, [ Capabilities: INTERNET&NOT_RESTRICTED&TRUSTED&NOT_VCN_MANAGED Uid: 10106 RequestorUid: 10106 RequestorPkg: com.android.vending UnderlyingNetworks: Null] ]
01-06 11:00:09.992  2321  3946 D OemPaidWifiNetworkFactory: got request NetworkRequest [ REQUEST id=14236, [ Capabilities: INTERNET&NOT_RESTRICTED&TRUSTED&NOT_VCN_MANAGED Uid: 10106 RequestorUid: 10106 RequestorPkg: com.android.vending UnderlyingNetworks: Null] ]
01-06 11:00:09.992  2321  3946 D MultiInternetWifiNetworkFactory: got request NetworkRequest [ REQUEST id=14236, [ Capabilities: INTERNET&NOT_RESTRICTED&TRUSTED&NOT_VCN_MANAGED Uid: 10106 RequestorUid: 10106 RequestorPkg: com.android.vending UnderlyingNetworks: Null] ]
01-06 11:00:09.992 18909 19001 I Finsky  : [207] Enqueuing libraries load for 703408843
01-06 11:00:09.993  2321  3974 D ConnectivityService: NetReassign [14236 : null  100] [c 1] [a 1] [i 5]
01-06 11:00:09.994  1293  1293 D Zygote  : Forked child process 19025
01-06 11:00:09.995  2321  5705 D CompatibilityChangeReporter: Compat change id reported: 319212206; UID 10106; state: ENABLED
01-06 11:00:09.996  2321  3611 I ActivityManager: Start proc 19025:com.google.process.gapps/u0a104 for content provider {com.google.android.gsf/com.google.android.gsf.settings.GoogleSettingsProvider}
01-06 11:00:09.996  2321  3611 D OplusAppStartupManager: Now Begin Monitor App StartInfo's Time == 171794942
01-06 11:00:09.998 18909 19002 I Finsky  : [208] Starting libraries load for 703408843
01-06 11:00:09.999  2321  3974 D ConnectivityService: NetReassign [no changes] [c 1] [a 0] [i 3]
01-06 11:00:10.017 18909 18974 I Finsky  : [189] registerListener
01-06 11:00:10.030 18909 19012 D CompatibilityChangeReporter: Compat change id reported: 247079863; UID 10106; state: ENABLED
01-06 11:00:10.031 18909 18974 I Finsky  : [189] DFS: Listener added for rxj@b7b692e
01-06 11:00:10.032 18909 18974 I Finsky  : [189] registerListener
01-06 11:00:10.044  2321  5705 D CompatibilityChangeReporter: Compat change id reported: 261072174; UID 10106; state: ENABLED
01-06 11:00:10.049 18909 18909 I Finsky  : [2] Scheduling 9 in onApplicationCreate
01-06 11:00:10.049 18909 19046 D Volley  : [235] azdu.b: Cache cleared.
01-06 11:00:10.052 18909 19020 D Volley  : [223] azdu.b: Cache cleared.
01-06 11:00:10.057  7734 12863 W OplusExSystemServiceHelper: checkOplusExSystemService intent getComponent is null
01-06 11:00:10.061  7734  7734 D BoundBrokerSvc: onBind: Intent { act=com.google.android.gms.safetynet.service.START pkg=com.google.android.gms mCallingUid=10106 }
01-06 11:00:10.062  7734  7734 D BoundBrokerSvc: Loading bound service for intent: Intent { act=com.google.android.gms.safetynet.service.START pkg=com.google.android.gms mCallingUid=10106 }
01-06 11:00:10.066 18909 18909 I Finsky  : [2] Resetting scheduler db
01-06 11:00:10.067  2321  3785 W ProcessStats: Tracking association SourceState{2a2c752 com.google.android.googlequicksearchbox:googleapp/10120 BFgs #428074} whose proc state 4 is better than process ProcessState{341f127 com.google.android.adservices.api/10389 pkg=com.google.android.adservices.api} proc state 14 (5 skipped)
01-06 11:00:10.069 18909 18909 I Finsky  : [2] SCH: Received scheduling request: Id: 1-1337, Constraints: [{ L: 0, D: 13509746, C: CHARGING_NONE, I: IDLE_NONE, N: NET_ANY, B: BATTERY_ANY }]
01-06 11:00:10.073 18909 18909 I Finsky  : [2] This process start was not selected for Play memory metrics collection.
01-06 11:00:10.073 18909 18909 I Finsky  : [2] Setup::DSE: Phenotype experiments synced with status: NO_UPDATE
01-06 11:00:10.084 19036 19036 I Magisk  : logcat: revert [com.google.process.gapps] PID=[19025] UID=[10104]
01-06 11:00:10.086  1294  1294 I zygiskd64:  - Sending companion fd socket of module "zygisk_lsposed"
01-06 11:00:10.086  2350  2350 I zygiskd-companion64: New companion request.
01-06 11:00:10.086  2350  2350 I zygiskd-companion64:  - Module name: zygisk_lsposed
01-06 11:00:10.086  2350  2350 I zygiskd-companion64:  - Client fd: 6
01-06 11:00:10.094  1294  1294 I zygiskd64:  - Sending companion fd socket of module "zygisk-assistant"
01-06 11:00:10.094  6392  6392 I zygiskd-companion64: New companion request.
01-06 11:00:10.094  6392  6392 I zygiskd-companion64:  - Module name: zygisk-assistant
01-06 11:00:10.094  6392  6392 I zygiskd-companion64:  - Client fd: 6
01-06 11:00:10.094 19025 19025 I COPGModule: Module loaded
01-06 11:00:10.095 19025 19025 I COPGModule: [CONFIG] Loading config...
01-06 11:00:10.095 19025 19025 I COPGModule: [CONFIG] Loaded: 15 devices, 2 cpu_only, 4 blacklist
01-06 11:00:10.095 19025 19025 I COPGModule: [PKG] Processing: com.google.process.gapps
01-06 11:00:10.095 19025 19025 I COPGModule: com.google.process.gapps: Not in config, closing
01-06 11:00:10.113 18826  8792 W GetConfigSnapshotOp: Succeeded but not registered: com.google.android.gms.gmscompliance_client#com.android.vending [CONTEXT service_id=51 ]
01-06 11:00:10.121 18909 18993 I Finsky  : [201] SCH: Scheduling phonesky job Id: 1-1337, CT: 1767704411916, Constraints: [{ L: 17107897, D: 60307897, C: CHARGING_NONE, I: IDLE_NONE, N: NET_ANY, B: BATTERY_ANY }]
01-06 11:00:10.121 18909 18993 I Finsky  : [201] SCH: Scheduling phonesky job Id: 10-79, CT: 1767704411240, Constraints: [{ L: 0, D: 86400000, C: CHARGING_NONE, I: IDLE_REQUIRED, N: NET_ANY, B: BATTERY_ANY }]
01-06 11:00:10.121 18909 18993 I Finsky  : [201] SCH: Scheduling phonesky job Id: 24-77777777, CT: 1767697215721, Constraints: [{ L: 1, D: 82800000, C: CHARGING_NONE, I: IDLE_REQUIRED, N: NET_NONE, B: BATTERY_ANY }]
01-06 11:00:10.121 18909 18993 I Finsky  : [201] SCH: Scheduling phonesky job Id: 26-1414141414, CT: 1767701822386, Constraints: [{ L: 43200000, D: 44100000, C: CHARGING_NONE, I: IDLE_NONE, N: NET_NONE, B: BATTERY_ANY }]
01-06 11:00:10.121 18909 18993 I Finsky  : [201] SCH: Scheduling phonesky job Id: 34-1678, CT: 1767704422234, Constraints: [{ L: 44786356, D: 1340786356, C: CHARGING_REQUIRED, I: IDLE_REQUIRED, N: NET_UNMETERED, B: BATTERY_ANY }, { L: 44786356, D: 1340786356, C: CHARGING_NONE, I: IDLE_REQUIRED, N: NET_UNMETERED, B: BATTERY_NOT_LOW }]
01-06 11:00:10.121 18909 18993 I Finsky  : [201] SCH: Scheduling phonesky job Id: 34-1680, CT: 1767704449784, Constraints: [{ L: 79199950, D: 1375199950, C: CHARGING_NONE, I: IDLE_NONE, N: NET_ANY, B: BATTERY_ANY }]
01-06 11:00:10.121 18909 18993 I Finsky  : [201] SCH: Scheduling phonesky job Id: 34-1681, CT: 1767704449884, Constraints: [{ L: 604800000, D: 2591999983, C: CHARGING_NONE, I: IDLE_NONE, N: NET_ANY, B: BATTERY_ANY }]
01-06 11:00:10.137 18909 18993 I Finsky  : [201] SCH: Scheduling 0 system job(s)
01-06 11:00:10.137  6392 19067 I zygiskd-companion64:  - Client fd changed after module entry
01-06 11:00:10.144 19025 19025 E e.process.gapps: Unknown bits set in runtime_flags: 0x40000000
01-06 11:00:10.144 19025 19025 I e.process.gapps: Using CollectorTypeCC GC.
01-06 11:00:10.146 19025 19025 E e.process.gapps: Not starting debugger since process cannot load the jdwp agent.
01-06 11:00:10.155 19025 19025 D OplusActivityThreadExtImpl: java.lang.NoSuchMethodException: dalvik.system.VMRuntime.SupressionGC [int, int]
01-06 11:00:10.155 19025 19025 W libc    : Access denied finding property "persist.vendor.sys.activitylog"
01-06 11:00:10.155 19025 19025 I OneTrace: Mark active for pid=19025? true
01-06 11:00:10.155 19025 19025 D cutils-dev: otrace_set_tracing_enabled? true tag:0
01-06 11:00:10.156 19025 19025 D cutils-dev: properties changed in otrace_seq_number_changed!
01-06 11:00:10.158  2321  5316 D CompatibilityChangeReporter: Compat change id reported: 168419799; UID 10104; state: DISABLED
01-06 11:00:10.158  2321  5316 D CompatibilityChangeReporter: Compat change id reported: 273564678; UID 10104; state: DISABLED
01-06 11:00:10.158  2321  5316 D ActivityTaskManagerServiceExtImpl: preBindApplication record is null
01-06 11:00:10.158  2321  5316 D RGBNormalizeServer: OplusRGBNormalize feature enabled ? false
01-06 11:00:10.158  2321  5316 D ResourcesManagerCache: For package com.google.android.gsf we got cacheList [null] appInfoExt is null ? false hasFeature ? false
01-06 11:00:10.161 19025 19025 D OplusActivityManager: get AMS extension: android.os.BinderProxy@80dcb25
01-06 11:00:10.162 19025 19107 D OplusAppHeapManager: java.lang.NoSuchMethodException: dalvik.system.VMRuntime.updateProcessValue [int, int, int]
01-06 11:00:10.162 19025 19107 D CompatibilityInfo: setOverrideInvertedScale  1.0 to 1.0
01-06 11:00:10.163 19025 19025 D callGcSupression: java.lang.NullPointerException: Attempt to invoke virtual method 'java.lang.Object java.lang.reflect.Method.invoke(java.lang.Object, java.lang.Object[])' on a null object reference
01-06 11:00:10.164 19025 19025 D CompatibilityChangeReporter: Compat change id reported: 171979766; UID 10104; state: ENABLED
01-06 11:00:10.168 19025 19025 I OplusFeatureCache: Milliseconds spent on init(): 4
01-06 11:00:10.168 19025 19025 D CompactWindowAppManager: initCompactApplicationInfo CompactMode: , NormalMode: 
01-06 11:00:10.169  2321  3231 D CompatibilityChangeReporter: Compat change id reported: 170503758; UID 10104; state: ENABLED
01-06 11:00:10.169 19025 19025 D OplusScrollToTopManager: setIsInWhiteList false
01-06 11:00:10.169 19025 19025 D OplusViewDebugManager: OplusViewDebugManager Constructor android.view.debug.OplusViewDebugManager@ff4f4a1 [mHasViewDebugProperty true] [mHasMsgDebugProperty false] [DEBUG false] [EXTRAINFOENABLE false] [LIGHT_OS false]
01-06 11:00:10.170 19025 19025 D CompatibilityChangeReporter: Compat change id reported: 242716250; UID 10104; state: ENABLED
01-06 11:00:10.172 19025 19025 W libc    : Access denied finding property "ro.odm.prev.product.name"
01-06 11:00:10.175 19025 19025 D nativeloader: Configuring clns-4 for other apk /system/framework/org.apache.http.legacy.jar. target_sdk_version=34, uses_libraries=ALL, library_path=/my_heytap/non_overlay/priv-app/GoogleServicesFramework/lib/arm64:/my_heytap/non_overlay/priv-app/GoogleServicesFramework/GoogleServicesFramework.apk!/lib/arm64-v8a, permitted_path=/data:/mnt/expand:/data/user/0/com.google.android.gsf
01-06 11:00:10.175 19025 19025 D nativeloader: Extending system_exposed_libraries: libbinauralrenderer_wrapper.qti.so:libhoaeffects.qti.so:libSloganJni.oplus.so:libsuperNight.oplus.so:libAPSClient-cmd-jni-extension.oplus.so:libupdateprof.qti.so:libQOC.qti.so:libthermalclient.qti.so:libqape.qti.so:libqesdk_ndk_platform.qti.so:liblistenjni.qti.so
01-06 11:00:10.176 19025 19025 W ziparchive: Unable to open '/my_heytap/non_overlay/priv-app/GoogleServicesFramework/GoogleServicesFramework.dm': No such file or directory
01-06 11:00:10.176 19025 19025 W ziparchive: Unable to open '/my_heytap/non_overlay/priv-app/GoogleServicesFramework/GoogleServicesFramework.dm': No such file or directory
01-06 11:00:10.189 19025 19025 D nativeloader: Configuring clns-5 for other apk /my_heytap/non_overlay/priv-app/GoogleServicesFramework/GoogleServicesFramework.apk. target_sdk_version=34, uses_libraries=, library_path=/my_heytap/non_overlay/priv-app/GoogleServicesFramework/lib/arm64:/my_heytap/non_overlay/priv-app/GoogleServicesFramework/GoogleServicesFramework.apk!/lib/arm64-v8a, permitted_path=/data:/mnt/expand:/data/user/0/com.google.android.gsf
01-06 11:00:10.196 19025 19025 V GraphicsEnvironment: Currently set values for:
01-06 11:00:10.196 19025 19025 V GraphicsEnvironment:   angle_gl_driver_selection_pkgs=[]
01-06 11:00:10.196 19025 19025 V GraphicsEnvironment:   angle_gl_driver_selection_values=[]
01-06 11:00:10.196 19025 19025 V GraphicsEnvironment: ANGLE GameManagerService for com.google.android.gsf: false
01-06 11:00:10.196 19025 19025 V GraphicsEnvironment: com.google.android.gsf is not listed in per-application setting
01-06 11:00:10.198 19025 19025 D ResourcesManagerExtImpl: applyConfigurationToAppResourcesLocked app.getDisplayId() return callback.displayId:-1
01-06 11:00:10.211 19025 19114 I carui   : CarUi plugin is disabled
01-06 11:00:10.213 19025 19025 D ExtensionsLoader: createInstance(64bit) : createExtendedFactory
01-06 11:00:10.213 19025 19025 D ExtensionsLoader: Opened libSchedAssistExtImpl.so
01-06 11:00:10.214 19025 19025 E SchedAssist: sysOpen failed with error=Permission denied
01-06 11:00:10.214 19025 19025 E SchedAssist: sharedImFd failed with error=Permission denied
01-06 11:00:10.216 19025 19025 D OplusGraphicsEvent: OplusGraphicsEventListener create now!
01-06 11:00:10.217 19025 19025 D OplusGraphicsEvent: addEventListener success!
01-06 11:00:10.218  2321  5744 E ScrollOptim [OplusPerfService]: isScrollOptimEnable: mSoptBean = ScrollOptimBean, mOptEnable=true, mPreAnimStrategy=1, mPreAnimBlacklist=[com.kyk.world, com.shopify.arrive], mPreAnimWhitelist=[], mInsertNum=1, mFrameInsertList={com.shopify.arrive={}, com.sina.weibo={com.sina.weibo.VisitorMainTabActivity=3}, com.tencent.mm={com.tencent.mm.ui.AlbumUI=3, com.tencent.mm.plugin.sns.ui.SnsTimeLineUI=3, com.tencent.mm.plugin.sns.ui.improve.ImproveSnsTimelineUI=3}, com.taobao.idlefish={}, com.kyk.world={}}, mSCEnableList={com.ss.android.ugc.aweme=[com.ss.android.ugc.aweme.splash.SplashActivity], com.sankuai.meituan=[com.meituan.android.pt.homepage.activity.MainActivity], com.dragon.read=[com.dragon.read.pages.main.MainFragmentActivity], com.sina.weibo=[com.sina.weibo.VisitorMainTabActivity], com.xunmeng.pinduoduo=[com.xunmeng.pinduoduo.activity.NewPageActivity], com.tencent.qqmusic=[com.tencent.qqmusic.activity.AppStarterActivity], com.tencent.mobileqq=[com.qzone.feed.ui.activity.QZoneFriendFeedActivity], com.tencent.qqlive=[com.tencent.qqlive.ona.activity.SplashHomeActivity], com.ct.client=[com.ct.client.activity.MainActivity]}
01-06 11:00:10.218  2321  5744 E ScrollOptim [OplusPerfService]: isScrollOptimEnable: pkgName = com.google.android.gsf, output = Bundle[{pre_anim_enable=true, frame_insert_list=null, frame_insert_default_num=1, scroll_changed_enable_list=null}]
01-06 11:00:10.218 19025 19025 D ScrollOptim [ConfigManager]: initOptConfig: pkg= com.google.android.gsf, mOptEnable= true, mAnimAheadEnable= true, mInsertDefaultNum= 1, mFrameInsertEnableList= {}, mSCEnableList= []
01-06 11:00:10.244  2321  3231 I ActivityManager: Flag disabled. Ignoring finishAttachApplication from uid: 10104. pid: 19025
01-06 11:00:10.247  2321  5744 D VRR [OPlusExternalRefreshRateManager]: isPkgTfcEnable: pkgName = com.google.android.gsf, enable = false
01-06 11:00:10.247  2321  5744 D VRR [OPlusExternalRefreshRateManager]: getTfcMinFramerate: pkgName = com.google.android.gsf, min framerate = 0
01-06 11:00:10.248 19025 19025 I DynamicFramerate [FRTCConfigManager]: initFrameRateConfig: 
01-06 11:00:10.248 19025 19025 I DynamicFramerate [FRTCConfigManager]: 	levels: [120, 60]
01-06 11:00:10.248 19025 19025 I DynamicFramerate [FRTCConfigManager]: 	thresholds: [200]
01-06 11:00:10.248 19025 19025 I DynamicFramerate [FRTCConfigManager]: 	scrollbar fade frame rate: 0
01-06 11:00:10.248 19025 19025 I DynamicFramerate [FRTCConfigManager]: FRTCConfigManager: FRTC_CAPABILITY = 120, package name = com.google.android.gsf, WINDOW_ANIMATION_SPEED_RATE = 10, SCROLL_ANIMATION_SPEED_RATE = 20, MuitiWindowIdleFramerate = 60, PACKAGE_ENABLE = false
01-06 11:00:10.248 19025 19025 I DynamicFramerate [DynamicFrameRateController]: init info: mPackageName = com.google.android.gsf, mIsEnabled = false
01-06 11:00:10.253 18909 18976 I Finsky  : [191] ApplicationRestrictions: {}
01-06 11:00:10.453 18909 19002 I Finsky  : [208] Loaded library for account: [N-WMB5mYoDo_JGJySNh1GFeU9wcpx3-Dp5ODZaDIHF4]
01-06 11:00:10.453 18909 19002 I Finsky  : [208] Loaded library for account: [p5l-aXdKlrzCQTL7dzAB-iuylpzCVrWEwBUDNO2UnnI]
01-06 11:00:10.453 18909 19002 I Finsky  : [208] Loaded library for account: [houkqWdcNsBr0Rrl_GAjgmcX1ckzRfipAn4CRc0aako]
01-06 11:00:10.454 18909 19002 I Finsky  : [208] Loaded library for account: [9KjL_WDeQJLodM8WaHmAyno0ynE0U5lvAbTsAgAVmJs]
01-06 11:00:10.454 18909 19002 I Finsky  : [208] Loaded library for account: [2THVK3NS2csG-p2jNTpc7hKmN1lIrjr_Ee6HStiv2r4]
01-06 11:00:10.454 18909 19002 I Finsky  : [208] Loaded library for account: [wtLzvctcVLHJkqJaM3w5rbUCN4rCGbMsGpQVgndeGQo]
01-06 11:00:10.454 18909 19002 I Finsky  : [208] Finished loading 6 libraries.
01-06 11:00:10.455 18909 18958 I Finsky  : [181] com.openai.chatgpt: Account determined from installer data - [wtLzvctcVLHJkqJaM3w5rbUCN4rCGbMsGpQVgndeGQo]
01-06 11:00:10.455 18909 18963 I Finsky  : [183] org.telegram.messenger: Account determined from installer data - [wtLzvctcVLHJkqJaM3w5rbUCN4rCGbMsGpQVgndeGQo]
01-06 11:00:10.457 18909 18958 I Finsky  : [181] Billing preferred account via installer for com.openai.chatgpt: [wtLzvctcVLHJkqJaM3w5rbUCN4rCGbMsGpQVgndeGQo]
01-06 11:00:10.458 18909 18963 I Finsky  : [183] Billing preferred account via installer for org.telegram.messenger: [wtLzvctcVLHJkqJaM3w5rbUCN4rCGbMsGpQVgndeGQo]
01-06 11:00:10.461 19144 19144 D LicenseClient: Connected to the licensing service.
01-06 11:00:10.462 18009 18009 D LicenseClient: Connected to the licensing service.
01-06 11:00:10.464 18826  8792 W GetConfigSnapshotOp: Succeeded but not registered: com.google.android.libraries.onegoogle#com.android.vending [CONTEXT service_id=51 ]
01-06 11:00:10.468 18909 19120 D AdvertisingIdClient: Creating AdvertisingIdClient
01-06 11:00:10.468 18909 19120 D AdvertisingIdClient: AdvertisingIdClient already created.
01-06 11:00:10.468 18909 19120 D AdvertisingIdClient: AdvertisingIdClient is not bounded. Starting to bind it...
01-06 11:00:10.471  2321  5705 W ActivityManager: Unable to start service Intent { act=com.google.android.gms.ads.identifier.service.START pkg=com.google.android.gms mCallingUid=10106 } U=0: not found
01-06 11:00:10.472 18909 19120 I AdvertisingIdClient: shouldSendLog -1
01-06 11:00:10.473 18909 18974 I Finsky  : [189] RECEIVER_SINGLE_USER_SETTINGS#logWorkEndAndFinishGoAsync: SUCCESS
01-06 11:00:10.474 18909 19120 W Finsky  : [252] Wasn't able to fetch the adId: IOException: AdvertisingIdClient cannot reconnect.
01-06 11:00:10.477 18826 18826 D BoundBrokerSvc: onRebind: Intent { act=com.google.android.gms.common.telemetry.service.START dat=chimera-action:/... cmp=com.google.android.gms/.chimera.PersistentApiService mCallingUid=10104 }
01-06 11:00:10.504 18909 18909 I Finsky  : [2] onSubscriptionsChanged
01-06 11:00:10.504 18909 18909 I AdvertisingIdClient: getting error as 17: API: ClientTelemetry.API is not available on this device. Connection failed with: ConnectionResult{statusCode=API_DISABLED_FOR_CONNECTION, resolution=null, message=null, clientMethodKey=null}
01-06 11:00:10.504 18909 18909 I Finsky  : [2] Refreshing user settings: account=[N-WMB5mYoDo_JGJySNh1GFeU9wcpx3-Dp5ODZaDIHF4]
01-06 11:00:10.507 18909 19020 D Volley  : [223] azdu.b: Cache cleared.
01-06 11:00:10.508 18909 19046 D Volley  : [235] azdu.b: Cache cleared.
01-06 11:00:10.509 18909 18909 I Finsky  : [2] Refreshing user settings: account=[p5l-aXdKlrzCQTL7dzAB-iuylpzCVrWEwBUDNO2UnnI]
01-06 11:00:10.512 18909 19046 D Volley  : [235] azdu.b: Cache cleared.
01-06 11:00:10.513 18909 18909 I Finsky  : [2] Refreshing user settings: account=[houkqWdcNsBr0Rrl_GAjgmcX1ckzRfipAn4CRc0aako]
01-06 11:00:10.515 18909 19020 D Volley  : [223] azdu.b: Cache cleared.
01-06 11:00:10.515 18909 19020 D Volley  : [223] azdu.b: Cache cleared.
01-06 11:00:10.517 18909 19046 D Volley  : [235] azdu.b: Cache cleared.
01-06 11:00:10.518 18909 18909 I Finsky  : [2] Refreshing user settings: account=[9KjL_WDeQJLodM8WaHmAyno0ynE0U5lvAbTsAgAVmJs]
01-06 11:00:10.519 18909 19020 D Volley  : [223] azdu.b: Cache cleared.
01-06 11:00:10.522 18909 18976 D TrafficStats: tagSocket(145) with statsTag=0xffffffff, statsUid=-1
01-06 11:00:10.527 18909 19046 D Volley  : [235] azdu.b: Cache cleared.
01-06 11:00:10.529 18909 18909 I Finsky  : [2] Refreshing user settings: account=[2THVK3NS2csG-p2jNTpc7hKmN1lIrjr_Ee6HStiv2r4]
01-06 11:00:10.533 18909 18909 I Finsky  : [2] Refreshing user settings: account=[wtLzvctcVLHJkqJaM3w5rbUCN4rCGbMsGpQVgndeGQo]
01-06 11:00:10.535 18909 19020 D Volley  : [223] azdu.b: Cache cleared.
01-06 11:00:10.535 18909 19046 D Volley  : [235] azdu.b: Cache cleared.
01-06 11:00:10.535 18909 19020 D Volley  : [223] azdu.b: Cache cleared.
01-06 11:00:10.535 18909 19046 D Volley  : [235] azdu.b: Cache cleared.
01-06 11:00:10.573 18909 19072 I Finsky  : [244] org.telegram.messenger: Account determined from installer data - [wtLzvctcVLHJkqJaM3w5rbUCN4rCGbMsGpQVgndeGQo]
01-06 11:00:10.574 18909 19072 I Finsky  : [244] Billing preferred account via installer for org.telegram.messenger: [wtLzvctcVLHJkqJaM3w5rbUCN4rCGbMsGpQVgndeGQo]
01-06 11:00:10.574 18909 18959 I Finsky  : [182] com.openai.chatgpt: Account determined from installer data - [wtLzvctcVLHJkqJaM3w5rbUCN4rCGbMsGpQVgndeGQo]
01-06 11:00:10.574 18909 18959 I Finsky  : [182] Billing preferred account via installer for com.openai.chatgpt: [wtLzvctcVLHJkqJaM3w5rbUCN4rCGbMsGpQVgndeGQo]
01-06 11:00:10.575 18909 19019 I Finsky  : [222] Initializing pausers from value store.
01-06 11:00:10.576 18909 19019 I Finsky  : [222] IQ::HLD: Callers (Pausers) in PauseUpdatesCallersValueStore: []
01-06 11:00:10.591 18909 19072 I Finsky  : [244] User is not an active Play Pass subscriber
01-06 11:00:10.592 18909 18909 E Parcel  : Attempt to read from protected data in Parcel 0xb400006efcd43480
01-06 11:00:10.592 18909 18909 E Parcel  : Attempt to read from protected data in Parcel 0xb400006efcd43480
01-06 11:00:10.592 18909 18909 E Parcel  : Attempt to read from protected data in Parcel 0xb400006efcd43480
01-06 11:00:10.592 18909 18909 E Parcel  : Attempt to read from protected data in Parcel 0xb400006efcd43480
01-06 11:00:10.593  9185  9247 E Parcel  : Attempt to read from protected data in Parcel 0xb400006f0c2ceb80
01-06 11:00:10.593  9185  9247 E Parcel  : Attempt to read from protected data in Parcel 0xb400006f0c2ceb80
01-06 11:00:10.593  9185  9247 E Parcel  : Attempt to read from protected data in Parcel 0xb400006f0c2ceb80
01-06 11:00:10.593  9185  9247 E Parcel  : Attempt to read from protected data in Parcel 0xb400006f0c2ceb80
01-06 11:00:10.594 18909 19072 I Finsky  : [244] User is not an active Play Pass subscriber
01-06 11:00:10.606  2321  5730 I OplusHansManager : uid=10808, pkg=com.instander.android can not transition from M to F. reason: AsyncBinder
01-06 11:00:10.626 18909 18997 D OplusUxDrawableMappingHelper: start parsePackMapping
01-06 11:00:10.627 18909 18997 D OplusUxDrawableMappingHelper: parsePackMapping success--->size:5
01-06 11:00:10.628 18909 18997 I OplusUXIconLoader: theme=2; uxIconConfig = 216807604072874002
01-06 11:00:10.629 18909 18997 I OplusUXIconLoader: themeCustomPos=3;commonStylePathArray size=3
01-06 11:00:10.629 18909 18997 I UXIconPaser: theme=2; pathData =M46.1499336,-1.86451255e-15 L103.850066,1.86451255e-15 C119.897404,-1.08333549e-15 125.716556,1.670861 131.583223,4.80838867 C137.449889,7.94591634 142.054084,12.5501107 145.191611,18.4167773 C148.329139,24.283444 150,30.1025963 150,46.1499336 L150,103.850066 C150,119.897404 148.329139,125.716556 145.191611,131.583223 C142.054084,137.449889 137.449889,142.054084 131.583223,145.191611 C125.716556,148.329139 119.897404,150 103.850066,150 L46.1499336,150 C30.1025963,150 24.283444,148.329139 18.4167773,145.191611 C12.5501107,142.054084 7.94591634,137.449889 4.80838867,131.583223 C1.670861,125.716556 7.22223659e-16,119.897404 -1.24300837e-15,103.850066 L1.24300837e-15,46.1499336 C-7.22223659e-16,30.1025963 1.670861,24.283444 4.80838867,18.4167773 C7.94591634,12.5501107 12.5501107,7.94591634 18.4167773,4.80838867 C24.283444,1.670861 30.1025963,1.08333549e-15 46.1499336,-1.86451255e-15 Z
01-06 11:00:10.629 18909 18997 I OplusUXIconLoader: path = android.graphics.Path@d99afe4; config = OplusIconConfig = [ isForeign : true,theme : 2,iconSize : 5600,iconShape : 0,foregroundSize : 5600,artPlusOn : true,shapePath null, nightMode : true;enableDarkModeIcon = true, userId = -1 ]
01-06 11:00:10.629 18909 18997 V OplusUXIconLoader: checkConfig sIconConfig =:OplusIconConfig = [ isForeign : true,theme : 2,iconSize : 5600,iconShape : 0,foregroundSize : 5600,artPlusOn : true,shapePath android.graphics.Path@c5f8c4d, nightMode : true;enableDarkModeIcon = true, userId = 0 ]
01-06 11:00:10.629 18909 19141 I Finsky  : [268] SM: There are no stale sessions to be pruned
01-06 11:00:10.633 18909 19007 D TrafficStats: tagSocket(156) with statsTag=0x4be64f9b, statsUid=-1
01-06 11:00:10.634 18909 18909 D CompatibilityChangeReporter: Compat change id reported: 263076149; UID 10106; state: ENABLED
01-06 11:00:10.637 18909 18909 I Finsky  : [2] Connecting InstallListener to SplitInstallService broadcaster...
01-06 11:00:10.676 18909 18990 I Finsky  : [198] WM::SCH: Logging work initialize for 1-1337
01-06 11:00:10.684 18909 19011 I Finsky  : [214] SCH: Scheduling phonesky job Id: 1-1337, CT: 1767708010069, Constraints: [{ L: 0, D: 13509746, C: CHARGING_NONE, I: IDLE_NONE, N: NET_ANY, B: BATTERY_ANY }, { L: 0, D: 0, C: CHARGING_NONE, I: IDLE_NONE, N: NET_NONE, B: BATTERY_ANY }]
01-06 11:00:10.685 18909 19007 I cn_CronetUrlRequestContext: destroyNativeStreamLocked org.chromium.net.impl.CronetBidirectionalStream@f89efc3
01-06 11:00:10.688 18909 18997 I Finsky  : [204] SCH: Scheduling 2 system job(s)
01-06 11:00:10.688 18909 18997 D CompatibilityChangeReporter: Compat change id reported: 194532703; UID 10106; state: ENABLED
01-06 11:00:10.688 18909 18997 D CompatibilityChangeReporter: Compat change id reported: 253665015; UID 10106; state: ENABLED
01-06 11:00:10.689 18909 18997 I Finsky  : [204] SCH: Scheduling expedited system job 9012
01-06 11:00:10.692  2321  3231 D CompatibilityChangeReporter: Compat change id reported: 253665015; UID 10106; state: ENABLED
01-06 11:00:10.692  2321  3231 D CompatibilityChangeReporter: Compat change id reported: 194532703; UID 10106; state: ENABLED
01-06 11:00:10.693  2321  3231 W JobScheduler.JobStatus: Exempted app com.android.vending considered buggy
01-06 11:00:10.694  2321  3231 W JobScheduler.JobStatus: Exempted app com.android.vending considered buggy
01-06 11:00:10.694  2321  3231 W JobScheduler.JobStatus: Exempted app com.android.vending considered buggy
01-06 11:00:10.694  2321  3231 W JobScheduler.JobStatus: Exempted app com.android.vending considered buggy
01-06 11:00:10.697  2321  3231 W JobScheduler.JobStatus: Exempted app com.android.vending considered buggy
01-06 11:00:10.697  2321  3231 W JobScheduler.JobStatus: Exempted app com.android.vending considered buggy
01-06 11:00:10.697  2321  3231 W JobScheduler.JobStatus: Exempted app com.android.vending considered buggy
01-06 11:00:10.698  2321  3231 W JobScheduler.JobStatus: Exempted app com.android.vending considered buggy
01-06 11:00:10.698  2321  3231 W JobScheduler.JobStatus: Exempted app com.android.vending considered buggy
01-06 11:00:10.698  2321  3231 W JobScheduler.JobStatus: Exempted app com.android.vending considered buggy
01-06 11:00:10.698  2321  3231 W JobScheduler.JobStatus: Exempted app com.android.vending considered buggy
01-06 11:00:10.703  2321  3231 W JobScheduler.JobStatus: Exempted app com.android.vending considered buggy
01-06 11:00:10.714  2321  3785 W JobScheduler.JobStatus: Exempted app com.android.vending considered buggy
01-06 11:00:10.715  2321  3785 W JobScheduler.JobStatus: Exempted app com.android.vending considered buggy
01-06 11:00:10.715 18909 18997 I Finsky  : [204] SCH: Scheduling system job Id: 9055, L: 0, D: 13509101, C: false, I: false, N: 1
01-06 11:00:10.715  2321  3785 W JobScheduler.JobStatus: Exempted app com.android.vending considered buggy
01-06 11:00:10.715  2321  3785 W JobScheduler.JobStatus: Exempted app com.android.vending considered buggy
01-06 11:00:10.715  2321  3785 W JobScheduler.JobStatus: Exempted app com.android.vending considered buggy
01-06 11:00:10.715  2321  3785 W JobScheduler.JobStatus: Exempted app com.android.vending considered buggy
01-06 11:00:10.715  2321  3785 W JobScheduler.JobStatus: Exempted app com.android.vending considered buggy
01-06 11:00:10.715  2321  3785 W JobScheduler.JobStatus: Exempted app com.android.vending considered buggy
01-06 11:00:10.715  2321  3785 W JobScheduler.JobStatus: Exempted app com.android.vending considered buggy
01-06 11:00:10.716  2321  5705 D CompatibilityChangeReporter: Compat change id reported: 271850009; UID 10106; state: ENABLED
01-06 11:00:10.717  2321  5705 W JobScheduler.JobStatus: Exempted app com.android.vending considered buggy
01-06 11:00:10.717  2321  5705 W JobScheduler.JobStatus: Exempted app com.android.vending considered buggy
01-06 11:00:10.718  2321  5705 W JobScheduler.JobStatus: Exempted app com.android.vending considered buggy
01-06 11:00:10.718  2321  5705 W JobScheduler.JobStatus: Exempted app com.android.vending considered buggy
01-06 11:00:10.718  2321  5705 W JobScheduler.JobStatus: Exempted app com.android.vending considered buggy
01-06 11:00:10.718  2321  5705 W JobScheduler.JobStatus: Exempted app com.android.vending considered buggy
01-06 11:00:10.723 18909 18909 I Finsky  : [2] SCH: job service start with id 9012.
01-06 11:00:10.724  2321  3785 W JobScheduler.JobStatus: Exempted app com.android.vending considered buggy
01-06 11:00:10.724  2321  3785 W JobScheduler.JobStatus: Exempted app com.android.vending considered buggy
01-06 11:00:10.724  2321  3785 W JobScheduler.JobStatus: Exempted app com.android.vending considered buggy
01-06 11:00:10.724  2321  3785 W JobScheduler.JobStatus: Exempted app com.android.vending considered buggy
01-06 11:00:10.724  2321  3785 W JobScheduler.JobStatus: Exempted app com.android.vending considered buggy
01-06 11:00:10.724  2321  3785 W JobScheduler.JobStatus: Exempted app com.android.vending considered buggy
01-06 11:00:10.724  2321  3785 W JobScheduler.JobStatus: Exempted app com.android.vending considered buggy
01-06 11:00:10.724  2321  3785 W JobScheduler.JobStatus: Exempted app com.android.vending considered buggy
01-06 11:00:10.726 18909 19007 I cn_CronetUrlRequestContext: destroyNativeStreamLocked org.chromium.net.impl.CronetBidirectionalStream@e0960b1
01-06 11:00:10.727 18909 18909 I Finsky  : [2] SCH: job service start with id 9055.
01-06 11:00:10.737 18909 19057 I Finsky  : [242] SCH: Satisfied jobs for 9012 are: 1-1337
01-06 11:00:10.742 18909 19150 I Finsky  : [270] SCH: Job 1-1337 starting
01-06 11:00:10.744 18909 19011 D Volley  : [214] azdu.e: Could not delete cache entry for key=[z0Xusy3fUE0nBeN6aYf6ECZd07VKez2h_8mVXgOFAwc], filename=TOKXszyHcq8KWPbGBRgMMUT-hhk
01-06 11:00:10.745 18909 18909 I Finsky  : [2] WM::SCH: Logging work start for 1-1337
01-06 11:00:10.745 18909 18909 I Finsky  : [2] DailyHygiene Holdoff skipped
01-06 11:00:10.745 18909 19057 I Finsky  : [242] SCH: Satisfied jobs for 9055 are: 1-1337
01-06 11:00:10.756 18909 18909 I Finsky  : [2] HC: Starting Hygiene for reason 9
01-06 11:00:10.756 18909 18909 I Finsky  : [2] HC: Diff version or system, clear token
01-06 11:00:10.757 18909 18909 I Finsky  : [2] HC: Diff system, clear cache
01-06 11:00:10.759 18909 19020 D Volley  : [223] azdu.b: Cache cleared.
01-06 11:00:10.759 18909 19046 D Volley  : [235] azdu.b: Cache cleared.
01-06 11:00:10.769 18909 18909 I Finsky  : [2] HC: Probe [wtLzvctcVLHJkqJaM3w5rbUCN4rCGbMsGpQVgndeGQo] for hygiene pass
