01-06 10:59:55.513  2321  3572 D DisplayManagerService: Ignore redundant display event 0/4 to 10287/18079
01-06 10:59:55.513  2321  3572 D DisplayManagerService: Ignore redundant display event 0/4 to 10363/19144
01-06 10:59:55.513  2321  3572 D DisplayManagerService: Ignore redundant display event 0/4 to 10314/23682
01-06 10:59:55.513  2321  3572 D DisplayManagerService: Ignore redundant display event 0/4 to 10330/25186
01-06 10:59:55.513  2321  3572 D DisplayManagerService: Ignore redundant display event 0/4 to 10167/26602
01-06 10:59:55.514  2321  3572 D DisplayManagerService: Ignore redundant display event 0/4 to 10167/26765
01-06 10:59:55.514  2321  3572 D DisplayManagerService: Ignore redundant display event 0/4 to 10321/32042
01-06 10:59:55.529  2321  3641 D DpcExtImpl[0]: onchange selfChange=false state=ON uri=content://settings/system/screen_brightness
01-06 10:59:55.531  2321  3572 D DisplayManagerService: Ignore redundant display event 0/4 to 10106/8757
01-06 10:59:55.531  2321  3572 D DisplayManagerService: Ignore redundant display event 0/4 to 10818/18009
01-06 10:59:55.531  2321  3572 D DisplayManagerService: Ignore redundant display event 0/4 to 10287/18079
01-06 10:59:55.531  2321  3572 D DisplayManagerService: Ignore redundant display event 0/4 to 10363/19144
01-06 10:59:55.531  2321  3572 D DisplayManagerService: Ignore redundant display event 0/4 to 10314/23682
01-06 10:59:55.532  2321  3572 D DisplayManagerService: Ignore redundant display event 0/4 to 10330/25186
01-06 10:59:55.532  2321  3572 D DisplayManagerService: Ignore redundant display event 0/4 to 10167/26602
01-06 10:59:55.532  2321  3572 D DisplayManagerService: Ignore redundant display event 0/4 to 10167/26765
01-06 10:59:55.532  2321  3572 D DisplayManagerService: Ignore redundant display event 0/4 to 10321/32042
01-06 10:59:55.547  2321  3641 D DpcExtImpl[0]: onchange selfChange=false state=ON uri=content://settings/system/screen_brightness
01-06 10:59:55.548  2321  3572 D DisplayManagerService: Ignore redundant display event 0/4 to 10106/8757
01-06 10:59:55.548  2321  3572 D DisplayManagerService: Ignore redundant display event 0/4 to 10818/18009
01-06 10:59:55.548  2321  3572 D DisplayManagerService: Ignore redundant display event 0/4 to 10287/18079
01-06 10:59:55.548  2321  3572 D DisplayManagerService: Ignore redundant display event 0/4 to 10363/19144
01-06 10:59:55.548  2321  3572 D DisplayManagerService: Ignore redundant display event 0/4 to 10314/23682
01-06 10:59:55.548  2321  3572 D DisplayManagerService: Ignore redundant display event 0/4 to 10330/25186
01-06 10:59:55.548  2321  3572 D DisplayManagerService: Ignore redundant display event 0/4 to 10167/26602
01-06 10:59:55.548  2321  3572 D DisplayManagerService: Ignore redundant display event 0/4 to 10167/26765
01-06 10:59:55.548  2321  3572 D DisplayManagerService: Ignore redundant display event 0/4 to 10321/32042
01-06 10:59:55.562  2321  3641 D DpcExtImpl[0]: onchange selfChange=false state=ON uri=content://settings/system/screen_brightness
01-06 10:59:55.566  2321  3572 D DisplayManagerService: Ignore redundant display event 0/4 to 10106/8757
01-06 10:59:55.566  2321  3572 D DisplayManagerService: Ignore redundant display event 0/4 to 10818/18009
01-06 10:59:55.566  2321  3572 D DisplayManagerService: Ignore redundant display event 0/4 to 10287/18079
01-06 10:59:55.566  2321  3572 D DisplayManagerService: Ignore redundant display event 0/4 to 10363/19144
01-06 10:59:55.566  2321  3572 D DisplayManagerService: Ignore redundant display event 0/4 to 10314/23682
01-06 10:59:55.566  2321  3572 D DisplayManagerService: Ignore redundant display event 0/4 to 10330/25186
01-06 10:59:55.566  2321  3572 D DisplayManagerService: Ignore redundant display event 0/4 to 10167/26602
01-06 10:59:55.566  2321  3572 D DisplayManagerService: Ignore redundant display event 0/4 to 10167/26765
01-06 10:59:55.566  2321  3572 D DisplayManagerService: Ignore redundant display event 0/4 to 10321/32042
01-06 10:59:55.579  2321  3641 D DpcExtImpl[0]: onchange selfChange=false state=ON uri=content://settings/system/screen_brightness
01-06 10:59:55.580  2321  3572 D DisplayManagerService: Ignore redundant display event 0/4 to 10106/8757
01-06 10:59:55.580  2321  3572 D DisplayManagerService: Ignore redundant display event 0/4 to 10818/18009
01-06 10:59:55.580  2321  3572 D DisplayManagerService: Ignore redundant display event 0/4 to 10287/18079
01-06 10:59:55.580  2321  3572 D DisplayManagerService: Ignore redundant display event 0/4 to 10363/19144
01-06 10:59:55.580  2321  3572 D DisplayManagerService: Ignore redundant display event 0/4 to 10314/23682
01-06 10:59:55.580  2321  3572 D DisplayManagerService: Ignore redundant display event 0/4 to 10330/25186
01-06 10:59:55.580  2321  3572 D DisplayManagerService: Ignore redundant display event 0/4 to 10167/26602
01-06 10:59:55.580  2321  3572 D DisplayManagerService: Ignore redundant display event 0/4 to 10167/26765
01-06 10:59:55.581  2321  3572 D DisplayManagerService: Ignore redundant display event 0/4 to 10321/32042
01-06 10:59:55.598  2321  3641 D DpcExtImpl[0]: onchange selfChange=false state=ON uri=content://settings/system/screen_brightness
01-06 10:59:55.600  2321  3572 D DisplayManagerService: Ignore redundant display event 0/4 to 10106/8757
01-06 10:59:55.600  2321  3572 D DisplayManagerService: Ignore redundant display event 0/4 to 10818/18009
01-06 10:59:55.600  2321  3572 D DisplayManagerService: Ignore redundant display event 0/4 to 10287/18079
01-06 10:59:55.600  2321  3572 D DisplayManagerService: Ignore redundant display event 0/4 to 10363/19144
01-06 10:59:55.600  2321  3572 D DisplayManagerService: Ignore redundant display event 0/4 to 10314/23682
01-06 10:59:55.600  2321  3572 D DisplayManagerService: Ignore redundant display event 0/4 to 10330/25186
01-06 10:59:55.600  2321  3572 D DisplayManagerService: Ignore redundant display event 0/4 to 10167/26602
01-06 10:59:55.600  2321  3572 D DisplayManagerService: Ignore redundant display event 0/4 to 10167/26765
01-06 10:59:55.600  2321  3572 D DisplayManagerService: Ignore redundant display event 0/4 to 10321/32042
01-06 10:59:55.611  2321  3641 D DpcExtImpl[0]: onchange selfChange=false state=ON uri=content://settings/system/screen_brightness
01-06 10:59:55.613  2321  3572 D DisplayManagerService: Ignore redundant display event 0/4 to 10106/8757
01-06 10:59:55.613  2321  3572 D DisplayManagerService: Ignore redundant display event 0/4 to 10818/18009
01-06 10:59:55.613  2321  3572 D DisplayManagerService: Ignore redundant display event 0/4 to 10287/18079
01-06 10:59:55.613  2321  3572 D DisplayManagerService: Ignore redundant display event 0/4 to 10363/19144
01-06 10:59:55.613  2321  3572 D DisplayManagerService: Ignore redundant display event 0/4 to 10314/23682
01-06 10:59:55.613  2321  3572 D DisplayManagerService: Ignore redundant display event 0/4 to 10330/25186
01-06 10:59:55.613  2321  3572 D DisplayManagerService: Ignore redundant display event 0/4 to 10167/26602
01-06 10:59:55.613  2321  3572 D DisplayManagerService: Ignore redundant display event 0/4 to 10167/26765
01-06 10:59:55.613  2321  3572 D DisplayManagerService: Ignore redundant display event 0/4 to 10321/32042
01-06 10:59:55.628  2321  3641 D DpcExtImpl[0]: onchange selfChange=false state=ON uri=content://settings/system/screen_brightness
01-06 10:59:55.630  2321  3572 D DisplayManagerService: Ignore redundant display event 0/4 to 10106/8757
01-06 10:59:55.630  2321  3572 D DisplayManagerService: Ignore redundant display event 0/4 to 10818/18009
01-06 10:59:55.630  2321  3572 D DisplayManagerService: Ignore redundant display event 0/4 to 10287/18079
01-06 10:59:55.630  2321  3572 D DisplayManagerService: Ignore redundant display event 0/4 to 10363/19144
01-06 10:59:55.630  2321  3572 D DisplayManagerService: Ignore redundant display event 0/4 to 10314/23682
01-06 10:59:55.630  2321  3572 D DisplayManagerService: Ignore redundant display event 0/4 to 10330/25186
01-06 10:59:55.631  2321  3572 D DisplayManagerService: Ignore redundant display event 0/4 to 10167/26602
01-06 10:59:55.631  2321  3572 D DisplayManagerService: Ignore redundant display event 0/4 to 10167/26765
01-06 10:59:55.631  2321  3572 D DisplayManagerService: Ignore redundant display event 0/4 to 10321/32042
01-06 10:59:55.638  2321  3641 D OplusFeatureHDREnhanceBrightness: setAnimating : displayId[0]=false
01-06 10:59:55.638  2321  3641 D OplusFeatureReduceBrightness: setAnimating : animating = false
01-06 10:59:55.638  2321  3641 D OplusFeatureEdrEnhanceBrightness: setAnimating: false
01-06 10:59:55.639  2321  3641 D OplusFeaturePwEdrEnhanceBrightness: setAnimating: false
01-06 10:59:55.643  2321  3641 D DpcExtImpl[0]: onchange selfChange=false state=ON uri=content://settings/system/screen_brightness
01-06 10:59:55.646  2321  3572 D DisplayManagerService: Ignore redundant display event 0/4 to 10106/8757
01-06 10:59:55.646  2321  3572 D DisplayManagerService: Ignore redundant display event 0/4 to 10818/18009
01-06 10:59:55.646  2321  3572 D DisplayManagerService: Ignore redundant display event 0/4 to 10287/18079
01-06 10:59:55.646  2321  3572 D DisplayManagerService: Ignore redundant display event 0/4 to 10363/19144
01-06 10:59:55.646  2321  3572 D DisplayManagerService: Ignore redundant display event 0/4 to 10314/23682
01-06 10:59:55.646  2321  3572 D DisplayManagerService: Ignore redundant display event 0/4 to 10330/25186
01-06 10:59:55.646  2321  3572 D DisplayManagerService: Ignore redundant display event 0/4 to 10167/26602
01-06 10:59:55.646  2321  3572 D DisplayManagerService: Ignore redundant display event 0/4 to 10167/26765
01-06 10:59:55.646  2321  3572 D DisplayManagerService: Ignore redundant display event 0/4 to 10321/32042
01-06 10:59:55.859  2321  4069 D OplusSplitScreenManagerService: org.psyhackers.Ashera supportsSplitScreen by forceResizable activity return:true
01-06 10:59:55.867  2321  4069 D OplusSplitScreenManagerService: org.psyhackers.Ashera supportsSplitScreen by forceResizable activity return:true
01-06 10:59:56.601  2321  3643 D OplusSmartBrightnessController: handleMessage MSG_LUX_CHANGED, mLux:131.29085 luxQueue=[132.0, 132.0, 132.0, 132.0, 130.0, 132.0, 129.0]
01-06 10:59:57.545  2321  5728 D OplusSplitScreenManagerService: org.psyhackers.Ashera supportsSplitScreen by forceResizable activity return:true
01-06 10:59:57.964  2321  3643 D OplusSmartBrightnessController: handleMessage MSG_LUX_CHANGED, mLux:130.2887 luxQueue=[129.0, 129.0, 130.0, 131.0, 131.0, 131.0, 131.0]
01-06 10:59:58.878  2321  4069 D OplusSplitScreenManagerService: org.psyhackers.Ashera supportsSplitScreen by forceResizable activity return:true
01-06 10:59:58.886  2321  4069 D OplusSplitScreenManagerService: org.psyhackers.Ashera supportsSplitScreen by forceResizable activity return:true
01-06 11:00:00.000  2321  3881 V AlarmManager: sending alarm Alarm{6e4e2af type 0 origWhen 1767708000000 whenElapsed 171784945 com.android.settings} uid 1000 whenElapsed 171784945 windowLength 0 maxWhenElapsed 171784945 repeatInterval 0 action com.android.settings.battery.action.PERIODIC_JOB_UPDATE component ComponentInfo{com.android.settings/com.android.settings.fuelgauge.batteryusage.PeriodicJobReceiver} flags 0x9 procName com.android.settings
01-06 11:00:00.008  2321  3881 V AlarmManager: sending alarm Alarm{8d85645 type 3 origWhen 171784946 whenElapsed 171784946 android} uid 1000 whenElapsed 171784946 windowLength 0 maxWhenElapsed 171784946 repeatInterval 0 action null component null tag TIME_TICK flags 0x9 procName system_server
01-06 11:00:00.033  2321  3616 W ProcessStats: Tracking association SourceState{2a2c752 com.google.android.googlequicksearchbox:googleapp/10120 BFgs #428050} whose proc state 4 is better than process ProcessState{341f127 com.google.android.adservices.api/10389 pkg=com.google.android.adservices.api} proc state 14 (1 skipped)
01-06 11:00:00.035  2321  3881 V AlarmManager: sending alarm Alarm{704d2a8 type 1 origWhen 1767708000000 whenElapsed 171784946 com.oplus.battery} uid 1000 whenElapsed 171784946 windowLength 0 maxWhenElapsed 171784946 repeatInterval 0 action save_battery_stats_action component ComponentInfo{com.oplus.battery/com.oplus.powermanager.powercurve.SaveBatteryStatsReceiver} flags 0x9 procName com.oplus.battery
01-06 11:00:00.050  2321  5728 E OplusCustomizeRestrictionManagerService: isBiometricDisabled start
01-06 11:00:00.134  2321  3622 D KernelCpuUidUserSysTimeReader: Removing uids 99124-99124
01-06 11:00:00.701  2321  4130 D UsageStatsService: User[0] type=0 b=1767700199347 e=1767708000617 cb=1767667021021 ce=1767708000032 disk=0 all=487
01-06 11:00:01.599  2321  3643 D OplusSmartBrightnessController: handleMessage MSG_LUX_CHANGED, mLux:131.80212 luxQueue=[131.0, 131.0, 132.0, 133.0, 132.0]
01-06 11:00:01.897  2321  4069 D OplusSplitScreenManagerService: org.psyhackers.Ashera supportsSplitScreen by forceResizable activity return:true
01-06 11:00:01.906  2321  4069 D OplusSplitScreenManagerService: org.psyhackers.Ashera supportsSplitScreen by forceResizable activity return:true
01-06 11:00:02.549  2321  5706 D OplusSplitScreenManagerService: org.psyhackers.Ashera supportsSplitScreen by forceResizable activity return:true
--------- beginning of main
01-06 11:00:02.760  5729  6853 D CommonScenarios-100-10771: transport layer data is invalid
01-06 11:00:02.760  5729  6853 D CommonScenarios-100-10771: ActiveState EVENT_NETWORK_KPI_CHANGE score is invalid
01-06 11:00:02.801  2321  2321 I AICCTModule: SensorFilter: Exit low light, ave = 131.27509 luxQueue=[132.26839, 132.007, 133.05261, 132.007, 132.39911, 130.30789, 128.7395, 130.5693, 131.4842, 129.9158]
01-06 11:00:03.573 15525 18014 D IHansComunication: HANS sendMessageToKernel: threadId = 529031281840, netLinkSetup = 1, type = FROZEN_TRANS, targetUid = 10808, pkgCmd = PKG_CMD_MAX
01-06 11:00:03.597  1522 21918 I sensors-hal: handle_sns_std_sensor_event:177, rgb sample: cct_avg:4047, red_raw:646, green_raw:450, blue_raw:455, clear_raw:950, wide_raw:0
01-06 11:00:03.597  1522 21918 I sensors-hal: handle_sns_std_sensor_event:179, rgb sample: cur_cct:4056, calc_ir:0, lux:131, again:549, atime:0, ts=171788537626099
01-06 11:00:03.599  2321  3643 D OplusSmartBrightnessController: handleMessage MSG_LUX_CHANGED, mLux:129.75362 luxQueue=[128.0, 130.0, 131.0, 130.0, 130.0, 129.0, 129.0, 131.0]
01-06 11:00:03.602  2321  2321 I AICCTModule: SensorFilter: findSecondNearestValue, cct = 4043.3066
01-06 11:00:03.602  2321  2321 I AICCTModule: SensorFilter: findSecondNearestValue, nearestMaxLux:4047.3901
01-06 11:00:03.602  2321  2321 I AICCTModule: SensorFilter: findSecondNearestValue, secondNearestLux:4047.8438
01-06 11:00:03.603  2321  8759 D AICCTModule: AICurveModel: handleMessage MSG_SENSOR_CHANGED, mSensorValue:4047.8438
01-06 11:00:03.603  2321  8759 I AICCTModule: AICurveModel: findPointByX x:11.762266, rightPoint:Point:(11.7699995, 5417.755, 5417.755)
01-06 11:00:03.603  2321  8759 I AICCTModule: AICurveModel: StablePoints has no dragSplineLine
01-06 11:00:03.604  2321  8759 I AICCTModule: AICurveModel: findPointByY y:5413.3574, rightPoint:Point:(11.759999, 5413.3574, 5413.3574)
01-06 11:00:03.604  2321  8759 I AICCTModule: AICurveModel: findPointByY y:5413.3574, rightPoint:Point:(11.759999, 5413.3574, 5413.3574)
01-06 11:00:03.604  2321  8759 I AICCTModule: AICurveModel: findPointByY y:5413.3574, rightPoint:Point:(11.759999, 5413.3574, 5413.3574)
01-06 11:00:03.604  2321  8759 I AICCTModule: AICurveModel: StablePoints y1Left:5413.3574, y2Left:0.0, leftY:5413.3574
01-06 11:00:03.604  2321  8759 I AICCTModule: AICurveModel: findPointByY y:5413.3574, rightPoint:Point:(11.759999, 5413.3574, 5413.3574)
01-06 11:00:03.604  2321  8759 I AICCTModule: AICurveModel: findPointByY y:5413.3574, rightPoint:Point:(11.759999, 5413.3574, 5413.3574)
01-06 11:00:03.604  2321  8759 I AICCTModule: AICurveModel: getNextPoint isLargeChange, 4057.6897, 5417.755
01-06 11:00:03.605  2321  8759 I AICCTModule: AICurveModel: handleUpdateCCT cct change from:(4044.958740,5413.357422)->(4057.689697,5417.754883),curPoint(4057.689697,5417.754883),stablePoint=LeftLarge(4044.9587,5413.3574)-RightLarge(4044.9587,5413.3574),LeftSmall(4044.9587,5413.3574)-RightSmall(4044.9587,5413.3574),TLSmall(4044.9587,5413.3574)-TRSmall(4044.9587,5413.3574)
01-06 11:00:03.605  2321  8759 I AICCTModule: AICurveModel: onTargetCCTChange cct change to 5417.755
01-06 11:00:03.678  2321  3572 W SettingsProvider: notifyForSettingsChange delay for eyeprotect_display_cct, value: 5418, delta: 1, lastNotifyTimestamp: 157159062, minInterval: 10
01-06 11:00:03.687 18079  7075 D AudioManagerExtImpl: getStreamVolume packageName=com.facebook.orca, index=0, streamType=1
01-06 11:00:03.688  8392  8716 D AudioManagerExtImpl: getStreamVolume normal, volume index=0
01-06 11:00:03.693  8392  8716 D AudioManagerExtImpl: getStreamVolume too fast, volume index=0, package=com.facebook.katana
01-06 11:00:03.694  2321  5737 I OplusHansManager : unfreeze uid: 10808 com.instander.android pids: [8826, 12397] reason: AsyncBinder scene: LcdOn
01-06 11:00:03.694 18079  7075 D AudioManagerExtImpl: getStreamVolume packageName=com.facebook.orca, index=0, streamType=1
01-06 11:00:03.695  2321  5730 I OplusHansManager : uid=10808, pkg=com.instander.android F exit(), F stay=1, reason=AsyncBinder
01-06 11:00:03.696 12397 12588 D AudioManagerExtImpl: getStreamVolume packageName=com.instander.android, index=0, streamType=3
01-06 11:00:03.696  8739 28824 D OplusAtlasService: getAttributeByAppName module:oplus-getStreamMaxVolume packageName:com.instander.android
01-06 11:00:03.698 12397 12588 D AudioManagerExtImpl: getStreamVolume packageName=com.instander.android, index=0, streamType=3
01-06 11:00:03.699  8739 28824 D OplusAtlasService: getAttributeByAppName module:oplus-getStreamMaxVolume packageName:com.instander.android
01-06 11:00:03.787  5729  6853 D CommonScenarios-100-10771: transportLayerQosChange TransportLayerData{link_index=20, uid=10771, uplink_srtt=0, uplink_packets=0, uplink_retrans_packets=0, uplink_retrans_rate=0, downlink_srtt=0, downlink_packets=0, downlink_retrans_packets=0, downlink_retrans_rate=0, downlink_rate=0, uplink_udp_packets=0, downlink_udp_packets=0, uplink_tcp_rate=0, uplink_udp_rate=0, downlink_tcp_rate=0, downlink_udp_rate=0}
01-06 11:00:03.787  5729  6853 D CommonScenarios-100-10771: ActiveState process message 2
01-06 11:00:03.787  5729  6853 D CommonScenarios-100-10771: ActiveState EVENT_NETWORK_KPI_CHANGE
01-06 11:00:03.787  5729  6853 D CommonScenarios-100-10771: transport layer data is invalid
01-06 11:00:03.787  5729  6853 D CommonScenarios-100-10771: ActiveState EVENT_NETWORK_KPI_CHANGE score is invalid
01-06 11:00:03.838  4230  4230 I SystemUi--Keyguard: KeyguardUtils-->density is 0 sInitialDisplayDensity:480
01-06 11:00:04.654  5487  5487 D OplusTelephonyController: onSignalStrengthChanged: SignalStrength=SignalStrength:{mCdma=CellSignalStrengthCdma: cdmaDbm=2147483647 cdmaEcio=2147483647 evdoDbm=2147483647 evdoEcio=2147483647 evdoSnr=2147483647 level=0,mGsm=CellSignalStrengthGsm: rssi=2147483647 ber=2147483647 mTa=2147483647 mLevel=0,mWcdma=CellSignalStrengthWcdma: ss=-79 ber=2147483647 rscp=-79 ecno=-9 level=3,mTdscdma=CellSignalStrengthTdscdma: rssi=2147483647 ber=2147483647 rscp=2147483647 level=0,mLte=CellSignalStrengthLte: rssi=2147483647 rsrp=2147483647 rsrq=2147483647 rssnr=2147483647 cqiTableIndex=2147483647 cqi=2147483647 ta=2147483647 level=0 parametersUseForLevel=0,mNr=CellSignalStrengthNr:{ csiRsrp = 2147483647 csiRsrq = 2147483647 csiCqiTableIndex = 2147483647 csiCqiReport = [] ssRsrp = 2147483647 ssRsrq = 2147483647 ssSinr = 2147483647 level = 0 parametersUseForLevel = 0 timingAdvance = 2147483647 },primary=CellSignalStrengthWcdma}
01-06 11:00:04.797  2321  2321 I AICCTModule: SensorFilter: Exit low light, ave = 129.65442 luxQueue=[130.0465, 129.393, 129.2623, 131.09212, 131.09212, 130.30789, 129.2623, 128.8702, 129.2623, 127.95531]
01-06 11:00:04.808  5729  6853 D CommonScenarios-100-10771: transportLayerQosChange TransportLayerData{link_index=20, uid=10771, uplink_srtt=0, uplink_packets=0, uplink_retrans_packets=0, uplink_retrans_rate=0, downlink_srtt=0, downlink_packets=0, downlink_retrans_packets=0, downlink_retrans_rate=0, downlink_rate=0, uplink_udp_packets=4, downlink_udp_packets=5, uplink_tcp_rate=0, uplink_udp_rate=473, downlink_tcp_rate=0, downlink_udp_rate=749}
01-06 11:00:04.808  5729  6853 D CommonScenarios-100-10771: ActiveState process message 2
01-06 11:00:04.808  5729  6853 D CommonScenarios-100-10771: ActiveState EVENT_NETWORK_KPI_CHANGE
01-06 11:00:04.809  5729  6853 D CommonScenarios-100-10771: scenarios 5 mdnsScore=0
01-06 11:00:04.809  5729  6853 D CommonScenarios-100-10771: totalScore:100
01-06 11:00:04.809  5729  6853 D CommonScenarios-100-10771: ActiveState EVENT_NETWORK_KPI_CHANGE score 100 scenariosscenarios 5
01-06 11:00:04.809  5729  6853 D CommonScenarios-100-10771: notifyScoreChange 100
01-06 11:00:04.809  5729  6853 D CommonScenarios-100-10771: needNotify lastScore=100 score=100
01-06 11:00:04.809  5729  6853 D CommonScenarios-100-10771: score diff < 5
01-06 11:00:04.809  5729  6853 D CommonScenarios-100-10771: not need notify score change, return
01-06 11:00:04.920  2321  4069 D OplusSplitScreenManagerService: org.psyhackers.Ashera supportsSplitScreen by forceResizable activity return:true
01-06 11:00:04.928  2321  4069 D OplusSplitScreenManagerService: org.psyhackers.Ashera supportsSplitScreen by forceResizable activity return:true
01-06 11:00:04.984 25186 28429 E msys    : E[C mem.cat_network_fetching]MEMCryptoAuthTokenNetworkFetching_MEMCryptoAuthTokenNetworkFetchingFetchCAT(258)=>[INFO] prepare fetching CAT via http
01-06 11:00:05.073 25186 18550 D TrafficStats: tagSocket(289) with statsTag=0xffffffff, statsUid=-1
01-06 11:00:05.207  2321  5730 I OplusHansManager : uid=10808, pkg=com.instander.android can not transition from M to F. reason: AsyncBinder
01-06 11:00:05.392 25186 28429 E msys    : E[C mem.cat_network_fetching]_CATFetchCompletionHandler(133)=>[INFO] receive fetching CAT callback via http
01-06 11:00:05.597  1522 21918 I sensors-hal: handle_sns_std_sensor_event:177, rgb sample: cct_avg:4029, red_raw:641, green_raw:444, blue_raw:447, clear_raw:935, wide_raw:0
01-06 11:00:05.597  1522 21918 I sensors-hal: handle_sns_std_sensor_event:179, rgb sample: cur_cct:3997, calc_ir:0, lux:128, again:549, atime:0, ts=171790537626256
01-06 11:00:05.599  2321  3643 D OplusSmartBrightnessController: handleMessage MSG_LUX_CHANGED, mLux:128.0039 luxQueue=[129.0, 129.0, 129.0, 128.0, 128.0, 127.0, 126.0, 128.0]
01-06 11:00:05.833  5729  6853 D CommonScenarios-100-10771: transportLayerQosChange TransportLayerData{link_index=20, uid=10771, uplink_srtt=0, uplink_packets=0, uplink_retrans_packets=0, uplink_retrans_rate=0, downlink_srtt=0, downlink_packets=0, downlink_retrans_packets=0, downlink_retrans_rate=0, downlink_rate=0, uplink_udp_packets=1, downlink_udp_packets=3, uplink_tcp_rate=0, uplink_udp_rate=66, downlink_tcp_rate=0, downlink_udp_rate=320}
01-06 11:00:05.835  5729  6853 D CommonScenarios-100-10771: ActiveState process message 2
01-06 11:00:05.835  5729  6853 D CommonScenarios-100-10771: ActiveState EVENT_NETWORK_KPI_CHANGE
01-06 11:00:05.835  5729  6853 D CommonScenarios-100-10771: scenarios low package
01-06 11:00:05.835  5729  6853 D CommonScenarios-100-10771: ActiveState EVENT_NETWORK_KPI_CHANGE score is invalid
01-06 11:00:06.002  2321  2321 I AICCTModule: SensorFilter: findSecondNearestValue, cct = 4047.8438
01-06 11:00:06.002  2321  2321 I AICCTModule: SensorFilter: findSecondNearestValue, nearestMaxLux:4045.1218
01-06 11:00:06.002  2321  2321 I AICCTModule: SensorFilter: findSecondNearestValue, secondNearestLux:4044.2144
01-06 11:00:06.003  2321  8759 D AICCTModule: AICurveModel: handleMessage MSG_SENSOR_CHANGED, mSensorValue:4044.2144
01-06 11:00:06.003  2321  8759 I AICCTModule: AICurveModel: findPointByX x:11.759414, rightPoint:Point:(11.759999, 5413.3574, 5413.3574)
01-06 11:00:06.003  2321  8759 I AICCTModule: AICurveModel: StablePoints has no dragSplineLine
01-06 11:00:06.003  2321  8759 I AICCTModule: AICurveModel: findPointByY y:5417.755, rightPoint:Point:(11.7699995, 5417.755, 5417.755)
01-06 11:00:06.004  2321  8759 I AICCTModule: AICurveModel: findPointByY y:5417.755, rightPoint:Point:(11.7699995, 5417.755, 5417.755)
01-06 11:00:06.004  2321  8759 I AICCTModule: AICurveModel: findPointByY y:5417.755, rightPoint:Point:(11.7699995, 5417.755, 5417.755)
01-06 11:00:06.004  2321  8759 I AICCTModule: AICurveModel: StablePoints y1Left:5417.755, y2Left:0.0, leftY:5417.755
01-06 11:00:06.004  2321  8759 I AICCTModule: AICurveModel: findPointByY y:5417.755, rightPoint:Point:(11.7699995, 5417.755, 5417.755)
01-06 11:00:06.004  2321  8759 I AICCTModule: AICurveModel: findPointByY y:5417.755, rightPoint:Point:(11.7699995, 5417.755, 5417.755)
01-06 11:00:06.004  2321  8759 I AICCTModule: AICurveModel: getNextPoint isLargeChange, 4044.9587, 5413.3574
01-06 11:00:06.005  2321  8759 I AICCTModule: AICurveModel: handleUpdateCCT cct change from:(4057.689697,5417.754883)->(4044.958740,5413.357422),curPoint(4044.958740,5413.357422),stablePoint=LeftLarge(4057.6897,5417.755)-RightLarge(4057.6897,5417.755),LeftSmall(4057.6897,5417.755)-RightSmall(4057.6897,5417.755),TLSmall(4057.6897,5417.755)-TRSmall(4057.6897,5417.755)
01-06 11:00:06.005  2321  8759 I AICCTModule: AICurveModel: onTargetCCTChange cct change to 5413.3574
01-06 11:00:06.092  2321  3572 W SettingsProvider: notifyForSettingsChange delay for eyeprotect_display_cct, value: 5413, delta: 1, lastNotifyTimestamp: 157161476, minInterval: 10
01-06 11:00:06.101 12397 12588 D AudioManagerExtImpl: getStreamVolume packageName=com.instander.android, index=0, streamType=3
01-06 11:00:06.101 18079  7075 D AudioManagerExtImpl: getStreamVolume packageName=com.facebook.orca, index=0, streamType=1
01-06 11:00:06.101  8392  8716 D AudioManagerExtImpl: getStreamVolume normal, volume index=0
01-06 11:00:06.102  8739 28824 D OplusAtlasService: getAttributeByAppName module:oplus-getStreamMaxVolume packageName:com.instander.android
01-06 11:00:06.103  8392  8716 D AudioManagerExtImpl: getStreamVolume too fast, volume index=0, package=com.facebook.katana
01-06 11:00:06.104 12397 12588 D AudioManagerExtImpl: getStreamVolume packageName=com.instander.android, index=0, streamType=3
01-06 11:00:06.104 18079  7075 D AudioManagerExtImpl: getStreamVolume packageName=com.facebook.orca, index=0, streamType=1
01-06 11:00:06.105  8739 28824 D OplusAtlasService: getAttributeByAppName module:oplus-getStreamMaxVolume packageName:com.instander.android
01-06 11:00:06.332 18826 18125 I .gms.persistent: Explicit concurrent copying GC freed 68557(5365KB) AllocSpace objects, 2(32KB) LOS objects, 23% free, 25MB/33MB, paused 196us,22us total 121.283ms
01-06 11:00:06.599  2321  3643 D OplusSmartBrightnessController: handleMessage MSG_LUX_CHANGED, mLux:132.0106 luxQueue=[134.0, 134.0, 131.0, 130.0, 131.0]
01-06 11:00:06.703  4230  5164 I SystemUi--Statusbar: PrivacyDotViewController-->scheduleUpdate: 
01-06 11:00:06.729  2321  5730 I OplusHansManager : uid=10808, pkg=com.instander.android F enter(), M stay=3
01-06 11:00:06.737  2321  5730 I OplusHansManager : freeze uid: 10808 com.instander.android pids: [8826, 12397] scene: LcdOn
01-06 11:00:06.739 15525 18014 D IHansComunication: HANS sendMessageToKernel: threadId = 529031281840, netLinkSetup = 1, type = PKG, targetUid = 10808, pkgCmd = ADD_ONE_UID
01-06 11:00:06.797  2321  2321 I AICCTModule: SensorFilter: Exit low light, ave = 130.24254 luxQueue=[127.30181, 127.0404, 126.64831, 128.3474, 134.2289, 134.35962, 131.2228, 130.4386, 130.83069, 132.007]
01-06 11:00:06.804  4230  5164 I SystemUi--Statusbar: PrivacyDotViewController-->processNextViewState: 
01-06 11:00:06.804  4230  5164 I SystemUi--Statusbar: PrivacyDotViewController-->resolveState ViewState(viewInitialized=true, systemPrivacyEventIsActive=false, shadeExpanded=false, qsExpanded=false, portraitRect=Rect(165, 0 - 1080, 103), landscapeRect=Rect(103, 0 - 2400, 103), upsideDownRect=Rect(0, 0 - 1080, 103), seascapeRect=Rect(0, 0 - 2285, 103), layoutRtl=false, rotation=0, paddingTop=34, paddingBottom=0, cornerIndex=1, designatedCorner=android.widget.FrameLayout{546f17d I.E...... ......ID 1013,0-1080,103 #7f0a085e app:id/privacy_dot_top_right_container viewInfo = }, contentDescription=Applications are using your camera., dotMargin=60)
01-06 11:00:06.856  5729  6853 D CommonScenarios-100-10771: transportLayerQosChange TransportLayerData{link_index=20, uid=10771, uplink_srtt=0, uplink_packets=0, uplink_retrans_packets=0, uplink_retrans_rate=0, downlink_srtt=0, downlink_packets=0, downlink_retrans_packets=0, downlink_retrans_rate=0, downlink_rate=0, uplink_udp_packets=0, downlink_udp_packets=0, uplink_tcp_rate=0, uplink_udp_rate=0, downlink_tcp_rate=0, downlink_udp_rate=0}
01-06 11:00:06.856  5729  6853 D CommonScenarios-100-10771: ActiveState process message 2
01-06 11:00:06.856  5729  6853 D CommonScenarios-100-10771: ActiveState EVENT_NETWORK_KPI_CHANGE
01-06 11:00:06.856  5729  6853 D CommonScenarios-100-10771: transport layer data is invalid
01-06 11:00:06.856  5729  6853 D CommonScenarios-100-10771: ActiveState EVENT_NETWORK_KPI_CHANGE score is invalid
01-06 11:00:07.552  2321  5706 D OplusSplitScreenManagerService: org.psyhackers.Ashera supportsSplitScreen by forceResizable activity return:true
01-06 11:00:07.596  1522 21918 I sensors-hal: handle_sns_std_sensor_event:177, rgb sample: cct_avg:4062, red_raw:649, green_raw:451, blue_raw:457, clear_raw:954, wide_raw:0
01-06 11:00:07.596  1522 21918 I sensors-hal: handle_sns_std_sensor_event:179, rgb sample: cur_cct:4061, calc_ir:0, lux:131, again:549, atime:0, ts=171792537625995
01-06 11:00:07.740 15525 18014 D IHansComunication: HANS sendMessageToKernel: threadId = 529031281840, netLinkSetup = 1, type = FROZEN_TRANS, targetUid = 10808, pkgCmd = PKG_CMD_MAX
01-06 11:00:07.817  4230  4230 I SystemUi--Keyguard: KeyguardUtils-->density is 0 sInitialDisplayDensity:480
01-06 11:00:07.880  5729  6853 D CommonScenarios-100-10771: transportLayerQosChange TransportLayerData{link_index=20, uid=10771, uplink_srtt=0, uplink_packets=0, uplink_retrans_packets=0, uplink_retrans_rate=0, downlink_srtt=0, downlink_packets=0, downlink_retrans_packets=0, downlink_retrans_rate=0, downlink_rate=0, uplink_udp_packets=0, downlink_udp_packets=0, uplink_tcp_rate=0, uplink_udp_rate=0, downlink_tcp_rate=0, downlink_udp_rate=0}
01-06 11:00:07.880  5729  6853 D CommonScenarios-100-10771: ActiveState process message 2
01-06 11:00:07.880  5729  6853 D CommonScenarios-100-10771: ActiveState EVENT_NETWORK_KPI_CHANGE
01-06 11:00:07.880  5729  6853 D CommonScenarios-100-10771: transport layer data is invalid
01-06 11:00:07.880  5729  6853 D CommonScenarios-100-10771: ActiveState EVENT_NETWORK_KPI_CHANGE score is invalid
01-06 11:00:07.940  2321  4069 D OplusSplitScreenManagerService: org.psyhackers.Ashera supportsSplitScreen by forceResizable activity return:true
01-06 11:00:07.945  2321  4069 D OplusSplitScreenManagerService: org.psyhackers.Ashera supportsSplitScreen by forceResizable activity return:true
01-06 11:00:07.998  2321  3643 D OplusSmartBrightnessController: handleMessage MSG_LUX_CHANGED, mLux:131.14441 luxQueue=[132.0, 132.0, 131.0, 130.0, 131.0, 131.0, 131.0]
01-06 11:00:08.049  2887  4435 I TrickyStore: use securityPatchLevel=202512 vendorSecurityPatchLevel=20251205 bootSecurityPatchLevel=20251205
01-06 11:00:08.053  2887  4435 I TrickyStore: use securityPatchLevel=202512 vendorSecurityPatchLevel=20251205 bootSecurityPatchLevel=20251205
01-06 11:00:08.221  1293  1293 I Zygote  : Process 12408 exited due to signal 15 (Terminated)
01-06 11:00:08.225  2321  4431 I ActivityManager: Process com.google.android.gms.unstable (pid 12408) has died: cch+25 CEM 
01-06 11:00:08.225  2321  3612 I libprocessgroup: Successfully killed process cgroup uid 10104 pid 12408 in 0ms
01-06 11:00:08.226   751   751 I hwservicemanager: getTransport: Cannot find entry vendor.qti.hardware.iop@2.0::IIop/default in either framework or device VINTF manifest.
01-06 11:00:08.229 18826 18826 D BoundBrokerSvc: onUnbind: Intent { act=com.google.android.gms.libs.gmscorelogger.service.START dat=chimera-action:/... cmp=com.google.android.gms/.chimera.PersistentDirectBootAwareApiService mCallingUid=10104 }
01-06 11:00:08.233  8739 28824 D OplusAtlas.OplusAtlasEventDispatch: setEvent:atlas_event_on_process_died info:pid:12408,uid:10104
01-06 11:00:08.234  8739 16956 D OplusAtlas.OplusMessageHandler: handleMessage: Msg { when=0 what=1 obj=com.oplus.atlas.OplusAtlasEvent@d044a15 target=com.oplus.atlas.OplusMessageHandler$MyHandler }
01-06 11:00:08.235  4230 16721 I SeedlingSdk.SeedlingSdkInterface: (SeedingBg) 8 gainSeedlingManager no callback begin isInitialed:2,[sdk:v1.1.36-8ce39c1,plugin:v15.0.850-2d9c7765]
01-06 11:00:08.236  4230 16721 I SeedlingSdk.PluginManager: (SeedingBg) gainSeedlingManager, entranceType:8, Start gain seedling manager.,[sdk:v1.1.36-8ce39c1,plugin:v15.0.850-2d9c7765]
01-06 11:00:08.236  4230 16721 I SeedlingSdk.PluginManager: (SeedingBg) gainSeedlingManager, entranceType:8, Seedling manager is already exist,step1.,[sdk:v1.1.36-8ce39c1,plugin:v15.0.850-2d9c7765]
01-06 11:00:08.236  4230 16721 I SDP.SysUi.SeedlingManager:  sendKilledPid, entrance:status_bar[8,20][ssdk:v1.1.36-8ce39c1,sdplugin:v15.0.850-2d9c7765] [SeedlingSdk|com.android.systemui|1.5.3-11143a1]
01-06 11:00:08.236  4230 16721 I SDP.SysUi.PidHelper:  sendKilledPidToUms, from entrance, pidInfo:PidInfo(hostPidMap={}, umsPidSet=[16732], extras=null)[ssdk:v1.1.36-8ce39c1,sdplugin:v15.0.850-2d9c7765]
01-06 11:00:08.237  4230 27416 I SDP.SysUi.ContextProxy:  acquireClient with uri:content://com.oplus.pantanal.ums.HostPidProvider/pid, pkgName:com.android.systemui, use userContext, userId:0[ssdk:v1.1.36-8ce39c1,sdplugin:v15.0.850-2d9c7765]
01-06 11:00:08.249  4230 27416 I SDP.SysUi.PidHelper:  sendKilledPidToUms, send to ums, bundle:Bundle[{bundle_key_ums_pid_set=[16732], bundle_key_host_pid_map={}}][ssdk:v1.1.36-8ce39c1,sdplugin:v15.0.850-2d9c7765]
01-06 11:00:08.256 30365 30529 W [0]DCS  : Common Record event failed. DCS reject event: [appId=20082,logTag=20082,eventId=seeding_fail] . Pls check server config.
01-06 11:00:08.298  2321  3974 D ConnectivityService: releasing NetworkRequest [ REQUEST id=14202, [ Capabilities: INTERNET&NOT_RESTRICTED&TRUSTED&NOT_VCN_MANAGED Uid: 10106 RequestorUid: 10106 RequestorPkg: com.android.vending UnderlyingNetworks: Null] ] (release request)
01-06 11:00:08.298  1293  1293 I Zygote  : Process 8757 exited due to signal 15 (Terminated)
01-06 11:00:08.298 19144 19144 W LicenseClient: Unexpectedly disconnected from the licensing service.
01-06 11:00:08.298 23682 23682 W BillingClient: Billing service disconnected.
01-06 11:00:08.299  2321  4406 I ActivityManager: Process com.android.vending (pid 8757) has died: cch+70 CACC
01-06 11:00:08.299 18009 18009 W BillingClient: Billing service disconnected.
01-06 11:00:08.299 19144 19144 E LicenseClient: Error while checking license: com.pairip.licensecheck.LicenseCheckException: Licensing service unexpectedly disconnected.
01-06 11:00:08.299 19144 19144 E LicenseClient: 	at com.pairip.licensecheck.LicenseClient.onServiceDisconnected(LicenseClient.java:266)
01-06 11:00:08.299 19144 19144 E LicenseClient: 	at android.app.LoadedApk$ServiceDispatcher.doDeath(LoadedApk.java:2423)
01-06 11:00:08.299 19144 19144 E LicenseClient: 	at android.app.LoadedApk$ServiceDispatcher$RunConnection.run(LoadedApk.java:2438)
01-06 11:00:08.299 19144 19144 E LicenseClient: 	at android.os.Handler.handleCallback(Handler.java:958)
01-06 11:00:08.299 19144 19144 E LicenseClient: 	at android.os.Handler.dispatchMessage(Handler.java:99)
01-06 11:00:08.299 19144 19144 E LicenseClient: 	at android.os.Looper.loopOnce(Looper.java:257)
01-06 11:00:08.299 19144 19144 E LicenseClient: 	at android.os.Looper.loop(Looper.java:368)
01-06 11:00:08.299 19144 19144 E LicenseClient: 	at android.app.ActivityThread.main(ActivityThread.java:8839)
01-06 11:00:08.299 19144 19144 E LicenseClient: 	at java.lang.reflect.Method.invoke(Native Method)
01-06 11:00:08.299 19144 19144 E LicenseClient: 	at com.android.internal.os.RuntimeInit$MethodAndArgsCaller.run(RuntimeInit.java:572)
01-06 11:00:08.299 19144 19144 E LicenseClient: 	at com.android.internal.os.ZygoteInit.main(ZygoteInit.java:1049)
01-06 11:00:08.300 18009 18009 W LicenseClient: Unexpectedly disconnected from the licensing service.
01-06 11:00:08.300 18009 18009 E LicenseClient: Error while checking license: com.pairip.licensecheck.LicenseCheckException: Licensing service unexpectedly disconnected.
01-06 11:00:08.300 18009 18009 E LicenseClient: 	at com.pairip.licensecheck.LicenseClient.onServiceDisconnected(LicenseClient.java:266)
01-06 11:00:08.300 18009 18009 E LicenseClient: 	at android.app.LoadedApk$ServiceDispatcher.doDeath(LoadedApk.java:2423)
01-06 11:00:08.300 18009 18009 E LicenseClient: 	at android.app.LoadedApk$ServiceDispatcher$RunConnection.run(LoadedApk.java:2438)
01-06 11:00:08.300 18009 18009 E LicenseClient: 	at android.os.Handler.handleCallback(Handler.java:958)
01-06 11:00:08.300 18009 18009 E LicenseClient: 	at android.os.Handler.dispatchMessage(Handler.java:99)
01-06 11:00:08.300 18009 18009 E LicenseClient: 	at android.os.Looper.loopOnce(Looper.java:257)
01-06 11:00:08.300 18009 18009 E LicenseClient: 	at android.os.Looper.loop(Looper.java:368)
01-06 11:00:08.300 18009 18009 E LicenseClient: 	at android.app.ActivityThread.main(ActivityThread.java:8839)
01-06 11:00:08.300 18009 18009 E LicenseClient: 	at java.lang.reflect.Method.invoke(Native Method)
01-06 11:00:08.300 18009 18009 E LicenseClient: 	at com.android.internal.os.RuntimeInit$MethodAndArgsCaller.run(RuntimeInit.java:572)
01-06 11:00:08.300 18009 18009 E LicenseClient: 	at com.android.internal.os.ZygoteInit.main(ZygoteInit.java:1049)
01-06 11:00:08.300   751   751 I hwservicemanager: getTransport: Cannot find entry vendor.qti.hardware.iop@2.0::IIop/default in either framework or device VINTF manifest.
01-06 11:00:08.301  2321  3612 I libprocessgroup: Successfully killed process cgroup uid 10106 pid 8757 in 0ms
01-06 11:00:08.305  8739 28824 D OplusAtlas.OplusAtlasEventDispatch: setEvent:atlas_event_on_process_died info:pid:8757,uid:10106
01-06 11:00:08.306  4230 16721 I SeedlingSdk.SeedlingSdkInterface: (SeedingBg) 8 gainSeedlingManager no callback begin isInitialed:2,[sdk:v1.1.36-8ce39c1,plugin:v15.0.850-2d9c7765]
01-06 11:00:08.306  4230 16721 I SeedlingSdk.PluginManager: (SeedingBg) gainSeedlingManager, entranceType:8, Start gain seedling manager.,[sdk:v1.1.36-8ce39c1,plugin:v15.0.850-2d9c7765]
01-06 11:00:08.306  4230 16721 I SeedlingSdk.PluginManager: (SeedingBg) gainSeedlingManager, entranceType:8, Seedling manager is already exist,step1.,[sdk:v1.1.36-8ce39c1,plugin:v15.0.850-2d9c7765]
01-06 11:00:08.306  4230 16721 I SDP.SysUi.SeedlingManager:  sendKilledPid, entrance:status_bar[8,20][ssdk:v1.1.36-8ce39c1,sdplugin:v15.0.850-2d9c7765] [SeedlingSdk|com.android.systemui|1.5.3-11143a1]
01-06 11:00:08.306  4230 16721 I SDP.SysUi.PidHelper:  sendKilledPidToUms, from entrance, pidInfo:PidInfo(hostPidMap={}, umsPidSet=[16732], extras=null)[ssdk:v1.1.36-8ce39c1,sdplugin:v15.0.850-2d9c7765]
01-06 11:00:08.307  8739 16956 D OplusAtlas.OplusMessageHandler: handleMessage: Msg { when=0 what=1 obj=com.oplus.atlas.OplusAtlasEvent@aa4212a target=com.oplus.atlas.OplusMessageHandler$MyHandler }
01-06 11:00:08.307  4230 19317 I SDP.SysUi.ContextProxy:  acquireClient with uri:content://com.oplus.pantanal.ums.HostPidProvider/pid, pkgName:com.android.systemui, use userContext, userId:0[ssdk:v1.1.36-8ce39c1,sdplugin:v15.0.850-2d9c7765]
01-06 11:00:08.307  4230 19317 I SDP.SysUi.PidHelper:  sendKilledPidToUms, send to ums, bundle:Bundle[{bundle_key_ums_pid_set=[16732], bundle_key_host_pid_map={}}][ssdk:v1.1.36-8ce39c1,sdplugin:v15.0.850-2d9c7765]
01-06 11:00:08.313 30365 30529 W [0]DCS  : Common Record event failed. DCS reject event: [appId=20082,logTag=20082,eventId=seeding_fail] . Pls check server config.
01-06 11:00:08.798  2321  3643 D OplusSmartBrightnessController: handleMessage MSG_LUX_CHANGED, mLux:132.7507 luxQueue=[133.0, 133.0, 132.0, 133.0]
01-06 11:00:08.799  2321  2321 I AICCTModule: SensorFilter: Exit low light, ave = 132.02007 luxQueue=[132.26839, 130.83069, 130.4386, 131.2228, 131.61488, 131.61488, 133.314, 132.92189, 132.7912, 133.18329]
01-06 11:00:08.904  5729  6853 D CommonScenarios-100-10771: transportLayerQosChange TransportLayerData{link_index=20, uid=10771, uplink_srtt=0, uplink_packets=0, uplink_retrans_packets=0, uplink_retrans_rate=0, downlink_srtt=0, downlink_packets=0, downlink_retrans_packets=0, downlink_retrans_rate=0, downlink_rate=0, uplink_udp_packets=0, downlink_udp_packets=0, uplink_tcp_rate=0, uplink_udp_rate=0, downlink_tcp_rate=0, downlink_udp_rate=0}
01-06 11:00:08.904  5729  6853 D CommonScenarios-100-10771: ActiveState process message 2
01-06 11:00:08.904  5729  6853 D CommonScenarios-100-10771: ActiveState EVENT_NETWORK_KPI_CHANGE
01-06 11:00:08.904  5729  6853 D CommonScenarios-100-10771: transport layer data is invalid
01-06 11:00:08.904  5729  6853 D CommonScenarios-100-10771: ActiveState EVENT_NETWORK_KPI_CHANGE score is invalid
01-06 11:00:09.002  2321  2321 I AICCTModule: SensorFilter: findSecondNearestValue, cct = 4044.2144
01-06 11:00:09.002  2321  2321 I AICCTModule: SensorFilter: findSecondNearestValue, nearestMaxLux:4052.3804
01-06 11:00:09.003  2321  2321 I AICCTModule: SensorFilter: findSecondNearestValue, secondNearestLux:4055.1023
01-06 11:00:09.004  2321  8759 D AICCTModule: AICurveModel: handleMessage MSG_SENSOR_CHANGED, mSensorValue:4055.1023
01-06 11:00:09.004  2321  8759 I AICCTModule: AICurveModel: findPointByX x:11.767969, rightPoint:Point:(11.7699995, 5417.755, 5417.755)
01-06 11:00:09.004  2321  8759 I AICCTModule: AICurveModel: StablePoints has no dragSplineLine
01-06 11:00:09.005  2321  8759 I AICCTModule: AICurveModel: findPointByY y:5413.3574, rightPoint:Point:(11.759999, 5413.3574, 5413.3574)
01-06 11:00:09.005  2321  8759 I AICCTModule: AICurveModel: findPointByY y:5413.3574, rightPoint:Point:(11.759999, 5413.3574, 5413.3574)
01-06 11:00:09.005  2321  8759 I AICCTModule: AICurveModel: findPointByY y:5413.3574, rightPoint:Point:(11.759999, 5413.3574, 5413.3574)
01-06 11:00:09.005  2321  8759 I AICCTModule: AICurveModel: StablePoints y1Left:5413.3574, y2Left:0.0, leftY:5413.3574
01-06 11:00:09.005  2321  8759 I AICCTModule: AICurveModel: findPointByY y:5413.3574, rightPoint:Point:(11.759999, 5413.3574, 5413.3574)
01-06 11:00:09.005  2321  8759 I AICCTModule: AICurveModel: findPointByY y:5413.3574, rightPoint:Point:(11.759999, 5413.3574, 5413.3574)
01-06 11:00:09.005  2321  8759 I AICCTModule: AICurveModel: getNextPoint isLargeChange, 4057.6897, 5417.755
01-06 11:00:09.006  2321  8759 I AICCTModule: AICurveModel: handleUpdateCCT cct change from:(4044.958740,5413.357422)->(4057.689697,5417.754883),curPoint(4057.689697,5417.754883),stablePoint=LeftLarge(4044.9587,5413.3574)-RightLarge(4044.9587,5413.3574),LeftSmall(4044.9587,5413.3574)-RightSmall(4044.9587,5413.3574),TLSmall(4044.9587,5413.3574)-TRSmall(4044.9587,5413.3574)
01-06 11:00:09.006  2321  8759 I AICCTModule: AICurveModel: onTargetCCTChange cct change to 5417.755
01-06 11:00:09.088  2321  3572 W SettingsProvider: notifyForSettingsChange delay for eyeprotect_display_cct, value: 5418, delta: 2, lastNotifyTimestamp: 157164470, minInterval: 10
01-06 11:00:09.100 18079  7075 D AudioManagerExtImpl: getStreamVolume packageName=com.facebook.orca, index=0, streamType=1
01-06 11:00:09.101  2321  5737 I OplusHansManager : unfreeze uid: 10808 com.instander.android pids: [8826, 12397] reason: AsyncBinder scene: LcdOn
01-06 11:00:09.102  2321  5730 I OplusHansManager : uid=10808, pkg=com.instander.android F exit(), F stay=2, reason=AsyncBinder
01-06 11:00:09.102 12397 12588 D AudioManagerExtImpl: getStreamVolume packageName=com.instander.android, index=0, streamType=3
01-06 11:00:09.102  8392  8716 D AudioManagerExtImpl: getStreamVolume normal, volume index=0
01-06 11:00:09.104  8739 28824 D OplusAtlasService: getAttributeByAppName module:oplus-getStreamMaxVolume packageName:com.instander.android
01-06 11:00:09.106 12397 12588 D AudioManagerExtImpl: getStreamVolume packageName=com.instander.android, index=0, streamType=3
01-06 11:00:09.107  8739 28824 D OplusAtlasService: getAttributeByAppName module:oplus-getStreamMaxVolume packageName:com.instander.android
01-06 11:00:09.307  2321  3609 I ActivityManager: com.android.vending is exempt from freezer
01-06 11:00:09.308  2321  3609 D CompatibilityChangeReporter: Compat change id reported: 135634846; UID 10106; state: DISABLED
01-06 11:00:09.308  2321  3609 D CompatibilityChangeReporter: Compat change id reported: 177438394; UID 10106; state: DISABLED
01-06 11:00:09.308  2321  3609 D CompatibilityChangeReporter: Compat change id reported: 135772972; UID 10106; state: DISABLED
01-06 11:00:09.309  2321  3609 D CompatibilityChangeReporter: Compat change id reported: 135754954; UID 10106; state: ENABLED
01-06 11:00:09.338  1293  1293 D Zygote  : Forked child process 18909
01-06 11:00:09.339  2321  3611 I ActivityManager: Start proc 18909:com.android.vending/u0a106 for service {com.android.vending/com.google.android.finsky.setup.dse.impl.DseService}
01-06 11:00:09.340  2321  3611 W ContextImpl: Calling a method in the system process without a qualified user: android.app.ContextImpl.sendBroadcast:1232 com.android.server.am.OplusAppStartupConfig.sendAbnormalNotify:1623 com.android.server.am.OplusAppStartupConfig.notifyAbnormalInfo:1556 com.android.server.am.OplusAppStartupManager.handleStartAppInfo:5162 com.android.server.am.ProcessListExtImpl.hookHandleProcessStart:239 
01-06 11:00:09.461  1294  1294 I zygiskd64:  - Sending companion fd socket of module "zygisk_lsposed"
01-06 11:00:09.461  2350  2350 I zygiskd-companion64: New companion request.
01-06 11:00:09.461  2350  2350 I zygiskd-companion64:  - Module name: zygisk_lsposed
01-06 11:00:09.461  2350  2350 I zygiskd-companion64:  - Client fd: 6
01-06 11:00:09.467 18913 18913 I Magisk  : logcat: revert [com.android.vending] PID=[18909] UID=[10106]
01-06 11:00:09.478  1294  1294 I zygiskd64:  - Sending companion fd socket of module "zygisk-assistant"
01-06 11:00:09.478  6392  6392 I zygiskd-companion64: New companion request.
01-06 11:00:09.478  6392  6392 I zygiskd-companion64:  - Module name: zygisk-assistant
01-06 11:00:09.478  6392  6392 I zygiskd-companion64:  - Client fd: 6
01-06 11:00:09.478  1294  1294 I zygiskd64:  - Sending companion fd socket of module "playintegrityfix"
01-06 11:00:09.478 19675 19675 I zygiskd-companion64: New companion request.
01-06 11:00:09.478 19675 19675 I zygiskd-companion64:  - Module name: playintegrityfix
01-06 11:00:09.478 19675 19675 I zygiskd-companion64:  - Client fd: 6
01-06 11:00:09.479 19675 18943 I zygiskd-companion64:  - Client fd changed after module entry
01-06 11:00:09.479 18909 18909 D PIF/Native: Read from file descriptor for 'dex' -> 21364 bytes
01-06 11:00:09.479 18909 18909 D PIF/Native: Read from file descriptor for 'config' -> 588 bytes
01-06 11:00:09.479 18909 18909 D PIF/Native: Converting config from prop format to JSON format
01-06 11:00:09.480 18909 18909 I COPGModule: Module loaded
01-06 11:00:09.480 18909 18909 I COPGModule: [CONFIG] Loading config...
01-06 11:00:09.480 18909 18909 I COPGModule: [CONFIG] Loaded: 15 devices, 2 cpu_only, 4 blacklist
01-06 11:00:09.481 18909 18909 I COPGModule: [PKG] Processing: com.android.vending
01-06 11:00:09.481 18909 18909 I COPGModule: com.android.vending: Not in config, closing
01-06 11:00:09.560  6392 18942 I zygiskd-companion64:  - Client fd changed after module entry
01-06 11:00:09.569 18909 18909 E android.vending: Unknown bits set in runtime_flags: 0x40000000
01-06 11:00:09.569 18909 18909 I android.vending: Using CollectorTypeCC GC.
01-06 11:00:09.573 18909 18909 E android.vending: Not starting debugger since process cannot load the jdwp agent.
01-06 11:00:09.581 18909 18909 D PIF/Native: JSON contains 23 keys!
01-06 11:00:09.581 18909 18909 D PIF/Native: JNI PS: Getting system classloader
01-06 11:00:09.581 18909 18909 D PIF/Native: JNI PS: Creating module classloader
01-06 11:00:09.582 18909 18909 D PIF/Native: JNI PS: Loading module class
01-06 11:00:09.582 18909 18909 D PIF/Native: JNI PS: Calling EntryPointVending.init
01-06 11:00:09.582 18909 18909 D PIF/Java:PS: [FINGERPRINT]: OnePlus/OnePlus9_IND/OnePlus9:14/UKQ1.230924.001/R.1d5a0be-1-4ffee:user/release-keys -> google/cheetah_beta/cheetah:16/CP11.251114.007/14621658:user/release-keys
01-06 11:00:09.595  1522 21918 I sensors-hal: handle_sns_std_sensor_event:177, rgb sample: cct_avg:4055, red_raw:651, green_raw:453, blue_raw:458, clear_raw:957, wide_raw:0
01-06 11:00:09.595  1522 21918 I sensors-hal: handle_sns_std_sensor_event:179, rgb sample: cur_cct:4052, calc_ir:0, lux:132, again:549, atime:0, ts=171794537625370
01-06 11:00:09.596 18909 18909 D OplusActivityThreadExtImpl: java.lang.NoSuchMethodException: dalvik.system.VMRuntime.SupressionGC [int, int]
01-06 11:00:09.596 18909 18909 W libc    : Access denied finding property "persist.vendor.sys.activitylog"
01-06 11:00:09.596 18909 18909 I OneTrace: Mark active for pid=18909? true
01-06 11:00:09.597 18909 18909 D cutils-dev: otrace_set_tracing_enabled? true tag:0
01-06 11:00:09.598 18909 18909 D cutils-dev: properties changed in otrace_seq_number_changed!
01-06 11:00:09.602  2321  5723 D CompatibilityChangeReporter: Compat change id reported: 168419799; UID 10106; state: DISABLED
01-06 11:00:09.602  2321  5723 D CompatibilityChangeReporter: Compat change id reported: 273564678; UID 10106; state: DISABLED
